<?xml version="1.0" encoding="ISO-8859-1" ?>
<link_info>
   <banner>TI ARM Clang Linker PC v3.2.2.LTS</banner>
   <copyright>Copyright (c) 1996-2018 Texas Instruments Incorporated</copyright>
   <link_time>0x68720165</link_time>
   <link_errors>0x0</link_errors>
   <output_file>D:\TI_2025\project\new\work2\2025_work2_test1_0\Debug\2025_work2_test1_0.out</output_file>
   <entry_point>
      <name>_c_int00_noargs</name>
      <address>0x3b4d</address>
   </entry_point>
   <input_file_list>
      <input_file id="fl-1">
         <path>D:\TI_2025\project\new\work2\2025_work2_test1_0\Debug\.\</path>
         <kind>object</kind>
         <file>test1.0.o</file>
         <name>test1.0.o</name>
      </input_file>
      <input_file id="fl-2">
         <path>D:\TI_2025\project\new\work2\2025_work2_test1_0\Debug\.\syscfg\</path>
         <kind>object</kind>
         <file>ti_msp_dl_config.o</file>
         <name>ti_msp_dl_config.o</name>
      </input_file>
      <input_file id="fl-3">
         <path>D:\TI_2025\project\new\work2\2025_work2_test1_0\Debug\.\</path>
         <kind>object</kind>
         <file>startup_mspm0g350x_ticlang.o</file>
         <name>startup_mspm0g350x_ticlang.o</name>
      </input_file>
      <input_file id="fl-4">
         <path>D:\TI_2025\project\new\work2\2025_work2_test1_0\Debug\.\User\</path>
         <kind>object</kind>
         <file>AD9959.o</file>
         <name>AD9959.o</name>
      </input_file>
      <input_file id="fl-5">
         <path>D:\TI_2025\project\new\work2\2025_work2_test1_0\Debug\.\User\</path>
         <kind>object</kind>
         <file>BTN.o</file>
         <name>BTN.o</name>
      </input_file>
      <input_file id="fl-6">
         <path>D:\TI_2025\project\new\work2\2025_work2_test1_0\Debug\.\User\</path>
         <kind>object</kind>
         <file>DDS.o</file>
         <name>DDS.o</name>
      </input_file>
      <input_file id="fl-7">
         <path>D:\TI_2025\project\new\work2\2025_work2_test1_0\Debug\.\User\</path>
         <kind>object</kind>
         <file>Encoder.o</file>
         <name>Encoder.o</name>
      </input_file>
      <input_file id="fl-8">
         <path>D:\TI_2025\project\new\work2\2025_work2_test1_0\Debug\.\User\</path>
         <kind>object</kind>
         <file>GET_FREQ.o</file>
         <name>GET_FREQ.o</name>
      </input_file>
      <input_file id="fl-9">
         <path>D:\TI_2025\project\new\work2\2025_work2_test1_0\Debug\.\User\</path>
         <kind>object</kind>
         <file>Tick.o</file>
         <name>Tick.o</name>
      </input_file>
      <input_file id="fl-a">
         <path>D:\TI_2025\project\new\work2\2025_work2_test1_0\Debug\.\User\</path>
         <kind>object</kind>
         <file>UI.o</file>
         <name>UI.o</name>
      </input_file>
      <input_file id="fl-b">
         <path>D:\TI_2025\project\new\work2\2025_work2_test1_0\Debug\.\User\</path>
         <kind>object</kind>
         <file>UserADC.o</file>
         <name>UserADC.o</name>
      </input_file>
      <input_file id="fl-c">
         <path>D:\TI_2025\project\new\work2\2025_work2_test1_0\Debug\.\User\</path>
         <kind>object</kind>
         <file>UserTask.o</file>
         <name>UserTask.o</name>
      </input_file>
      <input_file id="fl-d">
         <path>D:\TI_2025\project\new\work2\2025_work2_test1_0\Debug\.\User\</path>
         <kind>object</kind>
         <file>UserUART.o</file>
         <name>UserUART.o</name>
      </input_file>
      <input_file id="fl-1a">
         <path>D:\TI_2025\project\new\work2\2025_work2_test1_0\Debug\</path>
         <kind>object</kind>
         <file>&lt;internal&gt;</file>
         <name>&lt;internal&gt;</name>
      </input_file>
      <input_file id="fl-1b">
         <path>C:\ti\mspm0_sdk_1_30_00_03\source\ti\driverlib\lib\ticlang\m0p\mspm0g1x0x_g3x0x\</path>
         <kind>archive</kind>
         <file>driverlib.a</file>
         <name>dl_adc12.o</name>
      </input_file>
      <input_file id="fl-1c">
         <path>C:\ti\mspm0_sdk_1_30_00_03\source\ti\driverlib\lib\ticlang\m0p\mspm0g1x0x_g3x0x\</path>
         <kind>archive</kind>
         <file>driverlib.a</file>
         <name>dl_common.o</name>
      </input_file>
      <input_file id="fl-1d">
         <path>C:\ti\mspm0_sdk_1_30_00_03\source\ti\driverlib\lib\ticlang\m0p\mspm0g1x0x_g3x0x\</path>
         <kind>archive</kind>
         <file>driverlib.a</file>
         <name>dl_timer.o</name>
      </input_file>
      <input_file id="fl-1e">
         <path>C:\ti\mspm0_sdk_1_30_00_03\source\ti\driverlib\lib\ticlang\m0p\mspm0g1x0x_g3x0x\</path>
         <kind>archive</kind>
         <file>driverlib.a</file>
         <name>dl_uart.o</name>
      </input_file>
      <input_file id="fl-1f">
         <path>C:\ti\mspm0_sdk_1_30_00_03\source\ti\driverlib\lib\ticlang\m0p\mspm0g1x0x_g3x0x\</path>
         <kind>archive</kind>
         <file>driverlib.a</file>
         <name>dl_sysctl_mspm0g1x0x_g3x0x.o</name>
      </input_file>
      <input_file id="fl-2e">
         <path>C:\ti\ccstheia140\ccs\tools\compiler\ti-cgt-armllvm_3.2.2.LTS\lib\armv6m-ti-none-eabi\c\</path>
         <kind>archive</kind>
         <file>libc.a</file>
         <name>vsprintf.c.obj</name>
      </input_file>
      <input_file id="fl-2f">
         <path>C:\ti\ccstheia140\ccs\tools\compiler\ti-cgt-armllvm_3.2.2.LTS\lib\armv6m-ti-none-eabi\c\</path>
         <kind>archive</kind>
         <file>libc.a</file>
         <name>boot_cortex_m.c.obj</name>
      </input_file>
      <input_file id="fl-30">
         <path>C:\ti\ccstheia140\ccs\tools\compiler\ti-cgt-armllvm_3.2.2.LTS\lib\armv6m-ti-none-eabi\c\</path>
         <kind>archive</kind>
         <file>libc.a</file>
         <name>mathacl_init.c.obj</name>
      </input_file>
      <input_file id="fl-31">
         <path>C:\ti\ccstheia140\ccs\tools\compiler\ti-cgt-armllvm_3.2.2.LTS\lib\armv6m-ti-none-eabi\c\</path>
         <kind>archive</kind>
         <file>libc.a</file>
         <name>autoinit.c.obj</name>
      </input_file>
      <input_file id="fl-32">
         <path>C:\ti\ccstheia140\ccs\tools\compiler\ti-cgt-armllvm_3.2.2.LTS\lib\armv6m-ti-none-eabi\c\</path>
         <kind>archive</kind>
         <file>libc.a</file>
         <name>pre_init.c.obj</name>
      </input_file>
      <input_file id="fl-33">
         <path>C:\ti\ccstheia140\ccs\tools\compiler\ti-cgt-armllvm_3.2.2.LTS\lib\armv6m-ti-none-eabi\c\</path>
         <kind>archive</kind>
         <file>libc.a</file>
         <name>cpy_tbl.c.obj</name>
      </input_file>
      <input_file id="fl-34">
         <path>C:\ti\ccstheia140\ccs\tools\compiler\ti-cgt-armllvm_3.2.2.LTS\lib\armv6m-ti-none-eabi\c\</path>
         <kind>archive</kind>
         <file>libc.a</file>
         <name>copy_zero_init.c.obj</name>
      </input_file>
      <input_file id="fl-35">
         <path>C:\ti\ccstheia140\ccs\tools\compiler\ti-cgt-armllvm_3.2.2.LTS\lib\armv6m-ti-none-eabi\c\</path>
         <kind>archive</kind>
         <file>libc.a</file>
         <name>copy_decompress_none.c.obj</name>
      </input_file>
      <input_file id="fl-36">
         <path>C:\ti\ccstheia140\ccs\tools\compiler\ti-cgt-armllvm_3.2.2.LTS\lib\armv6m-ti-none-eabi\c\</path>
         <kind>archive</kind>
         <file>libc.a</file>
         <name>copy_decompress_lzss.c.obj</name>
      </input_file>
      <input_file id="fl-37">
         <path>C:\ti\ccstheia140\ccs\tools\compiler\ti-cgt-armllvm_3.2.2.LTS\lib\armv6m-ti-none-eabi\c\</path>
         <kind>archive</kind>
         <file>libc.a</file>
         <name>_printfi.c.obj</name>
      </input_file>
      <input_file id="fl-38">
         <path>C:\ti\ccstheia140\ccs\tools\compiler\ti-cgt-armllvm_3.2.2.LTS\lib\armv6m-ti-none-eabi\c\</path>
         <kind>archive</kind>
         <file>libc.a</file>
         <name>s_frexp.c.obj</name>
      </input_file>
      <input_file id="fl-39">
         <path>C:\ti\ccstheia140\ccs\tools\compiler\ti-cgt-armllvm_3.2.2.LTS\lib\armv6m-ti-none-eabi\c\</path>
         <kind>archive</kind>
         <file>libc.a</file>
         <name>s_scalbn.c.obj</name>
      </input_file>
      <input_file id="fl-3a">
         <path>C:\ti\ccstheia140\ccs\tools\compiler\ti-cgt-armllvm_3.2.2.LTS\lib\armv6m-ti-none-eabi\c\</path>
         <kind>archive</kind>
         <file>libc.a</file>
         <name>aeabi_portable.c.obj</name>
      </input_file>
      <input_file id="fl-3b">
         <path>C:\ti\ccstheia140\ccs\tools\compiler\ti-cgt-armllvm_3.2.2.LTS\lib\armv6m-ti-none-eabi\c\</path>
         <kind>archive</kind>
         <file>libc.a</file>
         <name>exit.c.obj</name>
      </input_file>
      <input_file id="fl-3c">
         <path>C:\ti\ccstheia140\ccs\tools\compiler\ti-cgt-armllvm_3.2.2.LTS\lib\armv6m-ti-none-eabi\c\</path>
         <kind>archive</kind>
         <file>libc.a</file>
         <name>_lock.c.obj</name>
      </input_file>
      <input_file id="fl-3d">
         <path>C:\ti\ccstheia140\ccs\tools\compiler\ti-cgt-armllvm_3.2.2.LTS\lib\armv6m-ti-none-eabi\c\</path>
         <kind>archive</kind>
         <file>libc.a</file>
         <name>_ltoa.c.obj</name>
      </input_file>
      <input_file id="fl-3e">
         <path>C:\ti\ccstheia140\ccs\tools\compiler\ti-cgt-armllvm_3.2.2.LTS\lib\armv6m-ti-none-eabi\c\</path>
         <kind>archive</kind>
         <file>libc.a</file>
         <name>args_main.c.obj</name>
      </input_file>
      <input_file id="fl-3f">
         <path>C:\ti\ccstheia140\ccs\tools\compiler\ti-cgt-armllvm_3.2.2.LTS\lib\armv6m-ti-none-eabi\c\</path>
         <kind>archive</kind>
         <file>libc.a</file>
         <name>assert.c.obj</name>
      </input_file>
      <input_file id="fl-40">
         <path>C:\ti\ccstheia140\ccs\tools\compiler\ti-cgt-armllvm_3.2.2.LTS\lib\armv6m-ti-none-eabi\c\</path>
         <kind>archive</kind>
         <file>libc.a</file>
         <name>atoi.c.obj</name>
      </input_file>
      <input_file id="fl-41">
         <path>C:\ti\ccstheia140\ccs\tools\compiler\ti-cgt-armllvm_3.2.2.LTS\lib\armv6m-ti-none-eabi\c\</path>
         <kind>archive</kind>
         <file>libc.a</file>
         <name>defs.c.obj</name>
      </input_file>
      <input_file id="fl-42">
         <path>C:\ti\ccstheia140\ccs\tools\compiler\ti-cgt-armllvm_3.2.2.LTS\lib\armv6m-ti-none-eabi\c\</path>
         <kind>archive</kind>
         <file>libc.a</file>
         <name>memccpy.c.obj</name>
      </input_file>
      <input_file id="fl-43">
         <path>C:\ti\ccstheia140\ccs\tools\compiler\ti-cgt-armllvm_3.2.2.LTS\lib\armv6m-ti-none-eabi\c\</path>
         <kind>archive</kind>
         <file>libc.a</file>
         <name>memory.c.obj</name>
      </input_file>
      <input_file id="fl-44">
         <path>C:\ti\ccstheia140\ccs\tools\compiler\ti-cgt-armllvm_3.2.2.LTS\lib\armv6m-ti-none-eabi\c\</path>
         <kind>archive</kind>
         <file>libc.a</file>
         <name>wcslen.c.obj</name>
      </input_file>
      <input_file id="fl-45">
         <path>C:\ti\ccstheia140\ccs\tools\compiler\ti-cgt-armllvm_3.2.2.LTS\lib\armv6m-ti-none-eabi\c\</path>
         <kind>archive</kind>
         <file>libc.a</file>
         <name>sprintf.c.obj</name>
      </input_file>
      <input_file id="fl-46">
         <path>C:\ti\ccstheia140\ccs\tools\compiler\ti-cgt-armllvm_3.2.2.LTS\lib\armv6m-ti-none-eabi\c\</path>
         <kind>archive</kind>
         <file>libc.a</file>
         <name>fflush.c.obj</name>
      </input_file>
      <input_file id="fl-47">
         <path>C:\ti\ccstheia140\ccs\tools\compiler\ti-cgt-armllvm_3.2.2.LTS\lib\armv6m-ti-none-eabi\c\</path>
         <kind>archive</kind>
         <file>libc.a</file>
         <name>fputs.c.obj</name>
      </input_file>
      <input_file id="fl-48">
         <path>C:\ti\ccstheia140\ccs\tools\compiler\ti-cgt-armllvm_3.2.2.LTS\lib\armv6m-ti-none-eabi\c\</path>
         <kind>archive</kind>
         <file>libc.a</file>
         <name>_io_perm.c.obj</name>
      </input_file>
      <input_file id="fl-49">
         <path>C:\ti\ccstheia140\ccs\tools\compiler\ti-cgt-armllvm_3.2.2.LTS\lib\armv6m-ti-none-eabi\c\</path>
         <kind>archive</kind>
         <file>libc.a</file>
         <name>setvbuf.c.obj</name>
      </input_file>
      <input_file id="fl-4a">
         <path>C:\ti\ccstheia140\ccs\tools\compiler\ti-cgt-armllvm_3.2.2.LTS\lib\armv6m-ti-none-eabi\c\</path>
         <kind>archive</kind>
         <file>libc.a</file>
         <name>aeabi_ctype.S.obj</name>
      </input_file>
      <input_file id="fl-4b">
         <path>C:\ti\ccstheia140\ccs\tools\compiler\ti-cgt-armllvm_3.2.2.LTS\lib\armv6m-ti-none-eabi\c\</path>
         <kind>archive</kind>
         <file>libc.a</file>
         <name>fopen.c.obj</name>
      </input_file>
      <input_file id="fl-4c">
         <path>C:\ti\ccstheia140\ccs\tools\compiler\ti-cgt-armllvm_3.2.2.LTS\lib\armv6m-ti-none-eabi\c\</path>
         <kind>archive</kind>
         <file>libc.a</file>
         <name>fseek.c.obj</name>
      </input_file>
      <input_file id="fl-4d">
         <path>C:\ti\ccstheia140\ccs\tools\compiler\ti-cgt-armllvm_3.2.2.LTS\lib\armv6m-ti-none-eabi\c\</path>
         <kind>archive</kind>
         <file>libc.a</file>
         <name>fclose.c.obj</name>
      </input_file>
      <input_file id="fl-b3">
         <path>C:\ti\ccstheia140\ccs\tools\compiler\ti-cgt-armllvm_3.2.2.LTS\lib\armv6m-ti-none-eabi\c\</path>
         <kind>archive</kind>
         <file>libsysbm.a</file>
         <name>write.c.obj</name>
      </input_file>
      <input_file id="fl-b4">
         <path>C:\ti\ccstheia140\ccs\tools\compiler\ti-cgt-armllvm_3.2.2.LTS\lib\armv6m-ti-none-eabi\c\</path>
         <kind>archive</kind>
         <file>libsysbm.a</file>
         <name>host_device.c.obj</name>
      </input_file>
      <input_file id="fl-b5">
         <path>C:\ti\ccstheia140\ccs\tools\compiler\ti-cgt-armllvm_3.2.2.LTS\lib\armv6m-ti-none-eabi\c\</path>
         <kind>archive</kind>
         <file>libsysbm.a</file>
         <name>remove.c.obj</name>
      </input_file>
      <input_file id="fl-b6">
         <path>C:\ti\ccstheia140\ccs\tools\compiler\ti-cgt-armllvm_3.2.2.LTS\lib\armv6m-ti-none-eabi\c\</path>
         <kind>archive</kind>
         <file>libsysbm.a</file>
         <name>open.c.obj</name>
      </input_file>
      <input_file id="fl-b7">
         <path>C:\ti\ccstheia140\ccs\tools\compiler\ti-cgt-armllvm_3.2.2.LTS\lib\armv6m-ti-none-eabi\c\</path>
         <kind>archive</kind>
         <file>libsysbm.a</file>
         <name>lseek.c.obj</name>
      </input_file>
      <input_file id="fl-b8">
         <path>C:\ti\ccstheia140\ccs\tools\compiler\ti-cgt-armllvm_3.2.2.LTS\lib\armv6m-ti-none-eabi\c\</path>
         <kind>archive</kind>
         <file>libsysbm.a</file>
         <name>close.c.obj</name>
      </input_file>
      <input_file id="fl-b9">
         <path>C:\ti\ccstheia140\ccs\tools\compiler\ti-cgt-armllvm_3.2.2.LTS\lib\armv6m-ti-none-eabi\c\</path>
         <kind>archive</kind>
         <file>libsysbm.a</file>
         <name>unlink.c.obj</name>
      </input_file>
      <input_file id="fl-ba">
         <path>C:\ti\ccstheia140\ccs\tools\compiler\ti-cgt-armllvm_3.2.2.LTS\lib\armv6m-ti-none-eabi\c\</path>
         <kind>archive</kind>
         <file>libsysbm.a</file>
         <name>hostclose.c.obj</name>
      </input_file>
      <input_file id="fl-bb">
         <path>C:\ti\ccstheia140\ccs\tools\compiler\ti-cgt-armllvm_3.2.2.LTS\lib\armv6m-ti-none-eabi\c\</path>
         <kind>archive</kind>
         <file>libsysbm.a</file>
         <name>hostlseek.c.obj</name>
      </input_file>
      <input_file id="fl-bc">
         <path>C:\ti\ccstheia140\ccs\tools\compiler\ti-cgt-armllvm_3.2.2.LTS\lib\armv6m-ti-none-eabi\c\</path>
         <kind>archive</kind>
         <file>libsysbm.a</file>
         <name>hostopen.c.obj</name>
      </input_file>
      <input_file id="fl-bd">
         <path>C:\ti\ccstheia140\ccs\tools\compiler\ti-cgt-armllvm_3.2.2.LTS\lib\armv6m-ti-none-eabi\c\</path>
         <kind>archive</kind>
         <file>libsysbm.a</file>
         <name>hostread.c.obj</name>
      </input_file>
      <input_file id="fl-be">
         <path>C:\ti\ccstheia140\ccs\tools\compiler\ti-cgt-armllvm_3.2.2.LTS\lib\armv6m-ti-none-eabi\c\</path>
         <kind>archive</kind>
         <file>libsysbm.a</file>
         <name>hostrename.c.obj</name>
      </input_file>
      <input_file id="fl-bf">
         <path>C:\ti\ccstheia140\ccs\tools\compiler\ti-cgt-armllvm_3.2.2.LTS\lib\armv6m-ti-none-eabi\c\</path>
         <kind>archive</kind>
         <file>libsysbm.a</file>
         <name>hostunlink.c.obj</name>
      </input_file>
      <input_file id="fl-c0">
         <path>C:\ti\ccstheia140\ccs\tools\compiler\ti-cgt-armllvm_3.2.2.LTS\lib\armv6m-ti-none-eabi\c\</path>
         <kind>archive</kind>
         <file>libsysbm.a</file>
         <name>hostwrite.c.obj</name>
      </input_file>
      <input_file id="fl-c1">
         <path>C:\ti\ccstheia140\ccs\tools\compiler\ti-cgt-armllvm_3.2.2.LTS\lib\armv6m-ti-none-eabi\c\</path>
         <kind>archive</kind>
         <file>libsysbm.a</file>
         <name>trgmsg.c.obj</name>
      </input_file>
      <input_file id="fl-c2">
         <path>C:\ti\ccstheia140\ccs\tools\compiler\ti-cgt-armllvm_3.2.2.LTS\lib\clang\15.0.7\lib\armv6m-ti-none-eabi\</path>
         <kind>archive</kind>
         <file>libclang_rt.builtins.a</file>
         <name>addsf3.S.obj</name>
      </input_file>
      <input_file id="fl-c3">
         <path>C:\ti\ccstheia140\ccs\tools\compiler\ti-cgt-armllvm_3.2.2.LTS\lib\clang\15.0.7\lib\armv6m-ti-none-eabi\</path>
         <kind>archive</kind>
         <file>libclang_rt.builtins.a</file>
         <name>adddf3.S.obj</name>
      </input_file>
      <input_file id="fl-c4">
         <path>C:\ti\ccstheia140\ccs\tools\compiler\ti-cgt-armllvm_3.2.2.LTS\lib\clang\15.0.7\lib\armv6m-ti-none-eabi\</path>
         <kind>archive</kind>
         <file>libclang_rt.builtins.a</file>
         <name>muldf3.S.obj</name>
      </input_file>
      <input_file id="fl-c5">
         <path>C:\ti\ccstheia140\ccs\tools\compiler\ti-cgt-armllvm_3.2.2.LTS\lib\clang\15.0.7\lib\armv6m-ti-none-eabi\</path>
         <kind>archive</kind>
         <file>libclang_rt.builtins.a</file>
         <name>muldsi3.S.obj</name>
      </input_file>
      <input_file id="fl-c6">
         <path>C:\ti\ccstheia140\ccs\tools\compiler\ti-cgt-armllvm_3.2.2.LTS\lib\clang\15.0.7\lib\armv6m-ti-none-eabi\</path>
         <kind>archive</kind>
         <file>libclang_rt.builtins.a</file>
         <name>mulsf3.S.obj</name>
      </input_file>
      <input_file id="fl-c7">
         <path>C:\ti\ccstheia140\ccs\tools\compiler\ti-cgt-armllvm_3.2.2.LTS\lib\clang\15.0.7\lib\armv6m-ti-none-eabi\</path>
         <kind>archive</kind>
         <file>libclang_rt.builtins.a</file>
         <name>divsf3.S.obj</name>
      </input_file>
      <input_file id="fl-c8">
         <path>C:\ti\ccstheia140\ccs\tools\compiler\ti-cgt-armllvm_3.2.2.LTS\lib\clang\15.0.7\lib\armv6m-ti-none-eabi\</path>
         <kind>archive</kind>
         <file>libclang_rt.builtins.a</file>
         <name>divdf3.S.obj</name>
      </input_file>
      <input_file id="fl-c9">
         <path>C:\ti\ccstheia140\ccs\tools\compiler\ti-cgt-armllvm_3.2.2.LTS\lib\clang\15.0.7\lib\armv6m-ti-none-eabi\</path>
         <kind>archive</kind>
         <file>libclang_rt.builtins.a</file>
         <name>extendsfdf2.S.obj</name>
      </input_file>
      <input_file id="fl-ca">
         <path>C:\ti\ccstheia140\ccs\tools\compiler\ti-cgt-armllvm_3.2.2.LTS\lib\clang\15.0.7\lib\armv6m-ti-none-eabi\</path>
         <kind>archive</kind>
         <file>libclang_rt.builtins.a</file>
         <name>fixdfsi.S.obj</name>
      </input_file>
      <input_file id="fl-cb">
         <path>C:\ti\ccstheia140\ccs\tools\compiler\ti-cgt-armllvm_3.2.2.LTS\lib\clang\15.0.7\lib\armv6m-ti-none-eabi\</path>
         <kind>archive</kind>
         <file>libclang_rt.builtins.a</file>
         <name>fixsfsi.S.obj</name>
      </input_file>
      <input_file id="fl-cc">
         <path>C:\ti\ccstheia140\ccs\tools\compiler\ti-cgt-armllvm_3.2.2.LTS\lib\clang\15.0.7\lib\armv6m-ti-none-eabi\</path>
         <kind>archive</kind>
         <file>libclang_rt.builtins.a</file>
         <name>fixunssfsi.S.obj</name>
      </input_file>
      <input_file id="fl-cd">
         <path>C:\ti\ccstheia140\ccs\tools\compiler\ti-cgt-armllvm_3.2.2.LTS\lib\clang\15.0.7\lib\armv6m-ti-none-eabi\</path>
         <kind>archive</kind>
         <file>libclang_rt.builtins.a</file>
         <name>floatsidf.S.obj</name>
      </input_file>
      <input_file id="fl-ce">
         <path>C:\ti\ccstheia140\ccs\tools\compiler\ti-cgt-armllvm_3.2.2.LTS\lib\clang\15.0.7\lib\armv6m-ti-none-eabi\</path>
         <kind>archive</kind>
         <file>libclang_rt.builtins.a</file>
         <name>floatsisf.S.obj</name>
      </input_file>
      <input_file id="fl-cf">
         <path>C:\ti\ccstheia140\ccs\tools\compiler\ti-cgt-armllvm_3.2.2.LTS\lib\clang\15.0.7\lib\armv6m-ti-none-eabi\</path>
         <kind>archive</kind>
         <file>libclang_rt.builtins.a</file>
         <name>floatunsidf.S.obj</name>
      </input_file>
      <input_file id="fl-d0">
         <path>C:\ti\ccstheia140\ccs\tools\compiler\ti-cgt-armllvm_3.2.2.LTS\lib\clang\15.0.7\lib\armv6m-ti-none-eabi\</path>
         <kind>archive</kind>
         <file>libclang_rt.builtins.a</file>
         <name>floatunsisf.S.obj</name>
      </input_file>
      <input_file id="fl-d1">
         <path>C:\ti\ccstheia140\ccs\tools\compiler\ti-cgt-armllvm_3.2.2.LTS\lib\clang\15.0.7\lib\armv6m-ti-none-eabi\</path>
         <kind>archive</kind>
         <file>libclang_rt.builtins.a</file>
         <name>muldi3.S.obj</name>
      </input_file>
      <input_file id="fl-d2">
         <path>C:\ti\ccstheia140\ccs\tools\compiler\ti-cgt-armllvm_3.2.2.LTS\lib\clang\15.0.7\lib\armv6m-ti-none-eabi\</path>
         <kind>archive</kind>
         <file>libclang_rt.builtins.a</file>
         <name>truncdfsf2.S.obj</name>
      </input_file>
      <input_file id="fl-d3">
         <path>C:\ti\ccstheia140\ccs\tools\compiler\ti-cgt-armllvm_3.2.2.LTS\lib\clang\15.0.7\lib\armv6m-ti-none-eabi\</path>
         <kind>archive</kind>
         <file>libclang_rt.builtins.a</file>
         <name>aeabi_dcmp.S.obj</name>
      </input_file>
      <input_file id="fl-d4">
         <path>C:\ti\ccstheia140\ccs\tools\compiler\ti-cgt-armllvm_3.2.2.LTS\lib\clang\15.0.7\lib\armv6m-ti-none-eabi\</path>
         <kind>archive</kind>
         <file>libclang_rt.builtins.a</file>
         <name>aeabi_fcmp.S.obj</name>
      </input_file>
      <input_file id="fl-d5">
         <path>C:\ti\ccstheia140\ccs\tools\compiler\ti-cgt-armllvm_3.2.2.LTS\lib\clang\15.0.7\lib\armv6m-ti-none-eabi\</path>
         <kind>archive</kind>
         <file>libclang_rt.builtins.a</file>
         <name>aeabi_idivmod.S.obj</name>
      </input_file>
      <input_file id="fl-d6">
         <path>C:\ti\ccstheia140\ccs\tools\compiler\ti-cgt-armllvm_3.2.2.LTS\lib\clang\15.0.7\lib\armv6m-ti-none-eabi\</path>
         <kind>archive</kind>
         <file>libclang_rt.builtins.a</file>
         <name>aeabi_memcpy.S.obj</name>
      </input_file>
      <input_file id="fl-d7">
         <path>C:\ti\ccstheia140\ccs\tools\compiler\ti-cgt-armllvm_3.2.2.LTS\lib\clang\15.0.7\lib\armv6m-ti-none-eabi\</path>
         <kind>archive</kind>
         <file>libclang_rt.builtins.a</file>
         <name>aeabi_memset.S.obj</name>
      </input_file>
      <input_file id="fl-d8">
         <path>C:\ti\ccstheia140\ccs\tools\compiler\ti-cgt-armllvm_3.2.2.LTS\lib\clang\15.0.7\lib\armv6m-ti-none-eabi\</path>
         <kind>archive</kind>
         <file>libclang_rt.builtins.a</file>
         <name>aeabi_uidivmod.S.obj</name>
      </input_file>
      <input_file id="fl-d9">
         <path>C:\ti\ccstheia140\ccs\tools\compiler\ti-cgt-armllvm_3.2.2.LTS\lib\clang\15.0.7\lib\armv6m-ti-none-eabi\</path>
         <kind>archive</kind>
         <file>libclang_rt.builtins.a</file>
         <name>aeabi_uldivmod.S.obj</name>
      </input_file>
      <input_file id="fl-da">
         <path>C:\ti\ccstheia140\ccs\tools\compiler\ti-cgt-armllvm_3.2.2.LTS\lib\clang\15.0.7\lib\armv6m-ti-none-eabi\</path>
         <kind>archive</kind>
         <file>libclang_rt.builtins.a</file>
         <name>comparesf2.S.obj</name>
      </input_file>
      <input_file id="fl-db">
         <path>C:\ti\ccstheia140\ccs\tools\compiler\ti-cgt-armllvm_3.2.2.LTS\lib\clang\15.0.7\lib\armv6m-ti-none-eabi\</path>
         <kind>archive</kind>
         <file>libclang_rt.builtins.a</file>
         <name>udivmoddi4.S.obj</name>
      </input_file>
      <input_file id="fl-dc">
         <path>C:\ti\ccstheia140\ccs\tools\compiler\ti-cgt-armllvm_3.2.2.LTS\lib\clang\15.0.7\lib\armv6m-ti-none-eabi\</path>
         <kind>archive</kind>
         <file>libclang_rt.builtins.a</file>
         <name>ashldi3.S.obj</name>
      </input_file>
      <input_file id="fl-dd">
         <path>C:\ti\ccstheia140\ccs\tools\compiler\ti-cgt-armllvm_3.2.2.LTS\lib\clang\15.0.7\lib\armv6m-ti-none-eabi\</path>
         <kind>archive</kind>
         <file>libclang_rt.builtins.a</file>
         <name>comparedf2.c.obj</name>
      </input_file>
      <input_file id="fl-de">
         <path>C:\ti\ccstheia140\ccs\tools\compiler\ti-cgt-armllvm_3.2.2.LTS\lib\clang\15.0.7\lib\armv6m-ti-none-eabi\</path>
         <kind>archive</kind>
         <file>libclang_rt.builtins.a</file>
         <name>aeabi_div0.c.obj</name>
      </input_file>
      <input_file id="fl-df">
         <path>C:\ti\ccstheia140\ccs\tools\compiler\ti-cgt-armllvm_3.2.2.LTS\lib\armv6m-ti-none-eabi\c\</path>
         <kind>archive</kind>
         <file>libc.a</file>
         <name>getdevice.c.obj</name>
      </input_file>
      <input_file id="fl-e0">
         <path>C:\ti\ccstheia140\ccs\tools\compiler\ti-cgt-armllvm_3.2.2.LTS\lib\armv6m-ti-none-eabi\c\</path>
         <kind>archive</kind>
         <file>libc.a</file>
         <name>memcpy16.S.obj</name>
      </input_file>
      <input_file id="fl-e1">
         <path>C:\ti\ccstheia140\ccs\tools\compiler\ti-cgt-armllvm_3.2.2.LTS\lib\armv6m-ti-none-eabi\c\</path>
         <kind>archive</kind>
         <file>libc.a</file>
         <name>memset16.S.obj</name>
      </input_file>
   </input_file_list>
   <object_component_list>
      <object_component id="oc-18">
         <name>.intvecs</name>
         <load_address>0x0</load_address>
         <readonly>true</readonly>
         <run_address>0x0</run_address>
         <size>0xc0</size>
         <alignment>0x4</alignment>
         <input_file_ref idref="fl-3"/>
      </object_component>
      <object_component id="oc-206">
         <name>.text:__TI_printfi</name>
         <load_address>0xc0</load_address>
         <readonly>true</readonly>
         <executable>true</executable>
         <run_address>0xc0</run_address>
         <size>0xa00</size>
         <alignment>0x4</alignment>
         <input_file_ref idref="fl-37"/>
      </object_component>
      <object_component id="oc-15a">
         <name>.text.AD9959_init</name>
         <load_address>0xac0</load_address>
         <readonly>true</readonly>
         <executable>true</executable>
         <run_address>0xac0</run_address>
         <size>0x52c</size>
         <alignment>0x4</alignment>
         <input_file_ref idref="fl-4"/>
      </object_component>
      <object_component id="oc-1cd">
         <name>.text.AD9959_writeDataSlow</name>
         <load_address>0xfec</load_address>
         <readonly>true</readonly>
         <executable>true</executable>
         <run_address>0xfec</run_address>
         <size>0x2ac</size>
         <alignment>0x4</alignment>
         <input_file_ref idref="fl-4"/>
      </object_component>
      <object_component id="oc-22f">
         <name>.text._pconv_a</name>
         <load_address>0x1298</load_address>
         <readonly>true</readonly>
         <executable>true</executable>
         <run_address>0x1298</run_address>
         <size>0x220</size>
         <alignment>0x4</alignment>
         <input_file_ref idref="fl-37"/>
      </object_component>
      <object_component id="oc-232">
         <name>.text._pconv_g</name>
         <load_address>0x14b8</load_address>
         <readonly>true</readonly>
         <executable>true</executable>
         <run_address>0x14b8</run_address>
         <size>0x1dc</size>
         <alignment>0x4</alignment>
         <input_file_ref idref="fl-37"/>
      </object_component>
      <object_component id="oc-126">
         <name>.text.get_length</name>
         <load_address>0x1694</load_address>
         <readonly>true</readonly>
         <executable>true</executable>
         <run_address>0x1694</run_address>
         <size>0x1b4</size>
         <alignment>0x4</alignment>
         <input_file_ref idref="fl-c"/>
      </object_component>
      <object_component id="oc-1a2">
         <name>.text.UserADC1_TASK</name>
         <load_address>0x1848</load_address>
         <readonly>true</readonly>
         <executable>true</executable>
         <run_address>0x1848</run_address>
         <size>0x198</size>
         <alignment>0x4</alignment>
         <input_file_ref idref="fl-b"/>
      </object_component>
      <object_component id="oc-194">
         <name>.text.adddf3_subdf3</name>
         <load_address>0x19e0</load_address>
         <readonly>true</readonly>
         <executable>true</executable>
         <run_address>0x19e0</run_address>
         <size>0x192</size>
         <alignment>0x4</alignment>
         <input_file_ref idref="fl-c3"/>
      </object_component>
      <object_component id="oc-33">
         <name>.text.Default_Handler</name>
         <load_address>0x1b72</load_address>
         <readonly>true</readonly>
         <executable>true</executable>
         <run_address>0x1b72</run_address>
         <size>0x2</size>
         <alignment>0x2</alignment>
         <input_file_ref idref="fl-3"/>
      </object_component>
      <object_component id="oc-187">
         <name>.text.UserADC0_TASK</name>
         <load_address>0x1b74</load_address>
         <readonly>true</readonly>
         <executable>true</executable>
         <run_address>0x1b74</run_address>
         <size>0x170</size>
         <alignment>0x4</alignment>
         <input_file_ref idref="fl-b"/>
      </object_component>
      <object_component id="oc-266">
         <name>.text.fcvt</name>
         <load_address>0x1ce4</load_address>
         <readonly>true</readonly>
         <executable>true</executable>
         <run_address>0x1ce4</run_address>
         <size>0x13c</size>
         <alignment>0x4</alignment>
         <input_file_ref idref="fl-37"/>
      </object_component>
      <object_component id="oc-1f7">
         <name>.text.AD9959_writeData</name>
         <load_address>0x1e20</load_address>
         <readonly>true</readonly>
         <executable>true</executable>
         <run_address>0x1e20</run_address>
         <size>0x12c</size>
         <alignment>0x4</alignment>
         <input_file_ref idref="fl-4"/>
      </object_component>
      <object_component id="oc-230">
         <name>.text._pconv_e</name>
         <load_address>0x1f4c</load_address>
         <readonly>true</readonly>
         <executable>true</executable>
         <run_address>0x1f4c</run_address>
         <size>0x120</size>
         <alignment>0x4</alignment>
         <input_file_ref idref="fl-37"/>
      </object_component>
      <object_component id="oc-1a8">
         <name>.text.__divdf3</name>
         <load_address>0x206c</load_address>
         <readonly>true</readonly>
         <executable>true</executable>
         <run_address>0x206c</run_address>
         <size>0x10c</size>
         <alignment>0x4</alignment>
         <input_file_ref idref="fl-c8"/>
      </object_component>
      <object_component id="oc-125">
         <name>.text.UI_taskShow</name>
         <load_address>0x2178</load_address>
         <readonly>true</readonly>
         <executable>true</executable>
         <run_address>0x2178</run_address>
         <size>0xe8</size>
         <alignment>0x4</alignment>
         <input_file_ref idref="fl-a"/>
      </object_component>
      <object_component id="oc-190">
         <name>.text.__muldf3</name>
         <load_address>0x2260</load_address>
         <readonly>true</readonly>
         <executable>true</executable>
         <run_address>0x2260</run_address>
         <size>0xe4</size>
         <alignment>0x4</alignment>
         <input_file_ref idref="fl-c4"/>
      </object_component>
      <object_component id="oc-142">
         <name>.text.DL_Timer_initCaptureCombinedMode</name>
         <load_address>0x2344</load_address>
         <readonly>true</readonly>
         <executable>true</executable>
         <run_address>0x2344</run_address>
         <size>0xe0</size>
         <alignment>0x4</alignment>
         <input_file_ref idref="fl-1d"/>
      </object_component>
      <object_component id="oc-139">
         <name>.text.DL_SYSCTL_configSYSPLL</name>
         <load_address>0x2424</load_address>
         <readonly>true</readonly>
         <executable>true</executable>
         <run_address>0x2424</run_address>
         <size>0xdc</size>
         <alignment>0x4</alignment>
         <input_file_ref idref="fl-1f"/>
      </object_component>
      <object_component id="oc-254">
         <name>.text.scalbn</name>
         <load_address>0x2500</load_address>
         <readonly>true</readonly>
         <executable>true</executable>
         <run_address>0x2500</run_address>
         <size>0xd8</size>
         <alignment>0x4</alignment>
         <input_file_ref idref="fl-39"/>
      </object_component>
      <object_component id="oc-181">
         <name>.text</name>
         <load_address>0x25d8</load_address>
         <readonly>true</readonly>
         <executable>true</executable>
         <run_address>0x25d8</run_address>
         <size>0xd8</size>
         <alignment>0x4</alignment>
         <input_file_ref idref="fl-c2"/>
      </object_component>
      <object_component id="oc-127">
         <name>.text.get_load</name>
         <load_address>0x26b0</load_address>
         <readonly>true</readonly>
         <executable>true</executable>
         <run_address>0x26b0</run_address>
         <size>0xc4</size>
         <alignment>0x4</alignment>
         <input_file_ref idref="fl-c"/>
      </object_component>
      <object_component id="oc-34">
         <name>.text.SysTick_Handler</name>
         <load_address>0x2774</load_address>
         <readonly>true</readonly>
         <executable>true</executable>
         <run_address>0x2774</run_address>
         <size>0xa8</size>
         <alignment>0x4</alignment>
         <input_file_ref idref="fl-9"/>
      </object_component>
      <object_component id="oc-3e">
         <name>.text.ADC0_IRQHandler</name>
         <load_address>0x281c</load_address>
         <readonly>true</readonly>
         <executable>true</executable>
         <run_address>0x281c</run_address>
         <size>0xa4</size>
         <alignment>0x4</alignment>
         <input_file_ref idref="fl-b"/>
      </object_component>
      <object_component id="oc-243">
         <name>.text</name>
         <load_address>0x28c0</load_address>
         <readonly>true</readonly>
         <executable>true</executable>
         <run_address>0x28c0</run_address>
         <size>0xa2</size>
         <alignment>0x4</alignment>
         <input_file_ref idref="fl-db"/>
      </object_component>
      <object_component id="oc-cc">
         <name>.text.__aeabi_idiv0</name>
         <load_address>0x2962</load_address>
         <readonly>true</readonly>
         <executable>true</executable>
         <run_address>0x2962</run_address>
         <size>0x2</size>
         <alignment>0x2</alignment>
         <input_file_ref idref="fl-de"/>
      </object_component>
      <object_component id="oc-10c">
         <name>.text.SYSCFG_DL_GPIO_init</name>
         <load_address>0x2964</load_address>
         <readonly>true</readonly>
         <executable>true</executable>
         <run_address>0x2964</run_address>
         <size>0x9c</size>
         <alignment>0x4</alignment>
         <input_file_ref idref="fl-2"/>
      </object_component>
      <object_component id="oc-d9">
         <name>.text:memcpy</name>
         <load_address>0x2a00</load_address>
         <readonly>true</readonly>
         <executable>true</executable>
         <run_address>0x2a00</run_address>
         <size>0x9a</size>
         <alignment>0x1</alignment>
         <input_file_ref idref="fl-e0"/>
      </object_component>
      <object_component id="oc-267">
         <name>.text.__aeabi_ldiv0</name>
         <load_address>0x2a9a</load_address>
         <readonly>true</readonly>
         <executable>true</executable>
         <run_address>0x2a9a</run_address>
         <size>0x2</size>
         <alignment>0x2</alignment>
         <input_file_ref idref="fl-de"/>
      </object_component>
      <object_component id="oc-17d">
         <name>.text.__mulsf3</name>
         <load_address>0x2a9c</load_address>
         <readonly>true</readonly>
         <executable>true</executable>
         <run_address>0x2a9c</run_address>
         <size>0x8c</size>
         <alignment>0x4</alignment>
         <input_file_ref idref="fl-c6"/>
      </object_component>
      <object_component id="oc-18c">
         <name>.text.__divsf3</name>
         <load_address>0x2b28</load_address>
         <readonly>true</readonly>
         <executable>true</executable>
         <run_address>0x2b28</run_address>
         <size>0x82</size>
         <alignment>0x4</alignment>
         <input_file_ref idref="fl-c7"/>
      </object_component>
      <object_component id="oc-1c">
         <name>.text:decompress:lzss</name>
         <load_address>0x2bac</load_address>
         <readonly>true</readonly>
         <executable>true</executable>
         <run_address>0x2bac</run_address>
         <size>0x78</size>
         <alignment>0x4</alignment>
         <input_file_ref idref="fl-36"/>
      </object_component>
      <object_component id="oc-110">
         <name>.text.SYSCFG_DL_UART_2_init</name>
         <load_address>0x2c24</load_address>
         <readonly>true</readonly>
         <executable>true</executable>
         <run_address>0x2c24</run_address>
         <size>0x74</size>
         <alignment>0x4</alignment>
         <input_file_ref idref="fl-2"/>
      </object_component>
      <object_component id="oc-11d">
         <name>.text.DDS_init</name>
         <load_address>0x2c98</load_address>
         <readonly>true</readonly>
         <executable>true</executable>
         <run_address>0x2c98</run_address>
         <size>0x8</size>
         <alignment>0x2</alignment>
         <input_file_ref idref="fl-6"/>
      </object_component>
      <object_component id="oc-1ac">
         <name>.text.__truncdfsf2</name>
         <load_address>0x2ca0</load_address>
         <readonly>true</readonly>
         <executable>true</executable>
         <run_address>0x2ca0</run_address>
         <size>0x74</size>
         <alignment>0x10</alignment>
         <input_file_ref idref="fl-d2"/>
      </object_component>
      <object_component id="oc-24e">
         <name>.text.__gedf2</name>
         <load_address>0x2d14</load_address>
         <readonly>true</readonly>
         <executable>true</executable>
         <run_address>0x2d14</run_address>
         <size>0x70</size>
         <alignment>0x4</alignment>
         <input_file_ref idref="fl-dd"/>
      </object_component>
      <object_component id="oc-248">
         <name>.text.__ledf2</name>
         <load_address>0x2d84</load_address>
         <readonly>true</readonly>
         <executable>true</executable>
         <run_address>0x2d84</run_address>
         <size>0x6c</size>
         <alignment>0x4</alignment>
         <input_file_ref idref="fl-dd"/>
      </object_component>
      <object_component id="oc-4a">
         <name>.text.TIMG0_IRQHandler</name>
         <load_address>0x2df0</load_address>
         <readonly>true</readonly>
         <executable>true</executable>
         <run_address>0x2df0</run_address>
         <size>0x68</size>
         <alignment>0x4</alignment>
         <input_file_ref idref="fl-8"/>
      </object_component>
      <object_component id="oc-264">
         <name>.text._mcpy</name>
         <load_address>0x2e58</load_address>
         <readonly>true</readonly>
         <executable>true</executable>
         <run_address>0x2e58</run_address>
         <size>0x66</size>
         <alignment>0x2</alignment>
         <input_file_ref idref="fl-37"/>
      </object_component>
      <object_component id="oc-43">
         <name>.text.ADC1_IRQHandler</name>
         <load_address>0x2ec0</load_address>
         <readonly>true</readonly>
         <executable>true</executable>
         <run_address>0x2ec0</run_address>
         <size>0x64</size>
         <alignment>0x4</alignment>
         <input_file_ref idref="fl-b"/>
      </object_component>
      <object_component id="oc-111">
         <name>.text.SYSCFG_DL_UART_0_init</name>
         <load_address>0x2f24</load_address>
         <readonly>true</readonly>
         <executable>true</executable>
         <run_address>0x2f24</run_address>
         <size>0x64</size>
         <alignment>0x4</alignment>
         <input_file_ref idref="fl-2"/>
      </object_component>
      <object_component id="oc-158">
         <name>.text.UART2_printf</name>
         <load_address>0x2f88</load_address>
         <readonly>true</readonly>
         <executable>true</executable>
         <run_address>0x2f88</run_address>
         <size>0x64</size>
         <alignment>0x4</alignment>
         <input_file_ref idref="fl-d"/>
      </object_component>
      <object_component id="oc-22b">
         <name>.text.__aeabi_dcmp</name>
         <load_address>0x2fec</load_address>
         <readonly>true</readonly>
         <executable>true</executable>
         <run_address>0x2fec</run_address>
         <size>0x62</size>
         <alignment>0x4</alignment>
         <input_file_ref idref="fl-d3"/>
      </object_component>
      <object_component id="oc-1a3">
         <name>.text.__aeabi_fcmp</name>
         <load_address>0x3050</load_address>
         <readonly>true</readonly>
         <executable>true</executable>
         <run_address>0x3050</run_address>
         <size>0x62</size>
         <alignment>0x4</alignment>
         <input_file_ref idref="fl-d4"/>
      </object_component>
      <object_component id="oc-10a">
         <name>.text:memset</name>
         <load_address>0x30b2</load_address>
         <readonly>true</readonly>
         <executable>true</executable>
         <run_address>0x30b2</run_address>
         <size>0x62</size>
         <alignment>0x1</alignment>
         <input_file_ref idref="fl-e1"/>
      </object_component>
      <object_component id="oc-113">
         <name>.text.SYSCFG_DL_ADC0_init</name>
         <load_address>0x3114</load_address>
         <readonly>true</readonly>
         <executable>true</executable>
         <run_address>0x3114</run_address>
         <size>0x60</size>
         <alignment>0x4</alignment>
         <input_file_ref idref="fl-2"/>
      </object_component>
      <object_component id="oc-10b">
         <name>.text.SYSCFG_DL_initPower</name>
         <load_address>0x3174</load_address>
         <readonly>true</readonly>
         <executable>true</executable>
         <run_address>0x3174</run_address>
         <size>0x60</size>
         <alignment>0x4</alignment>
         <input_file_ref idref="fl-2"/>
      </object_component>
      <object_component id="oc-10d">
         <name>.text.SYSCFG_DL_SYSCTL_init</name>
         <load_address>0x31d4</load_address>
         <readonly>true</readonly>
         <executable>true</executable>
         <run_address>0x31d4</run_address>
         <size>0x5c</size>
         <alignment>0x4</alignment>
         <input_file_ref idref="fl-2"/>
      </object_component>
      <object_component id="oc-250">
         <name>.text.frexp</name>
         <load_address>0x3230</load_address>
         <readonly>true</readonly>
         <executable>true</executable>
         <run_address>0x3230</run_address>
         <size>0x5c</size>
         <alignment>0x4</alignment>
         <input_file_ref idref="fl-38"/>
      </object_component>
      <object_component id="oc-258">
         <name>.text.__TI_ltoa</name>
         <load_address>0x328c</load_address>
         <readonly>true</readonly>
         <executable>true</executable>
         <run_address>0x328c</run_address>
         <size>0x58</size>
         <alignment>0x2</alignment>
         <input_file_ref idref="fl-3d"/>
      </object_component>
      <object_component id="oc-231">
         <name>.text._pconv_f</name>
         <load_address>0x32e4</load_address>
         <readonly>true</readonly>
         <executable>true</executable>
         <run_address>0x32e4</run_address>
         <size>0x58</size>
         <alignment>0x2</alignment>
         <input_file_ref idref="fl-37"/>
      </object_component>
      <object_component id="oc-275">
         <name>.text.__aeabi_idivmod</name>
         <load_address>0x333c</load_address>
         <readonly>true</readonly>
         <executable>true</executable>
         <run_address>0x333c</run_address>
         <size>0x56</size>
         <alignment>0x4</alignment>
         <input_file_ref idref="fl-d5"/>
      </object_component>
      <object_component id="oc-1a7">
         <name>.text.GET_FREQ</name>
         <load_address>0x3394</load_address>
         <readonly>true</readonly>
         <executable>true</executable>
         <run_address>0x3394</run_address>
         <size>0x54</size>
         <alignment>0x4</alignment>
         <input_file_ref idref="fl-8"/>
      </object_component>
      <object_component id="oc-262">
         <name>.text._ecpy</name>
         <load_address>0x33e8</load_address>
         <readonly>true</readonly>
         <executable>true</executable>
         <run_address>0x33e8</run_address>
         <size>0x52</size>
         <alignment>0x2</alignment>
         <input_file_ref idref="fl-37"/>
      </object_component>
      <object_component id="oc-118">
         <name>.text.UserADC_init</name>
         <load_address>0x343c</load_address>
         <readonly>true</readonly>
         <executable>true</executable>
         <run_address>0x343c</run_address>
         <size>0x4c</size>
         <alignment>0x4</alignment>
         <input_file_ref idref="fl-b"/>
      </object_component>
      <object_component id="oc-198">
         <name>.text.__fixdfsi</name>
         <load_address>0x3488</load_address>
         <readonly>true</readonly>
         <executable>true</executable>
         <run_address>0x3488</run_address>
         <size>0x4a</size>
         <alignment>0x4</alignment>
         <input_file_ref idref="fl-ca"/>
      </object_component>
      <object_component id="oc-14b">
         <name>.text.DL_UART_init</name>
         <load_address>0x34d4</load_address>
         <readonly>true</readonly>
         <executable>true</executable>
         <run_address>0x34d4</run_address>
         <size>0x48</size>
         <alignment>0x4</alignment>
         <input_file_ref idref="fl-1e"/>
      </object_component>
      <object_component id="oc-112">
         <name>.text.SYSCFG_DL_ADC1_init</name>
         <load_address>0x351c</load_address>
         <readonly>true</readonly>
         <executable>true</executable>
         <run_address>0x351c</run_address>
         <size>0x48</size>
         <alignment>0x4</alignment>
         <input_file_ref idref="fl-2"/>
      </object_component>
      <object_component id="oc-13f">
         <name>.text.DL_SYSCTL_switchMCLKfromSYSOSCtoHSCLK</name>
         <load_address>0x3564</load_address>
         <readonly>true</readonly>
         <executable>true</executable>
         <run_address>0x3564</run_address>
         <size>0x44</size>
         <alignment>0x4</alignment>
         <input_file_ref idref="fl-1f"/>
      </object_component>
      <object_component id="oc-11c">
         <name>.text.GET_FREQ_Init</name>
         <load_address>0x35a8</load_address>
         <readonly>true</readonly>
         <executable>true</executable>
         <run_address>0x35a8</run_address>
         <size>0x44</size>
         <alignment>0x4</alignment>
         <input_file_ref idref="fl-8"/>
      </object_component>
      <object_component id="oc-e5">
         <name>.text.UserTask_loop</name>
         <load_address>0x35ec</load_address>
         <readonly>true</readonly>
         <executable>true</executable>
         <run_address>0x35ec</run_address>
         <size>0x44</size>
         <alignment>0x4</alignment>
         <input_file_ref idref="fl-c"/>
      </object_component>
      <object_component id="oc-1dc">
         <name>.text.AD9959_setFreq</name>
         <load_address>0x3630</load_address>
         <readonly>true</readonly>
         <executable>true</executable>
         <run_address>0x3630</run_address>
         <size>0x40</size>
         <alignment>0x4</alignment>
         <input_file_ref idref="fl-4"/>
      </object_component>
      <object_component id="oc-150">
         <name>.text.DL_ADC12_setClockConfig</name>
         <load_address>0x3670</load_address>
         <readonly>true</readonly>
         <executable>true</executable>
         <run_address>0x3670</run_address>
         <size>0x40</size>
         <alignment>0x4</alignment>
         <input_file_ref idref="fl-1b"/>
      </object_component>
      <object_component id="oc-80">
         <name>.text.__aeabi_uidivmod</name>
         <load_address>0x36b0</load_address>
         <readonly>true</readonly>
         <executable>true</executable>
         <run_address>0x36b0</run_address>
         <size>0x40</size>
         <alignment>0x4</alignment>
         <input_file_ref idref="fl-d8"/>
      </object_component>
      <object_component id="oc-166">
         <name>.text.__extendsfdf2</name>
         <load_address>0x36f0</load_address>
         <readonly>true</readonly>
         <executable>true</executable>
         <run_address>0x36f0</run_address>
         <size>0x40</size>
         <alignment>0x4</alignment>
         <input_file_ref idref="fl-c9"/>
      </object_component>
      <object_component id="oc-215">
         <name>.text.atoi</name>
         <load_address>0x3730</load_address>
         <readonly>true</readonly>
         <executable>true</executable>
         <run_address>0x3730</run_address>
         <size>0x40</size>
         <alignment>0x4</alignment>
         <input_file_ref idref="fl-40"/>
      </object_component>
      <object_component id="oc-10f">
         <name>.text.SYSCFG_DL_CAPTURE_0_init</name>
         <load_address>0x3770</load_address>
         <readonly>true</readonly>
         <executable>true</executable>
         <run_address>0x3770</run_address>
         <size>0x3c</size>
         <alignment>0x4</alignment>
         <input_file_ref idref="fl-2"/>
      </object_component>
      <object_component id="oc-49">
         <name>.text.UART0_IRQHandler</name>
         <load_address>0x37ac</load_address>
         <readonly>true</readonly>
         <executable>true</executable>
         <run_address>0x37ac</run_address>
         <size>0x3c</size>
         <alignment>0x4</alignment>
         <input_file_ref idref="fl-d"/>
      </object_component>
      <object_component id="oc-44">
         <name>.text.UART2_IRQHandler</name>
         <load_address>0x37e8</load_address>
         <readonly>true</readonly>
         <executable>true</executable>
         <run_address>0x37e8</run_address>
         <size>0x3c</size>
         <alignment>0x4</alignment>
         <input_file_ref idref="fl-d"/>
      </object_component>
      <object_component id="oc-179">
         <name>.text.__floatsisf</name>
         <load_address>0x3824</load_address>
         <readonly>true</readonly>
         <executable>true</executable>
         <run_address>0x3824</run_address>
         <size>0x3c</size>
         <alignment>0x4</alignment>
         <input_file_ref idref="fl-ce"/>
      </object_component>
      <object_component id="oc-1ed">
         <name>.text.__gtsf2</name>
         <load_address>0x3860</load_address>
         <readonly>true</readonly>
         <executable>true</executable>
         <run_address>0x3860</run_address>
         <size>0x3c</size>
         <alignment>0x4</alignment>
         <input_file_ref idref="fl-da"/>
      </object_component>
      <object_component id="oc-ef">
         <name>.text:__TI_auto_init_nobinit_nopinit</name>
         <load_address>0x389c</load_address>
         <readonly>true</readonly>
         <executable>true</executable>
         <run_address>0x389c</run_address>
         <size>0x3c</size>
         <alignment>0x4</alignment>
         <input_file_ref idref="fl-31"/>
      </object_component>
      <object_component id="oc-1e8">
         <name>.text.__eqsf2</name>
         <load_address>0x38d8</load_address>
         <readonly>true</readonly>
         <executable>true</executable>
         <run_address>0x38d8</run_address>
         <size>0x3a</size>
         <alignment>0x4</alignment>
         <input_file_ref idref="fl-da"/>
      </object_component>
      <object_component id="oc-1d6">
         <name>.text.__muldsi3</name>
         <load_address>0x3914</load_address>
         <readonly>true</readonly>
         <executable>true</executable>
         <run_address>0x3914</run_address>
         <size>0x3a</size>
         <alignment>0x4</alignment>
         <input_file_ref idref="fl-c5"/>
      </object_component>
      <object_component id="oc-207">
         <name>.text.__fixsfsi</name>
         <load_address>0x3950</load_address>
         <readonly>true</readonly>
         <executable>true</executable>
         <run_address>0x3950</run_address>
         <size>0x38</size>
         <alignment>0x4</alignment>
         <input_file_ref idref="fl-cb"/>
      </object_component>
      <object_component id="oc-1f8">
         <name>.text.__fixunssfsi</name>
         <load_address>0x3988</load_address>
         <readonly>true</readonly>
         <executable>true</executable>
         <run_address>0x3988</run_address>
         <size>0x32</size>
         <alignment>0x4</alignment>
         <input_file_ref idref="fl-cc"/>
      </object_component>
      <object_component id="oc-39">
         <name>.text.GROUP1_IRQHandler</name>
         <load_address>0x39bc</load_address>
         <readonly>true</readonly>
         <executable>true</executable>
         <run_address>0x39bc</run_address>
         <size>0x30</size>
         <alignment>0x4</alignment>
         <input_file_ref idref="fl-7"/>
      </object_component>
      <object_component id="oc-114">
         <name>.text.SYSCFG_DL_SYSTICK_init</name>
         <load_address>0x39ec</load_address>
         <readonly>true</readonly>
         <executable>true</executable>
         <run_address>0x39ec</run_address>
         <size>0x30</size>
         <alignment>0x4</alignment>
         <input_file_ref idref="fl-2"/>
      </object_component>
      <object_component id="oc-263">
         <name>.text._fcpy</name>
         <load_address>0x3a1c</load_address>
         <readonly>true</readonly>
         <executable>true</executable>
         <run_address>0x3a1c</run_address>
         <size>0x30</size>
         <alignment>0x2</alignment>
         <input_file_ref idref="fl-37"/>
      </object_component>
      <object_component id="oc-1dd">
         <name>.text.AD9959_setAmp</name>
         <load_address>0x3a4c</load_address>
         <readonly>true</readonly>
         <executable>true</executable>
         <run_address>0x3a4c</run_address>
         <size>0x2e</size>
         <alignment>0x2</alignment>
         <input_file_ref idref="fl-4"/>
      </object_component>
      <object_component id="oc-25c">
         <name>.text.__floatsidf</name>
         <load_address>0x3a7c</load_address>
         <readonly>true</readonly>
         <executable>true</executable>
         <run_address>0x3a7c</run_address>
         <size>0x2c</size>
         <alignment>0x4</alignment>
         <input_file_ref idref="fl-cd"/>
      </object_component>
      <object_component id="oc-1c5">
         <name>.text.vsprintf</name>
         <load_address>0x3aa8</load_address>
         <readonly>true</readonly>
         <executable>true</executable>
         <run_address>0x3aa8</run_address>
         <size>0x2c</size>
         <alignment>0x4</alignment>
         <input_file_ref idref="fl-2e"/>
      </object_component>
      <object_component id="oc-de">
         <name>.text.SYSCFG_DL_init</name>
         <load_address>0x3ad4</load_address>
         <readonly>true</readonly>
         <executable>true</executable>
         <run_address>0x3ad4</run_address>
         <size>0x28</size>
         <alignment>0x2</alignment>
         <input_file_ref idref="fl-2"/>
      </object_component>
      <object_component id="oc-e3">
         <name>.text.UserTask_init</name>
         <load_address>0x3afc</load_address>
         <readonly>true</readonly>
         <executable>true</executable>
         <run_address>0x3afc</run_address>
         <size>0x28</size>
         <alignment>0x2</alignment>
         <input_file_ref idref="fl-c"/>
      </object_component>
      <object_component id="oc-188">
         <name>.text.__floatunsisf</name>
         <load_address>0x3b24</load_address>
         <readonly>true</readonly>
         <executable>true</executable>
         <run_address>0x3b24</run_address>
         <size>0x28</size>
         <alignment>0x4</alignment>
         <input_file_ref idref="fl-d0"/>
      </object_component>
      <object_component id="oc-6a">
         <name>.text:_c_int00_noargs</name>
         <load_address>0x3b4c</load_address>
         <readonly>true</readonly>
         <executable>true</executable>
         <run_address>0x3b4c</run_address>
         <size>0x28</size>
         <alignment>0x4</alignment>
         <input_file_ref idref="fl-2f"/>
      </object_component>
      <object_component id="oc-1de">
         <name>.text.AD9959_setPhase</name>
         <load_address>0x3b74</load_address>
         <readonly>true</readonly>
         <executable>true</executable>
         <run_address>0x3b74</run_address>
         <size>0x24</size>
         <alignment>0x2</alignment>
         <input_file_ref idref="fl-4"/>
      </object_component>
      <object_component id="oc-1e4">
         <name>.text.__floatunsidf</name>
         <load_address>0x3b98</load_address>
         <readonly>true</readonly>
         <executable>true</executable>
         <run_address>0x3b98</run_address>
         <size>0x24</size>
         <alignment>0x4</alignment>
         <input_file_ref idref="fl-cf"/>
      </object_component>
      <object_component id="oc-222">
         <name>.text.__muldi3</name>
         <load_address>0x3bbc</load_address>
         <readonly>true</readonly>
         <executable>true</executable>
         <run_address>0x3bbc</run_address>
         <size>0x24</size>
         <alignment>0x4</alignment>
         <input_file_ref idref="fl-d1"/>
      </object_component>
      <object_component id="oc-20e">
         <name>.text.memccpy</name>
         <load_address>0x3be0</load_address>
         <readonly>true</readonly>
         <executable>true</executable>
         <run_address>0x3be0</run_address>
         <size>0x22</size>
         <alignment>0x2</alignment>
         <input_file_ref idref="fl-42"/>
      </object_component>
      <object_component id="oc-1cb">
         <name>.text.DL_UART_transmitDataBlocking</name>
         <load_address>0x3c04</load_address>
         <readonly>true</readonly>
         <executable>true</executable>
         <run_address>0x3c04</run_address>
         <size>0x20</size>
         <alignment>0x4</alignment>
         <input_file_ref idref="fl-1e"/>
      </object_component>
      <object_component id="oc-186">
         <name>.text.Tick_delay</name>
         <load_address>0x3c24</load_address>
         <readonly>true</readonly>
         <executable>true</executable>
         <run_address>0x3c24</run_address>
         <size>0x20</size>
         <alignment>0x4</alignment>
         <input_file_ref idref="fl-9"/>
      </object_component>
      <object_component id="oc-185">
         <name>.text.DDS_singleTone</name>
         <load_address>0x3c44</load_address>
         <readonly>true</readonly>
         <executable>true</executable>
         <run_address>0x3c44</run_address>
         <size>0x1e</size>
         <alignment>0x2</alignment>
         <input_file_ref idref="fl-6"/>
      </object_component>
      <object_component id="oc-268">
         <name>.text.__ashldi3</name>
         <load_address>0x3c64</load_address>
         <readonly>true</readonly>
         <executable>true</executable>
         <run_address>0x3c64</run_address>
         <size>0x1e</size>
         <alignment>0x4</alignment>
         <input_file_ref idref="fl-dc"/>
      </object_component>
      <object_component id="oc-164">
         <name>.text.AD9959_IOUpdate</name>
         <load_address>0x3c84</load_address>
         <readonly>true</readonly>
         <executable>true</executable>
         <run_address>0x3c84</run_address>
         <size>0x1c</size>
         <alignment>0x4</alignment>
         <input_file_ref idref="fl-4"/>
      </object_component>
      <object_component id="oc-141">
         <name>.text.DL_Timer_setClockConfig</name>
         <load_address>0x3ca0</load_address>
         <readonly>true</readonly>
         <executable>true</executable>
         <run_address>0x3ca0</run_address>
         <size>0x1c</size>
         <alignment>0x4</alignment>
         <input_file_ref idref="fl-1d"/>
      </object_component>
      <object_component id="oc-123">
         <name>.text.initSweepParam</name>
         <load_address>0x3cbc</load_address>
         <readonly>true</readonly>
         <executable>true</executable>
         <run_address>0x3cbc</run_address>
         <size>0x1c</size>
         <alignment>0x4</alignment>
         <input_file_ref idref="fl-6"/>
      </object_component>
      <object_component id="oc-119">
         <name>.text.UART2_init</name>
         <load_address>0x3cd8</load_address>
         <readonly>true</readonly>
         <executable>true</executable>
         <run_address>0x3cd8</run_address>
         <size>0x18</size>
         <alignment>0x4</alignment>
         <input_file_ref idref="fl-d"/>
      </object_component>
      <object_component id="oc-1f2">
         <name>.text._outs</name>
         <load_address>0x3cf0</load_address>
         <readonly>true</readonly>
         <executable>true</executable>
         <run_address>0x3cf0</run_address>
         <size>0x18</size>
         <alignment>0x2</alignment>
         <input_file_ref idref="fl-2e"/>
      </object_component>
      <object_component id="oc-b2">
         <name>.text.main</name>
         <load_address>0x3d08</load_address>
         <readonly>true</readonly>
         <executable>true</executable>
         <run_address>0x3d08</run_address>
         <size>0x16</size>
         <alignment>0x2</alignment>
         <input_file_ref idref="fl-1"/>
      </object_component>
      <object_component id="oc-61">
         <name>.text:decompress:ZI:__TI_zero_init_nomemset</name>
         <load_address>0x3d1e</load_address>
         <readonly>true</readonly>
         <executable>true</executable>
         <run_address>0x3d1e</run_address>
         <size>0x16</size>
         <alignment>0x2</alignment>
         <input_file_ref idref="fl-34"/>
      </object_component>
      <object_component id="oc-227">
         <name>.text.__aeabi_uldivmod</name>
         <load_address>0x3d34</load_address>
         <readonly>true</readonly>
         <executable>true</executable>
         <run_address>0x3d34</run_address>
         <size>0x14</size>
         <alignment>0x4</alignment>
         <input_file_ref idref="fl-d9"/>
      </object_component>
      <object_component id="oc-122">
         <name>.text.initSingleToneParam</name>
         <load_address>0x3d48</load_address>
         <readonly>true</readonly>
         <executable>true</executable>
         <run_address>0x3d48</run_address>
         <size>0x14</size>
         <alignment>0x4</alignment>
         <input_file_ref idref="fl-6"/>
      </object_component>
      <object_component id="oc-261">
         <name>.text.strchr</name>
         <load_address>0x3d5c</load_address>
         <readonly>true</readonly>
         <executable>true</executable>
         <run_address>0x3d5c</run_address>
         <size>0x14</size>
         <alignment>0x2</alignment>
         <input_file_ref idref="fl-37"/>
      </object_component>
      <object_component id="oc-145">
         <name>.text.DL_UART_setClockConfig</name>
         <load_address>0x3d70</load_address>
         <readonly>true</readonly>
         <executable>true</executable>
         <run_address>0x3d70</run_address>
         <size>0x12</size>
         <alignment>0x2</alignment>
         <input_file_ref idref="fl-1e"/>
      </object_component>
      <object_component id="oc-20">
         <name>.text:decompress:none</name>
         <load_address>0x3d82</load_address>
         <readonly>true</readonly>
         <executable>true</executable>
         <run_address>0x3d82</run_address>
         <size>0x12</size>
         <alignment>0x2</alignment>
         <input_file_ref idref="fl-35"/>
      </object_component>
      <object_component id="oc-98">
         <name>.text.DL_Timer_getCaptureCompareValue</name>
         <load_address>0x3d94</load_address>
         <readonly>true</readonly>
         <executable>true</executable>
         <run_address>0x3d94</run_address>
         <size>0x10</size>
         <alignment>0x4</alignment>
         <input_file_ref idref="fl-1d"/>
      </object_component>
      <object_component id="oc-11a">
         <name>.text.UI_init</name>
         <load_address>0x3da4</load_address>
         <readonly>true</readonly>
         <executable>true</executable>
         <run_address>0x3da4</run_address>
         <size>0x10</size>
         <alignment>0x4</alignment>
         <input_file_ref idref="fl-a"/>
      </object_component>
      <object_component id="oc-219">
         <name>.text.wcslen</name>
         <load_address>0x3db4</load_address>
         <readonly>true</readonly>
         <executable>true</executable>
         <run_address>0x3db4</run_address>
         <size>0x10</size>
         <alignment>0x2</alignment>
         <input_file_ref idref="fl-44"/>
      </object_component>
      <object_component id="oc-20d">
         <name>.text.__aeabi_memset</name>
         <load_address>0x3dc4</load_address>
         <readonly>true</readonly>
         <executable>true</executable>
         <run_address>0x3dc4</run_address>
         <size>0xe</size>
         <alignment>0x4</alignment>
         <input_file_ref idref="fl-d7"/>
      </object_component>
      <object_component id="oc-20c">
         <name>.text.strlen</name>
         <load_address>0x3dd2</load_address>
         <readonly>true</readonly>
         <executable>true</executable>
         <run_address>0x3dd2</run_address>
         <size>0xe</size>
         <alignment>0x2</alignment>
         <input_file_ref idref="fl-37"/>
      </object_component>
      <object_component id="oc-117">
         <name>.text.ENC_init</name>
         <load_address>0x3de0</load_address>
         <readonly>true</readonly>
         <executable>true</executable>
         <run_address>0x3de0</run_address>
         <size>0xc</size>
         <alignment>0x4</alignment>
         <input_file_ref idref="fl-7"/>
      </object_component>
      <object_component id="oc-135">
         <name>.text.DL_Common_delayCycles</name>
         <load_address>0x3dec</load_address>
         <readonly>true</readonly>
         <executable>true</executable>
         <run_address>0x3dec</run_address>
         <size>0xa</size>
         <alignment>0x2</alignment>
         <input_file_ref idref="fl-1c"/>
      </object_component>
      <object_component id="oc-260">
         <name>.text.OUTLINED_FUNCTION_0</name>
         <load_address>0x3df6</load_address>
         <readonly>true</readonly>
         <executable>true</executable>
         <run_address>0x3df6</run_address>
         <size>0xa</size>
         <alignment>0x2</alignment>
         <input_file_ref idref="fl-37"/>
      </object_component>
      <object_component id="oc-2c6">
         <name>.tramp.__aeabi_dsub.1</name>
         <load_address>0x3e00</load_address>
         <readonly>true</readonly>
         <executable>true</executable>
         <run_address>0x3e00</run_address>
         <size>0x10</size>
         <alignment>0x4</alignment>
         <input_file_ref idref="fl-c3"/>
      </object_component>
      <object_component id="oc-265">
         <name>.text.OUTLINED_FUNCTION_1</name>
         <load_address>0x3e10</load_address>
         <readonly>true</readonly>
         <executable>true</executable>
         <run_address>0x3e10</run_address>
         <size>0xa</size>
         <alignment>0x2</alignment>
         <input_file_ref idref="fl-37"/>
      </object_component>
      <object_component id="oc-1f3">
         <name>.text._outc</name>
         <load_address>0x3e1a</load_address>
         <readonly>true</readonly>
         <executable>true</executable>
         <run_address>0x3e1a</run_address>
         <size>0xa</size>
         <alignment>0x2</alignment>
         <input_file_ref idref="fl-2e"/>
      </object_component>
      <object_component id="oc-124">
         <name>.text.DDS_update</name>
         <load_address>0x3e24</load_address>
         <readonly>true</readonly>
         <executable>true</executable>
         <run_address>0x3e24</run_address>
         <size>0x8</size>
         <alignment>0x2</alignment>
         <input_file_ref idref="fl-6"/>
      </object_component>
      <object_component id="oc-21d">
         <name>.text.__aeabi_errno_addr</name>
         <load_address>0x3e2c</load_address>
         <readonly>true</readonly>
         <executable>true</executable>
         <run_address>0x3e2c</run_address>
         <size>0x8</size>
         <alignment>0x4</alignment>
         <input_file_ref idref="fl-3a"/>
      </object_component>
      <object_component id="oc-5a">
         <name>.text.__aeabi_memcpy</name>
         <load_address>0x3e34</load_address>
         <readonly>true</readonly>
         <executable>true</executable>
         <run_address>0x3e34</run_address>
         <size>0x8</size>
         <alignment>0x4</alignment>
         <input_file_ref idref="fl-d6"/>
      </object_component>
      <object_component id="oc-2f">
         <name>.text.Reset_Handler</name>
         <load_address>0x3e3c</load_address>
         <readonly>true</readonly>
         <executable>true</executable>
         <run_address>0x3e3c</run_address>
         <size>0x4</size>
         <alignment>0x2</alignment>
         <input_file_ref idref="fl-3"/>
      </object_component>
      <object_component id="oc-ae">
         <name>.text._system_pre_init</name>
         <load_address>0x3e40</load_address>
         <readonly>true</readonly>
         <executable>true</executable>
         <run_address>0x3e40</run_address>
         <size>0x4</size>
         <alignment>0x2</alignment>
         <input_file_ref idref="fl-32"/>
      </object_component>
      <object_component id="oc-e8">
         <name>.text:abort</name>
         <load_address>0x3e44</load_address>
         <readonly>true</readonly>
         <executable>true</executable>
         <run_address>0x3e44</run_address>
         <size>0x4</size>
         <alignment>0x2</alignment>
         <input_file_ref idref="fl-3b"/>
      </object_component>
      <object_component id="oc-2c2">
         <name>.cinit..data.load</name>
         <load_address>0x40f0</load_address>
         <readonly>true</readonly>
         <run_address>0x40f0</run_address>
         <size>0x24</size>
         <alignment>0x1</alignment>
      </object_component>
      <object_component id="oc-2c0">
         <name>__TI_handler_table</name>
         <load_address>0x4114</load_address>
         <readonly>true</readonly>
         <run_address>0x4114</run_address>
         <size>0xc</size>
         <alignment>0x4</alignment>
      </object_component>
      <object_component id="oc-2c3">
         <name>.cinit..bss.load</name>
         <load_address>0x4120</load_address>
         <readonly>true</readonly>
         <run_address>0x4120</run_address>
         <size>0x8</size>
         <alignment>0x4</alignment>
      </object_component>
      <object_component id="oc-2c1">
         <name>__TI_cinit_table</name>
         <load_address>0x4128</load_address>
         <readonly>true</readonly>
         <run_address>0x4128</run_address>
         <size>0x10</size>
         <alignment>0x4</alignment>
      </object_component>
      <object_component id="oc-237">
         <name>.rodata:__aeabi_ctype_table_</name>
         <load_address>0x3e50</load_address>
         <readonly>true</readonly>
         <run_address>0x3e50</run_address>
         <size>0x101</size>
         <alignment>0x10</alignment>
         <input_file_ref idref="fl-4a"/>
      </object_component>
      <object_component id="oc-143">
         <name>.rodata.gCAPTURE_0ClockConfig</name>
         <load_address>0x3f51</load_address>
         <readonly>true</readonly>
         <run_address>0x3f51</run_address>
         <size>0x3</size>
         <alignment>0x1</alignment>
         <input_file_ref idref="fl-2"/>
      </object_component>
      <object_component id="oc-140">
         <name>.rodata.gSYSPLLConfig</name>
         <load_address>0x3f54</load_address>
         <readonly>true</readonly>
         <run_address>0x3f54</run_address>
         <size>0x28</size>
         <alignment>0x4</alignment>
         <input_file_ref idref="fl-2"/>
      </object_component>
      <object_component id="oc-176">
         <name>.rodata.str1.168623259470433939611</name>
         <load_address>0x3f7c</load_address>
         <readonly>true</readonly>
         <run_address>0x3f7c</run_address>
         <size>0x1e</size>
         <alignment>0x1</alignment>
         <input_file_ref idref="fl-a"/>
      </object_component>
      <object_component id="oc-16e">
         <name>.rodata.str1.92281663098749397751</name>
         <load_address>0x3f9a</load_address>
         <readonly>true</readonly>
         <run_address>0x3f9a</run_address>
         <size>0x1e</size>
         <alignment>0x1</alignment>
         <input_file_ref idref="fl-a"/>
      </object_component>
      <object_component id="oc-177">
         <name>.rodata.str1.125821526051996919231</name>
         <load_address>0x3fb8</load_address>
         <readonly>true</readonly>
         <run_address>0x3fb8</run_address>
         <size>0x18</size>
         <alignment>0x1</alignment>
         <input_file_ref idref="fl-a"/>
      </object_component>
      <object_component id="oc-178">
         <name>.rodata.str1.174728512910851606481</name>
         <load_address>0x3fd0</load_address>
         <readonly>true</readonly>
         <run_address>0x3fd0</run_address>
         <size>0x18</size>
         <alignment>0x1</alignment>
         <input_file_ref idref="fl-a"/>
      </object_component>
      <object_component id="oc-175">
         <name>.rodata.str1.21124012327653987141</name>
         <load_address>0x3fe8</load_address>
         <readonly>true</readonly>
         <run_address>0x3fe8</run_address>
         <size>0x16</size>
         <alignment>0x1</alignment>
         <input_file_ref idref="fl-a"/>
      </object_component>
      <object_component id="oc-16d">
         <name>.rodata.str1.52025230178519497421</name>
         <load_address>0x3ffe</load_address>
         <readonly>true</readonly>
         <run_address>0x3ffe</run_address>
         <size>0x16</size>
         <alignment>0x1</alignment>
         <input_file_ref idref="fl-a"/>
      </object_component>
      <object_component id="oc-173">
         <name>.rodata.str1.25666561565212724941</name>
         <load_address>0x4014</load_address>
         <readonly>true</readonly>
         <run_address>0x4014</run_address>
         <size>0x14</size>
         <alignment>0x1</alignment>
         <input_file_ref idref="fl-a"/>
      </object_component>
      <object_component id="oc-170">
         <name>.rodata.str1.56157970531910880911</name>
         <load_address>0x4028</load_address>
         <readonly>true</readonly>
         <run_address>0x4028</run_address>
         <size>0x14</size>
         <alignment>0x1</alignment>
         <input_file_ref idref="fl-a"/>
      </object_component>
      <object_component id="oc-226">
         <name>.rodata.str1.11645776875810915891</name>
         <load_address>0x403c</load_address>
         <readonly>true</readonly>
         <run_address>0x403c</run_address>
         <size>0x11</size>
         <alignment>0x1</alignment>
         <input_file_ref idref="fl-37"/>
      </object_component>
      <object_component id="oc-212">
         <name>.rodata.str1.44690500295887128011</name>
         <load_address>0x404d</load_address>
         <readonly>true</readonly>
         <run_address>0x404d</run_address>
         <size>0x11</size>
         <alignment>0x1</alignment>
         <input_file_ref idref="fl-37"/>
      </object_component>
      <object_component id="oc-14e">
         <name>.rodata.gUART_0ClockConfig</name>
         <load_address>0x405e</load_address>
         <readonly>true</readonly>
         <run_address>0x405e</run_address>
         <size>0x2</size>
         <alignment>0x1</alignment>
         <input_file_ref idref="fl-2"/>
      </object_component>
      <object_component id="oc-19f">
         <name>.rodata.cst16</name>
         <load_address>0x4060</load_address>
         <readonly>true</readonly>
         <run_address>0x4060</run_address>
         <size>0x10</size>
         <alignment>0x4</alignment>
         <input_file_ref idref="fl-c"/>
      </object_component>
      <object_component id="oc-144">
         <name>.rodata.gCAPTURE_0CaptureConfig</name>
         <load_address>0x4070</load_address>
         <readonly>true</readonly>
         <run_address>0x4070</run_address>
         <size>0x10</size>
         <alignment>0x4</alignment>
         <input_file_ref idref="fl-2"/>
      </object_component>
      <object_component id="oc-159">
         <name>.rodata.str1.14553400735133165471</name>
         <load_address>0x4080</load_address>
         <readonly>true</readonly>
         <run_address>0x4080</run_address>
         <size>0xd</size>
         <alignment>0x1</alignment>
         <input_file_ref idref="fl-a"/>
      </object_component>
      <object_component id="oc-16c">
         <name>.rodata.str1.59240413721153509801</name>
         <load_address>0x408d</load_address>
         <readonly>true</readonly>
         <run_address>0x408d</run_address>
         <size>0xd</size>
         <alignment>0x1</alignment>
         <input_file_ref idref="fl-a"/>
      </object_component>
      <object_component id="oc-14c">
         <name>.rodata.gUART_2ClockConfig</name>
         <load_address>0x409a</load_address>
         <readonly>true</readonly>
         <run_address>0x409a</run_address>
         <size>0x2</size>
         <alignment>0x1</alignment>
         <input_file_ref idref="fl-2"/>
      </object_component>
      <object_component id="oc-1c0">
         <name>.rodata..Lswitch.table.DL_Timer_initCaptureCombinedMode.1</name>
         <load_address>0x409c</load_address>
         <readonly>true</readonly>
         <run_address>0x409c</run_address>
         <size>0xc</size>
         <alignment>0x4</alignment>
         <input_file_ref idref="fl-1d"/>
      </object_component>
      <object_component id="oc-1bf">
         <name>.rodata..Lswitch.table.DL_Timer_initCompareMode</name>
         <load_address>0x40a8</load_address>
[...]
         <name>RxData</name>
         <value>0x2020011c</value>
         <object_component_ref idref="oc-97"/>
      </symbol>
      <symbol id="sm-1a8">
         <name>UART2_IRQHandler</name>
         <value>0x37e9</value>
         <object_component_ref idref="oc-44"/>
      </symbol>
      <symbol id="sm-1a9">
         <name>received_data</name>
         <value>0x202001e5</value>
         <object_component_ref idref="oc-91"/>
      </symbol>
      <symbol id="sm-1aa">
         <name>corrent_operating</name>
         <value>0x202001e3</value>
         <object_component_ref idref="oc-92"/>
      </symbol>
      <symbol id="sm-1ab">
         <name>__TI_ATRegion0_src_addr</name>
         <value>0x0</value>
      </symbol>
      <symbol id="sm-1ac">
         <name>__TI_ATRegion0_trg_addr</name>
         <value>0x0</value>
      </symbol>
      <symbol id="sm-1ad">
         <name>__TI_ATRegion0_region_sz</name>
         <value>0x0</value>
      </symbol>
      <symbol id="sm-1ae">
         <name>__TI_ATRegion1_src_addr</name>
         <value>0x0</value>
      </symbol>
      <symbol id="sm-1af">
         <name>__TI_ATRegion1_trg_addr</name>
         <value>0x0</value>
      </symbol>
      <symbol id="sm-1b0">
         <name>__TI_ATRegion1_region_sz</name>
         <value>0x0</value>
      </symbol>
      <symbol id="sm-1b1">
         <name>__TI_ATRegion2_src_addr</name>
         <value>0x0</value>
      </symbol>
      <symbol id="sm-1b2">
         <name>__TI_ATRegion2_trg_addr</name>
         <value>0x0</value>
      </symbol>
      <symbol id="sm-1b3">
         <name>__TI_ATRegion2_region_sz</name>
         <value>0x0</value>
      </symbol>
      <symbol id="sm-1be">
         <name>DL_ADC12_setClockConfig</name>
         <value>0x3671</value>
         <object_component_ref idref="oc-150"/>
      </symbol>
      <symbol id="sm-1c7">
         <name>DL_Common_delayCycles</name>
         <value>0x3ded</value>
         <object_component_ref idref="oc-135"/>
      </symbol>
      <symbol id="sm-1da">
         <name>DL_Timer_setClockConfig</name>
         <value>0x3ca1</value>
         <object_component_ref idref="oc-141"/>
      </symbol>
      <symbol id="sm-1db">
         <name>DL_Timer_initCaptureCombinedMode</name>
         <value>0x2345</value>
         <object_component_ref idref="oc-142"/>
      </symbol>
      <symbol id="sm-1dc">
         <name>DL_Timer_getCaptureCompareValue</name>
         <value>0x3d95</value>
         <object_component_ref idref="oc-98"/>
      </symbol>
      <symbol id="sm-1ec">
         <name>DL_UART_init</name>
         <value>0x34d5</value>
         <object_component_ref idref="oc-14b"/>
      </symbol>
      <symbol id="sm-1ed">
         <name>DL_UART_setClockConfig</name>
         <value>0x3d71</value>
         <object_component_ref idref="oc-145"/>
      </symbol>
      <symbol id="sm-1ee">
         <name>DL_UART_transmitDataBlocking</name>
         <value>0x3c05</value>
         <object_component_ref idref="oc-1cb"/>
      </symbol>
      <symbol id="sm-1fc">
         <name>DL_SYSCTL_configSYSPLL</name>
         <value>0x2425</value>
         <object_component_ref idref="oc-139"/>
      </symbol>
      <symbol id="sm-1fd">
         <name>DL_SYSCTL_switchMCLKfromSYSOSCtoHSCLK</name>
         <value>0x3565</value>
         <object_component_ref idref="oc-13f"/>
      </symbol>
      <symbol id="sm-20e">
         <name>vsprintf</name>
         <value>0x3aa9</value>
         <object_component_ref idref="oc-1c5"/>
      </symbol>
      <symbol id="sm-219">
         <name>_c_int00_noargs</name>
         <value>0x3b4d</value>
         <object_component_ref idref="oc-6a"/>
      </symbol>
      <symbol id="sm-21a">
         <name>__stack</name>
         <value>0x20207e00</value>
         <object_component_ref idref="oc-1a"/>
      </symbol>
      <symbol id="sm-226">
         <name>__TI_auto_init_nobinit_nopinit</name>
         <value>0x389d</value>
         <object_component_ref idref="oc-ef"/>
      </symbol>
      <symbol id="sm-22e">
         <name>_system_pre_init</name>
         <value>0x3e41</value>
         <object_component_ref idref="oc-ae"/>
      </symbol>
      <symbol id="sm-239">
         <name>__TI_zero_init_nomemset</name>
         <value>0x3d1f</value>
         <object_component_ref idref="oc-61"/>
      </symbol>
      <symbol id="sm-242">
         <name>__TI_decompress_none</name>
         <value>0x3d83</value>
         <object_component_ref idref="oc-20"/>
      </symbol>
      <symbol id="sm-24d">
         <name>__TI_decompress_lzss</name>
         <value>0x2bad</value>
         <object_component_ref idref="oc-1c"/>
      </symbol>
      <symbol id="sm-296">
         <name>__TI_printfi</name>
         <value>0xc1</value>
         <object_component_ref idref="oc-206"/>
      </symbol>
      <symbol id="sm-2a0">
         <name>frexp</name>
         <value>0x3231</value>
         <object_component_ref idref="oc-250"/>
      </symbol>
      <symbol id="sm-2a1">
         <name>frexpl</name>
         <value>0x3231</value>
         <object_component_ref idref="oc-250"/>
      </symbol>
      <symbol id="sm-2ab">
         <name>scalbn</name>
         <value>0x2501</value>
         <object_component_ref idref="oc-254"/>
      </symbol>
      <symbol id="sm-2ac">
         <name>ldexp</name>
         <value>0x2501</value>
         <object_component_ref idref="oc-254"/>
      </symbol>
      <symbol id="sm-2ad">
         <name>scalbnl</name>
         <value>0x2501</value>
         <object_component_ref idref="oc-254"/>
      </symbol>
      <symbol id="sm-2ae">
         <name>ldexpl</name>
         <value>0x2501</value>
         <object_component_ref idref="oc-254"/>
      </symbol>
      <symbol id="sm-2b9">
         <name>__aeabi_errno_addr</name>
         <value>0x3e2d</value>
         <object_component_ref idref="oc-21d"/>
      </symbol>
      <symbol id="sm-2ba">
         <name>__aeabi_errno</name>
         <value>0x202001c0</value>
         <object_component_ref idref="oc-23e"/>
      </symbol>
      <symbol id="sm-2c4">
         <name>abort</name>
         <value>0x3e45</value>
         <object_component_ref idref="oc-e8"/>
      </symbol>
      <symbol id="sm-2c5">
         <name>C$$EXIT</name>
         <value>0x3e44</value>
         <object_component_ref idref="oc-e8"/>
      </symbol>
      <symbol id="sm-2cf">
         <name>__TI_ltoa</name>
         <value>0x328d</value>
         <object_component_ref idref="oc-258"/>
      </symbol>
      <symbol id="sm-2db">
         <name>atoi</name>
         <value>0x3731</value>
         <object_component_ref idref="oc-215"/>
      </symbol>
      <symbol id="sm-2e5">
         <name>memccpy</name>
         <value>0x3be1</value>
         <object_component_ref idref="oc-20e"/>
      </symbol>
      <symbol id="sm-2ef">
         <name>wcslen</name>
         <value>0x3db5</value>
         <object_component_ref idref="oc-219"/>
      </symbol>
      <symbol id="sm-2f5">
         <name>__aeabi_ctype_table_</name>
         <value>0x3e50</value>
         <object_component_ref idref="oc-237"/>
      </symbol>
      <symbol id="sm-2f6">
         <name>__aeabi_ctype_table_C</name>
         <value>0x3e50</value>
         <object_component_ref idref="oc-237"/>
      </symbol>
      <symbol id="sm-30e">
         <name>__aeabi_fadd</name>
         <value>0x25e3</value>
         <object_component_ref idref="oc-181"/>
      </symbol>
      <symbol id="sm-30f">
         <name>__addsf3</name>
         <value>0x25e3</value>
         <object_component_ref idref="oc-181"/>
      </symbol>
      <symbol id="sm-310">
         <name>__aeabi_fsub</name>
         <value>0x25d9</value>
         <object_component_ref idref="oc-181"/>
      </symbol>
      <symbol id="sm-311">
         <name>__subsf3</name>
         <value>0x25d9</value>
         <object_component_ref idref="oc-181"/>
      </symbol>
      <symbol id="sm-317">
         <name>__aeabi_dadd</name>
         <value>0x19eb</value>
         <object_component_ref idref="oc-194"/>
      </symbol>
      <symbol id="sm-318">
         <name>__adddf3</name>
         <value>0x19eb</value>
         <object_component_ref idref="oc-194"/>
      </symbol>
      <symbol id="sm-319">
         <name>__aeabi_dsub</name>
         <value>0x19e1</value>
         <object_component_ref idref="oc-194"/>
      </symbol>
      <symbol id="sm-31a">
         <name>__subdf3</name>
         <value>0x19e1</value>
         <object_component_ref idref="oc-194"/>
      </symbol>
      <symbol id="sm-323">
         <name>__aeabi_dmul</name>
         <value>0x2261</value>
         <object_component_ref idref="oc-190"/>
      </symbol>
      <symbol id="sm-324">
         <name>__muldf3</name>
         <value>0x2261</value>
         <object_component_ref idref="oc-190"/>
      </symbol>
      <symbol id="sm-32a">
         <name>__muldsi3</name>
         <value>0x3915</value>
         <object_component_ref idref="oc-1d6"/>
      </symbol>
      <symbol id="sm-330">
         <name>__aeabi_fmul</name>
         <value>0x2a9d</value>
         <object_component_ref idref="oc-17d"/>
      </symbol>
      <symbol id="sm-331">
         <name>__mulsf3</name>
         <value>0x2a9d</value>
         <object_component_ref idref="oc-17d"/>
      </symbol>
      <symbol id="sm-337">
         <name>__aeabi_fdiv</name>
         <value>0x2b29</value>
         <object_component_ref idref="oc-18c"/>
      </symbol>
      <symbol id="sm-338">
         <name>__divsf3</name>
         <value>0x2b29</value>
         <object_component_ref idref="oc-18c"/>
      </symbol>
      <symbol id="sm-33e">
         <name>__aeabi_ddiv</name>
         <value>0x206d</value>
         <object_component_ref idref="oc-1a8"/>
      </symbol>
      <symbol id="sm-33f">
         <name>__divdf3</name>
         <value>0x206d</value>
         <object_component_ref idref="oc-1a8"/>
      </symbol>
      <symbol id="sm-345">
         <name>__aeabi_f2d</name>
         <value>0x36f1</value>
         <object_component_ref idref="oc-166"/>
      </symbol>
      <symbol id="sm-346">
         <name>__extendsfdf2</name>
         <value>0x36f1</value>
         <object_component_ref idref="oc-166"/>
      </symbol>
      <symbol id="sm-34c">
         <name>__aeabi_d2iz</name>
         <value>0x3489</value>
         <object_component_ref idref="oc-198"/>
      </symbol>
      <symbol id="sm-34d">
         <name>__fixdfsi</name>
         <value>0x3489</value>
         <object_component_ref idref="oc-198"/>
      </symbol>
      <symbol id="sm-353">
         <name>__aeabi_f2iz</name>
         <value>0x3951</value>
         <object_component_ref idref="oc-207"/>
      </symbol>
      <symbol id="sm-354">
         <name>__fixsfsi</name>
         <value>0x3951</value>
         <object_component_ref idref="oc-207"/>
      </symbol>
      <symbol id="sm-35a">
         <name>__aeabi_f2uiz</name>
         <value>0x3989</value>
         <object_component_ref idref="oc-1f8"/>
      </symbol>
      <symbol id="sm-35b">
         <name>__fixunssfsi</name>
         <value>0x3989</value>
         <object_component_ref idref="oc-1f8"/>
      </symbol>
      <symbol id="sm-361">
         <name>__aeabi_i2d</name>
         <value>0x3a7d</value>
         <object_component_ref idref="oc-25c"/>
      </symbol>
      <symbol id="sm-362">
         <name>__floatsidf</name>
         <value>0x3a7d</value>
         <object_component_ref idref="oc-25c"/>
      </symbol>
      <symbol id="sm-368">
         <name>__aeabi_i2f</name>
         <value>0x3825</value>
         <object_component_ref idref="oc-179"/>
      </symbol>
      <symbol id="sm-369">
         <name>__floatsisf</name>
         <value>0x3825</value>
         <object_component_ref idref="oc-179"/>
      </symbol>
      <symbol id="sm-36f">
         <name>__aeabi_ui2d</name>
         <value>0x3b99</value>
         <object_component_ref idref="oc-1e4"/>
      </symbol>
      <symbol id="sm-370">
         <name>__floatunsidf</name>
         <value>0x3b99</value>
         <object_component_ref idref="oc-1e4"/>
      </symbol>
      <symbol id="sm-376">
         <name>__aeabi_ui2f</name>
         <value>0x3b25</value>
         <object_component_ref idref="oc-188"/>
      </symbol>
      <symbol id="sm-377">
         <name>__floatunsisf</name>
         <value>0x3b25</value>
         <object_component_ref idref="oc-188"/>
      </symbol>
      <symbol id="sm-37d">
         <name>__aeabi_lmul</name>
         <value>0x3bbd</value>
         <object_component_ref idref="oc-222"/>
      </symbol>
      <symbol id="sm-37e">
         <name>__muldi3</name>
         <value>0x3bbd</value>
         <object_component_ref idref="oc-222"/>
      </symbol>
      <symbol id="sm-385">
         <name>__aeabi_d2f</name>
         <value>0x2ca1</value>
         <object_component_ref idref="oc-1ac"/>
      </symbol>
      <symbol id="sm-386">
         <name>__truncdfsf2</name>
         <value>0x2ca1</value>
         <object_component_ref idref="oc-1ac"/>
      </symbol>
      <symbol id="sm-38c">
         <name>__aeabi_dcmpeq</name>
         <value>0x2fed</value>
         <object_component_ref idref="oc-22b"/>
      </symbol>
      <symbol id="sm-38d">
         <name>__aeabi_dcmplt</name>
         <value>0x3001</value>
         <object_component_ref idref="oc-22b"/>
      </symbol>
      <symbol id="sm-38e">
         <name>__aeabi_dcmple</name>
         <value>0x3015</value>
         <object_component_ref idref="oc-22b"/>
      </symbol>
      <symbol id="sm-38f">
         <name>__aeabi_dcmpge</name>
         <value>0x3029</value>
         <object_component_ref idref="oc-22b"/>
      </symbol>
      <symbol id="sm-390">
         <name>__aeabi_dcmpgt</name>
         <value>0x303d</value>
         <object_component_ref idref="oc-22b"/>
      </symbol>
      <symbol id="sm-396">
         <name>__aeabi_fcmpeq</name>
         <value>0x3051</value>
         <object_component_ref idref="oc-1a3"/>
      </symbol>
      <symbol id="sm-397">
         <name>__aeabi_fcmplt</name>
         <value>0x3065</value>
         <object_component_ref idref="oc-1a3"/>
      </symbol>
      <symbol id="sm-398">
         <name>__aeabi_fcmple</name>
         <value>0x3079</value>
         <object_component_ref idref="oc-1a3"/>
      </symbol>
      <symbol id="sm-399">
         <name>__aeabi_fcmpge</name>
         <value>0x308d</value>
         <object_component_ref idref="oc-1a3"/>
      </symbol>
      <symbol id="sm-39a">
         <name>__aeabi_fcmpgt</name>
         <value>0x30a1</value>
         <object_component_ref idref="oc-1a3"/>
      </symbol>
      <symbol id="sm-3a0">
         <name>__aeabi_idiv</name>
         <value>0x333d</value>
         <object_component_ref idref="oc-275"/>
      </symbol>
      <symbol id="sm-3a1">
         <name>__aeabi_idivmod</name>
         <value>0x333d</value>
         <object_component_ref idref="oc-275"/>
      </symbol>
      <symbol id="sm-3a7">
         <name>__aeabi_memcpy</name>
         <value>0x3e35</value>
         <object_component_ref idref="oc-5a"/>
      </symbol>
      <symbol id="sm-3a8">
         <name>__aeabi_memcpy4</name>
         <value>0x3e35</value>
         <object_component_ref idref="oc-5a"/>
      </symbol>
      <symbol id="sm-3a9">
         <name>__aeabi_memcpy8</name>
         <value>0x3e35</value>
         <object_component_ref idref="oc-5a"/>
      </symbol>
      <symbol id="sm-3b0">
         <name>__aeabi_memset</name>
         <value>0x3dc5</value>
         <object_component_ref idref="oc-20d"/>
      </symbol>
      <symbol id="sm-3b1">
         <name>__aeabi_memset4</name>
         <value>0x3dc5</value>
         <object_component_ref idref="oc-20d"/>
      </symbol>
      <symbol id="sm-3b2">
         <name>__aeabi_memset8</name>
         <value>0x3dc5</value>
         <object_component_ref idref="oc-20d"/>
      </symbol>
      <symbol id="sm-3b8">
         <name>__aeabi_uidiv</name>
         <value>0x36b1</value>
         <object_component_ref idref="oc-80"/>
      </symbol>
      <symbol id="sm-3b9">
         <name>__aeabi_uidivmod</name>
         <value>0x36b1</value>
         <object_component_ref idref="oc-80"/>
      </symbol>
      <symbol id="sm-3bf">
         <name>__aeabi_uldivmod</name>
         <value>0x3d35</value>
         <object_component_ref idref="oc-227"/>
      </symbol>
      <symbol id="sm-3c8">
         <name>__eqsf2</name>
         <value>0x38d9</value>
         <object_component_ref idref="oc-1e8"/>
      </symbol>
      <symbol id="sm-3c9">
         <name>__lesf2</name>
         <value>0x38d9</value>
         <object_component_ref idref="oc-1e8"/>
      </symbol>
      <symbol id="sm-3ca">
         <name>__ltsf2</name>
         <value>0x38d9</value>
         <object_component_ref idref="oc-1e8"/>
      </symbol>
      <symbol id="sm-3cb">
         <name>__nesf2</name>
         <value>0x38d9</value>
         <object_component_ref idref="oc-1e8"/>
      </symbol>
      <symbol id="sm-3cc">
         <name>__cmpsf2</name>
         <value>0x38d9</value>
         <object_component_ref idref="oc-1e8"/>
      </symbol>
      <symbol id="sm-3cd">
         <name>__gtsf2</name>
         <value>0x3861</value>
         <object_component_ref idref="oc-1ed"/>
      </symbol>
      <symbol id="sm-3ce">
         <name>__gesf2</name>
         <value>0x3861</value>
         <object_component_ref idref="oc-1ed"/>
      </symbol>
      <symbol id="sm-3d4">
         <name>__udivmoddi4</name>
         <value>0x28c1</value>
         <object_component_ref idref="oc-243"/>
      </symbol>
      <symbol id="sm-3da">
         <name>__aeabi_llsl</name>
         <value>0x3c65</value>
         <object_component_ref idref="oc-268"/>
      </symbol>
      <symbol id="sm-3db">
         <name>__ashldi3</name>
         <value>0x3c65</value>
         <object_component_ref idref="oc-268"/>
      </symbol>
      <symbol id="sm-3e9">
         <name>__ledf2</name>
         <value>0x2d85</value>
         <object_component_ref idref="oc-248"/>
      </symbol>
      <symbol id="sm-3ea">
         <name>__gedf2</name>
         <value>0x2d15</value>
         <object_component_ref idref="oc-24e"/>
      </symbol>
      <symbol id="sm-3eb">
         <name>__cmpdf2</name>
         <value>0x2d85</value>
         <object_component_ref idref="oc-248"/>
      </symbol>
      <symbol id="sm-3ec">
         <name>__eqdf2</name>
         <value>0x2d85</value>
         <object_component_ref idref="oc-248"/>
      </symbol>
      <symbol id="sm-3ed">
         <name>__ltdf2</name>
         <value>0x2d85</value>
         <object_component_ref idref="oc-248"/>
      </symbol>
      <symbol id="sm-3ee">
         <name>__nedf2</name>
         <value>0x2d85</value>
         <object_component_ref idref="oc-248"/>
      </symbol>
      <symbol id="sm-3ef">
         <name>__gtdf2</name>
         <value>0x2d15</value>
         <object_component_ref idref="oc-24e"/>
      </symbol>
      <symbol id="sm-3fb">
         <name>__aeabi_idiv0</name>
         <value>0x2963</value>
         <object_component_ref idref="oc-cc"/>
      </symbol>
      <symbol id="sm-3fc">
         <name>__aeabi_ldiv0</name>
         <value>0x2a9b</value>
         <object_component_ref idref="oc-267"/>
      </symbol>
      <symbol id="sm-416">
         <name>memcpy</name>
         <value>0x2a01</value>
         <object_component_ref idref="oc-d9"/>
      </symbol>
      <symbol id="sm-425">
         <name>memset</name>
         <value>0x30b3</value>
         <object_component_ref idref="oc-10a"/>
      </symbol>
      <symbol id="sm-426">
         <name>__TI_static_base__</name>
         <value>0x0</value>
      </symbol>
      <symbol id="sm-42a">
         <name>__mpu_init</name>
         <value>0x0</value>
      </symbol>
      <symbol id="sm-42b">
         <name>_system_post_cinit</name>
         <value>0x0</value>
      </symbol>
   </symbol_table>
   <title>Link successful</title>
</link_info>
