******************************************************************************
            TI ARM Clang Linker PC v4.0.3                      
******************************************************************************
>> Linked Wed Jul 16 16:33:13 2025

OUTPUT FILE NAME:   <2025_work2_test1_0 copy.out>
ENTRY POINT SYMBOL: "_c_int00_noargs"  address: 00003f99


MEMORY CONFIGURATION

         name            origin    length      used     unused   attr    fill
----------------------  --------  ---------  --------  --------  ----  --------
  FLASH                 00000000   00020000  00004618  0001b9e8  R  X
  SRAM                  20200000   00008000  000003e5  00007c1b  RW X
  BCR_CONFIG            41c00000   00000080  00000000  00000080  R   
  BSL_CONFIG            41c00100   00000080  00000000  00000080  R   


SEGMENT ALLOCATION MAP

run origin  load origin   length   init length attrs members
----------  ----------- ---------- ----------- ----- -------
00000000    00000000    00004618   00004618    r-x
  00000000    00000000    000000c0   000000c0    r-- .intvecs
  000000c0    000000c0    00004290   00004290    r-x .text
  00004350    00004350    00000280   00000280    r-- .rodata
  000045d0    000045d0    00000048   00000048    r-- .cinit
20200000    20200000    000001e7   00000000    rw-
  20200000    20200000    0000011a   00000000    rw- .bss
  2020011c    2020011c    000000cb   00000000    rw- .data
20207e00    20207e00    00000200   00000000    rw-
  20207e00    20207e00    00000200   00000000    rw- .stack


SECTION ALLOCATION MAP

 output                                  attributes/
section   page    origin      length       input sections
--------  ----  ----------  ----------   ----------------
.intvecs   0    00000000    000000c0     
                  00000000    000000c0     startup_mspm0g350x_ticlang.o (.intvecs)

.text      0    000000c0    00004290     
                  000000c0    000009d0     libc.a : _printfi.c.obj (.text:__TI_printfi)
                  00000a90    0000052c     AD9959.o (.text.AD9959_init)
                  00000fbc    00000390     AD9959.o (.text.AD9959_writeData)
                  0000134c    00000258     AD9959.o (.text.AD9959_writeDataSlow)
                  000015a4    00000220     libc.a : _printfi.c.obj (.text._pconv_a)
                  000017c4    000001dc            : _printfi.c.obj (.text._pconv_g)
                  000019a0    000001b4     UserTask.o (.text.get_length)
                  00001b54    00000198     UserADC.o (.text.UserADC1_TASK)
                  00001cec    00000192     libclang_rt.builtins.a : adddf3.S.obj (.text.adddf3_subdf3)
                  00001e7e    00000002     startup_mspm0g350x_ticlang.o (.text.Default_Handler)
                  00001e80    00000170     UserADC.o (.text.UserADC0_TASK)
                  00001ff0    0000013c     libc.a : _printfi.c.obj (.text.fcvt)
                  0000212c    00000120            : _printfi.c.obj (.text._pconv_e)
                  0000224c    0000010c     libclang_rt.builtins.a : divdf3.S.obj (.text.__divdf3)
                  00002358    000000ec     driverlib.a : dl_sysctl_mspm0g1x0x_g3x0x.o (.text.DL_SYSCTL_configSYSPLL)
                  00002444    000000e4     libclang_rt.builtins.a : muldf3.S.obj (.text.__muldf3)
                  00002528    000000dc     UI.o (.text.UI_taskShow)
                  00002604    000000d8     libc.a : s_scalbn.c.obj (.text.scalbn)
                  000026dc    000000d8     libclang_rt.builtins.a : addsf3.S.obj (.text)
                  000027b4    000000c4     UserTask.o (.text.get_load)
                  00002878    000000b0     driverlib.a : dl_timer.o (.text.DL_Timer_initCaptureCombinedMode)
                  00002928    000000a8     Tick.o (.text.SysTick_Handler)
                  000029d0    000000a4     UserADC.o (.text.ADC0_IRQHandler)
                  00002a74    000000a2     libclang_rt.builtins.a : udivmoddi4.S.obj (.text)
                  00002b16    00000002                            : aeabi_div0.c.obj (.text.__aeabi_idiv0)
                  00002b18    0000009c     ti_msp_dl_config.o (.text.SYSCFG_DL_GPIO_init)
                  00002bb4    0000009a     libc.a : memcpy16.S.obj (.text:memcpy)
                  00002c4e    00000002     libclang_rt.builtins.a : aeabi_div0.c.obj (.text.__aeabi_ldiv0)
                  00002c50    00000096     driverlib.a : dl_timer.o (.text.DL_Timer_getInChanConfig)
                  00002ce6    00000002     --HOLE-- [fill = 0]
                  00002ce8    0000008c     libclang_rt.builtins.a : mulsf3.S.obj (.text.__mulsf3)
                  00002d74    00000082                            : divsf3.S.obj (.text.__divsf3)
                  00002df6    00000002     --HOLE-- [fill = 0]
                  00002df8    0000007c     libc.a : copy_decompress_lzss.c.obj (.text:decompress:lzss)
                  00002e74    00000074     ti_msp_dl_config.o (.text.SYSCFG_DL_UART_2_init)
                  00002ee8    00000074     libclang_rt.builtins.a : comparedf2.c.obj (.text.__gedf2)
                  00002f5c    00000004     libsysbm.a : hostexit.c.obj (.text.HOSTexit)
                  00002f60    00000074     libclang_rt.builtins.a : truncdfsf2.S.obj (.text.__truncdfsf2)
                  00002fd4    00000068     GET_FREQ.o (.text.TIMG0_IRQHandler)
                  0000303c    00000068     libclang_rt.builtins.a : comparedf2.c.obj (.text.__ledf2)
                  000030a4    00000066     libc.a : _printfi.c.obj (.text._mcpy)
                  0000310a    00000002     --HOLE-- [fill = 0]
                  0000310c    00000064     UserADC.o (.text.ADC1_IRQHandler)
                  00003170    00000064     ti_msp_dl_config.o (.text.SYSCFG_DL_UART_0_init)
                  000031d4    00000064     UserUART.o (.text.UART2_printf)
                  00003238    00000062     libclang_rt.builtins.a : aeabi_dcmp.S.obj (.text.__aeabi_dcmp)
                  0000329a    00000002     --HOLE-- [fill = 0]
                  0000329c    00000062                            : aeabi_fcmp.S.obj (.text.__aeabi_fcmp)
                  000032fe    00000062     libc.a : memset16.S.obj (.text:memset)
                  00003360    00000060     ti_msp_dl_config.o (.text.SYSCFG_DL_ADC0_init)
                  000033c0    00000060     ti_msp_dl_config.o (.text.SYSCFG_DL_initPower)
                  00003420    0000005c     ti_msp_dl_config.o (.text.SYSCFG_DL_SYSCTL_init)
                  0000347c    0000005c     libc.a : s_frexp.c.obj (.text.frexp)
                  000034d8    00000058            : _ltoa.c.obj (.text.__TI_ltoa)
                  00003530    00000058            : _printfi.c.obj (.text._pconv_f)
                  00003588    00000056     libclang_rt.builtins.a : aeabi_idivmod.S.obj (.text.__aeabi_idivmod)
                  000035de    00000002     --HOLE-- [fill = 0]
                  000035e0    00000054     GET_FREQ.o (.text.GET_FREQ)
                  00003634    00000052     driverlib.a : dl_timer.o (.text.DL_Timer_getInChanPairConfig)
                  00003686    00000052     libc.a : _printfi.c.obj (.text._ecpy)
                  000036d8    0000004c     driverlib.a : dl_adc12.o (.text.DL_ADC12_setClockConfig)
                  00003724    0000004c                 : dl_sysctl_mspm0g1x0x_g3x0x.o (.text.DL_SYSCTL_switchMCLKfromSYSOSCtoHSCLK)
                  00003770    0000004c                 : dl_uart.o (.text.DL_UART_init)
                  000037bc    0000004c     UserADC.o (.text.UserADC_init)
                  00003808    0000004a     libclang_rt.builtins.a : fixdfsi.S.obj (.text.__fixdfsi)
                  00003852    00000002     --HOLE-- [fill = 0]
                  00003854    00000048     AD9959.o (.text.AD9959_setFreq)
                  0000389c    00000048     ti_msp_dl_config.o (.text.SYSCFG_DL_ADC1_init)
                  000038e4    00000044     UserTask.o (.text.UserTask_loop)
                  00003928    00000040     GET_FREQ.o (.text.GET_FREQ_Init)
                  00003968    00000040     libclang_rt.builtins.a : aeabi_uidivmod.S.obj (.text.__aeabi_uidivmod)
                  000039a8    00000040                            : extendsfdf2.S.obj (.text.__extendsfdf2)
                  000039e8    00000040     libc.a : atoi.c.obj (.text.atoi)
                  00003a28    0000003c     driverlib.a : dl_timer.o (.text.DL_Timer_setCaptureCompareCtl)
                  00003a64    0000003c     ti_msp_dl_config.o (.text.SYSCFG_DL_CAPTURE_0_init)
                  00003aa0    0000003c     UserUART.o (.text.UART0_IRQHandler)
                  00003adc    0000003c     UserUART.o (.text.UART2_IRQHandler)
                  00003b18    0000003c     libclang_rt.builtins.a : floatsisf.S.obj (.text.__floatsisf)
                  00003b54    0000003c                            : comparesf2.S.obj (.text.__gtsf2)
                  00003b90    0000003c     libc.a : autoinit.c.obj (.text:__TI_auto_init_nobinit_nopinit)
                  00003bcc    0000003a     libclang_rt.builtins.a : comparesf2.S.obj (.text.__eqsf2)
                  00003c06    00000002     --HOLE-- [fill = 0]
                  00003c08    0000003a                            : muldsi3.S.obj (.text.__muldsi3)
                  00003c42    00000002     --HOLE-- [fill = 0]
                  00003c44    00000038                            : fixsfsi.S.obj (.text.__fixsfsi)
                  00003c7c    00000034     driverlib.a : dl_timer.o (.text.DL_Timer_setCaptureCompareInput)
                  00003cb0    00000034                 : dl_timer.o (.text.DL_Timer_setClockConfig)
                  00003ce4    00000032     libclang_rt.builtins.a : fixunssfsi.S.obj (.text.__fixunssfsi)
                  00003d16    00000002     --HOLE-- [fill = 0]
                  00003d18    00000030     Encoder.o (.text.GROUP1_IRQHandler)
                  00003d48    00000030     ti_msp_dl_config.o (.text.SYSCFG_DL_SYSTICK_init)
                  00003d78    00000030     libc.a : _printfi.c.obj (.text._fcpy)
                  00003da8    0000002e     AD9959.o (.text.AD9959_setAmp)
                  00003dd6    00000002     --HOLE-- [fill = 0]
                  00003dd8    0000002c     libclang_rt.builtins.a : floatsidf.S.obj (.text.__floatsidf)
                  00003e04    0000002c     libc.a : vsprintf.c.obj (.text.vsprintf)
                  00003e30    00000028     driverlib.a : dl_adc12.o (.text.DL_Common_updateReg)
                  00003e58    00000028                 : dl_sysctl_mspm0g1x0x_g3x0x.o (.text.DL_Common_updateReg)
                  00003e80    00000028                 : dl_timer.o (.text.DL_Common_updateReg)
                  00003ea8    00000028                 : dl_uart.o (.text.DL_Common_updateReg)
                  00003ed0    00000028                 : dl_timer.o (.text.DL_Timer_getCaptureCompareValue)
                  00003ef8    00000028                 : dl_uart.o (.text.DL_UART_transmitDataBlocking)
                  00003f20    00000028     ti_msp_dl_config.o (.text.SYSCFG_DL_init)
                  00003f48    00000028     UserTask.o (.text.UserTask_init)
                  00003f70    00000028     libclang_rt.builtins.a : floatunsisf.S.obj (.text.__floatunsisf)
                  00003f98    00000028     libc.a : boot_cortex_m.c.obj (.text:_c_int00_noargs)
                  00003fc0    00000026     AD9959.o (.text.AD9959_setPhase)
                  00003fe6    00000002     --HOLE-- [fill = 0]
                  00003fe8    00000024     driverlib.a : dl_uart.o (.text.DL_UART_setClockConfig)
                  0000400c    00000024     libclang_rt.builtins.a : floatunsidf.S.obj (.text.__floatunsidf)
                  00004030    00000024                            : muldi3.S.obj (.text.__muldi3)
                  00004054    00000022     libc.a : memccpy.c.obj (.text.memccpy)
                  00004076    00000002     --HOLE-- [fill = 0]
                  00004078    00000020     driverlib.a : dl_sysctl_mspm0g1x0x_g3x0x.o (.text.DL_CORE_configInstruction)
                  00004098    00000020     Tick.o (.text.Tick_delay)
                  000040b8    0000001e     DDS.o (.text.DDS_singleTone)
                  000040d6    00000002     --HOLE-- [fill = 0]
                  000040d8    0000001e     libclang_rt.builtins.a : ashldi3.S.obj (.text.__ashldi3)
                  000040f6    00000002     --HOLE-- [fill = 0]
                  000040f8    0000001c     AD9959.o (.text.AD9959_IOUpdate)
                  00004114    0000001c     DDS.o (.text.initSweepParam)
                  00004130    00000018     driverlib.a : dl_sysctl_mspm0g1x0x_g3x0x.o (.text.DL_SYSCTL_setHSCLKSource)
                  00004148    00000018                 : dl_timer.o (.text.DL_Timer_setLoadValue)
                  00004160    00000018                 : dl_uart.o (.text.DL_UART_isTXFIFOFull)
                  00004178    00000018     UserUART.o (.text.UART2_init)
                  00004190    00000018     libc.a : vsprintf.c.obj (.text._outs)
                  000041a8    00000016     driverlib.a : dl_uart.o (.text.DL_UART_disable)
                  000041be    00000016                 : dl_uart.o (.text.DL_UART_transmitData)
                  000041d4    00000016     test1.0.o (.text.main)
                  000041ea    00000016     libc.a : copy_zero_init.c.obj (.text:decompress:ZI:__TI_zero_init_nomemset)
                  00004200    00000014     driverlib.a : dl_common.o (.text.DL_Common_delayCycles)
                  00004214    00000014                 : dl_sysctl_mspm0g1x0x_g3x0x.o (.text.DL_SYSCTL_disableSYSPLL)
                  00004228    00000014                 : dl_timer.o (.text.DL_Timer_setCCPDirection)
                  0000423c    00000014     libclang_rt.builtins.a : aeabi_uldivmod.S.obj (.text.__aeabi_uldivmod)
                  00004250    00000014     DDS.o (.text.initSingleToneParam)
                  00004264    00000014     libc.a : _printfi.c.obj (.text.strchr)
                  00004278    00000012            : copy_decompress_none.c.obj (.text:decompress:none)
                  0000428a    00000002     --HOLE-- [fill = 0]
                  0000428c    00000010     driverlib.a : dl_sysctl_mspm0g1x0x_g3x0x.o (.text.DL_CORE_getInstructionConfig)
                  0000429c    00000010     UI.o (.text.UI_init)
                  000042ac    00000010     libc.a : wcslen.c.obj (.text.wcslen)
                  000042bc    0000000e     libclang_rt.builtins.a : aeabi_memset.S.obj (.text.__aeabi_memset)
                  000042ca    0000000e     libc.a : _printfi.c.obj (.text.strlen)
                  000042d8    0000000c     driverlib.a : dl_sysctl_mspm0g1x0x_g3x0x.o (.text.DL_SYSCTL_getClockStatus)
                  000042e4    0000000c     Encoder.o (.text.ENC_init)
                  000042f0    0000000a     libc.a : _printfi.c.obj (.text.OUTLINED_FUNCTION_0)
                  000042fa    00000002     --HOLE-- [fill = 0]
                  000042fc    00000010     libclang_rt.builtins.a : adddf3.S.obj (.tramp.__aeabi_dsub.1)
                  0000430c    0000000a     libc.a : _printfi.c.obj (.text.OUTLINED_FUNCTION_1)
                  00004316    0000000a            : vsprintf.c.obj (.text._outc)
                  00004320    00000008     DDS.o (.text.DDS_init)
                  00004328    00000008     DDS.o (.text.DDS_update)
                  00004330    00000008     libc.a : aeabi_portable.c.obj (.text.__aeabi_errno_addr)
                  00004338    00000008     libclang_rt.builtins.a : aeabi_memcpy.S.obj (.text.__aeabi_memcpy)
                  00004340    00000006     libc.a : exit.c.obj (.text:abort)
                  00004346    00000004     startup_mspm0g350x_ticlang.o (.text.Reset_Handler)
                  0000434a    00000004     libc.a : pre_init.c.obj (.text._system_pre_init)
                  0000434e    00000002     --HOLE-- [fill = 0]

.cinit     0    000045d0    00000048     
                  000045d0    00000024     (.cinit..data.load) [load image, compression = lzss]
                  000045f4    0000000c     (__TI_handler_table)
                  00004600    00000008     (.cinit..bss.load) [load image, compression = zero_init]
                  00004608    00000010     (__TI_cinit_table)

.rodata    0    00004350    00000280     
                  00004350    00000101     libc.a : aeabi_ctype.S.obj (.rodata:__aeabi_ctype_table_)
                  00004451    00000003     ti_msp_dl_config.o (.rodata.gCAPTURE_0ClockConfig)
                  00004454    00000028     ti_msp_dl_config.o (.rodata.gSYSPLLConfig)
                  0000447c    0000001e     UI.o (.rodata.str1.16786090265250529400.1)
                  0000449a    0000001e     UI.o (.rodata.str1.6809779246588617636.1)
                  000044b8    00000018     UI.o (.rodata.str1.17860640831954755754.1)
                  000044d0    00000018     UI.o (.rodata.str1.305718316560022041.1)
                  000044e8    00000016     UI.o (.rodata.str1.4601403745734340453.1)
                  000044fe    00000016     UI.o (.rodata.str1.7482375933448357494.1)
                  00004514    00000014     UI.o (.rodata.str1.1007184049811795997.1)
                  00004528    00000014     UI.o (.rodata.str1.168890784950767363.1)
                  0000453c    00000011     libc.a : _printfi.c.obj (.rodata.str1.10348868589481759720.1)
                  0000454d    00000011            : _printfi.c.obj (.rodata.str1.15363888844622738466.1)
                  0000455e    00000002     ti_msp_dl_config.o (.rodata.gUART_0ClockConfig)
                  00004560    00000010     UserTask.o (.rodata.cst16)
                  00004570    00000010     ti_msp_dl_config.o (.rodata.gCAPTURE_0CaptureConfig)
                  00004580    0000000d     UI.o (.rodata.str1.14263818253972278985.1)
                  0000458d    0000000d     UI.o (.rodata.str1.15396916481306098269.1)
                  0000459a    0000000a     ti_msp_dl_config.o (.rodata.gUART_0Config)
                  000045a4    0000000a     ti_msp_dl_config.o (.rodata.gUART_2Config)
                  000045ae    00000002     ti_msp_dl_config.o (.rodata.gUART_2ClockConfig)
                  000045b0    00000008     ti_msp_dl_config.o (.rodata.gADC0ClockConfig)
                  000045b8    00000008     ti_msp_dl_config.o (.rodata.gADC1ClockConfig)
                  000045c0    00000005     UI.o (.rodata.str1.12562577744258481904.1)
                  000045c5    00000004     UI.o (.rodata.str1.4349108717920039285.1)
                  000045c9    00000004     UI.o (.rodata.str1.8694246129754233436.1)
                  000045cd    00000003     --HOLE-- [fill = 0]

.init_array 
*          0    00000000    00000000     UNINITIALIZED

.binit     0    00000000    00000000     

.bss       0    20200000    0000011a     UNINITIALIZED
                  20200000    00000100     UserUART.o (.bss.UART2_printf.buf)
                  20200100    00000004     GET_FREQ.o (.bss.gCaptureCnt)
                  20200104    00000004     GET_FREQ.o (.bss.gLoadValue)
                  20200108    00000004     UserADC.o (.bss.sum0)
                  2020010c    00000004     UserADC.o (.bss.sum1)
                  20200110    00000004     UserADC.o (.bss.sum2)
                  20200114    00000001     UserADC.o (.bss.ADC0DataValid)
                  20200115    00000001     UserADC.o (.bss.ADC1DataValid)
                  20200116    00000001     UserADC.o (.bss.bufIdx)
                  20200117    00000001     GET_FREQ.o (.bss.gCheckCaptures)
                  20200118    00000001     GET_FREQ.o (.bss.gSynced)
                  20200119    00000001     UserADC.o (.bss.sampleCnt)

.data      0    2020011c    000000cb     UNINITIALIZED
                  2020011c    00000040     UserUART.o (.data.RxData)
                  2020015c    00000014     UserADC.o (.data.ADC_recieve0)
                  20200170    00000014     UserADC.o (.data.ADC_recieve1)
                  20200184    00000010     DDS.o (.data.sweep)
                  20200194    0000000c     UI.o (.data.load_type_str)
                  202001a0    0000000a     BTN.o (.data.BTNTick)
                  202001aa    00000002     UserADC.o (.data.ADC_recieve2)
                  202001ac    00000008     DDS.o (.data.SingleTone)
                  202001b4    00000004     AD9959.o (.data.ACC_FRE_FACTOR)
                  202001b8    00000004     Encoder.o (.data.ENCVal)
                  202001bc    00000004     Tick.o (.data.Tick)
                  202001c0    00000004     libc.a : aeabi_portable.c.obj (.data.__aeabi_errno)
                  202001c4    00000004     UserADC.o (.data.central_freq)
                  202001c8    00000004     UserTask.o (.data.freq)
                  202001cc    00000004     UserADC.o (.data.load)
                  202001d0    00000003     AD9959.o (.data.FR1_DATA)
                  202001d3    00000001     Encoder.o (.data.ENCSWTick)
                  202001d4    00000002     UserTask.o (.data.SweepTick)
                  202001d6    00000002     UI.o (.data.UITick)
                  202001d8    00000002     UserADC.o (.data.indx0)
                  202001da    00000002     UserADC.o (.data.indx1)
                  202001dc    00000002     UserADC.o (.data.length0)
                  202001de    00000002     UserADC.o (.data.length1)
                  202001e0    00000001     UserUART.o (.data.RxPos)
                  202001e1    00000001     UI.o (.data.UIPage)
                  202001e2    00000001     UI.o (.data.UI_taskShow.lastPage)
                  202001e3    00000001     UserUART.o (.data.corrent_operating)
                  202001e4    00000001     UserTask.o (.data.loaded)
                  202001e5    00000001     UserUART.o (.data.received_data)
                  202001e6    00000001     UserTask.o (.data.sweep_number)

.stack     0    20207e00    00000200     UNINITIALIZED
                  20207e00    00000004     libc.a : boot_cortex_m.c.obj (.stack)
                  20207e04    000001fc     --HOLE--

__llvm_prf_cnts 
*          0    20200000    00000000     UNINITIALIZED

__llvm_prf_bits 
*          0    20200000    00000000     UNINITIALIZED

MODULE SUMMARY

       Module                         code    ro data   rw data
       ------                         ----    -------   -------
    .\
       startup_mspm0g350x_ticlang.o   6       192       0      
       test1.0.o                      22      0         0      
    +--+------------------------------+-------+---------+---------+
       Total:                         28      192       0      
                                                               
    .\User\
       AD9959.o                       3020    0         7      
       UserADC.o                      1116    0         74     
       UserTask.o                     740     16        8      
       UserUART.o                     244     0         323    
       UI.o                           236     231       16     
       GET_FREQ.o                     252     0         10     
       Tick.o                         200     0         4      
       DDS.o                          94      0         24     
       Encoder.o                      60      0         5      
       BTN.o                          0       0         10     
    +--+------------------------------+-------+---------+---------+
       Total:                         5962    247       481    
                                                               
    .\syscfg\
       ti_msp_dl_config.o             876     99        0      
    +--+------------------------------+-------+---------+---------+
       Total:                         876     99        0      
                                                               
    C:/ti/mspm0_sdk_2_01_00_03/source/ti/driverlib/lib/ticlang/m0p/mspm0g1x0x_g3x0x/driverlib.a
       dl_timer.o                     696     0         0      
       dl_sysctl_mspm0g1x0x_g3x0x.o   456     0         0      
       dl_uart.o                      260     0         0      
       dl_adc12.o                     116     0         0      
       dl_common.o                    20      0         0      
    +--+------------------------------+-------+---------+---------+
       Total:                         1548    0         0      
                                                               
    C:\ti\ccs2020\ccs\tools\compiler\ti-cgt-armllvm_4.0.3.LTS\lib\armv6m-ti-none-eabi/c/libc.a
       _printfi.c.obj                 4510    34        0      
       aeabi_ctype.S.obj              0       257       0      
       s_scalbn.c.obj                 216     0         0      
       memcpy16.S.obj                 154     0         0      
       copy_decompress_lzss.c.obj     124     0         0      
       memset16.S.obj                 98      0         0      
       s_frexp.c.obj                  92      0         0      
       _ltoa.c.obj                    88      0         0      
       vsprintf.c.obj                 78      0         0      
       atoi.c.obj                     64      0         0      
       autoinit.c.obj                 60      0         0      
       boot_cortex_m.c.obj            40      0         0      
       memccpy.c.obj                  34      0         0      
       copy_zero_init.c.obj           22      0         0      
       copy_decompress_none.c.obj     18      0         0      
       wcslen.c.obj                   16      0         0      
       aeabi_portable.c.obj           8       0         4      
       exit.c.obj                     6       0         0      
       pre_init.c.obj                 4       0         0      
    +--+------------------------------+-------+---------+---------+
       Total:                         5632    291       4      
                                                               
    C:\ti\ccs2020\ccs\tools\compiler\ti-cgt-armllvm_4.0.3.LTS\lib\armv6m-ti-none-eabi/c/libsysbm.a
       hostexit.c.obj                 4       0         0      
    +--+------------------------------+-------+---------+---------+
       Total:                         4       0         0      
                                                               
    C:\ti\ccs2020\ccs\tools\compiler\ti-cgt-armllvm_4.0.3.LTS\lib\armv6m-ti-none-eabi/libclang_rt.builtins.a
       adddf3.S.obj                   418     0         0      
       divdf3.S.obj                   268     0         0      
       muldf3.S.obj                   228     0         0      
       comparedf2.c.obj               220     0         0      
       addsf3.S.obj                   216     0         0      
       udivmoddi4.S.obj               162     0         0      
       mulsf3.S.obj                   140     0         0      
       divsf3.S.obj                   130     0         0      
       comparesf2.S.obj               118     0         0      
       truncdfsf2.S.obj               116     0         0      
       aeabi_dcmp.S.obj               98      0         0      
       aeabi_fcmp.S.obj               98      0         0      
       aeabi_idivmod.S.obj            86      0         0      
       fixdfsi.S.obj                  74      0         0      
       aeabi_uidivmod.S.obj           64      0         0      
       extendsfdf2.S.obj              64      0         0      
       floatsisf.S.obj                60      0         0      
       muldsi3.S.obj                  58      0         0      
       fixsfsi.S.obj                  56      0         0      
       fixunssfsi.S.obj               50      0         0      
       floatsidf.S.obj                44      0         0      
       floatunsisf.S.obj              40      0         0      
       floatunsidf.S.obj              36      0         0      
       muldi3.S.obj                   36      0         0      
       ashldi3.S.obj                  30      0         0      
       aeabi_uldivmod.S.obj           20      0         0      
       aeabi_memset.S.obj             14      0         0      
       aeabi_memcpy.S.obj             8       0         0      
       aeabi_div0.c.obj               4       0         0      
    +--+------------------------------+-------+---------+---------+
       Total:                         2956    0         0      
                                                               
       Stack:                         0       0         512    
       Linker Generated:              0       72        0      
    +--+------------------------------+-------+---------+---------+
       Grand Total:                   17006   901       997    


LINKER GENERATED COPY TABLES

__TI_cinit_table @ 00004608 records: 2, size/record: 8, table size: 16
	.data: load addr=000045d0, load size=00000024 bytes, run addr=2020011c, run size=000000cb bytes, compression=lzss
	.bss: load addr=00004600, load size=00000008 bytes, run addr=20200000, run size=0000011a bytes, compression=zero_init


LINKER GENERATED HANDLER TABLE

__TI_handler_table @ 000045f4 records: 3, size/record: 4, table size: 12
	index: 0, handler: __TI_decompress_lzss
	index: 1, handler: __TI_decompress_none
	index: 2, handler: __TI_zero_init


FAR CALL TRAMPOLINES

callee name               trampoline name
   callee addr  tramp addr   call addr  call info
--------------  -----------  ---------  ----------------
__aeabi_dsub              $Tramp$TT$L$PI$$__aeabi_dsub
   00001ced     000042fc     000042f8   libc.a : _printfi.c.obj (.text.OUTLINED_FUNCTION_0)

[1 trampolines]
[1 trampoline calls]


GLOBAL SYMBOLS: SORTED ALPHABETICALLY BY Name 

address   name                                 
-------   ----                                 
202001b4  ACC_FRE_FACTOR                       
000040f9  AD9959_IOUpdate                      
00000a91  AD9959_init                          
00003da9  AD9959_setAmp                        
00003855  AD9959_setFreq                       
00003fc1  AD9959_setPhase                      
00000fbd  AD9959_writeData                     
0000134d  AD9959_writeDataSlow                 
000029d1  ADC0_IRQHandler                      
0000310d  ADC1_IRQHandler                      
2020015c  ADC_recieve0                         
20200170  ADC_recieve1                         
202001aa  ADC_recieve2                         
00001e7f  AES_IRQHandler                       
202001a0  BTNTick                              
00002f5c  C$$EXIT                              
00001e7f  CANFD0_IRQHandler                    
00001e7f  DAC0_IRQHandler                      
00004321  DDS_init                             
000040b9  DDS_singleTone                       
00004329  DDS_update                           
000036d9  DL_ADC12_setClockConfig              
00004201  DL_Common_delayCycles                
00002359  DL_SYSCTL_configSYSPLL               
00003725  DL_SYSCTL_switchMCLKfromSYSOSCtoHSCLK
00003ed1  DL_Timer_getCaptureCompareValue      
00002879  DL_Timer_initCaptureCombinedMode     
00003a29  DL_Timer_setCaptureCompareCtl        
00003c7d  DL_Timer_setCaptureCompareInput      
00003cb1  DL_Timer_setClockConfig              
00003771  DL_UART_init                         
00003fe9  DL_UART_setClockConfig               
00003ef9  DL_UART_transmitDataBlocking         
00001e7f  DMA_IRQHandler                       
00001e7f  Default_Handler                      
202001d3  ENCSWTick                            
202001b8  ENCVal                               
000042e5  ENC_init                             
202001d0  FR1_DATA                             
000035e1  GET_FREQ                             
00003929  GET_FREQ_Init                        
00001e7f  GROUP0_IRQHandler                    
00003d19  GROUP1_IRQHandler                    
00002f5d  HOSTexit                             
00001e7f  HardFault_Handler                    
00001e7f  I2C0_IRQHandler                      
00001e7f  I2C1_IRQHandler                      
00001e7f  NMI_Handler                          
00001e7f  PendSV_Handler                       
00001e7f  RTC_IRQHandler                       
00004347  Reset_Handler                        
2020011c  RxData                               
202001e0  RxPos                                
00001e7f  SPI0_IRQHandler                      
00001e7f  SPI1_IRQHandler                      
00001e7f  SVC_Handler                          
00003361  SYSCFG_DL_ADC0_init                  
0000389d  SYSCFG_DL_ADC1_init                  
00003a65  SYSCFG_DL_CAPTURE_0_init             
00002b19  SYSCFG_DL_GPIO_init                  
00003421  SYSCFG_DL_SYSCTL_init                
00003d49  SYSCFG_DL_SYSTICK_init               
00003171  SYSCFG_DL_UART_0_init                
00002e75  SYSCFG_DL_UART_2_init                
00003f21  SYSCFG_DL_init                       
000033c1  SYSCFG_DL_initPower                  
202001ac  SingleTone                           
202001d4  SweepTick                            
00002929  SysTick_Handler                      
00001e7f  TIMA0_IRQHandler                     
00001e7f  TIMA1_IRQHandler                     
00002fd5  TIMG0_IRQHandler                     
00001e7f  TIMG12_IRQHandler                    
00001e7f  TIMG6_IRQHandler                     
00001e7f  TIMG7_IRQHandler                     
00001e7f  TIMG8_IRQHandler                     
202001bc  Tick                                 
00004099  Tick_delay                           
00003aa1  UART0_IRQHandler                     
00001e7f  UART1_IRQHandler                     
00003add  UART2_IRQHandler                     
00004179  UART2_init                           
000031d5  UART2_printf                         
00001e7f  UART3_IRQHandler                     
202001e1  UIPage                               
202001d6  UITick                               
0000429d  UI_init                              
00002529  UI_taskShow                          
00001e81  UserADC0_TASK                        
00001b55  UserADC1_TASK                        
000037bd  UserADC_init                         
00003f49  UserTask_init                        
000038e5  UserTask_loop                        
20208000  __STACK_END                          
00000200  __STACK_SIZE                         
00000000  __TI_ATRegion0_region_sz             
00000000  __TI_ATRegion0_src_addr              
00000000  __TI_ATRegion0_trg_addr              
00000000  __TI_ATRegion1_region_sz             
00000000  __TI_ATRegion1_src_addr              
00000000  __TI_ATRegion1_trg_addr              
00000000  __TI_ATRegion2_region_sz             
00000000  __TI_ATRegion2_src_addr              
00000000  __TI_ATRegion2_trg_addr              
00004608  __TI_CINIT_Base                      
00004618  __TI_CINIT_Limit                     
00004618  __TI_CINIT_Warm                      
000045f4  __TI_Handler_Table_Base              
00004600  __TI_Handler_Table_Limit             
00003b91  __TI_auto_init_nobinit_nopinit       
00002df9  __TI_decompress_lzss                 
00004279  __TI_decompress_none                 
000034d9  __TI_ltoa                            
ffffffff  __TI_pprof_out_hndl                  
000000c1  __TI_printfi                         
ffffffff  __TI_prof_data_size                  
ffffffff  __TI_prof_data_start                 
00000000  __TI_static_base__                   
000041eb  __TI_zero_init_nomemset              
00001cf7  __adddf3                             
000026e7  __addsf3                             
00004350  __aeabi_ctype_table_                 
00004350  __aeabi_ctype_table_C                
00002f61  __aeabi_d2f                          
00003809  __aeabi_d2iz                         
00001cf7  __aeabi_dadd                         
00003239  __aeabi_dcmpeq                       
00003275  __aeabi_dcmpge                       
00003289  __aeabi_dcmpgt                       
00003261  __aeabi_dcmple                       
0000324d  __aeabi_dcmplt                       
0000224d  __aeabi_ddiv                         
00002445  __aeabi_dmul                         
00001ced  __aeabi_dsub                         
202001c0  __aeabi_errno                        
00004331  __aeabi_errno_addr                   
000039a9  __aeabi_f2d                          
00003c45  __aeabi_f2iz                         
00003ce5  __aeabi_f2uiz                        
000026e7  __aeabi_fadd                         
0000329d  __aeabi_fcmpeq                       
000032d9  __aeabi_fcmpge                       
000032ed  __aeabi_fcmpgt                       
000032c5  __aeabi_fcmple                       
000032b1  __aeabi_fcmplt                       
00002d75  __aeabi_fdiv                         
00002ce9  __aeabi_fmul                         
000026dd  __aeabi_fsub                         
00003dd9  __aeabi_i2d                          
00003b19  __aeabi_i2f                          
00003589  __aeabi_idiv                         
00002b17  __aeabi_idiv0                        
00003589  __aeabi_idivmod                      
00002c4f  __aeabi_ldiv0                        
000040d9  __aeabi_llsl                         
00004031  __aeabi_lmul                         
00004339  __aeabi_memcpy                       
00004339  __aeabi_memcpy4                      
00004339  __aeabi_memcpy8                      
000042bd  __aeabi_memset                       
000042bd  __aeabi_memset4                      
000042bd  __aeabi_memset8                      
0000400d  __aeabi_ui2d                         
00003f71  __aeabi_ui2f                         
00003969  __aeabi_uidiv                        
00003969  __aeabi_uidivmod                     
0000423d  __aeabi_uldivmod                     
000040d9  __ashldi3                            
ffffffff  __binit__                            
0000303d  __cmpdf2                             
00003bcd  __cmpsf2                             
0000224d  __divdf3                             
00002d75  __divsf3                             
0000303d  __eqdf2                              
00003bcd  __eqsf2                              
000039a9  __extendsfdf2                        
00003809  __fixdfsi                            
00003c45  __fixsfsi                            
00003ce5  __fixunssfsi                         
00003dd9  __floatsidf                          
00003b19  __floatsisf                          
0000400d  __floatunsidf                        
00003f71  __floatunsisf                        
00002ee9  __gedf2                              
00003b55  __gesf2                              
00002ee9  __gtdf2                              
00003b55  __gtsf2                              
0000303d  __ledf2                              
00003bcd  __lesf2                              
0000303d  __ltdf2                              
00003bcd  __ltsf2                              
UNDEFED   __mpu_init                           
00002445  __muldf3                             
00004031  __muldi3                             
00003c09  __muldsi3                            
00002ce9  __mulsf3                             
0000303d  __nedf2                              
00003bcd  __nesf2                              
20207e00  __stack                              
20200000  __start___llvm_prf_bits              
20200000  __start___llvm_prf_cnts              
20200000  __stop___llvm_prf_bits               
20200000  __stop___llvm_prf_cnts               
00001ced  __subdf3                             
000026dd  __subsf3                             
00002f61  __truncdfsf2                         
00002a75  __udivmoddi4                         
00003f99  _c_int00_noargs                      
UNDEFED   _system_post_cinit                   
0000434b  _system_pre_init                     
00004341  abort                                
000039e9  atoi                                 
ffffffff  binit                                
202001c4  central_freq                         
202001e3  corrent_operating                    
202001c8  freq                                 
0000347d  frexp                                
0000347d  frexpl                               
000019a1  get_length                           
000027b5  get_load                             
202001d8  indx0                                
202001da  indx1                                
00004251  initSingleToneParam                  
00004115  initSweepParam                       
00000000  interruptVectors                     
00002605  ldexp                                
00002605  ldexpl                               
202001dc  length0                              
202001de  length1                              
202001cc  load                                 
20200194  load_type_str                        
202001e4  loaded                               
000041d5  main                                 
00004055  memccpy                              
00002bb5  memcpy                               
000032ff  memset                               
202001e5  received_data                        
00002605  scalbn                               
00002605  scalbnl                              
20200184  sweep                                
202001e6  sweep_number                         
00003e05  vsprintf                             
000042ad  wcslen                               


GLOBAL SYMBOLS: SORTED BY Symbol Address 

address   name                                 
-------   ----                                 
00000000  __TI_ATRegion0_region_sz             
00000000  __TI_ATRegion0_src_addr              
00000000  __TI_ATRegion0_trg_addr              
00000000  __TI_ATRegion1_region_sz             
00000000  __TI_ATRegion1_src_addr              
00000000  __TI_ATRegion1_trg_addr              
00000000  __TI_ATRegion2_region_sz             
00000000  __TI_ATRegion2_src_addr              
00000000  __TI_ATRegion2_trg_addr              
00000000  __TI_static_base__                   
00000000  interruptVectors                     
000000c1  __TI_printfi                         
00000200  __STACK_SIZE                         
00000a91  AD9959_init                          
00000fbd  AD9959_writeData                     
0000134d  AD9959_writeDataSlow                 
000019a1  get_length                           
00001b55  UserADC1_TASK                        
00001ced  __aeabi_dsub                         
00001ced  __subdf3                             
00001cf7  __adddf3                             
00001cf7  __aeabi_dadd                         
00001e7f  AES_IRQHandler                       
00001e7f  CANFD0_IRQHandler                    
00001e7f  DAC0_IRQHandler                      
00001e7f  DMA_IRQHandler                       
00001e7f  Default_Handler                      
00001e7f  GROUP0_IRQHandler                    
00001e7f  HardFault_Handler                    
00001e7f  I2C0_IRQHandler                      
00001e7f  I2C1_IRQHandler                      
00001e7f  NMI_Handler                          
00001e7f  PendSV_Handler                       
00001e7f  RTC_IRQHandler                       
00001e7f  SPI0_IRQHandler                      
00001e7f  SPI1_IRQHandler                      
00001e7f  SVC_Handler                          
00001e7f  TIMA0_IRQHandler                     
00001e7f  TIMA1_IRQHandler                     
00001e7f  TIMG12_IRQHandler                    
00001e7f  TIMG6_IRQHandler                     
00001e7f  TIMG7_IRQHandler                     
00001e7f  TIMG8_IRQHandler                     
00001e7f  UART1_IRQHandler                     
00001e7f  UART3_IRQHandler                     
00001e81  UserADC0_TASK                        
0000224d  __aeabi_ddiv                         
0000224d  __divdf3                             
00002359  DL_SYSCTL_configSYSPLL               
00002445  __aeabi_dmul                         
00002445  __muldf3                             
00002529  UI_taskShow                          
00002605  ldexp                                
00002605  ldexpl                               
00002605  scalbn                               
00002605  scalbnl                              
000026dd  __aeabi_fsub                         
000026dd  __subsf3                             
000026e7  __addsf3                             
000026e7  __aeabi_fadd                         
000027b5  get_load                             
00002879  DL_Timer_initCaptureCombinedMode     
00002929  SysTick_Handler                      
000029d1  ADC0_IRQHandler                      
00002a75  __udivmoddi4                         
00002b17  __aeabi_idiv0                        
00002b19  SYSCFG_DL_GPIO_init                  
00002bb5  memcpy                               
00002c4f  __aeabi_ldiv0                        
00002ce9  __aeabi_fmul                         
00002ce9  __mulsf3                             
00002d75  __aeabi_fdiv                         
00002d75  __divsf3                             
00002df9  __TI_decompress_lzss                 
00002e75  SYSCFG_DL_UART_2_init                
00002ee9  __gedf2                              
00002ee9  __gtdf2                              
00002f5c  C$$EXIT                              
00002f5d  HOSTexit                             
00002f61  __aeabi_d2f                          
00002f61  __truncdfsf2                         
00002fd5  TIMG0_IRQHandler                     
0000303d  __cmpdf2                             
0000303d  __eqdf2                              
0000303d  __ledf2                              
0000303d  __ltdf2                              
0000303d  __nedf2                              
0000310d  ADC1_IRQHandler                      
00003171  SYSCFG_DL_UART_0_init                
000031d5  UART2_printf                         
00003239  __aeabi_dcmpeq                       
0000324d  __aeabi_dcmplt                       
00003261  __aeabi_dcmple                       
00003275  __aeabi_dcmpge                       
00003289  __aeabi_dcmpgt                       
0000329d  __aeabi_fcmpeq                       
000032b1  __aeabi_fcmplt                       
000032c5  __aeabi_fcmple                       
000032d9  __aeabi_fcmpge                       
000032ed  __aeabi_fcmpgt                       
000032ff  memset                               
00003361  SYSCFG_DL_ADC0_init                  
000033c1  SYSCFG_DL_initPower                  
00003421  SYSCFG_DL_SYSCTL_init                
0000347d  frexp                                
0000347d  frexpl                               
000034d9  __TI_ltoa                            
00003589  __aeabi_idiv                         
00003589  __aeabi_idivmod                      
000035e1  GET_FREQ                             
000036d9  DL_ADC12_setClockConfig              
00003725  DL_SYSCTL_switchMCLKfromSYSOSCtoHSCLK
00003771  DL_UART_init                         
000037bd  UserADC_init                         
00003809  __aeabi_d2iz                         
00003809  __fixdfsi                            
00003855  AD9959_setFreq                       
0000389d  SYSCFG_DL_ADC1_init                  
000038e5  UserTask_loop                        
00003929  GET_FREQ_Init                        
00003969  __aeabi_uidiv                        
00003969  __aeabi_uidivmod                     
000039a9  __aeabi_f2d                          
000039a9  __extendsfdf2                        
000039e9  atoi                                 
00003a29  DL_Timer_setCaptureCompareCtl        
00003a65  SYSCFG_DL_CAPTURE_0_init             
00003aa1  UART0_IRQHandler                     
00003add  UART2_IRQHandler                     
00003b19  __aeabi_i2f                          
00003b19  __floatsisf                          
00003b55  __gesf2                              
00003b55  __gtsf2                              
00003b91  __TI_auto_init_nobinit_nopinit       
00003bcd  __cmpsf2                             
00003bcd  __eqsf2                              
00003bcd  __lesf2                              
00003bcd  __ltsf2                              
00003bcd  __nesf2                              
00003c09  __muldsi3                            
00003c45  __aeabi_f2iz                         
00003c45  __fixsfsi                            
00003c7d  DL_Timer_setCaptureCompareInput      
00003cb1  DL_Timer_setClockConfig              
00003ce5  __aeabi_f2uiz                        
00003ce5  __fixunssfsi                         
00003d19  GROUP1_IRQHandler                    
00003d49  SYSCFG_DL_SYSTICK_init               
00003da9  AD9959_setAmp                        
00003dd9  __aeabi_i2d                          
00003dd9  __floatsidf                          
00003e05  vsprintf                             
00003ed1  DL_Timer_getCaptureCompareValue      
00003ef9  DL_UART_transmitDataBlocking         
00003f21  SYSCFG_DL_init                       
00003f49  UserTask_init                        
00003f71  __aeabi_ui2f                         
00003f71  __floatunsisf                        
00003f99  _c_int00_noargs                      
00003fc1  AD9959_setPhase                      
00003fe9  DL_UART_setClockConfig               
0000400d  __aeabi_ui2d                         
0000400d  __floatunsidf                        
00004031  __aeabi_lmul                         
00004031  __muldi3                             
00004055  memccpy                              
00004099  Tick_delay                           
000040b9  DDS_singleTone                       
000040d9  __aeabi_llsl                         
000040d9  __ashldi3                            
000040f9  AD9959_IOUpdate                      
00004115  initSweepParam                       
00004179  UART2_init                           
000041d5  main                                 
000041eb  __TI_zero_init_nomemset              
00004201  DL_Common_delayCycles                
0000423d  __aeabi_uldivmod                     
00004251  initSingleToneParam                  
00004279  __TI_decompress_none                 
0000429d  UI_init                              
000042ad  wcslen                               
000042bd  __aeabi_memset                       
000042bd  __aeabi_memset4                      
000042bd  __aeabi_memset8                      
000042e5  ENC_init                             
00004321  DDS_init                             
00004329  DDS_update                           
00004331  __aeabi_errno_addr                   
00004339  __aeabi_memcpy                       
00004339  __aeabi_memcpy4                      
00004339  __aeabi_memcpy8                      
00004341  abort                                
00004347  Reset_Handler                        
0000434b  _system_pre_init                     
00004350  __aeabi_ctype_table_                 
00004350  __aeabi_ctype_table_C                
000045f4  __TI_Handler_Table_Base              
00004600  __TI_Handler_Table_Limit             
00004608  __TI_CINIT_Base                      
00004618  __TI_CINIT_Limit                     
00004618  __TI_CINIT_Warm                      
20200000  __start___llvm_prf_bits              
20200000  __start___llvm_prf_cnts              
20200000  __stop___llvm_prf_bits               
20200000  __stop___llvm_prf_cnts               
2020011c  RxData                               
2020015c  ADC_recieve0                         
20200170  ADC_recieve1                         
20200184  sweep                                
20200194  load_type_str                        
202001a0  BTNTick                              
202001aa  ADC_recieve2                         
202001ac  SingleTone                           
202001b4  ACC_FRE_FACTOR                       
202001b8  ENCVal                               
202001bc  Tick                                 
202001c0  __aeabi_errno                        
202001c4  central_freq                         
202001c8  freq                                 
202001cc  load                                 
202001d0  FR1_DATA                             
202001d3  ENCSWTick                            
202001d4  SweepTick                            
202001d6  UITick                               
202001d8  indx0                                
202001da  indx1                                
202001dc  length0                              
202001de  length1                              
202001e0  RxPos                                
202001e1  UIPage                               
202001e3  corrent_operating                    
202001e4  loaded                               
202001e5  received_data                        
202001e6  sweep_number                         
20207e00  __stack                              
20208000  __STACK_END                          
ffffffff  __TI_pprof_out_hndl                  
ffffffff  __TI_prof_data_size                  
ffffffff  __TI_prof_data_start                 
ffffffff  __binit__                            
ffffffff  binit                                
UNDEFED   __mpu_init                           
UNDEFED   _system_post_cinit                   

[243 symbols]
