******************************************************************************
            TI ARM Clang Linker PC v4.0.3                      
******************************************************************************
>> Linked Sun Jul 27 15:38:12 2025

OUTPUT FILE NAME:   <RFWBAmpCtrl_MSPM0G3507 copy 5.out>
ENTRY POINT SYMBOL: "_c_int00_noargs"  address: 00004b81


MEMORY CONFIGURATION

         name            origin    length      used     unused   attr    fill
----------------------  --------  ---------  --------  --------  ----  --------
  FLASH                 00000000   00020000  00005530  0001aad0  R  X
  SRAM                  20200000   00008000  0000271c  000058e4  RW X
  BCR_CONFIG            41c00000   00000080  00000000  00000080  R   
  BSL_CONFIG            41c00100   00000080  00000000  00000080  R   


SEGMENT ALLOCATION MAP

run origin  load origin   length   init length attrs members
----------  ----------- ---------- ----------- ----- -------
00000000    00000000    00005530   00005530    r-x
  00000000    00000000    000000c0   000000c0    r-- .intvecs
  000000c0    000000c0    00004f60   00004f60    r-x .text
  00005020    00005020    000004c0   000004c0    r-- .rodata
  000054e0    000054e0    00000050   00000050    r-- .cinit
20200000    20200000    0000251d   00000000    rw-
  20200000    20200000    000023bb   00000000    rw- .bss
  202023bc    202023bc    00000161   00000000    rw- .data
20207e00    20207e00    00000200   00000000    rw-
  20207e00    20207e00    00000200   00000000    rw- .stack


SECTION ALLOCATION MAP

 output                                  attributes/
section   page    origin      length       input sections
--------  ----  ----------  ----------   ----------------
.intvecs   0    00000000    000000c0     
                  00000000    000000c0     startup_mspm0g350x_ticlang.o (.intvecs)

.text      0    000000c0    00004f60     
                  000000c0    000009d0     libc.a : _printfi.c.obj (.text:__TI_printfi)
                  00000a90    00000694     UserTask.o (.text.UserTask_loop)
                  00001124    0000052c     AD9959.o (.text.AD9959_init)
                  00001650    000003b8     libc.a : strtod.c.obj (.text.strtod)
                  00001a08    00000360     AD9959.o (.text.AD9959_writeData)
                  00001d68    0000027c     AD9959.o (.text.AD9959_writeDataSlow)
                  00001fe4    00000220     libc.a : _printfi.c.obj (.text._pconv_a)
                  00002204    000001dc            : _printfi.c.obj (.text._pconv_g)
                  000023e0    00000192     libclang_rt.builtins.a : adddf3.S.obj (.text.adddf3_subdf3)
                  00002572    00000002     startup_mspm0g350x_ticlang.o (.text.Default_Handler)
                  00002574    0000017c     UserTask.o (.text.get_length)
                  000026f0    00000168     UserUART.o (.text.UART2_IRQHandler)
                  00002858    0000013c     libc.a : _printfi.c.obj (.text.fcvt)
                  00002994    00000120            : _printfi.c.obj (.text._pconv_e)
                  00002ab4    00000110     driverlib.a : dl_timer.o (.text.DL_Timer_initPWMMode)
                  00002bc4    0000010c     libclang_rt.builtins.a : divdf3.S.obj (.text.__divdf3)
                  00002cd0    00000108     UserADC.o (.text.UserTask_ADC1)
                  00002dd8    00000104     UserTask.o (.text.UserTask_init)
                  00002edc    00000100     driverlib.a : dl_timer.o (.text.DL_Timer_initTimerMode)
                  00002fdc    000000ec                 : dl_sysctl_mspm0g1x0x_g3x0x.o (.text.DL_SYSCTL_configSYSPLL)
                  000030c8    000000e4     libclang_rt.builtins.a : muldf3.S.obj (.text.__muldf3)
                  000031ac    000000d8     libc.a : s_scalbn.c.obj (.text.scalbn)
                  00003284    000000d8     libclang_rt.builtins.a : addsf3.S.obj (.text)
                  0000335c    000000cc     Tick.o (.text.SysTick_Handler)
                  00003428    000000b8     ti_msp_dl_config.o (.text.SYSCFG_DL_GPIO_init)
                  000034e0    000000a2     libclang_rt.builtins.a : udivmoddi4.S.obj (.text)
                  00003582    0000009a     libc.a : memcpy16.S.obj (.text:memcpy)
                  0000361c    00000094     DDS.o (.text.DDS_sweep)
                  000036b0    00000094     ti_msp_dl_config.o (.text.SYSCFG_DL_initPower)
                  00003744    0000008c     UserTask.o (.text.UserTask_ENC)
                  000037d0    0000008c     libclang_rt.builtins.a : mulsf3.S.obj (.text.__mulsf3)
                  0000385c    00000082                            : divsf3.S.obj (.text.__divsf3)
                  000038de    00000002                            : aeabi_div0.c.obj (.text.__aeabi_idiv0)
                  000038e0    00000080     ti_msp_dl_config.o (.text.SYSCFG_DL_PWM_LED_RG_init)
                  00003960    0000007c     libc.a : copy_decompress_lzss.c.obj (.text:decompress:lzss)
                  000039dc    00000078     UI.o (.text.UI_taskShow2)
                  00003a54    00000074     ti_msp_dl_config.o (.text.SYSCFG_DL_UART_2_init)
                  00003ac8    00000074     libclang_rt.builtins.a : comparedf2.c.obj (.text.__gedf2)
                  00003b3c    00000004     libsysbm.a : hostexit.c.obj (.text.HOSTexit)
                  00003b40    00000074     libclang_rt.builtins.a : truncdfsf2.S.obj (.text.__truncdfsf2)
                  00003bb4    0000006c     ti_msp_dl_config.o (.text.SYSCFG_DL_ADC1_init)
                  00003c20    0000006c     UI.o (.text.UI_taskShow1)
                  00003c8c    00000068     UserADC.o (.text.UserTask_ADC)
                  00003cf4    00000068     libclang_rt.builtins.a : comparedf2.c.obj (.text.__ledf2)
                  00003d5c    00000066     libc.a : _printfi.c.obj (.text._mcpy)
                  00003dc2    00000002     libclang_rt.builtins.a : aeabi_div0.c.obj (.text.__aeabi_ldiv0)
                  00003dc4    00000064     ti_msp_dl_config.o (.text.SYSCFG_DL_UART_0_init)
                  00003e28    00000064     UserUART.o (.text.UART2_printf)
                  00003e8c    00000062     libclang_rt.builtins.a : aeabi_dcmp.S.obj (.text.__aeabi_dcmp)
                  00003eee    00000002     --HOLE-- [fill = 0]
                  00003ef0    00000062                            : aeabi_fcmp.S.obj (.text.__aeabi_fcmp)
                  00003f52    00000062     libc.a : memset16.S.obj (.text:memset)
                  00003fb4    00000060     ti_msp_dl_config.o (.text.SYSCFG_DL_init)
                  00004014    0000005c     ti_msp_dl_config.o (.text.SYSCFG_DL_PWM_GAIN_init)
                  00004070    0000005c     ti_msp_dl_config.o (.text.SYSCFG_DL_PWM_LED_B_init)
                  000040cc    0000005c     ti_msp_dl_config.o (.text.SYSCFG_DL_SYSCTL_init)
                  00004128    0000005c     libc.a : s_frexp.c.obj (.text.frexp)
                  00004184    00000058            : _ltoa.c.obj (.text.__TI_ltoa)
                  000041dc    00000058            : _printfi.c.obj (.text._pconv_f)
                  00004234    00000056     libclang_rt.builtins.a : aeabi_idivmod.S.obj (.text.__aeabi_idivmod)
                  0000428a    00000052     libc.a : _printfi.c.obj (.text._ecpy)
                  000042dc    0000004c     driverlib.a : dl_adc12.o (.text.DL_ADC12_setClockConfig)
                  00004328    0000004c                 : dl_sysctl_mspm0g1x0x_g3x0x.o (.text.DL_SYSCTL_switchMCLKfromSYSOSCtoHSCLK)
                  00004374    0000004c                 : dl_uart.o (.text.DL_UART_init)
                  000043c0    0000004a     libclang_rt.builtins.a : fixdfsi.S.obj (.text.__fixdfsi)
                  0000440a    00000002     --HOLE-- [fill = 0]
                  0000440c    00000048     AD9959.o (.text.AD9959_setFreq)
                  00004454    00000040     driverlib.a : dl_timer.o (.text.DL_Timer_setCaptureCompareOutCtl)
                  00004494    00000040     ti_msp_dl_config.o (.text.SYSCFG_DL_ADC0_init)
                  000044d4    00000040     libclang_rt.builtins.a : aeabi_uidivmod.S.obj (.text.__aeabi_uidivmod)
                  00004514    00000040                            : extendsfdf2.S.obj (.text.__extendsfdf2)
                  00004554    00000040     libc.a : atoi.c.obj (.text.atoi)
                  00004594    0000003c     driverlib.a : dl_timer.o (.text.DL_Timer_setCaptureCompareCtl)
                  000045d0    0000003c     UserUART.o (.text.UART0_IRQHandler)
                  0000460c    0000003c     libclang_rt.builtins.a : floatsisf.S.obj (.text.__floatsisf)
                  00004648    0000003c                            : comparesf2.S.obj (.text.__gtsf2)
                  00004684    0000003c     libc.a : autoinit.c.obj (.text:__TI_auto_init_nobinit_nopinit)
                  000046c0    0000003a     libclang_rt.builtins.a : comparesf2.S.obj (.text.__eqsf2)
                  000046fa    00000002     --HOLE-- [fill = 0]
                  000046fc    0000003a                            : muldsi3.S.obj (.text.__muldsi3)
                  00004736    00000002     --HOLE-- [fill = 0]
                  00004738    00000038     ti_msp_dl_config.o (.text.SYSCFG_DL_TIMER_0_init)
                  00004770    00000038     ti_msp_dl_config.o (.text.SYSCFG_DL_TIMER_1_init)
                  000047a8    00000038     libclang_rt.builtins.a : fixsfsi.S.obj (.text.__fixsfsi)
                  000047e0    00000034     driverlib.a : dl_timer.o (.text.DL_Timer_setCaptCompUpdateMethod)
                  00004814    00000034                 : dl_timer.o (.text.DL_Timer_setCaptureCompareAction)
                  00004848    00000034                 : dl_timer.o (.text.DL_Timer_setCaptureCompareInput)
                  0000487c    00000034                 : dl_timer.o (.text.DL_Timer_setClockConfig)
                  000048b0    00000034     UserTask.o (.text.TIMA1_IRQHandler)
                  000048e4    00000034     UserTask.o (.text.length_measure_init)
                  00004918    00000032     libclang_rt.builtins.a : fixunssfsi.S.obj (.text.__fixunssfsi)
                  0000494a    00000002     --HOLE-- [fill = 0]
                  0000494c    00000030     Encoder.o (.text.GROUP1_IRQHandler)
                  0000497c    00000030     ti_msp_dl_config.o (.text.SYSCFG_DL_SYSTICK_init)
                  000049ac    00000030     libc.a : _printfi.c.obj (.text._fcpy)
                  000049dc    0000002e     AD9959.o (.text.AD9959_setAmp)
                  00004a0a    00000002     --HOLE-- [fill = 0]
                  00004a0c    0000002c     driverlib.a : dl_timer.o (.text.DL_Timer_setCaptureCompareValue)
                  00004a38    0000002c     libclang_rt.builtins.a : floatsidf.S.obj (.text.__floatsidf)
                  00004a64    0000002c     libc.a : vsprintf.c.obj (.text.vsprintf)
                  00004a90    00000028     driverlib.a : dl_adc12.o (.text.DL_Common_updateReg)
                  00004ab8    00000028                 : dl_sysctl_mspm0g1x0x_g3x0x.o (.text.DL_Common_updateReg)
                  00004ae0    00000028                 : dl_timer.o (.text.DL_Common_updateReg)
                  00004b08    00000028                 : dl_uart.o (.text.DL_Common_updateReg)
                  00004b30    00000028                 : dl_uart.o (.text.DL_UART_transmitDataBlocking)
                  00004b58    00000028     libclang_rt.builtins.a : floatunsisf.S.obj (.text.__floatunsisf)
                  00004b80    00000028     libc.a : boot_cortex_m.c.obj (.text:_c_int00_noargs)
                  00004ba8    00000026     AD9959.o (.text.AD9959_setPhase)
                  00004bce    00000024     DDS.o (.text.DDS_initSweep)
                  00004bf2    00000002     --HOLE-- [fill = 0]
                  00004bf4    00000024     driverlib.a : dl_uart.o (.text.DL_UART_setClockConfig)
                  00004c18    00000024     Encoder.o (.text.ENC_getSW)
                  00004c3c    00000024     UserADC.o (.text.UserADC_init)
                  00004c60    00000024     libclang_rt.builtins.a : muldi3.S.obj (.text.__muldi3)
                  00004c84    00000022     libc.a : memccpy.c.obj (.text.memccpy)
                  00004ca6    00000002     --HOLE-- [fill = 0]
                  00004ca8    00000020     AD9959.o (.text.AD9959_IOUpdate)
                  00004cc8    00000020     driverlib.a : dl_sysctl_mspm0g1x0x_g3x0x.o (.text.DL_CORE_configInstruction)
                  00004ce8    00000020                 : dl_timer.o (.text.DL_Timer_setCounterValueAfterEnable)
                  00004d08    00000020     Tick.o (.text.Tick_delay)
                  00004d28    00000020     UI.o (.text.UI_taskShow3)
                  00004d48    00000020     UI.o (.text.UI_taskShow4)
                  00004d68    0000001e     DDS.o (.text.DDS_singleTone)
                  00004d86    00000002     --HOLE-- [fill = 0]
                  00004d88    0000001e     libclang_rt.builtins.a : ashldi3.S.obj (.text.__ashldi3)
                  00004da6    00000002     --HOLE-- [fill = 0]
                  00004da8    0000001c     UserADC.o (.text.ADC0_IRQHandler)
                  00004dc4    0000001c     UserADC.o (.text.ADC1_IRQHandler)
                  00004de0    00000018     driverlib.a : dl_sysctl_mspm0g1x0x_g3x0x.o (.text.DL_SYSCTL_setHSCLKSource)
                  00004df8    00000018                 : dl_timer.o (.text.DL_Timer_setLoadValue)
                  00004e10    00000018                 : dl_uart.o (.text.DL_UART_isTXFIFOFull)
                  00004e28    00000018     UserTask.o (.text.TIMA0_IRQHandler)
                  00004e40    00000018     UserUART.o (.text.UART2_init)
                  00004e58    00000018     libc.a : vsprintf.c.obj (.text._outs)
                  00004e70    00000016     driverlib.a : dl_uart.o (.text.DL_UART_disable)
                  00004e86    00000016                 : dl_uart.o (.text.DL_UART_transmitData)
                  00004e9c    00000016     RFWBAmpCtrl_MSPM0G3507.o (.text.main)
                  00004eb2    00000014     driverlib.a : dl_common.o (.text.DL_Common_delayCycles)
                  00004ec6    00000002     --HOLE-- [fill = 0]
                  00004ec8    00000014                 : dl_sysctl_mspm0g1x0x_g3x0x.o (.text.DL_SYSCTL_disableSYSPLL)
                  00004edc    00000014     libclang_rt.builtins.a : aeabi_uldivmod.S.obj (.text.__aeabi_uldivmod)
                  00004ef0    00000014     libc.a : _printfi.c.obj (.text.strchr)
                  00004f04    00000012            : copy_decompress_none.c.obj (.text:decompress:none)
                  00004f16    00000002     --HOLE-- [fill = 0]
                  00004f18    00000010     driverlib.a : dl_sysctl_mspm0g1x0x_g3x0x.o (.text.DL_CORE_getInstructionConfig)
                  00004f28    00000010     Encoder.o (.text.ENC_getIncVal)
                  00004f38    00000010     libc.a : wcslen.c.obj (.text.wcslen)
                  00004f48    00000010            : copy_zero_init.c.obj (.text:decompress:ZI)
                  00004f58    0000000e     libclang_rt.builtins.a : aeabi_memset.S.obj (.text.__aeabi_memset)
                  00004f66    0000000e     libc.a : _printfi.c.obj (.text.strlen)
                  00004f74    0000000c     driverlib.a : dl_sysctl_mspm0g1x0x_g3x0x.o (.text.DL_SYSCTL_getClockStatus)
                  00004f80    0000000c     Encoder.o (.text.ENC_init)
                  00004f8c    0000000c     libclang_rt.builtins.a : aeabi_memset.S.obj (.text.__aeabi_memclr)
                  00004f98    0000000a     libc.a : _printfi.c.obj (.text.OUTLINED_FUNCTION_0)
                  00004fa2    00000002     --HOLE-- [fill = 0]
                  00004fa4    00000010     libclang_rt.builtins.a : adddf3.S.obj (.tramp.__aeabi_dsub.1)
                  00004fb4    0000000a     libc.a : _printfi.c.obj (.text.OUTLINED_FUNCTION_1)
                  00004fbe    0000000a            : vsprintf.c.obj (.text._outc)
                  00004fc8    00000008     DDS.o (.text.DDS_init)
                  00004fd0    00000008     DDS.o (.text.DDS_update)
                  00004fd8    00000008     libc.a : strtod.c.obj (.text.OUTLINED_FUNCTION_0)
                  00004fe0    00000008            : strtod.c.obj (.text.OUTLINED_FUNCTION_1)
                  00004fe8    00000010     libclang_rt.builtins.a : aeabi_dcmp.S.obj (.tramp.__aeabi_dcmpeq.1)
                  00004ff8    00000008     libc.a : aeabi_portable.c.obj (.text.__aeabi_errno_addr)
                  00005000    00000008     libclang_rt.builtins.a : aeabi_memcpy.S.obj (.text.__aeabi_memcpy)
                  00005008    00000006     libc.a : exit.c.obj (.text:abort)
                  0000500e    00000004     startup_mspm0g350x_ticlang.o (.text.Reset_Handler)
                  00005012    00000004     libc.a : pre_init.c.obj (.text._system_pre_init)
                  00005016    0000000a     --HOLE-- [fill = 0]

.cinit     0    000054e0    00000050     
                  000054e0    00000029     (.cinit..data.load) [load image, compression = lzss]
                  00005509    00000003     --HOLE-- [fill = 0]
                  0000550c    0000000c     (__TI_handler_table)
                  00005518    00000008     (.cinit..bss.load) [load image, compression = zero_init]
                  00005520    00000010     (__TI_cinit_table)

.rodata    0    00005020    000004c0     
                  00005020    00000101     libc.a : aeabi_ctype.S.obj (.rodata:__aeabi_ctype_table_)
                  00005121    00000003     ti_msp_dl_config.o (.rodata.gPWM_GAINClockConfig)
                  00005124    00000003     ti_msp_dl_config.o (.rodata.gPWM_LED_BClockConfig)
                  00005127    00000001     --HOLE-- [fill = 0]
                  00005128    00000080     libc.a : strtod.c.obj (.rodata.digits)
                  000051a8    00000048            : strtod.c.obj (.rodata.powerof10)
                  000051f0    00000028     ti_msp_dl_config.o (.rodata.gSYSPLLConfig)
                  00005218    00000019     UserTask.o (.rodata.str1.15275780387583481633.1)
                  00005231    00000018     UI.o (.rodata.str1.16786090265250529400.1)
                  00005249    00000017     UI.o (.rodata.str1.14263818253972278985.1)
                  00005260    00000017     UI.o (.rodata.str1.15396916481306098269.1)
                  00005277    00000017     UI.o (.rodata.str1.17860640831954755754.1)
                  0000528e    00000017     UI.o (.rodata.str1.305718316560022041.1)
                  000052a5    00000017     UI.o (.rodata.str1.4349108717920039285.1)
                  000052bc    00000017     UI.o (.rodata.str1.8694246129754233436.1)
                  000052d3    00000016     UI.o (.rodata.str1.1007184049811795997.1)
                  000052e9    00000016     UserTask.o (.rodata.str1.13876905621293279013.1)
                  000052ff    00000016     UserTask.o (.rodata.str1.1895285815313527698.1)
                  00005315    00000016     UserTask.o (.rodata.str1.4819172040255675766.1)
                  0000532b    00000016     UserTask.o (.rodata.str1.5123750069886064886.1)
                  00005341    00000016     UI.o (.rodata.str1.6809779246588617636.1)
                  00005357    00000016     UI.o (.rodata.str1.7482375933448357494.1)
                  0000536d    00000016     UserTask.o (.rodata.str1.909970235537247465.1)
                  00005383    00000015     UserTask.o (.rodata.str1.13803751183915423890.1)
                  00005398    00000015     UserTask.o (.rodata.str1.16256049551545125174.1)
                  000053ad    00000015     UserTask.o (.rodata.str1.3165539399245072825.1)
                  000053c2    00000015     UserTask.o (.rodata.str1.7822139254754781210.1)
                  000053d7    00000015     UserTask.o (.rodata.str1.8297352637668300405.1)
                  000053ec    00000015     UserTask.o (.rodata.str1.969850022886144888.1)
                  00005401    00000003     ti_msp_dl_config.o (.rodata.gPWM_LED_RGClockConfig)
                  00005404    00000014     ti_msp_dl_config.o (.rodata.gTIMER_0TimerConfig)
                  00005418    00000014     ti_msp_dl_config.o (.rodata.gTIMER_1TimerConfig)
                  0000542c    00000014     UserTask.o (.rodata.str1.2473078564876074620.1)
                  00005440    00000014     UserTask.o (.rodata.str1.7277659815355110659.1)
                  00005454    00000012     UserTask.o (.rodata.str1.12380682929610600086.1)
                  00005466    00000012     UserTask.o (.rodata.str1.18052651704520916746.1)
                  00005478    00000011     libc.a : _printfi.c.obj (.rodata.str1.10348868589481759720.1)
                  00005489    00000011            : _printfi.c.obj (.rodata.str1.15363888844622738466.1)
                  0000549a    0000000a     ti_msp_dl_config.o (.rodata.gUART_0Config)
                  000054a4    0000000a     ti_msp_dl_config.o (.rodata.gUART_2Config)
                  000054ae    00000002     ti_msp_dl_config.o (.rodata.gUART_0ClockConfig)
                  000054b0    00000008     ti_msp_dl_config.o (.rodata.gADC0ClockConfig)
                  000054b8    00000008     ti_msp_dl_config.o (.rodata.gADC1ClockConfig)
                  000054c0    00000008     ti_msp_dl_config.o (.rodata.gPWM_GAINConfig)
                  000054c8    00000008     ti_msp_dl_config.o (.rodata.gPWM_LED_BConfig)
                  000054d0    00000008     ti_msp_dl_config.o (.rodata.gPWM_LED_RGConfig)
                  000054d8    00000003     ti_msp_dl_config.o (.rodata.gTIMER_0ClockConfig)
                  000054db    00000003     ti_msp_dl_config.o (.rodata.gTIMER_1ClockConfig)
                  000054de    00000002     ti_msp_dl_config.o (.rodata.gUART_2ClockConfig)

.init_array 
*          0    00000000    00000000     UNINITIALIZED

.binit     0    00000000    00000000     

.bss       0    20200000    000023bb     UNINITIALIZED
                  20200000    00002000     (.common:amp_length)
                  20202000    00000100     UserUART.o (.bss.UART2_printf.buf)
                  20202100    000000bc     (.common:gTIMER_0Backup)
                  202021bc    000000bc     (.common:gTIMER_1Backup)
                  20202278    00000078     (.common:gPWM_GAINBackup)
                  202022f0    00000078     (.common:gPWM_LED_RGBackup)
                  20202368    00000041     (.common:num_str)
                  202023a9    00000001     (.common:gCheckADC)
                  202023aa    00000002     (.common:gAdcResult)
                  202023ac    00000004     (.common:Vol_temp)
                  202023b0    00000004     (.common:amp_measured)
                  202023b4    00000002     (.common:gAdcResult1)
                  202023b6    00000002     (.common:gAdcResult2)
                  202023b8    00000002     (.common:gAdcResult3)
                  202023ba    00000001     (.common:gCheckADC1)

.data      0    202023bc    00000161     UNINITIALIZED
                  202023bc    00000054     UserTask.o (.data.Sweep)
                  20202410    00000040     UserUART.o (.data.RxData)
                  20202450    00000020     UserTask.o (.data.SingleTone)
                  20202470    0000000a     BTN.o (.data.BTNTick)
                  2020247a    00000002     UserTask.o (.data.RGBLEDTick)
                  2020247c    00000004     AD9959.o (.data.ACC_FRE_FACTOR)
                  20202480    00000004     UserADC.o (.data.Cnt)
                  20202484    00000004     UserUART.o (.data.DDS_start)
                  20202488    00000004     Encoder.o (.data.ENCVal)
                  2020248c    00000004     UserTask.o (.data.SWFlag)
                  20202490    00000004     Tick.o (.data.Tick)
                  20202494    00000004     UserTask.o (.data.Volt1)
                  20202498    00000004     UserTask.o (.data.Volt2)
                  2020249c    00000004     libc.a : aeabi_portable.c.obj (.data.__aeabi_errno)
                  202024a0    00000004     UserUART.o (.data.data_of_test)
                  202024a4    00000004     DDS.o (.data.end_flag)
                  202024a8    00000004     UserTask.o (.data.flag)
                  202024ac    00000004     UserTask.o (.data.freq)
                  202024b0    00000004     UserUART.o (.data.freq_end)
                  202024b4    00000004     UserUART.o (.data.freq_start)
                  202024b8    00000004     UserUART.o (.data.freq_step)
                  202024bc    00000004     UserTask.o (.data.index_0)
                  202024c0    00000004     UserTask.o (.data.index_1)
                  202024c4    00000004     UserTask.o (.data.index_2)
                  202024c8    00000004     UserTask.o (.data.index_min)
                  202024cc    00000004     UserTask.o (.data.length)
                  202024d0    00000004     UserTask.o (.data.length_raw)
                  202024d4    00000004     UserTask.o (.data.n)
                  202024d8    00000004     UserUART.o (.data.order_flag)
                  202024dc    00000004     UserUART.o (.data.print_flag)
                  202024e0    00000004     UserADC.o (.data.sampleCnt1)
                  202024e4    00000004     UserADC.o (.data.sampleCnt)
                  202024e8    00000004     UserUART.o (.data.shift_flag)
                  202024ec    00000004     UserUART.o (.data.start_flag)
                  202024f0    00000004     UserADC.o (.data.sum1)
                  202024f4    00000004     UserADC.o (.data.sum)
                  202024f8    00000004     UserTask.o (.data.threshold)
                  202024fc    00000004     UserTask.o (.data.toggle_flag)
                  20202500    00000004     UserADC.o (.data.v1)
                  20202504    00000004     UserADC.o (.data.v2)
                  20202508    00000003     AD9959.o (.data.FR1_DATA)
                  2020250b    00000001     Encoder.o (.data.ENCSWTick)
                  2020250c    00000002     UserTask.o (.data.SweepTick)
                  2020250e    00000002     UserTask.o (.data.UARTTick)
                  20202510    00000002     UserTask.o (.data.UIInfoTick)
                  20202512    00000002     UserTask.o (.data.UITick)
                  20202514    00000002     UserTask.o (.data.amp0)
                  20202516    00000002     UserUART.o (.data.num_index)
                  20202518    00000002     UserTask.o (.data.phase_ctrl)
                  2020251a    00000001     UserUART.o (.data.RxPos)
                  2020251b    00000001     UserUART.o (.data.received_data)
                  2020251c    00000001     UserUART.o (.data.uart_flag)

.stack     0    20207e00    00000200     UNINITIALIZED
                  20207e00    00000004     libc.a : boot_cortex_m.c.obj (.stack)
                  20207e04    000001fc     --HOLE--

__llvm_prf_cnts 
*          0    20200000    00000000     UNINITIALIZED

__llvm_prf_bits 
*          0    20200000    00000000     UNINITIALIZED

MODULE SUMMARY

       Module                         code    ro data   rw data
       ------                         ----    -------   -------
    .\
       startup_mspm0g350x_ticlang.o   6       192       0      
       RFWBAmpCtrl_MSPM0G3507.o       22      0         0      
    +--+------------------------------+-------+---------+---------+
       Total:                         28      192       0      
                                                               
    .\User\
       UserADC.o                      460     0         8238   
       UserTask.o                     2592    337       186    
       AD9959.o                       3012    0         7      
       UserUART.o                     544     0         426    
       UI.o                           292     228       0      
       Tick.o                         236     0         4      
       DDS.o                          230     0         4      
       Encoder.o                      112     0         5      
       BTN.o                          0       0         10     
    +--+------------------------------+-------+---------+---------+
       Total:                         7478    565       8880   
                                                               
    .\syscfg\
       ti_msp_dl_config.o             1380    159       616    
    +--+------------------------------+-------+---------+---------+
       Total:                         1380    159       616    
                                                               
    C:/ti/mspm0_sdk_2_01_00_03/source/ti/driverlib/lib/ticlang/m0p/mspm0g1x0x_g3x0x/driverlib.a
       dl_timer.o                     1000    0         0      
       dl_sysctl_mspm0g1x0x_g3x0x.o   456     0         0      
       dl_uart.o                      260     0         0      
       dl_adc12.o                     116     0         0      
       dl_common.o                    20      0         0      
    +--+------------------------------+-------+---------+---------+
       Total:                         1852    0         0      
                                                               
    C:\ti\ccs2020\ccs\tools\compiler\ti-cgt-armllvm_4.0.3.LTS\lib\armv6m-ti-none-eabi/c/libc.a
       _printfi.c.obj                 4510    34        0      
       strtod.c.obj                   968     200       0      
       aeabi_ctype.S.obj              0       257       0      
       s_scalbn.c.obj                 216     0         0      
       memcpy16.S.obj                 154     0         0      
       copy_decompress_lzss.c.obj     124     0         0      
       memset16.S.obj                 98      0         0      
       s_frexp.c.obj                  92      0         0      
       _ltoa.c.obj                    88      0         0      
       vsprintf.c.obj                 78      0         0      
       atoi.c.obj                     64      0         0      
       autoinit.c.obj                 60      0         0      
       boot_cortex_m.c.obj            40      0         0      
       memccpy.c.obj                  34      0         0      
       copy_decompress_none.c.obj     18      0         0      
       copy_zero_init.c.obj           16      0         0      
       wcslen.c.obj                   16      0         0      
       aeabi_portable.c.obj           8       0         4      
       exit.c.obj                     6       0         0      
       pre_init.c.obj                 4       0         0      
    +--+------------------------------+-------+---------+---------+
       Total:                         6594    491       4      
                                                               
    C:\ti\ccs2020\ccs\tools\compiler\ti-cgt-armllvm_4.0.3.LTS\lib\armv6m-ti-none-eabi/c/libsysbm.a
       hostexit.c.obj                 4       0         0      
    +--+------------------------------+-------+---------+---------+
       Total:                         4       0         0      
                                                               
    C:\ti\ccs2020\ccs\tools\compiler\ti-cgt-armllvm_4.0.3.LTS\lib\armv6m-ti-none-eabi/libclang_rt.builtins.a
       adddf3.S.obj                   418     0         0      
       divdf3.S.obj                   268     0         0      
       muldf3.S.obj                   228     0         0      
       comparedf2.c.obj               220     0         0      
       addsf3.S.obj                   216     0         0      
       udivmoddi4.S.obj               162     0         0      
       mulsf3.S.obj                   140     0         0      
       divsf3.S.obj                   130     0         0      
       comparesf2.S.obj               118     0         0      
       truncdfsf2.S.obj               116     0         0      
       aeabi_dcmp.S.obj               114     0         0      
       aeabi_fcmp.S.obj               98      0         0      
       aeabi_idivmod.S.obj            86      0         0      
       fixdfsi.S.obj                  74      0         0      
       aeabi_uidivmod.S.obj           64      0         0      
       extendsfdf2.S.obj              64      0         0      
       floatsisf.S.obj                60      0         0      
       muldsi3.S.obj                  58      0         0      
       fixsfsi.S.obj                  56      0         0      
       fixunssfsi.S.obj               50      0         0      
       floatsidf.S.obj                44      0         0      
       floatunsisf.S.obj              40      0         0      
       muldi3.S.obj                   36      0         0      
       ashldi3.S.obj                  30      0         0      
       aeabi_memset.S.obj             26      0         0      
       aeabi_uldivmod.S.obj           20      0         0      
       aeabi_memcpy.S.obj             8       0         0      
       aeabi_div0.c.obj               4       0         0      
    +--+------------------------------+-------+---------+---------+
       Total:                         2948    0         0      
                                                               
       Stack:                         0       0         512    
       Linker Generated:              0       77        0      
    +--+------------------------------+-------+---------+---------+
       Grand Total:                   20284   1484      10012  


LINKER GENERATED COPY TABLES

__TI_cinit_table @ 00005520 records: 2, size/record: 8, table size: 16
	.data: load addr=000054e0, load size=00000029 bytes, run addr=202023bc, run size=00000161 bytes, compression=lzss
	.bss: load addr=00005518, load size=00000008 bytes, run addr=20200000, run size=000023bb bytes, compression=zero_init


LINKER GENERATED HANDLER TABLE

__TI_handler_table @ 0000550c records: 3, size/record: 4, table size: 12
	index: 0, handler: __TI_decompress_lzss
	index: 1, handler: __TI_decompress_none
	index: 2, handler: __TI_zero_init


FAR CALL TRAMPOLINES

callee name               trampoline name
   callee addr  tramp addr   call addr  call info
--------------  -----------  ---------  ----------------
__aeabi_dsub              $Tramp$TT$L$PI$$__aeabi_dsub
   000023e1     00004fa4     00004fa0   libc.a : _printfi.c.obj (.text.OUTLINED_FUNCTION_0)
__aeabi_dcmpeq            $Tramp$TT$L$PI$$__aeabi_dcmpeq
   00003e8d     00004fe8     00004fe6   libc.a : strtod.c.obj (.text.OUTLINED_FUNCTION_1)

[2 trampolines]
[2 trampoline calls]


GLOBAL SYMBOLS: SORTED ALPHABETICALLY BY Name 

address   name                                 
-------   ----                                 
2020247c  ACC_FRE_FACTOR                       
00004ca9  AD9959_IOUpdate                      
00001125  AD9959_init                          
000049dd  AD9959_setAmp                        
0000440d  AD9959_setFreq                       
00004ba9  AD9959_setPhase                      
00001a09  AD9959_writeData                     
00001d69  AD9959_writeDataSlow                 
00004da9  ADC0_IRQHandler                      
00004dc5  ADC1_IRQHandler                      
00002573  AES_IRQHandler                       
20202470  BTNTick                              
00003b3c  C$$EXIT                              
00002573  CANFD0_IRQHandler                    
20202480  Cnt                                  
00002573  DAC0_IRQHandler                      
00004fc9  DDS_init                             
00004bcf  DDS_initSweep                        
00004d69  DDS_singleTone                       
20202484  DDS_start                            
0000361d  DDS_sweep                            
00004fd1  DDS_update                           
000042dd  DL_ADC12_setClockConfig              
00004eb3  DL_Common_delayCycles                
00002fdd  DL_SYSCTL_configSYSPLL               
00004329  DL_SYSCTL_switchMCLKfromSYSOSCtoHSCLK
00002ab5  DL_Timer_initPWMMode                 
00002edd  DL_Timer_initTimerMode               
000047e1  DL_Timer_setCaptCompUpdateMethod     
00004815  DL_Timer_setCaptureCompareAction     
00004595  DL_Timer_setCaptureCompareCtl        
00004849  DL_Timer_setCaptureCompareInput      
00004455  DL_Timer_setCaptureCompareOutCtl     
00004a0d  DL_Timer_setCaptureCompareValue      
0000487d  DL_Timer_setClockConfig              
00004375  DL_UART_init                         
00004bf5  DL_UART_setClockConfig               
00004b31  DL_UART_transmitDataBlocking         
00002573  DMA_IRQHandler                       
00002573  Default_Handler                      
2020250b  ENCSWTick                            
20202488  ENCVal                               
00004f29  ENC_getIncVal                        
00004c19  ENC_getSW                            
00004f81  ENC_init                             
20202508  FR1_DATA                             
00002573  GROUP0_IRQHandler                    
0000494d  GROUP1_IRQHandler                    
00003b3d  HOSTexit                             
00002573  HardFault_Handler                    
00002573  I2C0_IRQHandler                      
00002573  I2C1_IRQHandler                      
00002573  NMI_Handler                          
00002573  PendSV_Handler                       
2020247a  RGBLEDTick                           
00002573  RTC_IRQHandler                       
0000500f  Reset_Handler                        
20202410  RxData                               
2020251a  RxPos                                
00002573  SPI0_IRQHandler                      
00002573  SPI1_IRQHandler                      
00002573  SVC_Handler                          
2020248c  SWFlag                               
00004495  SYSCFG_DL_ADC0_init                  
00003bb5  SYSCFG_DL_ADC1_init                  
00003429  SYSCFG_DL_GPIO_init                  
00004015  SYSCFG_DL_PWM_GAIN_init              
00004071  SYSCFG_DL_PWM_LED_B_init             
000038e1  SYSCFG_DL_PWM_LED_RG_init            
000040cd  SYSCFG_DL_SYSCTL_init                
0000497d  SYSCFG_DL_SYSTICK_init               
00004739  SYSCFG_DL_TIMER_0_init               
00004771  SYSCFG_DL_TIMER_1_init               
00003dc5  SYSCFG_DL_UART_0_init                
00003a55  SYSCFG_DL_UART_2_init                
00003fb5  SYSCFG_DL_init                       
000036b1  SYSCFG_DL_initPower                  
20202450  SingleTone                           
202023bc  Sweep                                
2020250c  SweepTick                            
0000335d  SysTick_Handler                      
00004e29  TIMA0_IRQHandler                     
000048b1  TIMA1_IRQHandler                     
00002573  TIMG0_IRQHandler                     
00002573  TIMG12_IRQHandler                    
00002573  TIMG6_IRQHandler                     
00002573  TIMG7_IRQHandler                     
00002573  TIMG8_IRQHandler                     
20202490  Tick                                 
00004d09  Tick_delay                           
000045d1  UART0_IRQHandler                     
00002573  UART1_IRQHandler                     
000026f1  UART2_IRQHandler                     
00004e41  UART2_init                           
00003e29  UART2_printf                         
00002573  UART3_IRQHandler                     
2020250e  UARTTick                             
20202510  UIInfoTick                           
20202512  UITick                               
00003c21  UI_taskShow1                         
000039dd  UI_taskShow2                         
00004d29  UI_taskShow3                         
00004d49  UI_taskShow4                         
00004c3d  UserADC_init                         
00003c8d  UserTask_ADC                         
00002cd1  UserTask_ADC1                        
00003745  UserTask_ENC                         
00002dd9  UserTask_init                        
00000a91  UserTask_loop                        
202023ac  Vol_temp                             
20202494  Volt1                                
20202498  Volt2                                
20208000  __STACK_END                          
00000200  __STACK_SIZE                         
00000000  __TI_ATRegion0_region_sz             
00000000  __TI_ATRegion0_src_addr              
00000000  __TI_ATRegion0_trg_addr              
00000000  __TI_ATRegion1_region_sz             
00000000  __TI_ATRegion1_src_addr              
00000000  __TI_ATRegion1_trg_addr              
00000000  __TI_ATRegion2_region_sz             
00000000  __TI_ATRegion2_src_addr              
00000000  __TI_ATRegion2_trg_addr              
00005520  __TI_CINIT_Base                      
00005530  __TI_CINIT_Limit                     
00005530  __TI_CINIT_Warm                      
0000550c  __TI_Handler_Table_Base              
00005518  __TI_Handler_Table_Limit             
00004685  __TI_auto_init_nobinit_nopinit       
00003961  __TI_decompress_lzss                 
00004f05  __TI_decompress_none                 
00004185  __TI_ltoa                            
ffffffff  __TI_pprof_out_hndl                  
000000c1  __TI_printfi                         
ffffffff  __TI_prof_data_size                  
ffffffff  __TI_prof_data_start                 
00000000  __TI_static_base__                   
00004f49  __TI_zero_init                       
000023eb  __adddf3                             
0000328f  __addsf3                             
00005020  __aeabi_ctype_table_                 
00005020  __aeabi_ctype_table_C                
00003b41  __aeabi_d2f                          
000043c1  __aeabi_d2iz                         
000023eb  __aeabi_dadd                         
00003e8d  __aeabi_dcmpeq                       
00003ec9  __aeabi_dcmpge                       
00003edd  __aeabi_dcmpgt                       
00003eb5  __aeabi_dcmple                       
00003ea1  __aeabi_dcmplt                       
00002bc5  __aeabi_ddiv                         
000030c9  __aeabi_dmul                         
000023e1  __aeabi_dsub                         
2020249c  __aeabi_errno                        
00004ff9  __aeabi_errno_addr                   
00004515  __aeabi_f2d                          
000047a9  __aeabi_f2iz                         
00004919  __aeabi_f2uiz                        
0000328f  __aeabi_fadd                         
00003ef1  __aeabi_fcmpeq                       
00003f2d  __aeabi_fcmpge                       
00003f41  __aeabi_fcmpgt                       
00003f19  __aeabi_fcmple                       
00003f05  __aeabi_fcmplt                       
0000385d  __aeabi_fdiv                         
000037d1  __aeabi_fmul                         
00003285  __aeabi_fsub                         
00004a39  __aeabi_i2d                          
0000460d  __aeabi_i2f                          
00004235  __aeabi_idiv                         
000038df  __aeabi_idiv0                        
00004235  __aeabi_idivmod                      
00003dc3  __aeabi_ldiv0                        
00004d89  __aeabi_llsl                         
00004c61  __aeabi_lmul                         
00004f8d  __aeabi_memclr                       
00004f8d  __aeabi_memclr4                      
00004f8d  __aeabi_memclr8                      
00005001  __aeabi_memcpy                       
00005001  __aeabi_memcpy4                      
00005001  __aeabi_memcpy8                      
00004f59  __aeabi_memset                       
00004f59  __aeabi_memset4                      
00004f59  __aeabi_memset8                      
00004b59  __aeabi_ui2f                         
000044d5  __aeabi_uidiv                        
000044d5  __aeabi_uidivmod                     
00004edd  __aeabi_uldivmod                     
00004d89  __ashldi3                            
ffffffff  __binit__                            
00003cf5  __cmpdf2                             
000046c1  __cmpsf2                             
00002bc5  __divdf3                             
0000385d  __divsf3                             
00003cf5  __eqdf2                              
000046c1  __eqsf2                              
00004515  __extendsfdf2                        
000043c1  __fixdfsi                            
000047a9  __fixsfsi                            
00004919  __fixunssfsi                         
00004a39  __floatsidf                          
0000460d  __floatsisf                          
00004b59  __floatunsisf                        
00003ac9  __gedf2                              
00004649  __gesf2                              
00003ac9  __gtdf2                              
00004649  __gtsf2                              
00003cf5  __ledf2                              
000046c1  __lesf2                              
00003cf5  __ltdf2                              
000046c1  __ltsf2                              
UNDEFED   __mpu_init                           
000030c9  __muldf3                             
00004c61  __muldi3                             
000046fd  __muldsi3                            
000037d1  __mulsf3                             
00003cf5  __nedf2                              
000046c1  __nesf2                              
20207e00  __stack                              
20200000  __start___llvm_prf_bits              
20200000  __start___llvm_prf_cnts              
20200000  __stop___llvm_prf_bits               
20200000  __stop___llvm_prf_cnts               
000023e1  __subdf3                             
00003285  __subsf3                             
00003b41  __truncdfsf2                         
000034e1  __udivmoddi4                         
00004b81  _c_int00_noargs                      
UNDEFED   _system_post_cinit                   
00005013  _system_pre_init                     
00005009  abort                                
20202514  amp0                                 
20200000  amp_length                           
202023b0  amp_measured                         
00004555  atoi                                 
ffffffff  binit                                
202024a0  data_of_test                         
202024a4  end_flag                             
202024a8  flag                                 
202024ac  freq                                 
202024b0  freq_end                             
202024b4  freq_start                           
202024b8  freq_step                            
00004129  frexp                                
00004129  frexpl                               
202023aa  gAdcResult                           
202023b4  gAdcResult1                          
202023b6  gAdcResult2                          
202023b8  gAdcResult3                          
202023a9  gCheckADC                            
202023ba  gCheckADC1                           
20202278  gPWM_GAINBackup                      
202022f0  gPWM_LED_RGBackup                    
20202100  gTIMER_0Backup                       
202021bc  gTIMER_1Backup                       
00002575  get_length                           
202024bc  index_0                              
202024c0  index_1                              
202024c4  index_2                              
202024c8  index_min                            
00000000  interruptVectors                     
000031ad  ldexp                                
000031ad  ldexpl                               
202024cc  length                               
000048e5  length_measure_init                  
202024d0  length_raw                           
00004e9d  main                                 
00004c85  memccpy                              
00003583  memcpy                               
00003f53  memset                               
202024d4  n                                    
20202516  num_index                            
20202368  num_str                              
202024d8  order_flag                           
20202518  phase_ctrl                           
202024dc  print_flag                           
2020251b  received_data                        
202024e4  sampleCnt                            
202024e0  sampleCnt1                           
000031ad  scalbn                               
000031ad  scalbnl                              
202024e8  shift_flag                           
202024ec  start_flag                           
00001651  strtod                               
00001651  strtold                              
202024f4  sum                                  
202024f0  sum1                                 
202024f8  threshold                            
202024fc  toggle_flag                          
2020251c  uart_flag                            
20202500  v1                                   
20202504  v2                                   
00004a65  vsprintf                             
00004f39  wcslen                               


GLOBAL SYMBOLS: SORTED BY Symbol Address 

address   name                                 
-------   ----                                 
00000000  __TI_ATRegion0_region_sz             
00000000  __TI_ATRegion0_src_addr              
00000000  __TI_ATRegion0_trg_addr              
00000000  __TI_ATRegion1_region_sz             
00000000  __TI_ATRegion1_src_addr              
00000000  __TI_ATRegion1_trg_addr              
00000000  __TI_ATRegion2_region_sz             
00000000  __TI_ATRegion2_src_addr              
00000000  __TI_ATRegion2_trg_addr              
00000000  __TI_static_base__                   
00000000  interruptVectors                     
000000c1  __TI_printfi                         
00000200  __STACK_SIZE                         
00000a91  UserTask_loop                        
00001125  AD9959_init                          
00001651  strtod                               
00001651  strtold                              
00001a09  AD9959_writeData                     
00001d69  AD9959_writeDataSlow                 
000023e1  __aeabi_dsub                         
000023e1  __subdf3                             
000023eb  __adddf3                             
000023eb  __aeabi_dadd                         
00002573  AES_IRQHandler                       
00002573  CANFD0_IRQHandler                    
00002573  DAC0_IRQHandler                      
00002573  DMA_IRQHandler                       
00002573  Default_Handler                      
00002573  GROUP0_IRQHandler                    
00002573  HardFault_Handler                    
00002573  I2C0_IRQHandler                      
00002573  I2C1_IRQHandler                      
00002573  NMI_Handler                          
00002573  PendSV_Handler                       
00002573  RTC_IRQHandler                       
00002573  SPI0_IRQHandler                      
00002573  SPI1_IRQHandler                      
00002573  SVC_Handler                          
00002573  TIMG0_IRQHandler                     
00002573  TIMG12_IRQHandler                    
00002573  TIMG6_IRQHandler                     
00002573  TIMG7_IRQHandler                     
00002573  TIMG8_IRQHandler                     
00002573  UART1_IRQHandler                     
00002573  UART3_IRQHandler                     
00002575  get_length                           
000026f1  UART2_IRQHandler                     
00002ab5  DL_Timer_initPWMMode                 
00002bc5  __aeabi_ddiv                         
00002bc5  __divdf3                             
00002cd1  UserTask_ADC1                        
00002dd9  UserTask_init                        
00002edd  DL_Timer_initTimerMode               
00002fdd  DL_SYSCTL_configSYSPLL               
000030c9  __aeabi_dmul                         
000030c9  __muldf3                             
000031ad  ldexp                                
000031ad  ldexpl                               
000031ad  scalbn                               
000031ad  scalbnl                              
00003285  __aeabi_fsub                         
00003285  __subsf3                             
0000328f  __addsf3                             
0000328f  __aeabi_fadd                         
0000335d  SysTick_Handler                      
00003429  SYSCFG_DL_GPIO_init                  
000034e1  __udivmoddi4                         
00003583  memcpy                               
0000361d  DDS_sweep                            
000036b1  SYSCFG_DL_initPower                  
00003745  UserTask_ENC                         
000037d1  __aeabi_fmul                         
000037d1  __mulsf3                             
0000385d  __aeabi_fdiv                         
0000385d  __divsf3                             
000038df  __aeabi_idiv0                        
000038e1  SYSCFG_DL_PWM_LED_RG_init            
00003961  __TI_decompress_lzss                 
000039dd  UI_taskShow2                         
00003a55  SYSCFG_DL_UART_2_init                
00003ac9  __gedf2                              
00003ac9  __gtdf2                              
00003b3c  C$$EXIT                              
00003b3d  HOSTexit                             
00003b41  __aeabi_d2f                          
00003b41  __truncdfsf2                         
00003bb5  SYSCFG_DL_ADC1_init                  
00003c21  UI_taskShow1                         
00003c8d  UserTask_ADC                         
00003cf5  __cmpdf2                             
00003cf5  __eqdf2                              
00003cf5  __ledf2                              
00003cf5  __ltdf2                              
00003cf5  __nedf2                              
00003dc3  __aeabi_ldiv0                        
00003dc5  SYSCFG_DL_UART_0_init                
00003e29  UART2_printf                         
00003e8d  __aeabi_dcmpeq                       
00003ea1  __aeabi_dcmplt                       
00003eb5  __aeabi_dcmple                       
00003ec9  __aeabi_dcmpge                       
00003edd  __aeabi_dcmpgt                       
00003ef1  __aeabi_fcmpeq                       
00003f05  __aeabi_fcmplt                       
00003f19  __aeabi_fcmple                       
00003f2d  __aeabi_fcmpge                       
00003f41  __aeabi_fcmpgt                       
00003f53  memset                               
00003fb5  SYSCFG_DL_init                       
00004015  SYSCFG_DL_PWM_GAIN_init              
00004071  SYSCFG_DL_PWM_LED_B_init             
000040cd  SYSCFG_DL_SYSCTL_init                
00004129  frexp                                
00004129  frexpl                               
00004185  __TI_ltoa                            
00004235  __aeabi_idiv                         
00004235  __aeabi_idivmod                      
000042dd  DL_ADC12_setClockConfig              
00004329  DL_SYSCTL_switchMCLKfromSYSOSCtoHSCLK
00004375  DL_UART_init                         
000043c1  __aeabi_d2iz                         
000043c1  __fixdfsi                            
0000440d  AD9959_setFreq                       
00004455  DL_Timer_setCaptureCompareOutCtl     
00004495  SYSCFG_DL_ADC0_init                  
000044d5  __aeabi_uidiv                        
000044d5  __aeabi_uidivmod                     
00004515  __aeabi_f2d                          
00004515  __extendsfdf2                        
00004555  atoi                                 
00004595  DL_Timer_setCaptureCompareCtl        
000045d1  UART0_IRQHandler                     
0000460d  __aeabi_i2f                          
0000460d  __floatsisf                          
00004649  __gesf2                              
00004649  __gtsf2                              
00004685  __TI_auto_init_nobinit_nopinit       
000046c1  __cmpsf2                             
000046c1  __eqsf2                              
000046c1  __lesf2                              
000046c1  __ltsf2                              
000046c1  __nesf2                              
000046fd  __muldsi3                            
00004739  SYSCFG_DL_TIMER_0_init               
00004771  SYSCFG_DL_TIMER_1_init               
000047a9  __aeabi_f2iz                         
000047a9  __fixsfsi                            
000047e1  DL_Timer_setCaptCompUpdateMethod     
00004815  DL_Timer_setCaptureCompareAction     
00004849  DL_Timer_setCaptureCompareInput      
0000487d  DL_Timer_setClockConfig              
000048b1  TIMA1_IRQHandler                     
000048e5  length_measure_init                  
00004919  __aeabi_f2uiz                        
00004919  __fixunssfsi                         
0000494d  GROUP1_IRQHandler                    
0000497d  SYSCFG_DL_SYSTICK_init               
000049dd  AD9959_setAmp                        
00004a0d  DL_Timer_setCaptureCompareValue      
00004a39  __aeabi_i2d                          
00004a39  __floatsidf                          
00004a65  vsprintf                             
00004b31  DL_UART_transmitDataBlocking         
00004b59  __aeabi_ui2f                         
00004b59  __floatunsisf                        
00004b81  _c_int00_noargs                      
00004ba9  AD9959_setPhase                      
00004bcf  DDS_initSweep                        
00004bf5  DL_UART_setClockConfig               
00004c19  ENC_getSW                            
00004c3d  UserADC_init                         
00004c61  __aeabi_lmul                         
00004c61  __muldi3                             
00004c85  memccpy                              
00004ca9  AD9959_IOUpdate                      
00004d09  Tick_delay                           
00004d29  UI_taskShow3                         
00004d49  UI_taskShow4                         
00004d69  DDS_singleTone                       
00004d89  __aeabi_llsl                         
00004d89  __ashldi3                            
00004da9  ADC0_IRQHandler                      
00004dc5  ADC1_IRQHandler                      
00004e29  TIMA0_IRQHandler                     
00004e41  UART2_init                           
00004e9d  main                                 
00004eb3  DL_Common_delayCycles                
00004edd  __aeabi_uldivmod                     
00004f05  __TI_decompress_none                 
00004f29  ENC_getIncVal                        
00004f39  wcslen                               
00004f49  __TI_zero_init                       
00004f59  __aeabi_memset                       
00004f59  __aeabi_memset4                      
00004f59  __aeabi_memset8                      
00004f81  ENC_init                             
00004f8d  __aeabi_memclr                       
00004f8d  __aeabi_memclr4                      
00004f8d  __aeabi_memclr8                      
00004fc9  DDS_init                             
00004fd1  DDS_update                           
00004ff9  __aeabi_errno_addr                   
00005001  __aeabi_memcpy                       
00005001  __aeabi_memcpy4                      
00005001  __aeabi_memcpy8                      
00005009  abort                                
0000500f  Reset_Handler                        
00005013  _system_pre_init                     
00005020  __aeabi_ctype_table_                 
00005020  __aeabi_ctype_table_C                
0000550c  __TI_Handler_Table_Base              
00005518  __TI_Handler_Table_Limit             
00005520  __TI_CINIT_Base                      
00005530  __TI_CINIT_Limit                     
00005530  __TI_CINIT_Warm                      
20200000  __start___llvm_prf_bits              
20200000  __start___llvm_prf_cnts              
20200000  __stop___llvm_prf_bits               
20200000  __stop___llvm_prf_cnts               
20200000  amp_length                           
20202100  gTIMER_0Backup                       
202021bc  gTIMER_1Backup                       
20202278  gPWM_GAINBackup                      
202022f0  gPWM_LED_RGBackup                    
20202368  num_str                              
202023a9  gCheckADC                            
202023aa  gAdcResult                           
202023ac  Vol_temp                             
202023b0  amp_measured                         
202023b4  gAdcResult1                          
202023b6  gAdcResult2                          
202023b8  gAdcResult3                          
202023ba  gCheckADC1                           
202023bc  Sweep                                
20202410  RxData                               
20202450  SingleTone                           
20202470  BTNTick                              
2020247a  RGBLEDTick                           
2020247c  ACC_FRE_FACTOR                       
20202480  Cnt                                  
20202484  DDS_start                            
20202488  ENCVal                               
2020248c  SWFlag                               
20202490  Tick                                 
20202494  Volt1                                
20202498  Volt2                                
2020249c  __aeabi_errno                        
202024a0  data_of_test                         
202024a4  end_flag                             
202024a8  flag                                 
202024ac  freq                                 
202024b0  freq_end                             
202024b4  freq_start                           
202024b8  freq_step                            
202024bc  index_0                              
202024c0  index_1                              
202024c4  index_2                              
202024c8  index_min                            
202024cc  length                               
202024d0  length_raw                           
202024d4  n                                    
202024d8  order_flag                           
202024dc  print_flag                           
202024e0  sampleCnt1                           
202024e4  sampleCnt                            
202024e8  shift_flag                           
202024ec  start_flag                           
202024f0  sum1                                 
202024f4  sum                                  
202024f8  threshold                            
202024fc  toggle_flag                          
20202500  v1                                   
20202504  v2                                   
20202508  FR1_DATA                             
2020250b  ENCSWTick                            
2020250c  SweepTick                            
2020250e  UARTTick                             
20202510  UIInfoTick                           
20202512  UITick                               
20202514  amp0                                 
20202516  num_index                            
20202518  phase_ctrl                           
2020251a  RxPos                                
2020251b  received_data                        
2020251c  uart_flag                            
20207e00  __stack                              
20208000  __STACK_END                          
ffffffff  __TI_pprof_out_hndl                  
ffffffff  __TI_prof_data_size                  
ffffffff  __TI_prof_data_start                 
ffffffff  __binit__                            
ffffffff  binit                                
UNDEFED   __mpu_init                           
UNDEFED   _system_post_cinit                   

[294 symbols]
