******************************************************************************
                  MSP430 Linker PC v21.6.1                     
******************************************************************************
>> Linked Wed Apr  5 19:31:19 2023

OUTPUT FILE NAME:   <05.The_Finals_4.out>
ENTRY POINT SYMBOL: "_c_int00_noargs"  address: 0000eb5c


MEMORY CONFIGURATION

         name            origin    length      used     unused   attr    fill
----------------------  --------  ---------  --------  --------  ----  --------
  SFR                   00000000   00000010  00000000  00000010  RWIX
  PERIPHERALS_8BIT      00000010   000000f0  00000000  000000f0  RWIX
  PERIPHERALS_16BIT     00000100   00000100  00000000  00000100  RWIX
  RAM                   00000200   00000200  0000017a  00000086  RWIX
  INFOD                 00001000   00000040  00000000  00000040  RWIX
  INFOC                 00001040   00000040  00000000  00000040  RWIX
  INFOB                 00001080   00000040  00000000  00000040  RWIX
  INFOA                 000010c0   00000040  00000000  00000040  RWIX
  FLASH                 0000c000   00003fde  000031ae  00000e30  RWIX
  BSLSIGNATURE          0000ffde   00000002  00000002  00000000  RWIX  ffff 
  INT00                 0000ffe0   00000002  00000002  00000000  RWIX
  INT01                 0000ffe2   00000002  00000000  00000002  RWIX
  INT02                 0000ffe4   00000002  00000002  00000000  RWIX
  INT03                 0000ffe6   00000002  00000002  00000000  RWIX
  INT04                 0000ffe8   00000002  00000000  00000002  RWIX
  INT05                 0000ffea   00000002  00000002  00000000  RWIX
  INT06                 0000ffec   00000002  00000002  00000000  RWIX
  INT07                 0000ffee   00000002  00000002  00000000  RWIX
  INT08                 0000fff0   00000002  00000002  00000000  RWIX
  INT09                 0000fff2   00000002  00000002  00000000  RWIX
  INT10                 0000fff4   00000002  00000002  00000000  RWIX
  INT11                 0000fff6   00000002  00000002  00000000  RWIX
  INT12                 0000fff8   00000002  00000002  00000000  RWIX
  INT13                 0000fffa   00000002  00000002  00000000  RWIX
  INT14                 0000fffc   00000002  00000002  00000000  RWIX
  RESET                 0000fffe   00000002  00000002  00000000  RWIX


SECTION ALLOCATION MAP

 output                                  attributes/
section   page    origin      length       input sections
--------  ----  ----------  ----------   ----------------
.data      0    00000200    0000012a     UNINITIALIZED
                  00000200    00000100     main.obj (.data:adcbuff)
                  00000300    00000024     main.obj (.data)
                  00000324    00000004     LCD.obj (.data)
                  00000328    00000002     rts430_eabi.lib : errno.c.obj (.data)

.stack     0    000003b0    00000050     UNINITIALIZED
                  000003b0    00000002     rts430_eabi.lib : boot.c.obj (.stack)
                  000003b2    0000004e     --HOLE--

.text      0    0000c000    00002ce0     
                  0000c000    00000478     rts430_eabi.lib : frcdivd.c.obj (.text:__TI_frcdivd)
                  0000c478    0000031a     main.obj (.text:main)
                  0000c792    000002c0     rts430_eabi.lib : mpyd.c.obj (.text:__mspabi_mpyd)
                  0000ca52    00000238     msp_cmplx_fft_fixed_q15.obj (.text:msp_cmplx_fft_fixed_q15)
                  0000cc8a    00000232     rts430_eabi.lib : divd.c.obj (.text:__mspabi_divd)
                  0000cebc    00000194     LCD.obj (.text:display_float)
                  0000d050    00000182     LCD.obj (.text:display_GB2312_string)
                  0000d1d2    00000172     rts430_eabi.lib : frcmpyd.c.obj (.text:__TI_frcmpyd)
                  0000d344    00000144     LCD.obj (.text:display_1)
                  0000d488    0000013c     rts430_eabi.lib : e_sqrtf.c.obj (.text:sqrtf)
                  0000d5c4    00000132                     : fs_add.asm.obj (.text)
                  0000d6f6    0000012e     msp_split_q15.obj (.text:msp_split_q15)
                  0000d824    00000114     rts430_eabi.lib : mult64.asm.obj (.text:__mpyll)
                  0000d938    000000c4                     : fs_mpy.asm.obj (.text)
                  0000d9fc    000000ba     main.obj (.text:Timer_A)
                  0000dab6    000000b4     rts430_eabi.lib : cvtdf.c.obj (.text:__mspabi_cvtdf)
                  0000db6a    000000ac                     : fltlid.c.obj (.text:__mspabi_fltlid)
                  0000dc16    000000a4     menu.obj (.text:display_show_Freq)
                  0000dcba    0000009c     rts430_eabi.lib : fs_div.asm.obj (.text)
                  0000dd56    00000090     msp_cmplx_bitrev_q15.obj (.text:msp_cmplx_bitrev_q15)
                  0000dde6    0000008a     rts430_eabi.lib : fltuld.c.obj (.text:__mspabi_fltuld)
                  0000de70    00000084     UART.obj (.text:PrintNumber)
                  0000def4    0000007c     rts430_eabi.lib : copy_decompress_lzss.c.obj (.text:decompress:lzss:__TI_decompress_lzss)
                  0000df70    00000076     BASE.obj (.text:InitADC)
                  0000dfe6    00000074     LCD.obj (.text:judge_data)
                  0000e05a    00000072     rts430_eabi.lib : fixdli.c.obj (.text:__mspabi_fixdli)
                  0000e0cc    0000006a     LCD.obj (.text:initial_lcd)
                  0000e136    00000068     LCD.obj (.text:get_and_write_16x16)
                  0000e19e    00000068     rts430_eabi.lib : fs_toi.asm.obj (.text)
                  0000e206    00000066     LCD.obj (.text:judge_data_Spectrum_diagram)
                  0000e26c    00000064     LCD.obj (.text:get_and_write_8x16)
                  0000e2d0    00000062     BASE.obj (.text:InitTimer1)
                  0000e332    00000062     FFT.obj (.text:Modulo)
                  0000e394    0000005e     menu.obj (.text:display_start)
                  0000e3f2    0000005c     rts430_eabi.lib : lsr32.asm.obj (.text:l_lsr_const)
                  0000e44e    00000058                     : div32u.asm.obj (.text)
                  0000e4a6    0000004e     main.obj (.text:Port1_ISR)
                  0000e4f4    0000004c     rts430_eabi.lib : lsr16.asm.obj (.text)
                  0000e540    0000004a     msp_fft_fixed_q15.obj (.text:msp_fft_fixed_q15)
                  0000e58a    0000004a     rts430_eabi.lib : fs_ltof.asm.obj (.text)
                  0000e5d4    00000046                     : lsr64.c.obj (.text:__mspabi_srlll)
                  0000e61a    00000044                     : lsl64.c.obj (.text:__mspabi_sllll)
                  0000e65e    00000042                     : autoinit.c.obj (.text:__TI_auto_init_nobinit_nopinit:__TI_auto_init_nobinit_nopinit)
                  0000e6a0    00000040     LCD.obj (.text:clear_screen)
                  0000e6e0    0000003e     rts430_eabi.lib : asr32.asm.obj (.text:l_asr_const)
                  0000e71e    0000003e                     : lsl32.asm.obj (.text:l_lsl_const)
                  0000e75c    0000003c     LCD.obj (.text:transfer_command_lcd)
                  0000e798    0000003c     LCD.obj (.text:transfer_data_lcd)
                  0000e7d4    0000003a     UART.obj (.text:InitUART)
                  0000e80e    0000003a     LCD.obj (.text:display_graphic_64x64)
                  0000e848    00000036     rts430_eabi.lib : fs_itof.asm.obj (.text)
                  0000e87e    00000032     main.obj (.text:Calculate_Data)
                  0000e8b0    00000030     main.obj (.text:Timer_A_IV)
                  0000e8e0    00000030     LCD.obj (.text:judge_y_Spectrum_diagram)
                  0000e910    0000002e     main.obj (.text:Time_Tick)
                  0000e93e    0000002e     LCD.obj (.text:get_data_from_ROM)
                  0000e96c    0000002c     measure.obj (.text:ADC_Undersampling)
                  0000e998    0000002c     rts430_eabi.lib : asr16.asm.obj (.text)
                  0000e9c4    0000002c                     : div16s.asm.obj (.text)
                  0000e9f0    0000002c                     : lsl16.asm.obj (.text)
                  0000ea1c    0000002c     LCD.obj (.text:send_command_to_ROM)
                  0000ea48    00000028     rts430_eabi.lib : fixdi.c.obj (.text:__mspabi_fixdi)
                  0000ea70    00000028     LCD.obj (.text:lcd_address)
                  0000ea98    00000026     rts430_eabi.lib : mult32.asm.obj (.text)
                  0000eabe    00000024     FFT.obj (.text:fft)
                  0000eae2    00000022     rts430_eabi.lib : mult1632.asm.obj (.text:__mpyul)
                  0000eb04    0000001e                     : mult3264.asm.obj (.text:__mpyull)
                  0000eb22    0000001e     BASE.obj (.text:delay_nms)
                  0000eb40    0000001c     BASE.obj (.text:Interrupt)
                  0000eb5c    0000001c     rts430_eabi.lib : boot.c.obj (.text:_c_int00_noargs)
                  0000eb78    0000001a     BASE.obj (.text:GPIO_Init)
                  0000eb92    0000001a     UART.obj (.text:UARTSendString)
                  0000ebac    00000018     BASE.obj (.text:InitSystemClock)
                  0000ebc4    00000018     BASE.obj (.text:InitTimer1_wave)
                  0000ebdc    00000018     LCD.obj (.text:judge_y)
                  0000ebf4    00000016     BASE.obj (.text:Close_Timer)
                  0000ec0a    00000016     rts430_eabi.lib : mult1632.asm.obj (.text:__mpysl)
                  0000ec20    00000016                     : div16u.asm.obj (.text)
                  0000ec36    00000014                     : mult16.asm.obj (.text)
                  0000ec4a    00000012     BASE.obj (.text:InitTimer0)
                  0000ec5c    00000012     rts430_eabi.lib : copy_decompress_none.c.obj (.text:decompress:none:__TI_decompress_none)
                  0000ec6e    00000012                     : lsr32.asm.obj (.text:l_lsr)
                  0000ec80    00000012                     : memcpy.c.obj (.text:memcpy)
                  0000ec92    00000010     LCD.obj (.text:display_graphic_1x8)
                  0000eca2    00000010     rts430_eabi.lib : epilog.asm.obj (.text)
                  0000ecb2    0000000e     BASE.obj (.text:StartADCConvert)
                  0000ecc0    0000000c     rts430_eabi.lib : fltid.c.obj (.text:__mspabi_fltid)
                  0000eccc    00000008                     : isr_trap.asm.obj (.text:_isr:__TI_ISR_TRAP)
                  0000ecd4    00000006                     : exit.c.obj (.text:abort)
                  0000ecda    00000004                     : pre_init.c.obj (.text:_system_pre_init)
                  0000ecde    00000002                     : startup.c.obj (.text:_system_post_cinit)

.const     0    0000ece0    000004b4     
                  0000ece0    00000200     menu.obj (.const:.string:bmp1)
                  0000eee0    00000104     msp_transform_tables.obj (.const:msp_cmplx_twiddle_table_128_q15)
                  0000efe4    00000100     msp_transform_tables.obj (.const:.string:msp_cmplx_bitrev_table_ui8)
                  0000f0e4    00000042     main.obj (.const:.string)
                  0000f126    00000040     menu.obj (.const:.string)
                  0000f166    00000016     LCD.obj (.const:.string)
                  0000f17c    00000012     UART.obj (.const:.string)
                  0000f18e    00000006     UART.obj (.const:.string:$P$T0$1)

.cinit     0    0000f194    0000001a     
                  0000f194    00000012     (.cinit..data.load) [load image, compression = lzss]
                  0000f1a6    00000004     (__TI_handler_table)
                  0000f1aa    00000004     (__TI_cinit_table)

.binit     0    0000c000    00000000     

.init_array 
*          0    0000c000    00000000     UNINITIALIZED

TRAPINT    0    0000ffe0    00000002     
                  0000ffe0    00000002     rts430_eabi.lib : int00.asm.obj (.int00)

PORT1      0    0000ffe4    00000002     
                  0000ffe4    00000002     main.obj (.int02)

PORT2      0    0000ffe6    00000002     
                  0000ffe6    00000002     rts430_eabi.lib : int03.asm.obj (.int03)

ADC10      0    0000ffea    00000002     
                  0000ffea    00000002     rts430_eabi.lib : int05.asm.obj (.int05)

USCIAB0TX 
*          0    0000ffec    00000002     
                  0000ffec    00000002     rts430_eabi.lib : int06.asm.obj (.int06)

USCIAB0RX 
*          0    0000ffee    00000002     
                  0000ffee    00000002     rts430_eabi.lib : int07.asm.obj (.int07)

TIMER0_A1 
*          0    0000fff0    00000002     
                  0000fff0    00000002     main.obj (.int08)

TIMER0_A0 
*          0    0000fff2    00000002     
                  0000fff2    00000002     main.obj (.int09)

WDT        0    0000fff4    00000002     
                  0000fff4    00000002     rts430_eabi.lib : int10.asm.obj (.int10)

COMPARATORA 
*          0    0000fff6    00000002     
                  0000fff6    00000002     rts430_eabi.lib : int11.asm.obj (.int11)

TIMER1_A1 
*          0    0000fff8    00000002     
                  0000fff8    00000002     main.obj (.int12)

TIMER1_A0 
*          0    0000fffa    00000002     
                  0000fffa    00000002     rts430_eabi.lib : int13.asm.obj (.int13)

NMI        0    0000fffc    00000002     
                  0000fffc    00000002     rts430_eabi.lib : int14.asm.obj (.int14)

.reset     0    0000fffe    00000002     
                  0000fffe    00000002     rts430_eabi.lib : boot.c.obj (.reset)

$fill000   0    0000ffde    00000002     
                  0000ffde    00000002     --HOLE-- [fill = ffff]

MODULE SUMMARY

       Module                        code    ro data   rw data
       ------                        ----    -------   -------
    .\
       main.obj                      1202    74        292    
    +--+-----------------------------+-------+---------+---------+
       Total:                        1202    74        292    
                                                              
    .\Base\
       BASE.obj                      402     0         0      
       UART.obj                      216     24        0      
    +--+-----------------------------+-------+---------+---------+
       Total:                        618     24        0      
                                                              
    .\LCD\
       LCD.obj                       2102    22        4      
    +--+-----------------------------+-------+---------+---------+
       Total:                        2102    22        4      
                                                              
    .\Measure\
       FFT.obj                       134     0         0      
       measure.obj                   44      0         0      
    +--+-----------------------------+-------+---------+---------+
       Total:                        178     0         0      
                                                              
    .\Measure\source\transform\
       msp_cmplx_fft_fixed_q15.obj   568     0         0      
       msp_transform_tables.obj      0       516       0      
       msp_split_q15.obj             302     0         0      
       msp_cmplx_bitrev_q15.obj      144     0         0      
       msp_fft_fixed_q15.obj         74      0         0      
    +--+-----------------------------+-------+---------+---------+
       Total:                        1088    516       0      
                                                              
    .\Menu\
       menu.obj                      258     576       0      
    +--+-----------------------------+-------+---------+---------+
       Total:                        258     576       0      
                                                              
    D:\CCS\ccs\tools\compiler\ti-cgt-msp430_21.6.1.LTS\lib\rts430_eabi.lib
       frcdivd.c.obj                 1144    0         0      
       mpyd.c.obj                    704     0         0      
       divd.c.obj                    562     0         0      
       frcmpyd.c.obj                 370     0         0      
       e_sqrtf.c.obj                 316     0         0      
       fs_add.asm.obj                306     0         0      
       mult64.asm.obj                276     0         0      
       fs_mpy.asm.obj                196     0         0      
       cvtdf.c.obj                   180     0         0      
       fltlid.c.obj                  172     0         0      
       fs_div.asm.obj                156     0         0      
       fltuld.c.obj                  138     0         0      
       copy_decompress_lzss.c.obj    124     0         0      
       fixdli.c.obj                  114     0         0      
       lsr32.asm.obj                 110     0         0      
       fs_toi.asm.obj                104     0         0      
       div32u.asm.obj                88      0         0      
       lsr16.asm.obj                 76      0         0      
       fs_ltof.asm.obj               74      0         0      
       lsr64.c.obj                   70      0         0      
       lsl64.c.obj                   68      0         0      
       autoinit.c.obj                66      0         0      
       asr32.asm.obj                 62      0         0      
       lsl32.asm.obj                 62      0         0      
       mult1632.asm.obj              56      0         0      
       fs_itof.asm.obj               54      0         0      
       asr16.asm.obj                 44      0         0      
       div16s.asm.obj                44      0         0      
       lsl16.asm.obj                 44      0         0      
       fixdi.c.obj                   40      0         0      
       mult32.asm.obj                38      0         0      
       boot.c.obj                    28      2         0      
       mult3264.asm.obj              30      0         0      
       div16u.asm.obj                22      0         0      
       mult16.asm.obj                20      0         0      
       copy_decompress_none.c.obj    18      0         0      
       memcpy.c.obj                  18      0         0      
       epilog.asm.obj                16      0         0      
       fltid.c.obj                   12      0         0      
       isr_trap.asm.obj              8       0         0      
       exit.c.obj                    6       0         0      
       pre_init.c.obj                4       0         0      
       errno.c.obj                   0       0         2      
       int00.asm.obj                 0       2         0      
       int03.asm.obj                 0       2         0      
       int05.asm.obj                 0       2         0      
       int06.asm.obj                 0       2         0      
       int07.asm.obj                 0       2         0      
       int10.asm.obj                 0       2         0      
       int11.asm.obj                 0       2         0      
       int13.asm.obj                 0       2         0      
       int14.asm.obj                 0       2         0      
       startup.c.obj                 2       0         0      
    +--+-----------------------------+-------+---------+---------+
       Total:                        6042    20        2      
                                                              
       Stack:                        0       0         80     
       Linker Generated:             0       26        0      
    +--+-----------------------------+-------+---------+---------+
       Grand Total:                  11488   1258      378    


LINKER GENERATED COPY TABLES

__TI_cinit_table @ 0000f1aa records: 1, size/record: 4, table size: 4
	.data: load addr=0000f194, load size=00000012 bytes, run addr=00000200, run size=0000012a bytes, compression=lzss


LINKER GENERATED HANDLER TABLE

__TI_handler_table @ 0000f1a6 records: 2, size/record: 2, table size: 4
	index: 0, handler: __TI_decompress_lzss
	index: 1, handler: __TI_decompress_none


GLOBAL SYMBOLS: SORTED ALPHABETICALLY BY Name 

address   name                           
-------   ----                           
0000004a  ADC10AE0                       
000001b0  ADC10CTL0                      
000001b2  ADC10CTL1                      
00000048  ADC10DTC0                      
00000049  ADC10DTC1                      
000001b4  ADC10MEM                       
000001bc  ADC10SA                        
0000e96c  ADC_Undersampling              
00000057  BCSCTL1                        
00000058  BCSCTL2                        
00000053  BCSCTL3                        
0000ecd4  C$$EXIT                        
00000059  CACTL1                         
0000005a  CACTL2                         
000010fb  CALBC1_12MHZ                   
000010f9  CALBC1_16MHZ                   
000010ff  CALBC1_1MHZ                    
000010fd  CALBC1_8MHZ                    
000010fa  CALDCO_12MHZ                   
000010f8  CALDCO_16MHZ                   
000010fe  CALDCO_1MHZ                    
000010fc  CALDCO_8MHZ                    
0000005b  CAPD                           
0000e87e  Calculate_Data                 
0000ebf4  Close_Timer                    
00000302  Counting_Flag                  
00000056  DCOCTL                         
00000128  FCTL1                          
0000012a  FCTL2                          
0000012c  FCTL3                          
00000300  Forward_Posedge_Flag           
0000eb78  GPIO_Init                      
00000000  IE1                            
00000001  IE2                            
00000002  IFG1                           
00000003  IFG2                           
0000df70  InitADC                        
0000ebac  InitSystemClock                
0000ec4a  InitTimer0                     
0000e2d0  InitTimer1                     
0000ebc4  InitTimer1_wave                
0000e7d4  InitUART                       
0000eb40  Interrupt                      
0000e332  Modulo                         
00000304  Negedge_Flag                   
0000030e  Negedge_data                   
00000022  P1DIR                          
00000025  P1IE                           
00000024  P1IES                          
00000023  P1IFG                          
00000020  P1IN                           
00000021  P1OUT                          
00000027  P1REN                          
00000026  P1SEL                          
00000041  P1SEL2                         
0000002a  P2DIR                          
0000002d  P2IE                           
0000002c  P2IES                          
0000002b  P2IFG                          
00000028  P2IN                           
00000029  P2OUT                          
0000002f  P2REN                          
0000002e  P2SEL                          
00000042  P2SEL2                         
0000001a  P3DIR                          
00000018  P3IN                           
00000019  P3OUT                          
00000010  P3REN                          
0000001b  P3SEL                          
00000043  P3SEL2                         
0000e4a6  Port1_ISR                      
00000306  Posedge1_data                  
0000030a  Posedge2_data                  
0000de70  PrintNumber                    
0000ecb2  StartADCConvert                
00000172  TA0CCR0                        
00000174  TA0CCR1                        
00000176  TA0CCR2                        
00000162  TA0CCTL0                       
00000164  TA0CCTL1                       
00000166  TA0CCTL2                       
00000160  TA0CTL                         
0000012e  TA0IV                          
00000170  TA0R                           
00000192  TA1CCR0                        
00000194  TA1CCR1                        
00000196  TA1CCR2                        
00000182  TA1CCTL0                       
00000184  TA1CCTL1                       
00000186  TA1CCTL2                       
00000180  TA1CTL                         
0000011e  TA1IV                          
00000190  TA1R                           
000010db  TLV_ADC10_1_LEN                
000010da  TLV_ADC10_1_TAG                
000010c0  TLV_CHECKSUM                   
000010f7  TLV_DCO_30_LEN                 
000010f6  TLV_DCO_30_TAG                 
0000e910  Time_Tick                      
0000d9fc  Timer_A                        
0000e8b0  Timer_A_IV                     
0000eb92  UARTSendString                 
0000005d  UCA0ABCTL                      
00000062  UCA0BR0                        
00000063  UCA0BR1                        
00000060  UCA0CTL0                       
00000061  UCA0CTL1                       
0000005f  UCA0IRRCTL                     
0000005e  UCA0IRTCTL                     
00000064  UCA0MCTL                       
00000066  UCA0RXBUF                      
00000065  UCA0STAT                       
00000067  UCA0TXBUF                      
0000006a  UCB0BR0                        
0000006b  UCB0BR1                        
00000068  UCB0CTL0                       
00000069  UCB0CTL1                       
0000006c  UCB0I2CIE                      
00000118  UCB0I2COA                      
0000011a  UCB0I2CSA                      
0000006e  UCB0RXBUF                      
0000006d  UCB0STAT                       
0000006f  UCB0TXBUF                      
00000120  WDTCTL                         
00000400  __STACK_END                    
00000050  __STACK_SIZE                   
0000f1aa  __TI_CINIT_Base                
0000f1ae  __TI_CINIT_Limit               
0000f1ae  __TI_CINIT_Warm                
0000f1a6  __TI_Handler_Table_Base        
0000f1aa  __TI_Handler_Table_Limit       
0000eccc  __TI_ISR_TRAP                  
0000e65e  __TI_auto_init_nobinit_nopinit 
0000def4  __TI_decompress_lzss           
0000ec5c  __TI_decompress_none           
0000c000  __TI_frcdivd                   
0000d1d2  __TI_frcmpyd                   
0000ffe0  __TI_int00                     
0000ffe4  __TI_int02                     
0000ffe6  __TI_int03                     
0000ffea  __TI_int05                     
0000ffec  __TI_int06                     
0000ffee  __TI_int07                     
0000fff0  __TI_int08                     
0000fff2  __TI_int09                     
0000fff4  __TI_int10                     
0000fff6  __TI_int11                     
0000fff8  __TI_int12                     
0000fffa  __TI_int13                     
0000fffc  __TI_int14                     
ffffffff  __TI_pprof_out_hndl            
ffffffff  __TI_prof_data_size            
ffffffff  __TI_prof_data_start           
ffffffff  __c_args__                     
0000d5ca  __mspabi_addf                  
0000dab6  __mspabi_cvtdf                 
0000cc8a  __mspabi_divd                  
0000dcba  __mspabi_divf                  
0000e9c4  __mspabi_divi                  
0000ec20  __mspabi_divu                  
0000e44e  __mspabi_divul                 
0000ea48  __mspabi_fixdi                 
0000e05a  __mspabi_fixdli                
0000e19e  __mspabi_fixfi                 
0000ecc0  __mspabi_fltid                 
0000e848  __mspabi_fltif                 
0000db6a  __mspabi_fltlid                
0000e58a  __mspabi_fltlif                
0000dde6  __mspabi_fltuld                
0000ecae  __mspabi_func_epilog_1         
0000ecac  __mspabi_func_epilog_2         
0000ecaa  __mspabi_func_epilog_3         
0000eca8  __mspabi_func_epilog_4         
0000eca6  __mspabi_func_epilog_5         
0000eca4  __mspabi_func_epilog_6         
0000eca2  __mspabi_func_epilog_7         
0000c792  __mspabi_mpyd                  
0000d938  __mspabi_mpyf                  
0000ec36  __mspabi_mpyi                  
0000ec36  __mspabi_mpyi_sw               
0000ea98  __mspabi_mpyl                  
0000ea98  __mspabi_mpyl_sw               
0000d824  __mspabi_mpyll                 
0000d824  __mspabi_mpyll_sw              
0000ec0a  __mspabi_mpysl                 
0000ec0a  __mspabi_mpysl_sw              
0000eae2  __mspabi_mpyul                 
0000eae2  __mspabi_mpyul_sw              
0000eb04  __mspabi_mpyull                
0000eb04  __mspabi_mpyull_sw             
0000e9c4  __mspabi_remi                  
0000ec20  __mspabi_remu                  
0000e44e  __mspabi_remul                 
0000e9f0  __mspabi_slli                  
0000ea18  __mspabi_slli_1                
0000ea06  __mspabi_slli_10               
0000ea04  __mspabi_slli_11               
0000ea02  __mspabi_slli_12               
0000ea00  __mspabi_slli_13               
0000e9fe  __mspabi_slli_14               
0000e9fc  __mspabi_slli_15               
0000ea16  __mspabi_slli_2                
0000ea14  __mspabi_slli_3                
0000ea12  __mspabi_slli_4                
0000ea10  __mspabi_slli_5                
0000ea0e  __mspabi_slli_6                
0000ea0c  __mspabi_slli_7                
0000ea0a  __mspabi_slli_8                
0000ea08  __mspabi_slli_9                
0000e756  __mspabi_slll_1                
0000e732  __mspabi_slll_10               
0000e72e  __mspabi_slll_11               
0000e72a  __mspabi_slll_12               
0000e726  __mspabi_slll_13               
0000e722  __mspabi_slll_14               
0000e71e  __mspabi_slll_15               
0000e752  __mspabi_slll_2                
0000e74e  __mspabi_slll_3                
0000e74a  __mspabi_slll_4                
0000e746  __mspabi_slll_5                
0000e742  __mspabi_slll_6                
0000e73e  __mspabi_slll_7                
0000e73a  __mspabi_slll_8                
0000e736  __mspabi_slll_9                
0000e61a  __mspabi_sllll                 
0000e998  __mspabi_srai                  
0000e9c0  __mspabi_srai_1                
0000e9ae  __mspabi_srai_10               
0000e9ac  __mspabi_srai_11               
0000e9aa  __mspabi_srai_12               
0000e9a8  __mspabi_srai_13               
0000e9a6  __mspabi_srai_14               
0000e9a4  __mspabi_srai_15               
0000e9be  __mspabi_srai_2                
0000e9bc  __mspabi_srai_3                
0000e9ba  __mspabi_srai_4                
0000e9b8  __mspabi_srai_5                
0000e9b6  __mspabi_srai_6                
0000e9b4  __mspabi_srai_7                
0000e9b2  __mspabi_srai_8                
0000e9b0  __mspabi_srai_9                
0000e718  __mspabi_sral_1                
0000e6f4  __mspabi_sral_10               
0000e6f0  __mspabi_sral_11               
0000e6ec  __mspabi_sral_12               
0000e6e8  __mspabi_sral_13               
0000e6e4  __mspabi_sral_14               
0000e6e0  __mspabi_sral_15               
0000e714  __mspabi_sral_2                
0000e710  __mspabi_sral_3                
0000e70c  __mspabi_sral_4                
0000e708  __mspabi_sral_5                
0000e704  __mspabi_sral_6                
0000e700  __mspabi_sral_7                
0000e6fc  __mspabi_sral_8                
0000e6f8  __mspabi_sral_9                
0000e4f4  __mspabi_srli                  
0000e53a  __mspabi_srli_1                
0000e516  __mspabi_srli_10               
0000e512  __mspabi_srli_11               
0000e50e  __mspabi_srli_12               
0000e50a  __mspabi_srli_13               
0000e506  __mspabi_srli_14               
0000e502  __mspabi_srli_15               
0000e536  __mspabi_srli_2                
0000e532  __mspabi_srli_3                
0000e52e  __mspabi_srli_4                
0000e52a  __mspabi_srli_5                
0000e526  __mspabi_srli_6                
0000e522  __mspabi_srli_7                
0000e51e  __mspabi_srli_8                
0000e51a  __mspabi_srli_9                
0000ec6e  __mspabi_srll                  
0000e446  __mspabi_srll_1                
0000e410  __mspabi_srll_10               
0000e40a  __mspabi_srll_11               
0000e404  __mspabi_srll_12               
0000e3fe  __mspabi_srll_13               
0000e3f8  __mspabi_srll_14               
0000e3f2  __mspabi_srll_15               
0000e440  __mspabi_srll_2                
0000e43a  __mspabi_srll_3                
0000e434  __mspabi_srll_4                
0000e42e  __mspabi_srll_5                
0000e428  __mspabi_srll_6                
0000e422  __mspabi_srll_7                
0000e41c  __mspabi_srll_8                
0000e416  __mspabi_srll_9                
0000e5d4  __mspabi_srlll                 
0000d5c4  __mspabi_subf                  
0000eb5c  _c_int00_noargs                
0000fffe  _reset_vector                  
000003b0  _stack                         
0000ecde  _system_post_cinit             
0000ecda  _system_pre_init               
0000ecd4  abort                          
00000200  adcbuff                        
0000031c  adcbuff2                       
0000ece0  bmp1                           
0000e6a0  clear_screen                   
0000031e  cnt                            
0000eb22  delay_nms                      
0000d344  display_1                      
0000d050  display_GB2312_string          
0000cebc  display_float                  
0000ec92  display_graphic_1x8            
0000e80e  display_graphic_64x64          
0000dc16  display_show_Freq              
0000e394  display_start                  
00000328  errno                          
0000eabe  fft                            
00000324  fontaddr                       
00000312  fre                            
0000e136  get_and_write_16x16            
0000e26c  get_and_write_8x16             
0000e0cc  initial_lcd                    
0000dfe6  judge_data                     
0000e206  judge_data_Spectrum_diagram    
0000ebdc  judge_y                        
0000e8e0  judge_y_Spectrum_diagram       
0000ea70  lcd_address                    
0000c478  main                           
0000ec80  memcpy                         
0000dd56  msp_cmplx_bitrev_q15           
0000efe4  msp_cmplx_bitrev_table_ui8     
0000ca52  msp_cmplx_fft_fixed_q15        
0000eee0  msp_cmplx_twiddle_table_128_q15
0000e540  msp_fft_fixed_q15              
0000d6f6  msp_split_q15                  
00000316  num                            
00000318  num1                           
0000031a  num2                           
0000ea1c  send_command_to_ROM            
0000d488  sqrtf                          
00000322  start                          
0000e75c  transfer_command_lcd           
0000e798  transfer_data_lcd              
00000320  x_1_5                          


GLOBAL SYMBOLS: SORTED BY Symbol Address 

address   name                           
-------   ----                           
00000000  IE1                            
00000001  IE2                            
00000002  IFG1                           
00000003  IFG2                           
00000010  P3REN                          
00000018  P3IN                           
00000019  P3OUT                          
0000001a  P3DIR                          
0000001b  P3SEL                          
00000020  P1IN                           
00000021  P1OUT                          
00000022  P1DIR                          
00000023  P1IFG                          
00000024  P1IES                          
00000025  P1IE                           
00000026  P1SEL                          
00000027  P1REN                          
00000028  P2IN                           
00000029  P2OUT                          
0000002a  P2DIR                          
0000002b  P2IFG                          
0000002c  P2IES                          
0000002d  P2IE                           
0000002e  P2SEL                          
0000002f  P2REN                          
00000041  P1SEL2                         
00000042  P2SEL2                         
00000043  P3SEL2                         
00000048  ADC10DTC0                      
00000049  ADC10DTC1                      
0000004a  ADC10AE0                       
00000050  __STACK_SIZE                   
00000053  BCSCTL3                        
00000056  DCOCTL                         
00000057  BCSCTL1                        
00000058  BCSCTL2                        
00000059  CACTL1                         
0000005a  CACTL2                         
0000005b  CAPD                           
0000005d  UCA0ABCTL                      
0000005e  UCA0IRTCTL                     
0000005f  UCA0IRRCTL                     
00000060  UCA0CTL0                       
00000061  UCA0CTL1                       
00000062  UCA0BR0                        
00000063  UCA0BR1                        
00000064  UCA0MCTL                       
00000065  UCA0STAT                       
00000066  UCA0RXBUF                      
00000067  UCA0TXBUF                      
00000068  UCB0CTL0                       
00000069  UCB0CTL1                       
0000006a  UCB0BR0                        
0000006b  UCB0BR1                        
0000006c  UCB0I2CIE                      
0000006d  UCB0STAT                       
0000006e  UCB0RXBUF                      
0000006f  UCB0TXBUF                      
00000118  UCB0I2COA                      
0000011a  UCB0I2CSA                      
0000011e  TA1IV                          
00000120  WDTCTL                         
00000128  FCTL1                          
0000012a  FCTL2                          
0000012c  FCTL3                          
0000012e  TA0IV                          
00000160  TA0CTL                         
00000162  TA0CCTL0                       
00000164  TA0CCTL1                       
00000166  TA0CCTL2                       
00000170  TA0R                           
00000172  TA0CCR0                        
00000174  TA0CCR1                        
00000176  TA0CCR2                        
00000180  TA1CTL                         
00000182  TA1CCTL0                       
00000184  TA1CCTL1                       
00000186  TA1CCTL2                       
00000190  TA1R                           
00000192  TA1CCR0                        
00000194  TA1CCR1                        
00000196  TA1CCR2                        
000001b0  ADC10CTL0                      
000001b2  ADC10CTL1                      
000001b4  ADC10MEM                       
000001bc  ADC10SA                        
00000200  adcbuff                        
00000300  Forward_Posedge_Flag           
00000302  Counting_Flag                  
00000304  Negedge_Flag                   
00000306  Posedge1_data                  
0000030a  Posedge2_data                  
0000030e  Negedge_data                   
00000312  fre                            
00000316  num                            
00000318  num1                           
0000031a  num2                           
0000031c  adcbuff2                       
0000031e  cnt                            
00000320  x_1_5                          
00000322  start                          
00000324  fontaddr                       
00000328  errno                          
000003b0  _stack                         
00000400  __STACK_END                    
000010c0  TLV_CHECKSUM                   
000010da  TLV_ADC10_1_TAG                
000010db  TLV_ADC10_1_LEN                
000010f6  TLV_DCO_30_TAG                 
000010f7  TLV_DCO_30_LEN                 
000010f8  CALDCO_16MHZ                   
000010f9  CALBC1_16MHZ                   
000010fa  CALDCO_12MHZ                   
000010fb  CALBC1_12MHZ                   
000010fc  CALDCO_8MHZ                    
000010fd  CALBC1_8MHZ                    
000010fe  CALDCO_1MHZ                    
000010ff  CALBC1_1MHZ                    
0000c000  __TI_frcdivd                   
0000c478  main                           
0000c792  __mspabi_mpyd                  
0000ca52  msp_cmplx_fft_fixed_q15        
0000cc8a  __mspabi_divd                  
0000cebc  display_float                  
0000d050  display_GB2312_string          
0000d1d2  __TI_frcmpyd                   
0000d344  display_1                      
0000d488  sqrtf                          
0000d5c4  __mspabi_subf                  
0000d5ca  __mspabi_addf                  
0000d6f6  msp_split_q15                  
0000d824  __mspabi_mpyll                 
0000d824  __mspabi_mpyll_sw              
0000d938  __mspabi_mpyf                  
0000d9fc  Timer_A                        
0000dab6  __mspabi_cvtdf                 
0000db6a  __mspabi_fltlid                
0000dc16  display_show_Freq              
0000dcba  __mspabi_divf                  
0000dd56  msp_cmplx_bitrev_q15           
0000dde6  __mspabi_fltuld                
0000de70  PrintNumber                    
0000def4  __TI_decompress_lzss           
0000df70  InitADC                        
0000dfe6  judge_data                     
0000e05a  __mspabi_fixdli                
0000e0cc  initial_lcd                    
0000e136  get_and_write_16x16            
0000e19e  __mspabi_fixfi                 
0000e206  judge_data_Spectrum_diagram    
0000e26c  get_and_write_8x16             
0000e2d0  InitTimer1                     
0000e332  Modulo                         
0000e394  display_start                  
0000e3f2  __mspabi_srll_15               
0000e3f8  __mspabi_srll_14               
0000e3fe  __mspabi_srll_13               
0000e404  __mspabi_srll_12               
0000e40a  __mspabi_srll_11               
0000e410  __mspabi_srll_10               
0000e416  __mspabi_srll_9                
0000e41c  __mspabi_srll_8                
0000e422  __mspabi_srll_7                
0000e428  __mspabi_srll_6                
0000e42e  __mspabi_srll_5                
0000e434  __mspabi_srll_4                
0000e43a  __mspabi_srll_3                
0000e440  __mspabi_srll_2                
0000e446  __mspabi_srll_1                
0000e44e  __mspabi_divul                 
0000e44e  __mspabi_remul                 
0000e4a6  Port1_ISR                      
0000e4f4  __mspabi_srli                  
0000e502  __mspabi_srli_15               
0000e506  __mspabi_srli_14               
0000e50a  __mspabi_srli_13               
0000e50e  __mspabi_srli_12               
0000e512  __mspabi_srli_11               
0000e516  __mspabi_srli_10               
0000e51a  __mspabi_srli_9                
0000e51e  __mspabi_srli_8                
0000e522  __mspabi_srli_7                
0000e526  __mspabi_srli_6                
0000e52a  __mspabi_srli_5                
0000e52e  __mspabi_srli_4                
0000e532  __mspabi_srli_3                
0000e536  __mspabi_srli_2                
0000e53a  __mspabi_srli_1                
0000e540  msp_fft_fixed_q15              
0000e58a  __mspabi_fltlif                
0000e5d4  __mspabi_srlll                 
0000e61a  __mspabi_sllll                 
0000e65e  __TI_auto_init_nobinit_nopinit 
0000e6a0  clear_screen                   
0000e6e0  __mspabi_sral_15               
0000e6e4  __mspabi_sral_14               
0000e6e8  __mspabi_sral_13               
0000e6ec  __mspabi_sral_12               
0000e6f0  __mspabi_sral_11               
0000e6f4  __mspabi_sral_10               
0000e6f8  __mspabi_sral_9                
0000e6fc  __mspabi_sral_8                
0000e700  __mspabi_sral_7                
0000e704  __mspabi_sral_6                
0000e708  __mspabi_sral_5                
0000e70c  __mspabi_sral_4                
0000e710  __mspabi_sral_3                
0000e714  __mspabi_sral_2                
0000e718  __mspabi_sral_1                
0000e71e  __mspabi_slll_15               
0000e722  __mspabi_slll_14               
0000e726  __mspabi_slll_13               
0000e72a  __mspabi_slll_12               
0000e72e  __mspabi_slll_11               
0000e732  __mspabi_slll_10               
0000e736  __mspabi_slll_9                
0000e73a  __mspabi_slll_8                
0000e73e  __mspabi_slll_7                
0000e742  __mspabi_slll_6                
0000e746  __mspabi_slll_5                
0000e74a  __mspabi_slll_4                
0000e74e  __mspabi_slll_3                
0000e752  __mspabi_slll_2                
0000e756  __mspabi_slll_1                
0000e75c  transfer_command_lcd           
0000e798  transfer_data_lcd              
0000e7d4  InitUART                       
0000e80e  display_graphic_64x64          
0000e848  __mspabi_fltif                 
0000e87e  Calculate_Data                 
0000e8b0  Timer_A_IV                     
0000e8e0  judge_y_Spectrum_diagram       
0000e910  Time_Tick                      
0000e96c  ADC_Undersampling              
0000e998  __mspabi_srai                  
0000e9a4  __mspabi_srai_15               
0000e9a6  __mspabi_srai_14               
0000e9a8  __mspabi_srai_13               
0000e9aa  __mspabi_srai_12               
0000e9ac  __mspabi_srai_11               
0000e9ae  __mspabi_srai_10               
0000e9b0  __mspabi_srai_9                
0000e9b2  __mspabi_srai_8                
0000e9b4  __mspabi_srai_7                
0000e9b6  __mspabi_srai_6                
0000e9b8  __mspabi_srai_5                
0000e9ba  __mspabi_srai_4                
0000e9bc  __mspabi_srai_3                
0000e9be  __mspabi_srai_2                
0000e9c0  __mspabi_srai_1                
0000e9c4  __mspabi_divi                  
0000e9c4  __mspabi_remi                  
0000e9f0  __mspabi_slli                  
0000e9fc  __mspabi_slli_15               
0000e9fe  __mspabi_slli_14               
0000ea00  __mspabi_slli_13               
0000ea02  __mspabi_slli_12               
0000ea04  __mspabi_slli_11               
0000ea06  __mspabi_slli_10               
0000ea08  __mspabi_slli_9                
0000ea0a  __mspabi_slli_8                
0000ea0c  __mspabi_slli_7                
0000ea0e  __mspabi_slli_6                
0000ea10  __mspabi_slli_5                
0000ea12  __mspabi_slli_4                
0000ea14  __mspabi_slli_3                
0000ea16  __mspabi_slli_2                
0000ea18  __mspabi_slli_1                
0000ea1c  send_command_to_ROM            
0000ea48  __mspabi_fixdi                 
0000ea70  lcd_address                    
0000ea98  __mspabi_mpyl                  
0000ea98  __mspabi_mpyl_sw               
0000eabe  fft                            
0000eae2  __mspabi_mpyul                 
0000eae2  __mspabi_mpyul_sw              
0000eb04  __mspabi_mpyull                
0000eb04  __mspabi_mpyull_sw             
0000eb22  delay_nms                      
0000eb40  Interrupt                      
0000eb5c  _c_int00_noargs                
0000eb78  GPIO_Init                      
0000eb92  UARTSendString                 
0000ebac  InitSystemClock                
0000ebc4  InitTimer1_wave                
0000ebdc  judge_y                        
0000ebf4  Close_Timer                    
0000ec0a  __mspabi_mpysl                 
0000ec0a  __mspabi_mpysl_sw              
0000ec20  __mspabi_divu                  
0000ec20  __mspabi_remu                  
0000ec36  __mspabi_mpyi                  
0000ec36  __mspabi_mpyi_sw               
0000ec4a  InitTimer0                     
0000ec5c  __TI_decompress_none           
0000ec6e  __mspabi_srll                  
0000ec80  memcpy                         
0000ec92  display_graphic_1x8            
0000eca2  __mspabi_func_epilog_7         
0000eca4  __mspabi_func_epilog_6         
0000eca6  __mspabi_func_epilog_5         
0000eca8  __mspabi_func_epilog_4         
0000ecaa  __mspabi_func_epilog_3         
0000ecac  __mspabi_func_epilog_2         
0000ecae  __mspabi_func_epilog_1         
0000ecb2  StartADCConvert                
0000ecc0  __mspabi_fltid                 
0000eccc  __TI_ISR_TRAP                  
0000ecd4  C$$EXIT                        
0000ecd4  abort                          
0000ecda  _system_pre_init               
0000ecde  _system_post_cinit             
0000ece0  bmp1                           
0000eee0  msp_cmplx_twiddle_table_128_q15
0000efe4  msp_cmplx_bitrev_table_ui8     
0000f1a6  __TI_Handler_Table_Base        
0000f1aa  __TI_CINIT_Base                
0000f1aa  __TI_Handler_Table_Limit       
0000f1ae  __TI_CINIT_Limit               
0000f1ae  __TI_CINIT_Warm                
0000ffe0  __TI_int00                     
0000ffe4  __TI_int02                     
0000ffe6  __TI_int03                     
0000ffea  __TI_int05                     
0000ffec  __TI_int06                     
0000ffee  __TI_int07                     
0000fff0  __TI_int08                     
0000fff2  __TI_int09                     
0000fff4  __TI_int10                     
0000fff6  __TI_int11                     
0000fff8  __TI_int12                     
0000fffa  __TI_int13                     
0000fffc  __TI_int14                     
0000fffe  _reset_vector                  
ffffffff  __TI_pprof_out_hndl            
ffffffff  __TI_prof_data_size            
ffffffff  __TI_prof_data_start           
ffffffff  __c_args__                     

[338 symbols]
