******************************************************************************
            TI ARM Clang Linker PC v4.0.3                      
******************************************************************************
>> Linked Wed Jul 16 20:21:29 2025

OUTPUT FILE NAME:   <RFWBAmpCtrl_MSPM0G3507 copy.out>
ENTRY POINT SYMBOL: "_c_int00_noargs"  address: 00003b25


MEMORY CONFIGURATION

         name            origin    length      used     unused   attr    fill
----------------------  --------  ---------  --------  --------  ----  --------
  FLASH                 00000000   00020000  00004100  0001bf00  R  X
  SRAM                  20200000   00008000  000004b9  00007b47  RW X
  BCR_CONFIG            41c00000   00000080  00000000  00000080  R   
  BSL_CONFIG            41c00100   00000080  00000000  00000080  R   


SEGMENT ALLOCATION MAP

run origin  load origin   length   init length attrs members
----------  ----------- ---------- ----------- ----- -------
00000000    00000000    00004100   00004100    r-x
  00000000    00000000    000000c0   000000c0    r-- .intvecs
  000000c0    000000c0    00003e30   00003e30    r-x .text
  00003ef0    00003ef0    000001d0   000001d0    r-- .rodata
  000040c0    000040c0    00000040   00000040    r-- .cinit
20200000    20200000    000002b9   00000000    rw-
  20200000    20200000    00000200   00000000    rw- .bss
  20200200    20200200    000000b9   00000000    rw- .data
20207e00    20207e00    00000200   00000000    rw-
  20207e00    20207e00    00000200   00000000    rw- .stack


SECTION ALLOCATION MAP

 output                                  attributes/
section   page    origin      length       input sections
--------  ----  ----------  ----------   ----------------
.intvecs   0    00000000    000000c0     
                  00000000    000000c0     startup_mspm0g350x_ticlang.o (.intvecs)

.text      0    000000c0    00003e30     
                  000000c0    000009d0     libc.a : _printfi.c.obj (.text:__TI_printfi)
                  00000a90    0000052c     AD9959.o (.text.AD9959_init)
                  00000fbc    00000360     AD9959.o (.text.AD9959_writeData)
                  0000131c    0000027c     AD9959.o (.text.AD9959_writeDataSlow)
                  00001598    00000220     libc.a : _printfi.c.obj (.text._pconv_a)
                  000017b8    000001dc            : _printfi.c.obj (.text._pconv_g)
                  00001994    000001c8     UserTask.o (.text.get_length)
                  00001b5c    00000192     libclang_rt.builtins.a : adddf3.S.obj (.text.adddf3_subdf3)
                  00001cee    00000002     startup_mspm0g350x_ticlang.o (.text.Default_Handler)
                  00001cf0    00000170     UserADC.o (.text.UserADC0_TASK)
                  00001e60    0000013c     libc.a : _printfi.c.obj (.text.fcvt)
                  00001f9c    00000120            : _printfi.c.obj (.text._pconv_e)
                  000020bc    00000110     driverlib.a : dl_timer.o (.text.DL_Timer_initPWMMode)
                  000021cc    0000010c     libclang_rt.builtins.a : divdf3.S.obj (.text.__divdf3)
                  000022d8    000000ec     driverlib.a : dl_sysctl_mspm0g1x0x_g3x0x.o (.text.DL_SYSCTL_configSYSPLL)
                  000023c4    000000e4     libclang_rt.builtins.a : muldf3.S.obj (.text.__muldf3)
                  000024a8    000000d8     libc.a : s_scalbn.c.obj (.text.scalbn)
                  00002580    000000d8     libclang_rt.builtins.a : addsf3.S.obj (.text)
                  00002658    000000cc     Tick.o (.text.SysTick_Handler)
                  00002724    000000a8     ti_msp_dl_config.o (.text.SYSCFG_DL_GPIO_init)
                  000027cc    000000a4     UserADC.o (.text.ADC0_IRQHandler)
                  00002870    000000a2     libclang_rt.builtins.a : udivmoddi4.S.obj (.text)
                  00002912    0000009a     libc.a : memcpy16.S.obj (.text:memcpy)
                  000029ac    0000008c     libclang_rt.builtins.a : mulsf3.S.obj (.text.__mulsf3)
                  00002a38    00000082                            : divsf3.S.obj (.text.__divsf3)
                  00002aba    00000002                            : aeabi_div0.c.obj (.text.__aeabi_idiv0)
                  00002abc    00000080     ti_msp_dl_config.o (.text.SYSCFG_DL_PWM_LED_RG_init)
                  00002b3c    0000007c     ti_msp_dl_config.o (.text.SYSCFG_DL_initPower)
                  00002bb8    0000007c     libc.a : copy_decompress_lzss.c.obj (.text:decompress:lzss)
                  00002c34    00000074     libclang_rt.builtins.a : comparedf2.c.obj (.text.__gedf2)
                  00002ca8    00000068     ti_msp_dl_config.o (.text.SYSCFG_DL_ADC0_init)
                  00002d10    00000068     libclang_rt.builtins.a : comparedf2.c.obj (.text.__ledf2)
                  00002d78    00000066     libc.a : _printfi.c.obj (.text._mcpy)
                  00002dde    00000002     libclang_rt.builtins.a : aeabi_div0.c.obj (.text.__aeabi_ldiv0)
                  00002de0    00000064     UserADC.o (.text.ADC1_IRQHandler)
                  00002e44    00000064     ti_msp_dl_config.o (.text.SYSCFG_DL_UART_0_init)
                  00002ea8    00000064     ti_msp_dl_config.o (.text.SYSCFG_DL_UART_2_init)
                  00002f0c    00000064     UserUART.o (.text.UART2_printf)
                  00002f70    00000062     libclang_rt.builtins.a : aeabi_dcmp.S.obj (.text.__aeabi_dcmp)
                  00002fd2    00000062     libc.a : memset16.S.obj (.text:memset)
                  00003034    0000005c     ti_msp_dl_config.o (.text.SYSCFG_DL_PWM_GAIN_init)
                  00003090    0000005c     ti_msp_dl_config.o (.text.SYSCFG_DL_PWM_LED_B_init)
                  000030ec    0000005c     ti_msp_dl_config.o (.text.SYSCFG_DL_SYSCTL_init)
                  00003148    0000005c     libc.a : s_frexp.c.obj (.text.frexp)
                  000031a4    00000058            : _ltoa.c.obj (.text.__TI_ltoa)
                  000031fc    00000058            : _printfi.c.obj (.text._pconv_f)
                  00003254    00000056     libclang_rt.builtins.a : aeabi_idivmod.S.obj (.text.__aeabi_idivmod)
                  000032aa    00000052     libc.a : _printfi.c.obj (.text._ecpy)
                  000032fc    0000004c     driverlib.a : dl_adc12.o (.text.DL_ADC12_setClockConfig)
                  00003348    0000004c                 : dl_sysctl_mspm0g1x0x_g3x0x.o (.text.DL_SYSCTL_switchMCLKfromSYSOSCtoHSCLK)
                  00003394    0000004c                 : dl_uart.o (.text.DL_UART_init)
                  000033e0    0000004c     UserADC.o (.text.UserADC_init)
                  0000342c    0000004a     libclang_rt.builtins.a : fixdfsi.S.obj (.text.__fixdfsi)
                  00003476    00000002     --HOLE-- [fill = 0]
                  00003478    00000048     AD9959.o (.text.AD9959_setFreq)
                  000034c0    00000048     ti_msp_dl_config.o (.text.SYSCFG_DL_ADC1_init)
                  00003508    00000044     ti_msp_dl_config.o (.text.SYSCFG_DL_init)
                  0000354c    00000040     driverlib.a : dl_timer.o (.text.DL_Timer_setCaptureCompareOutCtl)
                  0000358c    00000040     libclang_rt.builtins.a : aeabi_uidivmod.S.obj (.text.__aeabi_uidivmod)
                  000035cc    00000040                            : extendsfdf2.S.obj (.text.__extendsfdf2)
                  0000360c    00000040     libc.a : atoi.c.obj (.text.atoi)
                  0000364c    0000003c     driverlib.a : dl_timer.o (.text.DL_Timer_setCaptureCompareCtl)
                  00003688    0000003c     UserUART.o (.text.UART0_IRQHandler)
                  000036c4    0000003c     UserTask.o (.text.UserTask_loop)
                  00003700    0000003c     libclang_rt.builtins.a : floatsisf.S.obj (.text.__floatsisf)
                  0000373c    0000003c     libc.a : autoinit.c.obj (.text:__TI_auto_init_nobinit_nopinit)
                  00003778    0000003a     libclang_rt.builtins.a : muldsi3.S.obj (.text.__muldsi3)
                  000037b2    00000002     --HOLE-- [fill = 0]
                  000037b4    00000038                            : fixsfsi.S.obj (.text.__fixsfsi)
                  000037ec    00000034     driverlib.a : dl_timer.o (.text.DL_Timer_setCaptCompUpdateMethod)
                  00003820    00000034                 : dl_timer.o (.text.DL_Timer_setCaptureCompareAction)
                  00003854    00000034                 : dl_timer.o (.text.DL_Timer_setCaptureCompareInput)
                  00003888    00000034                 : dl_timer.o (.text.DL_Timer_setClockConfig)
                  000038bc    00000032     libclang_rt.builtins.a : fixunssfsi.S.obj (.text.__fixunssfsi)
                  000038ee    00000002     --HOLE-- [fill = 0]
                  000038f0    00000030     Encoder.o (.text.GROUP1_IRQHandler)
                  00003920    00000030     ti_msp_dl_config.o (.text.SYSCFG_DL_SYSTICK_init)
                  00003950    00000030     libc.a : _printfi.c.obj (.text._fcpy)
                  00003980    0000002e     AD9959.o (.text.AD9959_setAmp)
                  000039ae    00000002     --HOLE-- [fill = 0]
                  000039b0    0000002c     driverlib.a : dl_timer.o (.text.DL_Timer_setCaptureCompareValue)
                  000039dc    0000002c     libclang_rt.builtins.a : floatsidf.S.obj (.text.__floatsidf)
                  00003a08    0000002c     libc.a : vsprintf.c.obj (.text.vsprintf)
                  00003a34    00000028     driverlib.a : dl_adc12.o (.text.DL_Common_updateReg)
                  00003a5c    00000028                 : dl_sysctl_mspm0g1x0x_g3x0x.o (.text.DL_Common_updateReg)
                  00003a84    00000028                 : dl_timer.o (.text.DL_Common_updateReg)
                  00003aac    00000028                 : dl_uart.o (.text.DL_Common_updateReg)
                  00003ad4    00000028                 : dl_uart.o (.text.DL_UART_transmitDataBlocking)
                  00003afc    00000028     libclang_rt.builtins.a : floatunsisf.S.obj (.text.__floatunsisf)
                  00003b24    00000028     libc.a : boot_cortex_m.c.obj (.text:_c_int00_noargs)
                  00003b4c    00000026     AD9959.o (.text.AD9959_setPhase)
                  00003b72    00000002     --HOLE-- [fill = 0]
                  00003b74    00000024     driverlib.a : dl_uart.o (.text.DL_UART_setClockConfig)
                  00003b98    00000024     libclang_rt.builtins.a : muldi3.S.obj (.text.__muldi3)
                  00003bbc    00000022     libc.a : memccpy.c.obj (.text.memccpy)
                  00003bde    00000002     --HOLE-- [fill = 0]
                  00003be0    00000020     AD9959.o (.text.AD9959_IOUpdate)
                  00003c00    00000020     driverlib.a : dl_sysctl_mspm0g1x0x_g3x0x.o (.text.DL_CORE_configInstruction)
                  00003c20    00000020                 : dl_timer.o (.text.DL_Timer_setCounterValueAfterEnable)
                  00003c40    00000020     Tick.o (.text.Tick_delay)
                  00003c60    00000020     UserTask.o (.text.UserTask_init)
                  00003c80    0000001e     DDS.o (.text.DDS_singleTone)
                  00003c9e    00000002     --HOLE-- [fill = 0]
                  00003ca0    0000001e     libclang_rt.builtins.a : ashldi3.S.obj (.text.__ashldi3)
                  00003cbe    00000002     --HOLE-- [fill = 0]
                  00003cc0    0000001c     DDS.o (.text.initSweepParam)
                  00003cdc    00000018     driverlib.a : dl_sysctl_mspm0g1x0x_g3x0x.o (.text.DL_SYSCTL_setHSCLKSource)
                  00003cf4    00000018                 : dl_timer.o (.text.DL_Timer_setLoadValue)
                  00003d0c    00000018                 : dl_uart.o (.text.DL_UART_isTXFIFOFull)
                  00003d24    00000018     UI.o (.text.UI)
                  00003d3c    00000018     libc.a : vsprintf.c.obj (.text._outs)
                  00003d54    00000016     driverlib.a : dl_uart.o (.text.DL_UART_disable)
                  00003d6a    00000016                 : dl_uart.o (.text.DL_UART_transmitData)
                  00003d80    00000016     RFWBAmpCtrl_MSPM0G3507.o (.text.main)
                  00003d96    00000016     libc.a : copy_zero_init.c.obj (.text:decompress:ZI:__TI_zero_init_nomemset)
                  00003dac    00000014     driverlib.a : dl_common.o (.text.DL_Common_delayCycles)
                  00003dc0    00000014                 : dl_sysctl_mspm0g1x0x_g3x0x.o (.text.DL_SYSCTL_disableSYSPLL)
                  00003dd4    00000014     libclang_rt.builtins.a : aeabi_uldivmod.S.obj (.text.__aeabi_uldivmod)
                  00003de8    00000014     DDS.o (.text.initSingleToneParam)
                  00003dfc    00000014     libc.a : _printfi.c.obj (.text.strchr)
                  00003e10    00000012            : copy_decompress_none.c.obj (.text:decompress:none)
                  00003e22    00000002     --HOLE-- [fill = 0]
                  00003e24    00000010     driverlib.a : dl_sysctl_mspm0g1x0x_g3x0x.o (.text.DL_CORE_getInstructionConfig)
                  00003e34    00000010     UI.o (.text.UI_init)
                  00003e44    00000010     libc.a : wcslen.c.obj (.text.wcslen)
                  00003e54    0000000e     libclang_rt.builtins.a : aeabi_memset.S.obj (.text.__aeabi_memset)
                  00003e62    0000000e     libc.a : _printfi.c.obj (.text.strlen)
                  00003e70    0000000c     driverlib.a : dl_sysctl_mspm0g1x0x_g3x0x.o (.text.DL_SYSCTL_getClockStatus)
                  00003e7c    0000000c     Encoder.o (.text.ENC_init)
                  00003e88    0000000a     libc.a : _printfi.c.obj (.text.OUTLINED_FUNCTION_0)
                  00003e92    00000002     --HOLE-- [fill = 0]
                  00003e94    00000010     libclang_rt.builtins.a : adddf3.S.obj (.tramp.__aeabi_dsub.1)
                  00003ea4    0000000a     libc.a : _printfi.c.obj (.text.OUTLINED_FUNCTION_1)
                  00003eae    0000000a            : vsprintf.c.obj (.text._outc)
                  00003eb8    00000008     DDS.o (.text.DDS_init)
                  00003ec0    00000008     DDS.o (.text.DDS_update)
                  00003ec8    00000008     libc.a : aeabi_portable.c.obj (.text.__aeabi_errno_addr)
                  00003ed0    00000008     libclang_rt.builtins.a : aeabi_memcpy.S.obj (.text.__aeabi_memcpy)
                  00003ed8    00000006     libc.a : exit.c.obj (.text:abort)
                  00003ede    00000004     libsysbm.a : hostexit.c.obj (.text.HOSTexit)
                  00003ee2    00000004     startup_mspm0g350x_ticlang.o (.text.Reset_Handler)
                  00003ee6    00000004     libc.a : pre_init.c.obj (.text._system_pre_init)
                  00003eea    00000006     --HOLE-- [fill = 0]

.cinit     0    000040c0    00000040     
                  000040c0    00000016     (.cinit..data.load) [load image, compression = lzss]
                  000040d6    00000002     --HOLE-- [fill = 0]
                  000040d8    0000000c     (__TI_handler_table)
                  000040e4    00000008     (.cinit..bss.load) [load image, compression = zero_init]
                  000040ec    00000010     (__TI_cinit_table)
                  000040fc    00000004     --HOLE-- [fill = 0]

.rodata    0    00003ef0    000001d0     
                  00003ef0    00000101     libc.a : aeabi_ctype.S.obj (.rodata:__aeabi_ctype_table_)
                  00003ff1    00000003     ti_msp_dl_config.o (.rodata.gPWM_GAINClockConfig)
                  00003ff4    00000028     ti_msp_dl_config.o (.rodata.gSYSPLLConfig)
                  0000401c    00000014     UI.o (.rodata.str1.168890784950767363.1)
                  00004030    00000011     libc.a : _printfi.c.obj (.rodata.str1.10348868589481759720.1)
                  00004041    00000011            : _printfi.c.obj (.rodata.str1.15363888844622738466.1)
                  00004052    00000002     ti_msp_dl_config.o (.rodata.gUART_0ClockConfig)
                  00004054    00000010     UserTask.o (.rodata.cst16)
                  00004064    0000000d     UI.o (.rodata.str1.14263818253972278985.1)
                  00004071    00000001     --HOLE-- [fill = 0]
                  00004072    0000000a     ti_msp_dl_config.o (.rodata.gUART_0Config)
                  0000407c    0000000a     ti_msp_dl_config.o (.rodata.gUART_2Config)
                  00004086    00000002     ti_msp_dl_config.o (.rodata.gUART_2ClockConfig)
                  00004088    00000008     ti_msp_dl_config.o (.rodata.gADC0ClockConfig)
                  00004090    00000008     ti_msp_dl_config.o (.rodata.gADC1ClockConfig)
                  00004098    00000008     ti_msp_dl_config.o (.rodata.gPWM_GAINConfig)
                  000040a0    00000008     ti_msp_dl_config.o (.rodata.gPWM_LED_BConfig)
                  000040a8    00000008     ti_msp_dl_config.o (.rodata.gPWM_LED_RGConfig)
                  000040b0    00000003     ti_msp_dl_config.o (.rodata.gPWM_LED_BClockConfig)
                  000040b3    00000003     ti_msp_dl_config.o (.rodata.gPWM_LED_RGClockConfig)
                  000040b6    0000000a     --HOLE-- [fill = 0]

.init_array 
*          0    00000000    00000000     UNINITIALIZED

.binit     0    00000000    00000000     

.bss       0    20200000    00000200     UNINITIALIZED
                  20200000    00000100     UserUART.o (.bss.UART2_printf.buf)
                  20200100    00000078     (.common:gPWM_GAINBackup)
                  20200178    00000078     (.common:gPWM_LED_RGBackup)
                  202001f0    00000004     UserADC.o (.bss.sum0)
                  202001f4    00000004     UserADC.o (.bss.sum1)
                  202001f8    00000004     UserADC.o (.bss.sum2)
                  202001fc    00000001     UserADC.o (.bss.ADC0DataValid)
                  202001fd    00000001     UserADC.o (.bss.ADC1DataValid)
                  202001fe    00000001     UserADC.o (.bss.bufIdx)
                  202001ff    00000001     UserADC.o (.bss.sampleCnt)

.data      0    20200200    000000b9     UNINITIALIZED
                  20200200    00000040     UserUART.o (.data.RxData)
                  20200240    00000014     UserADC.o (.data.ADC_recieve0)
                  20200254    00000014     UserADC.o (.data.ADC_recieve1)
                  20200268    00000010     DDS.o (.data.sweep)
                  20200278    0000000a     BTN.o (.data.BTNTick)
                  20200282    00000002     UserADC.o (.data.ADC_recieve2)
                  20200284    00000008     DDS.o (.data.SingleTone)
                  2020028c    00000004     AD9959.o (.data.ACC_FRE_FACTOR)
                  20200290    00000004     Encoder.o (.data.ENCVal)
                  20200294    00000004     Tick.o (.data.Tick)
                  20200298    00000004     libc.a : aeabi_portable.c.obj (.data.__aeabi_errno)
                  2020029c    00000004     UserADC.o (.data.central_freq)
                  202002a0    00000003     AD9959.o (.data.FR1_DATA)
                  202002a3    00000001     Encoder.o (.data.ENCSWTick)
                  202002a4    00000002     UserTask.o (.data.RGBLEDTick)
                  202002a6    00000002     UserTask.o (.data.SweepTick)
                  202002a8    00000002     UserTask.o (.data.UARTTick)
                  202002aa    00000002     UserTask.o (.data.UIInfoTick)
                  202002ac    00000002     UserTask.o (.data.UITick)
                  202002ae    00000002     UserADC.o (.data.indx0)
                  202002b0    00000002     UserADC.o (.data.indx1)
                  202002b2    00000002     UserADC.o (.data.length0)
                  202002b4    00000002     UserADC.o (.data.length1)
                  202002b6    00000001     UserUART.o (.data.RxPos)
                  202002b7    00000001     UserUART.o (.data.corrent_operating)
                  202002b8    00000001     UserTask.o (.data.sweep_number)

.stack     0    20207e00    00000200     UNINITIALIZED
                  20207e00    00000004     libc.a : boot_cortex_m.c.obj (.stack)
                  20207e04    000001fc     --HOLE--

__llvm_prf_cnts 
*          0    20200000    00000000     UNINITIALIZED

__llvm_prf_bits 
*          0    20200000    00000000     UNINITIALIZED

MODULE SUMMARY

       Module                         code    ro data   rw data
       ------                         ----    -------   -------
    .\
       startup_mspm0g350x_ticlang.o   6       192       0      
       RFWBAmpCtrl_MSPM0G3507.o       22      0         0      
    +--+------------------------------+-------+---------+---------+
       Total:                         28      192       0      
                                                               
    .\User\
       AD9959.o                       3012    0         7      
       UserADC.o                      708     0         70     
       UserTask.o                     548     16        11     
       UserUART.o                     160     0         322    
       Tick.o                         236     0         4      
       DDS.o                          94      0         24     
       UI.o                           40      33        0      
       Encoder.o                      60      0         5      
       BTN.o                          0       0         10     
    +--+------------------------------+-------+---------+---------+
       Total:                         4858    49        453    
                                                               
    .\syscfg\
       ti_msp_dl_config.o             1188    113       240    
    +--+------------------------------+-------+---------+---------+
       Total:                         1188    113       240    
                                                               
    C:/ti/mspm0_sdk_2_01_00_03/source/ti/driverlib/lib/ticlang/m0p/mspm0g1x0x_g3x0x/driverlib.a
       dl_timer.o                     744     0         0      
       dl_sysctl_mspm0g1x0x_g3x0x.o   456     0         0      
       dl_uart.o                      260     0         0      
       dl_adc12.o                     116     0         0      
       dl_common.o                    20      0         0      
    +--+------------------------------+-------+---------+---------+
       Total:                         1596    0         0      
                                                               
    C:\ti\ccs2020\ccs\tools\compiler\ti-cgt-armllvm_4.0.3.LTS\lib\armv6m-ti-none-eabi/c/libc.a
       _printfi.c.obj                 4510    34        0      
       aeabi_ctype.S.obj              0       257       0      
       s_scalbn.c.obj                 216     0         0      
       memcpy16.S.obj                 154     0         0      
       copy_decompress_lzss.c.obj     124     0         0      
       memset16.S.obj                 98      0         0      
       s_frexp.c.obj                  92      0         0      
       _ltoa.c.obj                    88      0         0      
       vsprintf.c.obj                 78      0         0      
       atoi.c.obj                     64      0         0      
       autoinit.c.obj                 60      0         0      
       boot_cortex_m.c.obj            40      0         0      
       memccpy.c.obj                  34      0         0      
       copy_zero_init.c.obj           22      0         0      
       copy_decompress_none.c.obj     18      0         0      
       wcslen.c.obj                   16      0         0      
       aeabi_portable.c.obj           8       0         4      
       exit.c.obj                     6       0         0      
       pre_init.c.obj                 4       0         0      
    +--+------------------------------+-------+---------+---------+
       Total:                         5632    291       4      
                                                               
    C:\ti\ccs2020\ccs\tools\compiler\ti-cgt-armllvm_4.0.3.LTS\lib\armv6m-ti-none-eabi/c/libsysbm.a
       hostexit.c.obj                 4       0         0      
    +--+------------------------------+-------+---------+---------+
       Total:                         4       0         0      
                                                               
    C:\ti\ccs2020\ccs\tools\compiler\ti-cgt-armllvm_4.0.3.LTS\lib\armv6m-ti-none-eabi/libclang_rt.builtins.a
       adddf3.S.obj                   418     0         0      
       divdf3.S.obj                   268     0         0      
       muldf3.S.obj                   228     0         0      
       comparedf2.c.obj               220     0         0      
       addsf3.S.obj                   216     0         0      
       udivmoddi4.S.obj               162     0         0      
       mulsf3.S.obj                   140     0         0      
       divsf3.S.obj                   130     0         0      
       aeabi_dcmp.S.obj               98      0         0      
       aeabi_idivmod.S.obj            86      0         0      
       fixdfsi.S.obj                  74      0         0      
       aeabi_uidivmod.S.obj           64      0         0      
       extendsfdf2.S.obj              64      0         0      
       floatsisf.S.obj                60      0         0      
       muldsi3.S.obj                  58      0         0      
       fixsfsi.S.obj                  56      0         0      
       fixunssfsi.S.obj               50      0         0      
       floatsidf.S.obj                44      0         0      
       floatunsisf.S.obj              40      0         0      
       muldi3.S.obj                   36      0         0      
       ashldi3.S.obj                  30      0         0      
       aeabi_uldivmod.S.obj           20      0         0      
       aeabi_memset.S.obj             14      0         0      
       aeabi_memcpy.S.obj             8       0         0      
       aeabi_div0.c.obj               4       0         0      
    +--+------------------------------+-------+---------+---------+
       Total:                         2588    0         0      
                                                               
       Stack:                         0       0         512    
       Linker Generated:              0       58        0      
    +--+------------------------------+-------+---------+---------+
       Grand Total:                   15894   703       1209   


LINKER GENERATED COPY TABLES

__TI_cinit_table @ 000040ec records: 2, size/record: 8, table size: 16
	.data: load addr=000040c0, load size=00000016 bytes, run addr=20200200, run size=000000b9 bytes, compression=lzss
	.bss: load addr=000040e4, load size=00000008 bytes, run addr=20200000, run size=00000200 bytes, compression=zero_init


LINKER GENERATED HANDLER TABLE

__TI_handler_table @ 000040d8 records: 3, size/record: 4, table size: 12
	index: 0, handler: __TI_decompress_lzss
	index: 1, handler: __TI_decompress_none
	index: 2, handler: __TI_zero_init


FAR CALL TRAMPOLINES

callee name               trampoline name
   callee addr  tramp addr   call addr  call info
--------------  -----------  ---------  ----------------
__aeabi_dsub              $Tramp$TT$L$PI$$__aeabi_dsub
   00001b5d     00003e94     00003e90   libc.a : _printfi.c.obj (.text.OUTLINED_FUNCTION_0)

[1 trampolines]
[1 trampoline calls]


GLOBAL SYMBOLS: SORTED ALPHABETICALLY BY Name 

address   name                                 
-------   ----                                 
2020028c  ACC_FRE_FACTOR                       
00003be1  AD9959_IOUpdate                      
00000a91  AD9959_init                          
00003981  AD9959_setAmp                        
00003479  AD9959_setFreq                       
00003b4d  AD9959_setPhase                      
00000fbd  AD9959_writeData                     
0000131d  AD9959_writeDataSlow                 
000027cd  ADC0_IRQHandler                      
00002de1  ADC1_IRQHandler                      
20200240  ADC_recieve0                         
20200254  ADC_recieve1                         
20200282  ADC_recieve2                         
00001cef  AES_IRQHandler                       
20200278  BTNTick                              
00003ede  C$$EXIT                              
00001cef  CANFD0_IRQHandler                    
00001cef  DAC0_IRQHandler                      
00003eb9  DDS_init                             
00003c81  DDS_singleTone                       
00003ec1  DDS_update                           
000032fd  DL_ADC12_setClockConfig              
00003dad  DL_Common_delayCycles                
000022d9  DL_SYSCTL_configSYSPLL               
00003349  DL_SYSCTL_switchMCLKfromSYSOSCtoHSCLK
000020bd  DL_Timer_initPWMMode                 
000037ed  DL_Timer_setCaptCompUpdateMethod     
00003821  DL_Timer_setCaptureCompareAction     
0000364d  DL_Timer_setCaptureCompareCtl        
00003855  DL_Timer_setCaptureCompareInput      
0000354d  DL_Timer_setCaptureCompareOutCtl     
000039b1  DL_Timer_setCaptureCompareValue      
00003889  DL_Timer_setClockConfig              
00003395  DL_UART_init                         
00003b75  DL_UART_setClockConfig               
00003ad5  DL_UART_transmitDataBlocking         
00001cef  DMA_IRQHandler                       
00001cef  Default_Handler                      
202002a3  ENCSWTick                            
20200290  ENCVal                               
00003e7d  ENC_init                             
202002a0  FR1_DATA                             
00001cef  GROUP0_IRQHandler                    
000038f1  GROUP1_IRQHandler                    
00003edf  HOSTexit                             
00001cef  HardFault_Handler                    
00001cef  I2C0_IRQHandler                      
00001cef  I2C1_IRQHandler                      
00001cef  NMI_Handler                          
00001cef  PendSV_Handler                       
202002a4  RGBLEDTick                           
00001cef  RTC_IRQHandler                       
00003ee3  Reset_Handler                        
20200200  RxData                               
202002b6  RxPos                                
00001cef  SPI0_IRQHandler                      
00001cef  SPI1_IRQHandler                      
00001cef  SVC_Handler                          
00002ca9  SYSCFG_DL_ADC0_init                  
000034c1  SYSCFG_DL_ADC1_init                  
00002725  SYSCFG_DL_GPIO_init                  
00003035  SYSCFG_DL_PWM_GAIN_init              
00003091  SYSCFG_DL_PWM_LED_B_init             
00002abd  SYSCFG_DL_PWM_LED_RG_init            
000030ed  SYSCFG_DL_SYSCTL_init                
00003921  SYSCFG_DL_SYSTICK_init               
00002e45  SYSCFG_DL_UART_0_init                
00002ea9  SYSCFG_DL_UART_2_init                
00003509  SYSCFG_DL_init                       
00002b3d  SYSCFG_DL_initPower                  
20200284  SingleTone                           
202002a6  SweepTick                            
00002659  SysTick_Handler                      
00001cef  TIMA0_IRQHandler                     
00001cef  TIMA1_IRQHandler                     
00001cef  TIMG0_IRQHandler                     
00001cef  TIMG12_IRQHandler                    
00001cef  TIMG6_IRQHandler                     
00001cef  TIMG7_IRQHandler                     
00001cef  TIMG8_IRQHandler                     
20200294  Tick                                 
00003c41  Tick_delay                           
00003689  UART0_IRQHandler                     
00001cef  UART1_IRQHandler                     
00001cef  UART2_IRQHandler                     
00002f0d  UART2_printf                         
00001cef  UART3_IRQHandler                     
202002a8  UARTTick                             
00003d25  UI                                   
202002aa  UIInfoTick                           
202002ac  UITick                               
00003e35  UI_init                              
00001cf1  UserADC0_TASK                        
000033e1  UserADC_init                         
00003c61  UserTask_init                        
000036c5  UserTask_loop                        
20208000  __STACK_END                          
00000200  __STACK_SIZE                         
00000000  __TI_ATRegion0_region_sz             
00000000  __TI_ATRegion0_src_addr              
00000000  __TI_ATRegion0_trg_addr              
00000000  __TI_ATRegion1_region_sz             
00000000  __TI_ATRegion1_src_addr              
00000000  __TI_ATRegion1_trg_addr              
00000000  __TI_ATRegion2_region_sz             
00000000  __TI_ATRegion2_src_addr              
00000000  __TI_ATRegion2_trg_addr              
000040ec  __TI_CINIT_Base                      
000040fc  __TI_CINIT_Limit                     
000040fc  __TI_CINIT_Warm                      
000040d8  __TI_Handler_Table_Base              
000040e4  __TI_Handler_Table_Limit             
0000373d  __TI_auto_init_nobinit_nopinit       
00002bb9  __TI_decompress_lzss                 
00003e11  __TI_decompress_none                 
000031a5  __TI_ltoa                            
ffffffff  __TI_pprof_out_hndl                  
000000c1  __TI_printfi                         
ffffffff  __TI_prof_data_size                  
ffffffff  __TI_prof_data_start                 
00000000  __TI_static_base__                   
00003d97  __TI_zero_init_nomemset              
00001b67  __adddf3                             
0000258b  __addsf3                             
00003ef0  __aeabi_ctype_table_                 
00003ef0  __aeabi_ctype_table_C                
0000342d  __aeabi_d2iz                         
00001b67  __aeabi_dadd                         
00002f71  __aeabi_dcmpeq                       
00002fad  __aeabi_dcmpge                       
00002fc1  __aeabi_dcmpgt                       
00002f99  __aeabi_dcmple                       
00002f85  __aeabi_dcmplt                       
000021cd  __aeabi_ddiv                         
000023c5  __aeabi_dmul                         
00001b5d  __aeabi_dsub                         
20200298  __aeabi_errno                        
00003ec9  __aeabi_errno_addr                   
000035cd  __aeabi_f2d                          
000037b5  __aeabi_f2iz                         
000038bd  __aeabi_f2uiz                        
0000258b  __aeabi_fadd                         
00002a39  __aeabi_fdiv                         
000029ad  __aeabi_fmul                         
00002581  __aeabi_fsub                         
000039dd  __aeabi_i2d                          
00003701  __aeabi_i2f                          
00003255  __aeabi_idiv                         
00002abb  __aeabi_idiv0                        
00003255  __aeabi_idivmod                      
00002ddf  __aeabi_ldiv0                        
00003ca1  __aeabi_llsl                         
00003b99  __aeabi_lmul                         
00003ed1  __aeabi_memcpy                       
00003ed1  __aeabi_memcpy4                      
00003ed1  __aeabi_memcpy8                      
00003e55  __aeabi_memset                       
00003e55  __aeabi_memset4                      
00003e55  __aeabi_memset8                      
00003afd  __aeabi_ui2f                         
0000358d  __aeabi_uidiv                        
0000358d  __aeabi_uidivmod                     
00003dd5  __aeabi_uldivmod                     
00003ca1  __ashldi3                            
ffffffff  __binit__                            
00002d11  __cmpdf2                             
000021cd  __divdf3                             
00002a39  __divsf3                             
00002d11  __eqdf2                              
000035cd  __extendsfdf2                        
0000342d  __fixdfsi                            
000037b5  __fixsfsi                            
000038bd  __fixunssfsi                         
000039dd  __floatsidf                          
00003701  __floatsisf                          
00003afd  __floatunsisf                        
00002c35  __gedf2                              
00002c35  __gtdf2                              
00002d11  __ledf2                              
00002d11  __ltdf2                              
UNDEFED   __mpu_init                           
000023c5  __muldf3                             
00003b99  __muldi3                             
00003779  __muldsi3                            
000029ad  __mulsf3                             
00002d11  __nedf2                              
20207e00  __stack                              
20200000  __start___llvm_prf_bits              
20200000  __start___llvm_prf_cnts              
20200000  __stop___llvm_prf_bits               
20200000  __stop___llvm_prf_cnts               
00001b5d  __subdf3                             
00002581  __subsf3                             
00002871  __udivmoddi4                         
00003b25  _c_int00_noargs                      
UNDEFED   _system_post_cinit                   
00003ee7  _system_pre_init                     
00003ed9  abort                                
0000360d  atoi                                 
ffffffff  binit                                
2020029c  central_freq                         
202002b7  corrent_operating                    
00003149  frexp                                
00003149  frexpl                               
20200100  gPWM_GAINBackup                      
20200178  gPWM_LED_RGBackup                    
00001995  get_length                           
202002ae  indx0                                
202002b0  indx1                                
00003de9  initSingleToneParam                  
00003cc1  initSweepParam                       
00000000  interruptVectors                     
000024a9  ldexp                                
000024a9  ldexpl                               
202002b2  length0                              
202002b4  length1                              
00003d81  main                                 
00003bbd  memccpy                              
00002913  memcpy                               
00002fd3  memset                               
000024a9  scalbn                               
000024a9  scalbnl                              
20200268  sweep                                
202002b8  sweep_number                         
00003a09  vsprintf                             
00003e45  wcslen                               


GLOBAL SYMBOLS: SORTED BY Symbol Address 

address   name                                 
-------   ----                                 
00000000  __TI_ATRegion0_region_sz             
00000000  __TI_ATRegion0_src_addr              
00000000  __TI_ATRegion0_trg_addr              
00000000  __TI_ATRegion1_region_sz             
00000000  __TI_ATRegion1_src_addr              
00000000  __TI_ATRegion1_trg_addr              
00000000  __TI_ATRegion2_region_sz             
00000000  __TI_ATRegion2_src_addr              
00000000  __TI_ATRegion2_trg_addr              
00000000  __TI_static_base__                   
00000000  interruptVectors                     
000000c1  __TI_printfi                         
00000200  __STACK_SIZE                         
00000a91  AD9959_init                          
00000fbd  AD9959_writeData                     
0000131d  AD9959_writeDataSlow                 
00001995  get_length                           
00001b5d  __aeabi_dsub                         
00001b5d  __subdf3                             
00001b67  __adddf3                             
00001b67  __aeabi_dadd                         
00001cef  AES_IRQHandler                       
00001cef  CANFD0_IRQHandler                    
00001cef  DAC0_IRQHandler                      
00001cef  DMA_IRQHandler                       
00001cef  Default_Handler                      
00001cef  GROUP0_IRQHandler                    
00001cef  HardFault_Handler                    
00001cef  I2C0_IRQHandler                      
00001cef  I2C1_IRQHandler                      
00001cef  NMI_Handler                          
00001cef  PendSV_Handler                       
00001cef  RTC_IRQHandler                       
00001cef  SPI0_IRQHandler                      
00001cef  SPI1_IRQHandler                      
00001cef  SVC_Handler                          
00001cef  TIMA0_IRQHandler                     
00001cef  TIMA1_IRQHandler                     
00001cef  TIMG0_IRQHandler                     
00001cef  TIMG12_IRQHandler                    
00001cef  TIMG6_IRQHandler                     
00001cef  TIMG7_IRQHandler                     
00001cef  TIMG8_IRQHandler                     
00001cef  UART1_IRQHandler                     
00001cef  UART2_IRQHandler                     
00001cef  UART3_IRQHandler                     
00001cf1  UserADC0_TASK                        
000020bd  DL_Timer_initPWMMode                 
000021cd  __aeabi_ddiv                         
000021cd  __divdf3                             
000022d9  DL_SYSCTL_configSYSPLL               
000023c5  __aeabi_dmul                         
000023c5  __muldf3                             
000024a9  ldexp                                
000024a9  ldexpl                               
000024a9  scalbn                               
000024a9  scalbnl                              
00002581  __aeabi_fsub                         
00002581  __subsf3                             
0000258b  __addsf3                             
0000258b  __aeabi_fadd                         
00002659  SysTick_Handler                      
00002725  SYSCFG_DL_GPIO_init                  
000027cd  ADC0_IRQHandler                      
00002871  __udivmoddi4                         
00002913  memcpy                               
000029ad  __aeabi_fmul                         
000029ad  __mulsf3                             
00002a39  __aeabi_fdiv                         
00002a39  __divsf3                             
00002abb  __aeabi_idiv0                        
00002abd  SYSCFG_DL_PWM_LED_RG_init            
00002b3d  SYSCFG_DL_initPower                  
00002bb9  __TI_decompress_lzss                 
00002c35  __gedf2                              
00002c35  __gtdf2                              
00002ca9  SYSCFG_DL_ADC0_init                  
00002d11  __cmpdf2                             
00002d11  __eqdf2                              
00002d11  __ledf2                              
00002d11  __ltdf2                              
00002d11  __nedf2                              
00002ddf  __aeabi_ldiv0                        
00002de1  ADC1_IRQHandler                      
00002e45  SYSCFG_DL_UART_0_init                
00002ea9  SYSCFG_DL_UART_2_init                
00002f0d  UART2_printf                         
00002f71  __aeabi_dcmpeq                       
00002f85  __aeabi_dcmplt                       
00002f99  __aeabi_dcmple                       
00002fad  __aeabi_dcmpge                       
00002fc1  __aeabi_dcmpgt                       
00002fd3  memset                               
00003035  SYSCFG_DL_PWM_GAIN_init              
00003091  SYSCFG_DL_PWM_LED_B_init             
000030ed  SYSCFG_DL_SYSCTL_init                
00003149  frexp                                
00003149  frexpl                               
000031a5  __TI_ltoa                            
00003255  __aeabi_idiv                         
00003255  __aeabi_idivmod                      
000032fd  DL_ADC12_setClockConfig              
00003349  DL_SYSCTL_switchMCLKfromSYSOSCtoHSCLK
00003395  DL_UART_init                         
000033e1  UserADC_init                         
0000342d  __aeabi_d2iz                         
0000342d  __fixdfsi                            
00003479  AD9959_setFreq                       
000034c1  SYSCFG_DL_ADC1_init                  
00003509  SYSCFG_DL_init                       
0000354d  DL_Timer_setCaptureCompareOutCtl     
0000358d  __aeabi_uidiv                        
0000358d  __aeabi_uidivmod                     
000035cd  __aeabi_f2d                          
000035cd  __extendsfdf2                        
0000360d  atoi                                 
0000364d  DL_Timer_setCaptureCompareCtl        
00003689  UART0_IRQHandler                     
000036c5  UserTask_loop                        
00003701  __aeabi_i2f                          
00003701  __floatsisf                          
0000373d  __TI_auto_init_nobinit_nopinit       
00003779  __muldsi3                            
000037b5  __aeabi_f2iz                         
000037b5  __fixsfsi                            
000037ed  DL_Timer_setCaptCompUpdateMethod     
00003821  DL_Timer_setCaptureCompareAction     
00003855  DL_Timer_setCaptureCompareInput      
00003889  DL_Timer_setClockConfig              
000038bd  __aeabi_f2uiz                        
000038bd  __fixunssfsi                         
000038f1  GROUP1_IRQHandler                    
00003921  SYSCFG_DL_SYSTICK_init               
00003981  AD9959_setAmp                        
000039b1  DL_Timer_setCaptureCompareValue      
000039dd  __aeabi_i2d                          
000039dd  __floatsidf                          
00003a09  vsprintf                             
00003ad5  DL_UART_transmitDataBlocking         
00003afd  __aeabi_ui2f                         
00003afd  __floatunsisf                        
00003b25  _c_int00_noargs                      
00003b4d  AD9959_setPhase                      
00003b75  DL_UART_setClockConfig               
00003b99  __aeabi_lmul                         
00003b99  __muldi3                             
00003bbd  memccpy                              
00003be1  AD9959_IOUpdate                      
00003c41  Tick_delay                           
00003c61  UserTask_init                        
00003c81  DDS_singleTone                       
00003ca1  __aeabi_llsl                         
00003ca1  __ashldi3                            
00003cc1  initSweepParam                       
00003d25  UI                                   
00003d81  main                                 
00003d97  __TI_zero_init_nomemset              
00003dad  DL_Common_delayCycles                
00003dd5  __aeabi_uldivmod                     
00003de9  initSingleToneParam                  
00003e11  __TI_decompress_none                 
00003e35  UI_init                              
00003e45  wcslen                               
00003e55  __aeabi_memset                       
00003e55  __aeabi_memset4                      
00003e55  __aeabi_memset8                      
00003e7d  ENC_init                             
00003eb9  DDS_init                             
00003ec1  DDS_update                           
00003ec9  __aeabi_errno_addr                   
00003ed1  __aeabi_memcpy                       
00003ed1  __aeabi_memcpy4                      
00003ed1  __aeabi_memcpy8                      
00003ed9  abort                                
00003ede  C$$EXIT                              
00003edf  HOSTexit                             
00003ee3  Reset_Handler                        
00003ee7  _system_pre_init                     
00003ef0  __aeabi_ctype_table_                 
00003ef0  __aeabi_ctype_table_C                
000040d8  __TI_Handler_Table_Base              
000040e4  __TI_Handler_Table_Limit             
000040ec  __TI_CINIT_Base                      
000040fc  __TI_CINIT_Limit                     
000040fc  __TI_CINIT_Warm                      
20200000  __start___llvm_prf_bits              
20200000  __start___llvm_prf_cnts              
20200000  __stop___llvm_prf_bits               
20200000  __stop___llvm_prf_cnts               
20200100  gPWM_GAINBackup                      
20200178  gPWM_LED_RGBackup                    
20200200  RxData                               
20200240  ADC_recieve0                         
20200254  ADC_recieve1                         
20200268  sweep                                
20200278  BTNTick                              
20200282  ADC_recieve2                         
20200284  SingleTone                           
2020028c  ACC_FRE_FACTOR                       
20200290  ENCVal                               
20200294  Tick                                 
20200298  __aeabi_errno                        
2020029c  central_freq                         
202002a0  FR1_DATA                             
202002a3  ENCSWTick                            
202002a4  RGBLEDTick                           
202002a6  SweepTick                            
202002a8  UARTTick                             
202002aa  UIInfoTick                           
202002ac  UITick                               
202002ae  indx0                                
202002b0  indx1                                
202002b2  length0                              
202002b4  length1                              
202002b6  RxPos                                
202002b7  corrent_operating                    
202002b8  sweep_number                         
20207e00  __stack                              
20208000  __STACK_END                          
ffffffff  __TI_pprof_out_hndl                  
ffffffff  __TI_prof_data_size                  
ffffffff  __TI_prof_data_start                 
ffffffff  __binit__                            
ffffffff  binit                                
UNDEFED   __mpu_init                           
UNDEFED   _system_post_cinit                   

[226 symbols]
