******************************************************************************
            TI ARM Clang Linker PC v4.0.3                      
******************************************************************************
>> Linked Thu Jul 17 15:28:57 2025

OUTPUT FILE NAME:   <MSPM0G3507_AD9959DDSCtrl_Demo.out>
ENTRY POINT SYMBOL: "_c_int00_noargs"  address: 00001479


MEMORY CONFIGURATION

         name            origin    length      used     unused   attr    fill
----------------------  --------  ---------  --------  --------  ----  --------
  FLASH                 00000000   00020000  00001660  0001e9a0  R  X
  SRAM                  20200000   00008000  00000282  00007d7e  RW X
  BCR_CONFIG            41c00000   00000080  00000000  00000080  R   
  BSL_CONFIG            41c00100   00000080  00000000  00000080  R   


SEGMENT ALLOCATION MAP

run origin  load origin   length   init length attrs members
----------  ----------- ---------- ----------- ----- -------
00000000    00000000    00001660   00001660    r-x
  00000000    00000000    000000c0   000000c0    r-- .intvecs
  000000c0    000000c0    00001550   00001550    r-x .text
  00001610    00001610    00000028   00000028    r-- .rodata
  00001638    00001638    00000028   00000028    r-- .cinit
20200000    20200000    00000082   00000000    rw-
  20200000    20200000    00000082   00000000    rw- .data
20207e00    20207e00    00000200   00000000    rw-
  20207e00    20207e00    00000200   00000000    rw- .stack


SECTION ALLOCATION MAP

 output                                  attributes/
section   page    origin      length       input sections
--------  ----  ----------  ----------   ----------------
.intvecs   0    00000000    000000c0     
                  00000000    000000c0     startup_mspm0g350x_ticlang.o (.intvecs)

.text      0    000000c0    00001550     
                  000000c0    0000052c     AD9959.o (.text.AD9959_init)
                  000005ec    00000360     AD9959.o (.text.AD9959_writeData)
                  0000094c    0000027c     AD9959.o (.text.AD9959_writeDataSlow)
                  00000bc8    000000ec     driverlib.a : dl_sysctl_mspm0g1x0x_g3x0x.o (.text.DL_SYSCTL_configSYSPLL)
                  00000cb4    000000d8     libclang_rt.builtins.a : addsf3.S.obj (.text)
                  00000d8c    000000a8     UserTask.o (.text.UserTask_init)
                  00000e34    0000009a     libc.a : memcpy16.S.obj (.text:memcpy)
                  00000ece    00000002     startup_mspm0g350x_ticlang.o (.text.Default_Handler)
                  00000ed0    0000008c     libclang_rt.builtins.a : mulsf3.S.obj (.text.__mulsf3)
                  00000f5c    00000088     DDS.o (.text.DDS_sweep)
                  00000fe4    0000007c     libc.a : copy_decompress_lzss.c.obj (.text:decompress:lzss)
                  00001060    00000062     libclang_rt.builtins.a : aeabi_fcmp.S.obj (.text.__aeabi_fcmp)
                  000010c2    00000002                            : aeabi_div0.c.obj (.text.__aeabi_idiv0)
                  000010c4    0000005c     ti_msp_dl_config.o (.text.SYSCFG_DL_SYSCTL_init)
                  00001120    0000004c     driverlib.a : dl_sysctl_mspm0g1x0x_g3x0x.o (.text.DL_SYSCTL_switchMCLKfromSYSOSCtoHSCLK)
                  0000116c    00000048     AD9959.o (.text.AD9959_setFreq)
                  000011b4    00000040     libclang_rt.builtins.a : aeabi_uidivmod.S.obj (.text.__aeabi_uidivmod)
                  000011f4    0000003c     UserTask.o (.text.UserTask_loop)
                  00001230    0000003c     libclang_rt.builtins.a : comparesf2.S.obj (.text.__gtsf2)
                  0000126c    0000003c     libc.a : autoinit.c.obj (.text:__TI_auto_init_nobinit_nopinit)
                  000012a8    0000003a     libclang_rt.builtins.a : comparesf2.S.obj (.text.__eqsf2)
                  000012e2    00000002     --HOLE-- [fill = 0]
                  000012e4    0000003a                            : muldsi3.S.obj (.text.__muldsi3)
                  0000131e    00000002     --HOLE-- [fill = 0]
                  00001320    00000038     ti_msp_dl_config.o (.text.SYSCFG_DL_GPIO_init)
                  00001358    00000038     libclang_rt.builtins.a : fixsfsi.S.obj (.text.__fixsfsi)
                  00001390    00000032                            : fixunssfsi.S.obj (.text.__fixunssfsi)
                  000013c2    00000002     --HOLE-- [fill = 0]
                  000013c4    00000030     ti_msp_dl_config.o (.text.SYSCFG_DL_SYSTICK_init)
                  000013f4    0000002e     AD9959.o (.text.AD9959_setAmp)
                  00001422    00000002     --HOLE-- [fill = 0]
                  00001424    0000002c     ti_msp_dl_config.o (.text.SYSCFG_DL_initPower)
                  00001450    00000028     driverlib.a : dl_sysctl_mspm0g1x0x_g3x0x.o (.text.DL_Common_updateReg)
                  00001478    00000028     libc.a : boot_cortex_m.c.obj (.text:_c_int00_noargs)
                  000014a0    00000026     AD9959.o (.text.AD9959_setPhase)
                  000014c6    00000024     DDS.o (.text.DDS_initSweep)
                  000014ea    00000002     --HOLE-- [fill = 0]
                  000014ec    00000020     AD9959.o (.text.AD9959_IOUpdate)
                  0000150c    00000020     driverlib.a : dl_sysctl_mspm0g1x0x_g3x0x.o (.text.DL_CORE_configInstruction)
                  0000152c    0000001c     Tick.o (.text.SysTick_Handler)
                  00001548    00000018     driverlib.a : dl_sysctl_mspm0g1x0x_g3x0x.o (.text.DL_SYSCTL_setHSCLKSource)
                  00001560    00000016     MSPM0G3507_AD9959DDSCtrl_Demo.o (.text.main)
                  00001576    00000014     driverlib.a : dl_common.o (.text.DL_Common_delayCycles)
                  0000158a    00000002     --HOLE-- [fill = 0]
                  0000158c    00000014                 : dl_sysctl_mspm0g1x0x_g3x0x.o (.text.DL_SYSCTL_disableSYSPLL)
                  000015a0    00000014     ti_msp_dl_config.o (.text.SYSCFG_DL_init)
                  000015b4    00000012     libc.a : copy_decompress_none.c.obj (.text:decompress:none)
                  000015c6    00000002     --HOLE-- [fill = 0]
                  000015c8    00000010     driverlib.a : dl_sysctl_mspm0g1x0x_g3x0x.o (.text.DL_CORE_getInstructionConfig)
                  000015d8    0000000c                 : dl_sysctl_mspm0g1x0x_g3x0x.o (.text.DL_SYSCTL_getClockStatus)
                  000015e4    00000008     DDS.o (.text.DDS_init)
                  000015ec    00000008     DDS.o (.text.DDS_update)
                  000015f4    00000008     libclang_rt.builtins.a : aeabi_memcpy.S.obj (.text.__aeabi_memcpy)
                  000015fc    00000006     libc.a : exit.c.obj (.text:abort)
                  00001602    00000004     libsysbm.a : hostexit.c.obj (.text.HOSTexit)
                  00001606    00000004     startup_mspm0g350x_ticlang.o (.text.Reset_Handler)
                  0000160a    00000004     libc.a : pre_init.c.obj (.text._system_pre_init)
                  0000160e    00000002     --HOLE-- [fill = 0]

.cinit     0    00001638    00000028     
                  00001638    00000012     (.cinit..data.load) [load image, compression = lzss]
                  0000164a    00000002     --HOLE-- [fill = 0]
                  0000164c    00000008     (__TI_handler_table)
                  00001654    00000008     (__TI_cinit_table)
                  0000165c    00000004     --HOLE-- [fill = 0]

.rodata    0    00001610    00000028     
                  00001610    00000028     ti_msp_dl_config.o (.rodata.gSYSPLLConfig)

.init_array 
*          0    00000000    00000000     UNINITIALIZED

.binit     0    00000000    00000000     

.data      0    20200000    00000082     UNINITIALIZED
                  20200000    00000054     UserTask.o (.data.Sweep)
                  20200054    00000020     UserTask.o (.data.SingleTone)
                  20200074    00000004     AD9959.o (.data.ACC_FRE_FACTOR)
                  20200078    00000004     Tick.o (.data.Tick)
                  2020007c    00000003     AD9959.o (.data.FR1_DATA)
                  2020007f    00000001     --HOLE--
                  20200080    00000002     UserTask.o (.data.SweepTick)

.stack     0    20207e00    00000200     UNINITIALIZED
                  20207e00    00000004     libc.a : boot_cortex_m.c.obj (.stack)
                  20207e04    000001fc     --HOLE--

__llvm_prf_cnts 
*          0    20200000    00000000     UNINITIALIZED

__llvm_prf_bits 
*          0    20200000    00000000     UNINITIALIZED

MODULE SUMMARY

       Module                            code   ro data   rw data
       ------                            ----   -------   -------
    .\
       startup_mspm0g350x_ticlang.o      6      192       0      
       MSPM0G3507_AD9959DDSCtrl_Demo.o   22     0         0      
    +--+---------------------------------+------+---------+---------+
       Total:                            28     192       0      
                                                                 
    .\User\
       AD9959.o                          3012   0         7      
       UserTask.o                        228    0         118    
       DDS.o                             188    0         0      
       Tick.o                            28     0         4      
    +--+---------------------------------+------+---------+---------+
       Total:                            3456   0         129    
                                                                 
    .\syscfg\
       ti_msp_dl_config.o                260    40        0      
    +--+---------------------------------+------+---------+---------+
       Total:                            260    40        0      
                                                                 
    C:/ti/mspm0_sdk_2_01_00_03/source/ti/driverlib/lib/ticlang/m0p/mspm0g1x0x_g3x0x/driverlib.a
       dl_sysctl_mspm0g1x0x_g3x0x.o      456    0         0      
       dl_common.o                       20     0         0      
    +--+---------------------------------+------+---------+---------+
       Total:                            476    0         0      
                                                                 
    C:\ti\ccs2020\ccs\tools\compiler\ti-cgt-armllvm_4.0.3.LTS\lib\armv6m-ti-none-eabi/c/libc.a
       memcpy16.S.obj                    154    0         0      
       copy_decompress_lzss.c.obj        124    0         0      
       autoinit.c.obj                    60     0         0      
       boot_cortex_m.c.obj               40     0         0      
       copy_decompress_none.c.obj        18     0         0      
       exit.c.obj                        6      0         0      
       pre_init.c.obj                    4      0         0      
    +--+---------------------------------+------+---------+---------+
       Total:                            406    0         0      
                                                                 
    C:\ti\ccs2020\ccs\tools\compiler\ti-cgt-armllvm_4.0.3.LTS\lib\armv6m-ti-none-eabi/c/libsysbm.a
       hostexit.c.obj                    4      0         0      
    +--+---------------------------------+------+---------+---------+
       Total:                            4      0         0      
                                                                 
    C:\ti\ccs2020\ccs\tools\compiler\ti-cgt-armllvm_4.0.3.LTS\lib\armv6m-ti-none-eabi/libclang_rt.builtins.a
       addsf3.S.obj                      216    0         0      
       mulsf3.S.obj                      140    0         0      
       comparesf2.S.obj                  118    0         0      
       aeabi_fcmp.S.obj                  98     0         0      
       aeabi_uidivmod.S.obj              64     0         0      
       muldsi3.S.obj                     58     0         0      
       fixsfsi.S.obj                     56     0         0      
       fixunssfsi.S.obj                  50     0         0      
       aeabi_memcpy.S.obj                8      0         0      
       aeabi_div0.c.obj                  2      0         0      
    +--+---------------------------------+------+---------+---------+
       Total:                            810    0         0      
                                                                 
       Stack:                            0      0         512    
       Linker Generated:                 0      34        0      
    +--+---------------------------------+------+---------+---------+
       Grand Total:                      5440   266       641    


LINKER GENERATED COPY TABLES

__TI_cinit_table @ 00001654 records: 1, size/record: 8, table size: 8
	.data: load addr=00001638, load size=00000012 bytes, run addr=20200000, run size=00000082 bytes, compression=lzss


LINKER GENERATED HANDLER TABLE

__TI_handler_table @ 0000164c records: 2, size/record: 4, table size: 8
	index: 0, handler: __TI_decompress_lzss
	index: 1, handler: __TI_decompress_none


GLOBAL SYMBOLS: SORTED ALPHABETICALLY BY Name 

address   name                                 
-------   ----                                 
20200074  ACC_FRE_FACTOR                       
000014ed  AD9959_IOUpdate                      
000000c1  AD9959_init                          
000013f5  AD9959_setAmp                        
0000116d  AD9959_setFreq                       
000014a1  AD9959_setPhase                      
000005ed  AD9959_writeData                     
0000094d  AD9959_writeDataSlow                 
00000ecf  ADC0_IRQHandler                      
00000ecf  ADC1_IRQHandler                      
00000ecf  AES_IRQHandler                       
00001602  C$$EXIT                              
00000ecf  CANFD0_IRQHandler                    
00000ecf  DAC0_IRQHandler                      
000015e5  DDS_init                             
000014c7  DDS_initSweep                        
00000f5d  DDS_sweep                            
000015ed  DDS_update                           
00001577  DL_Common_delayCycles                
00000bc9  DL_SYSCTL_configSYSPLL               
00001121  DL_SYSCTL_switchMCLKfromSYSOSCtoHSCLK
00000ecf  DMA_IRQHandler                       
00000ecf  Default_Handler                      
2020007c  FR1_DATA                             
00000ecf  GROUP0_IRQHandler                    
00000ecf  GROUP1_IRQHandler                    
00001603  HOSTexit                             
00000ecf  HardFault_Handler                    
00000ecf  I2C0_IRQHandler                      
00000ecf  I2C1_IRQHandler                      
00000ecf  NMI_Handler                          
00000ecf  PendSV_Handler                       
00000ecf  RTC_IRQHandler                       
00001607  Reset_Handler                        
00000ecf  SPI0_IRQHandler                      
00000ecf  SPI1_IRQHandler                      
00000ecf  SVC_Handler                          
00001321  SYSCFG_DL_GPIO_init                  
000010c5  SYSCFG_DL_SYSCTL_init                
000013c5  SYSCFG_DL_SYSTICK_init               
000015a1  SYSCFG_DL_init                       
00001425  SYSCFG_DL_initPower                  
20200054  SingleTone                           
20200000  Sweep                                
20200080  SweepTick                            
0000152d  SysTick_Handler                      
00000ecf  TIMA0_IRQHandler                     
00000ecf  TIMA1_IRQHandler                     
00000ecf  TIMG0_IRQHandler                     
00000ecf  TIMG12_IRQHandler                    
00000ecf  TIMG6_IRQHandler                     
00000ecf  TIMG7_IRQHandler                     
00000ecf  TIMG8_IRQHandler                     
20200078  Tick                                 
00000ecf  UART0_IRQHandler                     
00000ecf  UART1_IRQHandler                     
00000ecf  UART2_IRQHandler                     
00000ecf  UART3_IRQHandler                     
00000d8d  UserTask_init                        
000011f5  UserTask_loop                        
20208000  __STACK_END                          
00000200  __STACK_SIZE                         
00000000  __TI_ATRegion0_region_sz             
00000000  __TI_ATRegion0_src_addr              
00000000  __TI_ATRegion0_trg_addr              
00000000  __TI_ATRegion1_region_sz             
00000000  __TI_ATRegion1_src_addr              
00000000  __TI_ATRegion1_trg_addr              
00000000  __TI_ATRegion2_region_sz             
00000000  __TI_ATRegion2_src_addr              
00000000  __TI_ATRegion2_trg_addr              
00001654  __TI_CINIT_Base                      
0000165c  __TI_CINIT_Limit                     
0000165c  __TI_CINIT_Warm                      
0000164c  __TI_Handler_Table_Base              
00001654  __TI_Handler_Table_Limit             
0000126d  __TI_auto_init_nobinit_nopinit       
00000fe5  __TI_decompress_lzss                 
000015b5  __TI_decompress_none                 
ffffffff  __TI_pprof_out_hndl                  
ffffffff  __TI_prof_data_size                  
ffffffff  __TI_prof_data_start                 
00000000  __TI_static_base__                   
00000cbf  __addsf3                             
00001359  __aeabi_f2iz                         
00001391  __aeabi_f2uiz                        
00000cbf  __aeabi_fadd                         
00001061  __aeabi_fcmpeq                       
0000109d  __aeabi_fcmpge                       
000010b1  __aeabi_fcmpgt                       
00001089  __aeabi_fcmple                       
00001075  __aeabi_fcmplt                       
00000ed1  __aeabi_fmul                         
00000cb5  __aeabi_fsub                         
000010c3  __aeabi_idiv0                        
000015f5  __aeabi_memcpy                       
000015f5  __aeabi_memcpy4                      
000015f5  __aeabi_memcpy8                      
000011b5  __aeabi_uidiv                        
000011b5  __aeabi_uidivmod                     
ffffffff  __binit__                            
000012a9  __cmpsf2                             
000012a9  __eqsf2                              
00001359  __fixsfsi                            
00001391  __fixunssfsi                         
00001231  __gesf2                              
00001231  __gtsf2                              
000012a9  __lesf2                              
000012a9  __ltsf2                              
UNDEFED   __mpu_init                           
000012e5  __muldsi3                            
00000ed1  __mulsf3                             
000012a9  __nesf2                              
20207e00  __stack                              
20200000  __start___llvm_prf_bits              
20200000  __start___llvm_prf_cnts              
20200000  __stop___llvm_prf_bits               
20200000  __stop___llvm_prf_cnts               
00000cb5  __subsf3                             
00001479  _c_int00_noargs                      
UNDEFED   _system_post_cinit                   
0000160b  _system_pre_init                     
000015fd  abort                                
ffffffff  binit                                
00000000  interruptVectors                     
00001561  main                                 
00000e35  memcpy                               


GLOBAL SYMBOLS: SORTED BY Symbol Address 

address   name                                 
-------   ----                                 
00000000  __TI_ATRegion0_region_sz             
00000000  __TI_ATRegion0_src_addr              
00000000  __TI_ATRegion0_trg_addr              
00000000  __TI_ATRegion1_region_sz             
00000000  __TI_ATRegion1_src_addr              
00000000  __TI_ATRegion1_trg_addr              
00000000  __TI_ATRegion2_region_sz             
00000000  __TI_ATRegion2_src_addr              
00000000  __TI_ATRegion2_trg_addr              
00000000  __TI_static_base__                   
00000000  interruptVectors                     
000000c1  AD9959_init                          
00000200  __STACK_SIZE                         
000005ed  AD9959_writeData                     
0000094d  AD9959_writeDataSlow                 
00000bc9  DL_SYSCTL_configSYSPLL               
00000cb5  __aeabi_fsub                         
00000cb5  __subsf3                             
00000cbf  __addsf3                             
00000cbf  __aeabi_fadd                         
00000d8d  UserTask_init                        
00000e35  memcpy                               
00000ecf  ADC0_IRQHandler                      
00000ecf  ADC1_IRQHandler                      
00000ecf  AES_IRQHandler                       
00000ecf  CANFD0_IRQHandler                    
00000ecf  DAC0_IRQHandler                      
00000ecf  DMA_IRQHandler                       
00000ecf  Default_Handler                      
00000ecf  GROUP0_IRQHandler                    
00000ecf  GROUP1_IRQHandler                    
00000ecf  HardFault_Handler                    
00000ecf  I2C0_IRQHandler                      
00000ecf  I2C1_IRQHandler                      
00000ecf  NMI_Handler                          
00000ecf  PendSV_Handler                       
00000ecf  RTC_IRQHandler                       
00000ecf  SPI0_IRQHandler                      
00000ecf  SPI1_IRQHandler                      
00000ecf  SVC_Handler                          
00000ecf  TIMA0_IRQHandler                     
00000ecf  TIMA1_IRQHandler                     
00000ecf  TIMG0_IRQHandler                     
00000ecf  TIMG12_IRQHandler                    
00000ecf  TIMG6_IRQHandler                     
00000ecf  TIMG7_IRQHandler                     
00000ecf  TIMG8_IRQHandler                     
00000ecf  UART0_IRQHandler                     
00000ecf  UART1_IRQHandler                     
00000ecf  UART2_IRQHandler                     
00000ecf  UART3_IRQHandler                     
00000ed1  __aeabi_fmul                         
00000ed1  __mulsf3                             
00000f5d  DDS_sweep                            
00000fe5  __TI_decompress_lzss                 
00001061  __aeabi_fcmpeq                       
00001075  __aeabi_fcmplt                       
00001089  __aeabi_fcmple                       
0000109d  __aeabi_fcmpge                       
000010b1  __aeabi_fcmpgt                       
000010c3  __aeabi_idiv0                        
000010c5  SYSCFG_DL_SYSCTL_init                
00001121  DL_SYSCTL_switchMCLKfromSYSOSCtoHSCLK
0000116d  AD9959_setFreq                       
000011b5  __aeabi_uidiv                        
000011b5  __aeabi_uidivmod                     
000011f5  UserTask_loop                        
00001231  __gesf2                              
00001231  __gtsf2                              
0000126d  __TI_auto_init_nobinit_nopinit       
000012a9  __cmpsf2                             
000012a9  __eqsf2                              
000012a9  __lesf2                              
000012a9  __ltsf2                              
000012a9  __nesf2                              
000012e5  __muldsi3                            
00001321  SYSCFG_DL_GPIO_init                  
00001359  __aeabi_f2iz                         
00001359  __fixsfsi                            
00001391  __aeabi_f2uiz                        
00001391  __fixunssfsi                         
000013c5  SYSCFG_DL_SYSTICK_init               
000013f5  AD9959_setAmp                        
00001425  SYSCFG_DL_initPower                  
00001479  _c_int00_noargs                      
000014a1  AD9959_setPhase                      
000014c7  DDS_initSweep                        
000014ed  AD9959_IOUpdate                      
0000152d  SysTick_Handler                      
00001561  main                                 
00001577  DL_Common_delayCycles                
000015a1  SYSCFG_DL_init                       
000015b5  __TI_decompress_none                 
000015e5  DDS_init                             
000015ed  DDS_update                           
000015f5  __aeabi_memcpy                       
000015f5  __aeabi_memcpy4                      
000015f5  __aeabi_memcpy8                      
000015fd  abort                                
00001602  C$$EXIT                              
00001603  HOSTexit                             
00001607  Reset_Handler                        
0000160b  _system_pre_init                     
0000164c  __TI_Handler_Table_Base              
00001654  __TI_CINIT_Base                      
00001654  __TI_Handler_Table_Limit             
0000165c  __TI_CINIT_Limit                     
0000165c  __TI_CINIT_Warm                      
20200000  Sweep                                
20200000  __start___llvm_prf_bits              
20200000  __start___llvm_prf_cnts              
20200000  __stop___llvm_prf_bits               
20200000  __stop___llvm_prf_cnts               
20200054  SingleTone                           
20200074  ACC_FRE_FACTOR                       
20200078  Tick                                 
2020007c  FR1_DATA                             
20200080  SweepTick                            
20207e00  __stack                              
20208000  __STACK_END                          
ffffffff  __TI_pprof_out_hndl                  
ffffffff  __TI_prof_data_size                  
ffffffff  __TI_prof_data_start                 
ffffffff  __binit__                            
ffffffff  binit                                
UNDEFED   __mpu_init                           
UNDEFED   _system_post_cinit                   

[127 symbols]
