******************************************************************************
            TI ARM Clang Linker PC v3.2.2                      
******************************************************************************
>> Linked Sun May 11 17:59:12 2025

OUTPUT FILE NAME:   <MSPM0G3507_DevBoard_Test.out>
ENTRY POINT SYMBOL: "_c_int00_noargs"  address: 00002b1d


MEMORY CONFIGURATION

         name            origin    length      used     unused   attr    fill
----------------------  --------  ---------  --------  --------  ----  --------
  FLASH                 00000000   00020000  00003008  0001cff8  R  X
  SRAM                  20200000   00008000  0000040b  00007bf5  RW X
  BCR_CONFIG            41c00000   000000ff  00000000  000000ff  R   
  BSL_CONFIG            41c00100   00000080  00000000  00000080  R   


SEGMENT ALLOCATION MAP

run origin  load origin   length   init length attrs members
----------  ----------- ---------- ----------- ----- -------
00000000    00000000    00003008   00003008    r-x
  00000000    00000000    000000c0   000000c0    r-- .intvecs
  000000c0    000000c0    00002cd0   00002cd0    r-x .text
  00002d90    00002d90    00000240   00000240    r-- .rodata
  00002fd0    00002fd0    00000038   00000038    r-- .cinit
20200000    20200000    0000020b   00000000    rw-
  20200000    20200000    000001a0   00000000    rw- .bss
  202001a0    202001a0    0000006b   00000000    rw- .data
20207e00    20207e00    00000200   00000000    rw-
  20207e00    20207e00    00000200   00000000    rw- .stack


SECTION ALLOCATION MAP

 output                                  attributes/
section   page    origin      length       input sections
--------  ----  ----------  ----------   ----------------
.intvecs   0    00000000    000000c0     
                  00000000    000000c0     startup_mspm0g350x_ticlang.o (.intvecs)

.text      0    000000c0    00002cd0     
                  000000c0    00000a00     libc.a : _printfi.c.obj (.text:__TI_printfi)
                  00000ac0    00000220            : _printfi.c.obj (.text._pconv_a)
                  00000ce0    000001dc            : _printfi.c.obj (.text._pconv_g)
                  00000ebc    00000192     libclang_rt.builtins.a : adddf3.S.obj (.text.adddf3_subdf3)
                  0000104e    00000002     startup_mspm0g350x_ticlang.o (.text.Default_Handler)
                  00001050    0000013c     libc.a : _printfi.c.obj (.text.fcvt)
                  0000118c    00000120            : _printfi.c.obj (.text._pconv_e)
                  000012ac    0000010c     libclang_rt.builtins.a : divdf3.S.obj (.text.__divdf3)
                  000013b8    00000104     driverlib.a : dl_timer.o (.text.DL_Timer_initFourCCPWMMode)
                  000014bc    000000e8                 : dl_timer.o (.text.DL_Timer_initTimerMode)
                  000015a4    000000e4     libclang_rt.builtins.a : muldf3.S.obj (.text.__muldf3)
                  00001688    000000e0     RGBLED.o (.text.HSV2RGB)
                  00001768    000000dc     driverlib.a : dl_sysctl_mspm0g1x0x_g3x0x.o (.text.DL_SYSCTL_configSYSPLL)
                  00001844    000000d8     libc.a : s_scalbn.c.obj (.text.scalbn)
                  0000191c    000000d0     UserTask.o (.text.UserTask_loop)
                  000019ec    000000ac     BTN.o (.text.BTN_getData)
                  00001a98    000000a2     libclang_rt.builtins.a : udivmoddi4.S.obj (.text)
                  00001b3a    00000002                            : aeabi_div0.c.obj (.text.__aeabi_idiv0)
                  00001b3c    000000a0     Tick.o (.text.SysTick_Handler)
                  00001bdc    0000009a     libc.a : memcpy16.S.obj (.text:memcpy)
                  00001c76    00000002     libclang_rt.builtins.a : aeabi_div0.c.obj (.text.__aeabi_ldiv0)
                  00001c78    00000094     ti_msp_dl_config.o (.text.SYSCFG_DL_PWM_LED_RG_init)
                  00001d0c    0000008c     libclang_rt.builtins.a : mulsf3.S.obj (.text.__mulsf3)
                  00001d98    00000082                            : divsf3.S.obj (.text.__divsf3)
                  00001e1a    00000002     --HOLE-- [fill = 0]
                  00001e1c    00000080     ti_msp_dl_config.o (.text.SYSCFG_DL_GPIO_init)
                  00001e9c    00000078     libc.a : copy_decompress_lzss.c.obj (.text:decompress:lzss)
                  00001f14    00000074     RGBLED.o (.text.RGBLED_taskRainbow)
                  00001f88    00000074     ti_msp_dl_config.o (.text.SYSCFG_DL_PWM_LED_B_init)
                  00001ffc    00000070     ti_msp_dl_config.o (.text.SYSCFG_DL_initPower)
                  0000206c    00000070     libclang_rt.builtins.a : comparedf2.c.obj (.text.__gedf2)
                  000020dc    0000006c                            : comparedf2.c.obj (.text.__ledf2)
                  00002148    00000068     ti_msp_dl_config.o (.text.SYSCFG_DL_ADC0_init)
                  000021b0    00000066     libc.a : _printfi.c.obj (.text._mcpy)
                  00002216    00000002     --HOLE-- [fill = 0]
                  00002218    00000064     ti_msp_dl_config.o (.text.SYSCFG_DL_UART_0_init)
                  0000227c    00000064     ti_msp_dl_config.o (.text.SYSCFG_DL_UART_2_init)
                  000022e0    00000064     UserUART.o (.text.UART_printf)
                  00002344    00000062     libclang_rt.builtins.a : aeabi_dcmp.S.obj (.text.__aeabi_dcmp)
                  000023a6    00000062     libc.a : memset16.S.obj (.text:memset)
                  00002408    0000005c     ti_msp_dl_config.o (.text.SYSCFG_DL_SYSCTL_init)
                  00002464    0000005c     libc.a : s_frexp.c.obj (.text.frexp)
                  000024c0    00000058            : _ltoa.c.obj (.text.__TI_ltoa)
                  00002518    00000058            : _printfi.c.obj (.text._pconv_f)
                  00002570    00000056     libclang_rt.builtins.a : aeabi_idivmod.S.obj (.text.__aeabi_idivmod)
                  000025c6    00000052     libc.a : _printfi.c.obj (.text._ecpy)
                  00002618    0000004c     driverlib.a : dl_dma.o (.text.DL_DMA_initChannel)
                  00002664    0000004a     libclang_rt.builtins.a : fixdfsi.S.obj (.text.__fixdfsi)
                  000026ae    00000002     --HOLE-- [fill = 0]
                  000026b0    00000048     driverlib.a : dl_uart.o (.text.DL_UART_init)
                  000026f8    00000044                 : dl_sysctl_mspm0g1x0x_g3x0x.o (.text.DL_SYSCTL_switchMCLKfromSYSOSCtoHSCLK)
                  0000273c    00000040                 : dl_adc12.o (.text.DL_ADC12_setClockConfig)
                  0000277c    00000040     ti_msp_dl_config.o (.text.SYSCFG_DL_TIMER_0_init)
                  000027bc    00000040     libclang_rt.builtins.a : aeabi_uidivmod.S.obj (.text.__aeabi_uidivmod)
                  000027fc    00000040     libc.a : atoi.c.obj (.text.atoi)
                  0000283c    0000003c     ti_msp_dl_config.o (.text.SYSCFG_DL_init)
                  00002878    0000003c     UserUART.o (.text.UART0_IRQHandler)
                  000028b4    0000003c     UserUART.o (.text.UART2_IRQHandler)
                  000028f0    0000003c     libclang_rt.builtins.a : floatsisf.S.obj (.text.__floatsisf)
                  0000292c    0000003c     libc.a : autoinit.c.obj (.text:__TI_auto_init_nobinit_nopinit)
                  00002968    0000003a     libclang_rt.builtins.a : muldsi3.S.obj (.text.__muldsi3)
                  000029a2    00000002     --HOLE-- [fill = 0]
                  000029a4    00000038                            : fixsfsi.S.obj (.text.__fixsfsi)
                  000029dc    00000030     Encoder.o (.text.GROUP1_IRQHandler)
                  00002a0c    00000030     ti_msp_dl_config.o (.text.SYSCFG_DL_DMA_CH0_init)
                  00002a3c    00000030     ti_msp_dl_config.o (.text.SYSCFG_DL_SYSTICK_init)
                  00002a6c    00000030     libc.a : _printfi.c.obj (.text._fcpy)
                  00002a9c    0000002c     libclang_rt.builtins.a : floatsidf.S.obj (.text.__floatsidf)
                  00002ac8    0000002c     libc.a : vsprintf.c.obj (.text.vsprintf)
                  00002af4    00000028     libclang_rt.builtins.a : floatunsisf.S.obj (.text.__floatunsisf)
                  00002b1c    00000028     libc.a : boot_cortex_m.c.obj (.text:_c_int00_noargs)
                  00002b44    00000024     Encoder.o (.text.ENC_getSW)
                  00002b68    00000024     libclang_rt.builtins.a : muldi3.S.obj (.text.__muldi3)
                  00002b8c    00000022     libc.a : memccpy.c.obj (.text.memccpy)
                  00002bae    00000002     --HOLE-- [fill = 0]
                  00002bb0    00000020     driverlib.a : dl_uart.o (.text.DL_UART_transmitDataBlocking)
                  00002bd0    0000001e     libclang_rt.builtins.a : ashldi3.S.obj (.text.__ashldi3)
                  00002bee    00000002     --HOLE-- [fill = 0]
                  00002bf0    0000001c     driverlib.a : dl_timer.o (.text.DL_Timer_setCaptCompUpdateMethod)
                  00002c0c    0000001c                 : dl_timer.o (.text.DL_Timer_setClockConfig)
                  00002c28    00000018                 : dl_timer.o (.text.DL_Timer_setCaptureCompareOutCtl)
                  00002c40    00000018     libc.a : vsprintf.c.obj (.text._outs)
                  00002c58    00000016     MSPM0G3507_DevBoard_Test.o (.text.main)
                  00002c6e    00000016     libc.a : copy_zero_init.c.obj (.text:decompress:ZI:__TI_zero_init_nomemset)
                  00002c84    00000014     libclang_rt.builtins.a : aeabi_uldivmod.S.obj (.text.__aeabi_uldivmod)
                  00002c98    00000014     libc.a : _printfi.c.obj (.text.strchr)
                  00002cac    00000012     driverlib.a : dl_uart.o (.text.DL_UART_setClockConfig)
                  00002cbe    00000012     libc.a : copy_decompress_none.c.obj (.text:decompress:none)
                  00002cd0    00000010     driverlib.a : dl_timer.o (.text.DL_Timer_setCaptureCompareValue)
                  00002ce0    00000010     Encoder.o (.text.ENC_getIncVal)
                  00002cf0    00000010     libc.a : wcslen.c.obj (.text.wcslen)
                  00002d00    0000000e     libclang_rt.builtins.a : aeabi_memset.S.obj (.text.__aeabi_memset)
                  00002d0e    0000000e     libc.a : _printfi.c.obj (.text.strlen)
                  00002d1c    0000000c     Encoder.o (.text.ENC_init)
                  00002d28    0000000a     driverlib.a : dl_common.o (.text.DL_Common_delayCycles)
                  00002d32    0000000a     libc.a : _printfi.c.obj (.text.OUTLINED_FUNCTION_0)
                  00002d3c    00000010     libclang_rt.builtins.a : adddf3.S.obj (.tramp.__aeabi_dsub.1)
                  00002d4c    0000000a     libc.a : _printfi.c.obj (.text.OUTLINED_FUNCTION_1)
                  00002d56    0000000a            : vsprintf.c.obj (.text._outc)
                  00002d60    00000008     ti_msp_dl_config.o (.text.SYSCFG_DL_DMA_init)
                  00002d68    00000008     UserTask.o (.text.UserTask_init)
                  00002d70    00000008     libc.a : aeabi_portable.c.obj (.text.__aeabi_errno_addr)
                  00002d78    00000008     libclang_rt.builtins.a : aeabi_memcpy.S.obj (.text.__aeabi_memcpy)
                  00002d80    00000004     startup_mspm0g350x_ticlang.o (.text.Reset_Handler)
                  00002d84    00000004     libc.a : pre_init.c.obj (.text._system_pre_init)
                  00002d88    00000004            : exit.c.obj (.text:abort)
                  00002d8c    00000004     --HOLE-- [fill = 0]

.cinit     0    00002fd0    00000038     
                  00002fd0    0000000d     (.cinit..data.load) [load image, compression = lzss]
                  00002fdd    00000003     --HOLE-- [fill = 0]
                  00002fe0    0000000c     (__TI_handler_table)
                  00002fec    00000008     (.cinit..bss.load) [load image, compression = zero_init]
                  00002ff4    00000010     (__TI_cinit_table)
                  00003004    00000004     --HOLE-- [fill = 0]

.rodata    0    00002d90    00000240     
                  00002d90    00000101     libc.a : aeabi_ctype.S.obj (.rodata:__aeabi_ctype_table_)
                  00002e91    00000003     ti_msp_dl_config.o (.rodata.gPWM_LED_BClockConfig)
                  00002e94    00000028     ti_msp_dl_config.o (.rodata.gSYSPLLConfig)
                  00002ebc    00000018     ti_msp_dl_config.o (.rodata.gDMA_CH0Config)
                  00002ed4    00000014     ti_msp_dl_config.o (.rodata.gTIMER_0TimerConfig)
                  00002ee8    00000014     UserTask.o (.rodata.str1.17934872050527186421)
                  00002efc    00000011     libc.a : _printfi.c.obj (.rodata.str1.11645776875810915891)
                  00002f0d    00000011            : _printfi.c.obj (.rodata.str1.44690500295887128011)
                  00002f1e    0000000f     UserTask.o (.rodata.str1.177144291858215058341)
                  00002f2d    0000000f     UserTask.o (.rodata.str1.9182616048005049991)
                  00002f3c    0000000f     UserTask.o (.rodata.str1.95635463629085005601)
                  00002f4b    0000000e     UserTask.o (.rodata.str1.153012156757164172871)
                  00002f59    0000000e     UserTask.o (.rodata.str1.1719515569277392621)
                  00002f67    0000000d     UserTask.o (.rodata.str1.159147960174466770301)
                  00002f74    0000000d     UserTask.o (.rodata.str1.159422503914565886921)
                  00002f81    0000000c     UserTask.o (.rodata.str1.124521444372915952481)
                  00002f8d    00000001     --HOLE-- [fill = 0]
                  00002f8e    0000000a     ti_msp_dl_config.o (.rodata.gUART_0Config)
                  00002f98    0000000a     ti_msp_dl_config.o (.rodata.gUART_2Config)
                  00002fa2    00000002     ti_msp_dl_config.o (.rodata.gUART_0ClockConfig)
                  00002fa4    00000008     ti_msp_dl_config.o (.rodata.gADC0ClockConfig)
                  00002fac    00000008     ti_msp_dl_config.o (.rodata.gPWM_LED_BConfig)
                  00002fb4    00000008     ti_msp_dl_config.o (.rodata.gPWM_LED_RGConfig)
                  00002fbc    00000003     ti_msp_dl_config.o (.rodata.gPWM_LED_RGClockConfig)
                  00002fbf    00000003     ti_msp_dl_config.o (.rodata.gTIMER_0ClockConfig)
                  00002fc2    00000002     ti_msp_dl_config.o (.rodata.gUART_2ClockConfig)
                  00002fc4    0000000c     --HOLE-- [fill = 0]

.init_array 
*          0    00000000    00000000     UNINITIALIZED

.binit     0    00000000    00000000     

.bss       0    20200000    000001a0     UNINITIALIZED
                  20200000    00000100     UserUART.o (.bss.UART_printf.buf)
                  20200100    000000a0     (.common:gPWM_LED_RGBackup)

.data      0    202001a0    0000006b     UNINITIALIZED
                  202001a0    00000040     UserUART.o (.data.RxData)
                  202001e0    0000000a     BTN.o (.data.BTNTick)
                  202001ea    00000005     UserTask.o (.data.BTNData)
                  202001ef    00000001     Encoder.o (.data.ENCSWTick)
                  202001f0    00000004     UserTask.o (.data.ENCCount)
                  202001f4    00000004     Encoder.o (.data.ENCVal)
                  202001f8    00000004     Tick.o (.data.Tick)
                  202001fc    00000004     libc.a : aeabi_portable.c.obj (.data.__aeabi_errno)
                  20200200    00000002     RGBLED.o (.data.ColorHue)
                  20200202    00000002     RGBLED.o (.data.ColorSaturation)
                  20200204    00000002     RGBLED.o (.data.ColorValue)
                  20200206    00000002     UserTask.o (.data.RGBLEDTick)
                  20200208    00000002     UserTask.o (.data.UARTTick)
                  2020020a    00000001     UserUART.o (.data.RxPos)

.stack     0    20207e00    00000200     UNINITIALIZED
                  20207e00    00000004     libc.a : boot_cortex_m.c.obj (.stack)
                  20207e04    000001fc     --HOLE--

__llvm_prf_cnts 
*          0    20200000    00000000     UNINITIALIZED

__llvm_prf_bits 
*          0    20200000    00000000     UNINITIALIZED

MODULE SUMMARY

       Module                         code    ro data   rw data
       ------                         ----    -------   -------
    .\
       startup_mspm0g350x_ticlang.o   6       192       0      
       MSPM0G3507_DevBoard_Test.o     22      0         0      
    +--+------------------------------+-------+---------+---------+
       Total:                         28      192       0      
                                                               
    .\User\
       UserUART.o                     220     0         321    
       UserTask.o                     216     131       13     
       RGBLED.o                       340     0         6      
       BTN.o                          172     0         10     
       Tick.o                         160     0         4      
       Encoder.o                      112     0         5      
    +--+------------------------------+-------+---------+---------+
       Total:                         1220    131       359    
                                                               
    .\syscfg\
       ti_msp_dl_config.o             1128    141       160    
    +--+------------------------------+-------+---------+---------+
       Total:                         1128    141       160    
                                                               
    E:/CCS/mspm0_sdk_2_04_00_06/source/ti/driverlib/lib/ticlang/m0p/mspm0g1x0x_g3x0x/driverlib.a
       dl_timer.o                     588     0         0      
       dl_sysctl_mspm0g1x0x_g3x0x.o   288     0         0      
       dl_uart.o                      122     0         0      
       dl_dma.o                       76      0         0      
       dl_adc12.o                     64      0         0      
       dl_common.o                    10      0         0      
    +--+------------------------------+-------+---------+---------+
       Total:                         1148    0         0      
                                                               
    E:\CCS\ccs\tools\compiler\ti-cgt-armllvm_3.2.2.LTS\lib\armv6m-ti-none-eabi/c/libc.a
       _printfi.c.obj                 4558    34        0      
       aeabi_ctype.S.obj              0       257       0      
       s_scalbn.c.obj                 216     0         0      
       memcpy16.S.obj                 154     0         0      
       copy_decompress_lzss.c.obj     120     0         0      
       memset16.S.obj                 98      0         0      
       s_frexp.c.obj                  92      0         0      
       _ltoa.c.obj                    88      0         0      
       vsprintf.c.obj                 78      0         0      
       atoi.c.obj                     64      0         0      
       autoinit.c.obj                 60      0         0      
       boot_cortex_m.c.obj            40      0         0      
       memccpy.c.obj                  34      0         0      
       copy_zero_init.c.obj           22      0         0      
       copy_decompress_none.c.obj     18      0         0      
       wcslen.c.obj                   16      0         0      
       aeabi_portable.c.obj           8       0         4      
       exit.c.obj                     4       0         0      
       pre_init.c.obj                 4       0         0      
    +--+------------------------------+-------+---------+---------+
       Total:                         5674    291       4      
                                                               
    E:\CCS\ccs\tools\compiler\ti-cgt-armllvm_3.2.2.LTS\lib\clang/15.0.7/lib/armv6m-ti-none-eabi/libclang_rt.builtins.a
       adddf3.S.obj                   418     0         0      
       divdf3.S.obj                   268     0         0      
       muldf3.S.obj                   228     0         0      
       comparedf2.c.obj               220     0         0      
       udivmoddi4.S.obj               162     0         0      
       mulsf3.S.obj                   140     0         0      
       divsf3.S.obj                   130     0         0      
       aeabi_dcmp.S.obj               98      0         0      
       aeabi_idivmod.S.obj            86      0         0      
       fixdfsi.S.obj                  74      0         0      
       aeabi_uidivmod.S.obj           64      0         0      
       floatsisf.S.obj                60      0         0      
       muldsi3.S.obj                  58      0         0      
       fixsfsi.S.obj                  56      0         0      
       floatsidf.S.obj                44      0         0      
       floatunsisf.S.obj              40      0         0      
       muldi3.S.obj                   36      0         0      
       ashldi3.S.obj                  30      0         0      
       aeabi_uldivmod.S.obj           20      0         0      
       aeabi_memset.S.obj             14      0         0      
       aeabi_memcpy.S.obj             8       0         0      
       aeabi_div0.c.obj               4       0         0      
    +--+------------------------------+-------+---------+---------+
       Total:                         2258    0         0      
                                                               
       Stack:                         0       0         512    
       Linker Generated:              0       49        0      
    +--+------------------------------+-------+---------+---------+
       Grand Total:                   11456   804       1035   


LINKER GENERATED COPY TABLES

__TI_cinit_table @ 00002ff4 records: 2, size/record: 8, table size: 16
	.data: load addr=00002fd0, load size=0000000d bytes, run addr=202001a0, run size=0000006b bytes, compression=lzss
	.bss: load addr=00002fec, load size=00000008 bytes, run addr=20200000, run size=000001a0 bytes, compression=zero_init


LINKER GENERATED HANDLER TABLE

__TI_handler_table @ 00002fe0 records: 3, size/record: 4, table size: 12
	index: 0, handler: __TI_decompress_lzss
	index: 1, handler: __TI_decompress_none
	index: 2, handler: __TI_zero_init


FAR CALL TRAMPOLINES

callee name               trampoline name
   callee addr  tramp addr   call addr  call info
--------------  -----------  ---------  ----------------
__aeabi_dsub              $Tramp$TT$L$PI$$__aeabi_dsub
   00000ebd     00002d3c     00002d3a   libc.a : _printfi.c.obj (.text.OUTLINED_FUNCTION_0)

[1 trampolines]
[1 trampoline calls]


GLOBAL SYMBOLS: SORTED ALPHABETICALLY BY Name 

address   name                                 
-------   ----                                 
0000104f  ADC0_IRQHandler                      
0000104f  ADC1_IRQHandler                      
0000104f  AES_IRQHandler                       
202001ea  BTNData                              
202001e0  BTNTick                              
000019ed  BTN_getData                          
00002d88  C$$EXIT                              
0000104f  CANFD0_IRQHandler                    
20200200  ColorHue                             
20200202  ColorSaturation                      
20200204  ColorValue                           
0000104f  DAC0_IRQHandler                      
0000273d  DL_ADC12_setClockConfig              
00002d29  DL_Common_delayCycles                
00002619  DL_DMA_initChannel                   
00001769  DL_SYSCTL_configSYSPLL               
000026f9  DL_SYSCTL_switchMCLKfromSYSOSCtoHSCLK
000013b9  DL_Timer_initFourCCPWMMode           
000014bd  DL_Timer_initTimerMode               
00002bf1  DL_Timer_setCaptCompUpdateMethod     
00002c29  DL_Timer_setCaptureCompareOutCtl     
00002cd1  DL_Timer_setCaptureCompareValue      
00002c0d  DL_Timer_setClockConfig              
000026b1  DL_UART_init                         
00002cad  DL_UART_setClockConfig               
00002bb1  DL_UART_transmitDataBlocking         
0000104f  DMA_IRQHandler                       
0000104f  Default_Handler                      
202001f0  ENCCount                             
202001ef  ENCSWTick                            
202001f4  ENCVal                               
00002ce1  ENC_getIncVal                        
00002b45  ENC_getSW                            
00002d1d  ENC_init                             
0000104f  GROUP0_IRQHandler                    
000029dd  GROUP1_IRQHandler                    
00001689  HSV2RGB                              
0000104f  HardFault_Handler                    
0000104f  I2C0_IRQHandler                      
0000104f  I2C1_IRQHandler                      
0000104f  NMI_Handler                          
0000104f  PendSV_Handler                       
20200206  RGBLEDTick                           
00001f15  RGBLED_taskRainbow                   
0000104f  RTC_IRQHandler                       
00002d81  Reset_Handler                        
202001a0  RxData                               
2020020a  RxPos                                
0000104f  SPI0_IRQHandler                      
0000104f  SPI1_IRQHandler                      
0000104f  SVC_Handler                          
00002149  SYSCFG_DL_ADC0_init                  
00002a0d  SYSCFG_DL_DMA_CH0_init               
00002d61  SYSCFG_DL_DMA_init                   
00001e1d  SYSCFG_DL_GPIO_init                  
00001f89  SYSCFG_DL_PWM_LED_B_init             
00001c79  SYSCFG_DL_PWM_LED_RG_init            
00002409  SYSCFG_DL_SYSCTL_init                
00002a3d  SYSCFG_DL_SYSTICK_init               
0000277d  SYSCFG_DL_TIMER_0_init               
00002219  SYSCFG_DL_UART_0_init                
0000227d  SYSCFG_DL_UART_2_init                
0000283d  SYSCFG_DL_init                       
00001ffd  SYSCFG_DL_initPower                  
00001b3d  SysTick_Handler                      
0000104f  TIMA0_IRQHandler                     
0000104f  TIMA1_IRQHandler                     
0000104f  TIMG0_IRQHandler                     
0000104f  TIMG12_IRQHandler                    
0000104f  TIMG6_IRQHandler                     
0000104f  TIMG7_IRQHandler                     
0000104f  TIMG8_IRQHandler                     
202001f8  Tick                                 
00002879  UART0_IRQHandler                     
0000104f  UART1_IRQHandler                     
000028b5  UART2_IRQHandler                     
0000104f  UART3_IRQHandler                     
20200208  UARTTick                             
000022e1  UART_printf                          
00002d69  UserTask_init                        
0000191d  UserTask_loop                        
20208000  __STACK_END                          
00000200  __STACK_SIZE                         
00000000  __TI_ATRegion0_region_sz             
00000000  __TI_ATRegion0_src_addr              
00000000  __TI_ATRegion0_trg_addr              
00000000  __TI_ATRegion1_region_sz             
00000000  __TI_ATRegion1_src_addr              
00000000  __TI_ATRegion1_trg_addr              
00000000  __TI_ATRegion2_region_sz             
00000000  __TI_ATRegion2_src_addr              
00000000  __TI_ATRegion2_trg_addr              
00002ff4  __TI_CINIT_Base                      
00003004  __TI_CINIT_Limit                     
00003004  __TI_CINIT_Warm                      
00002fe0  __TI_Handler_Table_Base              
00002fec  __TI_Handler_Table_Limit             
0000292d  __TI_auto_init_nobinit_nopinit       
00001e9d  __TI_decompress_lzss                 
00002cbf  __TI_decompress_none                 
000024c1  __TI_ltoa                            
ffffffff  __TI_pprof_out_hndl                  
000000c1  __TI_printfi                         
ffffffff  __TI_prof_data_size                  
ffffffff  __TI_prof_data_start                 
00000000  __TI_static_base__                   
00002c6f  __TI_zero_init_nomemset              
00000ec7  __adddf3                             
00002d90  __aeabi_ctype_table_                 
00002d90  __aeabi_ctype_table_C                
00002665  __aeabi_d2iz                         
00000ec7  __aeabi_dadd                         
00002345  __aeabi_dcmpeq                       
00002381  __aeabi_dcmpge                       
00002395  __aeabi_dcmpgt                       
0000236d  __aeabi_dcmple                       
00002359  __aeabi_dcmplt                       
000012ad  __aeabi_ddiv                         
000015a5  __aeabi_dmul                         
00000ebd  __aeabi_dsub                         
202001fc  __aeabi_errno                        
00002d71  __aeabi_errno_addr                   
000029a5  __aeabi_f2iz                         
00001d99  __aeabi_fdiv                         
00001d0d  __aeabi_fmul                         
00002a9d  __aeabi_i2d                          
000028f1  __aeabi_i2f                          
00002571  __aeabi_idiv                         
00001b3b  __aeabi_idiv0                        
00002571  __aeabi_idivmod                      
00001c77  __aeabi_ldiv0                        
00002bd1  __aeabi_llsl                         
00002b69  __aeabi_lmul                         
00002d79  __aeabi_memcpy                       
00002d79  __aeabi_memcpy4                      
00002d79  __aeabi_memcpy8                      
00002d01  __aeabi_memset                       
00002d01  __aeabi_memset4                      
00002d01  __aeabi_memset8                      
00002af5  __aeabi_ui2f                         
000027bd  __aeabi_uidiv                        
000027bd  __aeabi_uidivmod                     
00002c85  __aeabi_uldivmod                     
00002bd1  __ashldi3                            
ffffffff  __binit__                            
000020dd  __cmpdf2                             
000012ad  __divdf3                             
00001d99  __divsf3                             
000020dd  __eqdf2                              
00002665  __fixdfsi                            
000029a5  __fixsfsi                            
00002a9d  __floatsidf                          
000028f1  __floatsisf                          
00002af5  __floatunsisf                        
0000206d  __gedf2                              
0000206d  __gtdf2                              
000020dd  __ledf2                              
000020dd  __ltdf2                              
UNDEFED   __mpu_init                           
000015a5  __muldf3                             
00002b69  __muldi3                             
00002969  __muldsi3                            
00001d0d  __mulsf3                             
000020dd  __nedf2                              
20207e00  __stack                              
20200000  __start___llvm_prf_bits              
20200000  __start___llvm_prf_cnts              
20200000  __stop___llvm_prf_bits               
20200000  __stop___llvm_prf_cnts               
00000ebd  __subdf3                             
00001a99  __udivmoddi4                         
00002b1d  _c_int00_noargs                      
UNDEFED   _system_post_cinit                   
00002d85  _system_pre_init                     
00002d89  abort                                
000027fd  atoi                                 
ffffffff  binit                                
00002465  frexp                                
00002465  frexpl                               
20200100  gPWM_LED_RGBackup                    
00000000  interruptVectors                     
00001845  ldexp                                
00001845  ldexpl                               
00002c59  main                                 
00002b8d  memccpy                              
00001bdd  memcpy                               
000023a7  memset                               
00001845  scalbn                               
00001845  scalbnl                              
00002ac9  vsprintf                             
00002cf1  wcslen                               


GLOBAL SYMBOLS: SORTED BY Symbol Address 

address   name                                 
-------   ----                                 
00000000  __TI_ATRegion0_region_sz             
00000000  __TI_ATRegion0_src_addr              
00000000  __TI_ATRegion0_trg_addr              
00000000  __TI_ATRegion1_region_sz             
00000000  __TI_ATRegion1_src_addr              
00000000  __TI_ATRegion1_trg_addr              
00000000  __TI_ATRegion2_region_sz             
00000000  __TI_ATRegion2_src_addr              
00000000  __TI_ATRegion2_trg_addr              
00000000  __TI_static_base__                   
00000000  interruptVectors                     
000000c1  __TI_printfi                         
00000200  __STACK_SIZE                         
00000ebd  __aeabi_dsub                         
00000ebd  __subdf3                             
00000ec7  __adddf3                             
00000ec7  __aeabi_dadd                         
0000104f  ADC0_IRQHandler                      
0000104f  ADC1_IRQHandler                      
0000104f  AES_IRQHandler                       
0000104f  CANFD0_IRQHandler                    
0000104f  DAC0_IRQHandler                      
0000104f  DMA_IRQHandler                       
0000104f  Default_Handler                      
0000104f  GROUP0_IRQHandler                    
0000104f  HardFault_Handler                    
0000104f  I2C0_IRQHandler                      
0000104f  I2C1_IRQHandler                      
0000104f  NMI_Handler                          
0000104f  PendSV_Handler                       
0000104f  RTC_IRQHandler                       
0000104f  SPI0_IRQHandler                      
0000104f  SPI1_IRQHandler                      
0000104f  SVC_Handler                          
0000104f  TIMA0_IRQHandler                     
0000104f  TIMA1_IRQHandler                     
0000104f  TIMG0_IRQHandler                     
0000104f  TIMG12_IRQHandler                    
0000104f  TIMG6_IRQHandler                     
0000104f  TIMG7_IRQHandler                     
0000104f  TIMG8_IRQHandler                     
0000104f  UART1_IRQHandler                     
0000104f  UART3_IRQHandler                     
000012ad  __aeabi_ddiv                         
000012ad  __divdf3                             
000013b9  DL_Timer_initFourCCPWMMode           
000014bd  DL_Timer_initTimerMode               
000015a5  __aeabi_dmul                         
000015a5  __muldf3                             
00001689  HSV2RGB                              
00001769  DL_SYSCTL_configSYSPLL               
00001845  ldexp                                
00001845  ldexpl                               
00001845  scalbn                               
00001845  scalbnl                              
0000191d  UserTask_loop                        
000019ed  BTN_getData                          
00001a99  __udivmoddi4                         
00001b3b  __aeabi_idiv0                        
00001b3d  SysTick_Handler                      
00001bdd  memcpy                               
00001c77  __aeabi_ldiv0                        
00001c79  SYSCFG_DL_PWM_LED_RG_init            
00001d0d  __aeabi_fmul                         
00001d0d  __mulsf3                             
00001d99  __aeabi_fdiv                         
00001d99  __divsf3                             
00001e1d  SYSCFG_DL_GPIO_init                  
00001e9d  __TI_decompress_lzss                 
00001f15  RGBLED_taskRainbow                   
00001f89  SYSCFG_DL_PWM_LED_B_init             
00001ffd  SYSCFG_DL_initPower                  
0000206d  __gedf2                              
0000206d  __gtdf2                              
000020dd  __cmpdf2                             
000020dd  __eqdf2                              
000020dd  __ledf2                              
000020dd  __ltdf2                              
000020dd  __nedf2                              
00002149  SYSCFG_DL_ADC0_init                  
00002219  SYSCFG_DL_UART_0_init                
0000227d  SYSCFG_DL_UART_2_init                
000022e1  UART_printf                          
00002345  __aeabi_dcmpeq                       
00002359  __aeabi_dcmplt                       
0000236d  __aeabi_dcmple                       
00002381  __aeabi_dcmpge                       
00002395  __aeabi_dcmpgt                       
000023a7  memset                               
00002409  SYSCFG_DL_SYSCTL_init                
00002465  frexp                                
00002465  frexpl                               
000024c1  __TI_ltoa                            
00002571  __aeabi_idiv                         
00002571  __aeabi_idivmod                      
00002619  DL_DMA_initChannel                   
00002665  __aeabi_d2iz                         
00002665  __fixdfsi                            
000026b1  DL_UART_init                         
000026f9  DL_SYSCTL_switchMCLKfromSYSOSCtoHSCLK
0000273d  DL_ADC12_setClockConfig              
0000277d  SYSCFG_DL_TIMER_0_init               
000027bd  __aeabi_uidiv                        
000027bd  __aeabi_uidivmod                     
000027fd  atoi                                 
0000283d  SYSCFG_DL_init                       
00002879  UART0_IRQHandler                     
000028b5  UART2_IRQHandler                     
000028f1  __aeabi_i2f                          
000028f1  __floatsisf                          
0000292d  __TI_auto_init_nobinit_nopinit       
00002969  __muldsi3                            
000029a5  __aeabi_f2iz                         
000029a5  __fixsfsi                            
000029dd  GROUP1_IRQHandler                    
00002a0d  SYSCFG_DL_DMA_CH0_init               
00002a3d  SYSCFG_DL_SYSTICK_init               
00002a9d  __aeabi_i2d                          
00002a9d  __floatsidf                          
00002ac9  vsprintf                             
00002af5  __aeabi_ui2f                         
00002af5  __floatunsisf                        
00002b1d  _c_int00_noargs                      
00002b45  ENC_getSW                            
00002b69  __aeabi_lmul                         
00002b69  __muldi3                             
00002b8d  memccpy                              
00002bb1  DL_UART_transmitDataBlocking         
00002bd1  __aeabi_llsl                         
00002bd1  __ashldi3                            
00002bf1  DL_Timer_setCaptCompUpdateMethod     
00002c0d  DL_Timer_setClockConfig              
00002c29  DL_Timer_setCaptureCompareOutCtl     
00002c59  main                                 
00002c6f  __TI_zero_init_nomemset              
00002c85  __aeabi_uldivmod                     
00002cad  DL_UART_setClockConfig               
00002cbf  __TI_decompress_none                 
00002cd1  DL_Timer_setCaptureCompareValue      
00002ce1  ENC_getIncVal                        
00002cf1  wcslen                               
00002d01  __aeabi_memset                       
00002d01  __aeabi_memset4                      
00002d01  __aeabi_memset8                      
00002d1d  ENC_init                             
00002d29  DL_Common_delayCycles                
00002d61  SYSCFG_DL_DMA_init                   
00002d69  UserTask_init                        
00002d71  __aeabi_errno_addr                   
00002d79  __aeabi_memcpy                       
00002d79  __aeabi_memcpy4                      
00002d79  __aeabi_memcpy8                      
00002d81  Reset_Handler                        
00002d85  _system_pre_init                     
00002d88  C$$EXIT                              
00002d89  abort                                
00002d90  __aeabi_ctype_table_                 
00002d90  __aeabi_ctype_table_C                
00002fe0  __TI_Handler_Table_Base              
00002fec  __TI_Handler_Table_Limit             
00002ff4  __TI_CINIT_Base                      
00003004  __TI_CINIT_Limit                     
00003004  __TI_CINIT_Warm                      
20200000  __start___llvm_prf_bits              
20200000  __start___llvm_prf_cnts              
20200000  __stop___llvm_prf_bits               
20200000  __stop___llvm_prf_cnts               
20200100  gPWM_LED_RGBackup                    
202001a0  RxData                               
202001e0  BTNTick                              
202001ea  BTNData                              
202001ef  ENCSWTick                            
202001f0  ENCCount                             
202001f4  ENCVal                               
202001f8  Tick                                 
202001fc  __aeabi_errno                        
20200200  ColorHue                             
20200202  ColorSaturation                      
20200204  ColorValue                           
20200206  RGBLEDTick                           
20200208  UARTTick                             
2020020a  RxPos                                
20207e00  __stack                              
20208000  __STACK_END                          
ffffffff  __TI_pprof_out_hndl                  
ffffffff  __TI_prof_data_size                  
ffffffff  __TI_prof_data_start                 
ffffffff  __binit__                            
ffffffff  binit                                
UNDEFED   __mpu_init                           
UNDEFED   _system_post_cinit                   

[191 symbols]
