******************************************************************************
            TI ARM Clang Linker PC v4.0.3                      
******************************************************************************
>> Linked Mon Jul 21 15:56:38 2025

OUTPUT FILE NAME:   <adc12_single_conversion_LP_MSPM0G3507_nortos_ticlang.out>
ENTRY POINT SYMBOL: "_c_int00_noargs"  address: 00000291


MEMORY CONFIGURATION

         name            origin    length      used     unused   attr    fill
----------------------  --------  ---------  --------  --------  ----  --------
  FLASH                 00000000   00020000  00000360  0001fca0  R  X
  SRAM                  20200000   00008000  00000203  00007dfd  RW X
  BCR_CONFIG            41c00000   00000080  00000000  00000080  R   
  BSL_CONFIG            41c00100   00000080  00000000  00000080  R   


SEGMENT ALLOCATION MAP

run origin  load origin   length   init length attrs members
----------  ----------- ---------- ----------- ----- -------
00000000    00000000    00000360   00000360    r-x
  00000000    00000000    000000c0   000000c0    r-- .intvecs
  000000c0    000000c0    00000280   00000280    r-x .text
  00000340    00000340    00000008   00000008    r-- .rodata
  00000348    00000348    00000018   00000018    r-- .cinit
20200000    20200000    00000003   00000000    rw-
  20200000    20200000    00000003   00000000    rw- .bss
20207e00    20207e00    00000200   00000000    rw-
  20207e00    20207e00    00000200   00000000    rw- .stack


SECTION ALLOCATION MAP

 output                                  attributes/
section   page    origin      length       input sections
--------  ----  ----------  ----------   ----------------
.intvecs   0    00000000    000000c0     
                  00000000    000000c0     startup_mspm0g350x_ticlang.o (.intvecs)

.text      0    000000c0    00000280     
                  000000c0    00000070     adc12_single_conversion.o (.text.main)
                  00000130    0000004c     driverlib.a : dl_adc12.o (.text.DL_ADC12_setClockConfig)
                  0000017c    0000004c     ti_msp_dl_config.o (.text.SYSCFG_DL_ADC12_0_init)
                  000001c8    0000003c     libc.a : autoinit.c.obj (.text:__TI_auto_init_nobinit_nopinit)
                  00000204    00000034     ti_msp_dl_config.o (.text.SYSCFG_DL_initPower)
                  00000238    00000030     ti_msp_dl_config.o (.text.SYSCFG_DL_SYSCTL_init)
                  00000268    00000028     driverlib.a : dl_adc12.o (.text.DL_Common_updateReg)
                  00000290    00000028     libc.a : boot_cortex_m.c.obj (.text:_c_int00_noargs)
                  000002b8    0000001c     adc12_single_conversion.o (.text.ADC0_IRQHandler)
                  000002d4    00000018     ti_msp_dl_config.o (.text.SYSCFG_DL_GPIO_init)
                  000002ec    00000016     libc.a : copy_zero_init.c.obj (.text:decompress:ZI:__TI_zero_init_nomemset)
                  00000302    00000014     driverlib.a : dl_common.o (.text.DL_Common_delayCycles)
                  00000316    00000014     ti_msp_dl_config.o (.text.SYSCFG_DL_init)
                  0000032a    00000006     libc.a : exit.c.obj (.text:abort)
                  00000330    00000004     libsysbm.a : hostexit.c.obj (.text.HOSTexit)
                  00000334    00000004     startup_mspm0g350x_ticlang.o (.text.Reset_Handler)
                  00000338    00000004     libc.a : pre_init.c.obj (.text._system_pre_init)
                  0000033c    00000002     startup_mspm0g350x_ticlang.o (.text.Default_Handler)
                  0000033e    00000002     --HOLE-- [fill = 0]

.cinit     0    00000348    00000018     
                  00000348    00000008     (.cinit..bss.load) [load image, compression = zero_init]
                  00000350    00000004     (__TI_handler_table)
                  00000354    00000008     (__TI_cinit_table)
                  0000035c    00000004     --HOLE-- [fill = 0]

.rodata    0    00000340    00000008     
                  00000340    00000008     ti_msp_dl_config.o (.rodata.gADC12_0ClockConfig)

.init_array 
*          0    00000000    00000000     UNINITIALIZED

.binit     0    00000000    00000000     

.bss       0    20200000    00000003     UNINITIALIZED
                  20200000    00000002     (.common:gAdcResult)
                  20200002    00000001     (.common:gCheckADC)

.stack     0    20207e00    00000200     UNINITIALIZED
                  20207e00    00000004     libc.a : boot_cortex_m.c.obj (.stack)
                  20207e04    000001fc     --HOLE--

__llvm_prf_cnts 
*          0    20200000    00000000     UNINITIALIZED

__llvm_prf_bits 
*          0    20200000    00000000     UNINITIALIZED

MODULE SUMMARY

       Module                         code   ro data   rw data
       ------                         ----   -------   -------
    .\
       ti_msp_dl_config.o             220    8         0      
       startup_mspm0g350x_ticlang.o   6      192       0      
       adc12_single_conversion.o      140    0         3      
    +--+------------------------------+------+---------+---------+
       Total:                         366    200       3      
                                                              
    C:/ti/mspm0_sdk_2_01_00_03/source/ti/driverlib/lib/ticlang/m0p/mspm0g1x0x_g3x0x/driverlib.a
       dl_adc12.o                     116    0         0      
       dl_common.o                    20     0         0      
    +--+------------------------------+------+---------+---------+
       Total:                         136    0         0      
                                                              
    C:\ti\ccs2020\ccs\tools\compiler\ti-cgt-armllvm_4.0.3.LTS\lib\armv6m-ti-none-eabi/c/libc.a
       autoinit.c.obj                 60     0         0      
       boot_cortex_m.c.obj            40     0         0      
       copy_zero_init.c.obj           22     0         0      
       exit.c.obj                     6      0         0      
       pre_init.c.obj                 4      0         0      
    +--+------------------------------+------+---------+---------+
       Total:                         132    0         0      
                                                              
    C:\ti\ccs2020\ccs\tools\compiler\ti-cgt-armllvm_4.0.3.LTS\lib\armv6m-ti-none-eabi/c/libsysbm.a
       hostexit.c.obj                 4      0         0      
    +--+------------------------------+------+---------+---------+
       Total:                         4      0         0      
                                                              
       Stack:                         0      0         512    
       Linker Generated:              0      20        0      
    +--+------------------------------+------+---------+---------+
       Grand Total:                   638    220       515    


LINKER GENERATED COPY TABLES

__TI_cinit_table @ 00000354 records: 1, size/record: 8, table size: 8
	.bss: load addr=00000348, load size=00000008 bytes, run addr=20200000, run size=00000003 bytes, compression=zero_init


LINKER GENERATED HANDLER TABLE

__TI_handler_table @ 00000350 records: 1, size/record: 4, table size: 4
	index: 0, handler: __TI_zero_init


GLOBAL SYMBOLS: SORTED ALPHABETICALLY BY Name 

address   name                          
-------   ----                          
000002b9  ADC0_IRQHandler               
0000033d  ADC1_IRQHandler               
0000033d  AES_IRQHandler                
00000330  C$$EXIT                       
0000033d  CANFD0_IRQHandler             
0000033d  DAC0_IRQHandler               
00000131  DL_ADC12_setClockConfig       
00000303  DL_Common_delayCycles         
0000033d  DMA_IRQHandler                
0000033d  Default_Handler               
0000033d  GROUP0_IRQHandler             
0000033d  GROUP1_IRQHandler             
00000331  HOSTexit                      
0000033d  HardFault_Handler             
0000033d  I2C0_IRQHandler               
0000033d  I2C1_IRQHandler               
0000033d  NMI_Handler                   
0000033d  PendSV_Handler                
0000033d  RTC_IRQHandler                
00000335  Reset_Handler                 
0000033d  SPI0_IRQHandler               
0000033d  SPI1_IRQHandler               
0000033d  SVC_Handler                   
0000017d  SYSCFG_DL_ADC12_0_init        
000002d5  SYSCFG_DL_GPIO_init           
00000239  SYSCFG_DL_SYSCTL_init         
00000317  SYSCFG_DL_init                
00000205  SYSCFG_DL_initPower           
0000033d  SysTick_Handler               
0000033d  TIMA0_IRQHandler              
0000033d  TIMA1_IRQHandler              
0000033d  TIMG0_IRQHandler              
0000033d  TIMG12_IRQHandler             
0000033d  TIMG6_IRQHandler              
0000033d  TIMG7_IRQHandler              
0000033d  TIMG8_IRQHandler              
0000033d  UART0_IRQHandler              
0000033d  UART1_IRQHandler              
0000033d  UART2_IRQHandler              
0000033d  UART3_IRQHandler              
20208000  __STACK_END                   
00000200  __STACK_SIZE                  
00000000  __TI_ATRegion0_region_sz      
00000000  __TI_ATRegion0_src_addr       
00000000  __TI_ATRegion0_trg_addr       
00000000  __TI_ATRegion1_region_sz      
00000000  __TI_ATRegion1_src_addr       
00000000  __TI_ATRegion1_trg_addr       
00000000  __TI_ATRegion2_region_sz      
00000000  __TI_ATRegion2_src_addr       
00000000  __TI_ATRegion2_trg_addr       
00000354  __TI_CINIT_Base               
0000035c  __TI_CINIT_Limit              
0000035c  __TI_CINIT_Warm               
00000350  __TI_Handler_Table_Base       
00000354  __TI_Handler_Table_Limit      
000001c9  __TI_auto_init_nobinit_nopinit
ffffffff  __TI_pprof_out_hndl           
ffffffff  __TI_prof_data_size           
ffffffff  __TI_prof_data_start          
00000000  __TI_static_base__            
000002ed  __TI_zero_init_nomemset       
ffffffff  __binit__                     
UNDEFED   __mpu_init                    
20207e00  __stack                       
20200000  __start___llvm_prf_bits       
20200000  __start___llvm_prf_cnts       
20200000  __stop___llvm_prf_bits        
20200000  __stop___llvm_prf_cnts        
00000291  _c_int00_noargs               
UNDEFED   _system_post_cinit            
00000339  _system_pre_init              
0000032b  abort                         
ffffffff  binit                         
20200000  gAdcResult                    
20200002  gCheckADC                     
00000000  interruptVectors              
000000c1  main                          


GLOBAL SYMBOLS: SORTED BY Symbol Address 

address   name                          
-------   ----                          
00000000  __TI_ATRegion0_region_sz      
00000000  __TI_ATRegion0_src_addr       
00000000  __TI_ATRegion0_trg_addr       
00000000  __TI_ATRegion1_region_sz      
00000000  __TI_ATRegion1_src_addr       
00000000  __TI_ATRegion1_trg_addr       
00000000  __TI_ATRegion2_region_sz      
00000000  __TI_ATRegion2_src_addr       
00000000  __TI_ATRegion2_trg_addr       
00000000  __TI_static_base__            
00000000  interruptVectors              
000000c1  main                          
00000131  DL_ADC12_setClockConfig       
0000017d  SYSCFG_DL_ADC12_0_init        
000001c9  __TI_auto_init_nobinit_nopinit
00000200  __STACK_SIZE                  
00000205  SYSCFG_DL_initPower           
00000239  SYSCFG_DL_SYSCTL_init         
00000291  _c_int00_noargs               
000002b9  ADC0_IRQHandler               
000002d5  SYSCFG_DL_GPIO_init           
000002ed  __TI_zero_init_nomemset       
00000303  DL_Common_delayCycles         
00000317  SYSCFG_DL_init                
0000032b  abort                         
00000330  C$$EXIT                       
00000331  HOSTexit                      
00000335  Reset_Handler                 
00000339  _system_pre_init              
0000033d  ADC1_IRQHandler               
0000033d  AES_IRQHandler                
0000033d  CANFD0_IRQHandler             
0000033d  DAC0_IRQHandler               
0000033d  DMA_IRQHandler                
0000033d  Default_Handler               
0000033d  GROUP0_IRQHandler             
0000033d  GROUP1_IRQHandler             
0000033d  HardFault_Handler             
0000033d  I2C0_IRQHandler               
0000033d  I2C1_IRQHandler               
0000033d  NMI_Handler                   
0000033d  PendSV_Handler                
0000033d  RTC_IRQHandler                
0000033d  SPI0_IRQHandler               
0000033d  SPI1_IRQHandler               
0000033d  SVC_Handler                   
0000033d  SysTick_Handler               
0000033d  TIMA0_IRQHandler              
0000033d  TIMA1_IRQHandler              
0000033d  TIMG0_IRQHandler              
0000033d  TIMG12_IRQHandler             
0000033d  TIMG6_IRQHandler              
0000033d  TIMG7_IRQHandler              
0000033d  TIMG8_IRQHandler              
0000033d  UART0_IRQHandler              
0000033d  UART1_IRQHandler              
0000033d  UART2_IRQHandler              
0000033d  UART3_IRQHandler              
00000350  __TI_Handler_Table_Base       
00000354  __TI_CINIT_Base               
00000354  __TI_Handler_Table_Limit      
0000035c  __TI_CINIT_Limit              
0000035c  __TI_CINIT_Warm               
20200000  __start___llvm_prf_bits       
20200000  __start___llvm_prf_cnts       
20200000  __stop___llvm_prf_bits        
20200000  __stop___llvm_prf_cnts        
20200000  gAdcResult                    
20200002  gCheckADC                     
20207e00  __stack                       
20208000  __STACK_END                   
ffffffff  __TI_pprof_out_hndl           
ffffffff  __TI_prof_data_size           
ffffffff  __TI_prof_data_start          
ffffffff  __binit__                     
ffffffff  binit                         
UNDEFED   __mpu_init                    
UNDEFED   _system_post_cinit            

[78 symbols]
