******************************************************************************
            TI ARM Clang Linker PC v4.0.3                      
******************************************************************************
>> Linked Tue Jul 15 17:22:54 2025

OUTPUT FILE NAME:   <MSPM0G3507_AD9959DDSCtrl_Demo.out>
ENTRY POINT SYMBOL: "_c_int00_noargs"  address: 000014cd


MEMORY CONFIGURATION

         name            origin    length      used     unused   attr    fill
----------------------  --------  ---------  --------  --------  ----  --------
  FLASH                 00000000   00020000  000016f8  0001e908  R  X
  SRAM                  20200000   00008000  00000282  00007d7e  RW X
  BCR_CONFIG            41c00000   00000080  00000000  00000080  R   
  BSL_CONFIG            41c00100   00000080  00000000  00000080  R   


SEGMENT ALLOCATION MAP

run origin  load origin   length   init length attrs members
----------  ----------- ---------- ----------- ----- -------
00000000    00000000    000016f8   000016f8    r-x
  00000000    00000000    000000c0   000000c0    r-- .intvecs
  000000c0    000000c0    000015e8   000015e8    r-x .text
  000016a8    000016a8    00000028   00000028    r-- .rodata
  000016d0    000016d0    00000028   00000028    r-- .cinit
20200000    20200000    00000082   00000000    rw-
  20200000    20200000    00000082   00000000    rw- .data
20207e00    20207e00    00000200   00000000    rw-
  20207e00    20207e00    00000200   00000000    rw- .stack


SECTION ALLOCATION MAP

 output                                  attributes/
section   page    origin      length       input sections
--------  ----  ----------  ----------   ----------------
.intvecs   0    00000000    000000c0     
                  00000000    000000c0     startup_mspm0g350x_ticlang.o (.intvecs)

.text      0    000000c0    000015e8     
                  000000c0    0000052c     AD9959.o (.text.AD9959_init)
                  000005ec    00000360     AD9959.o (.text.AD9959_writeData)
                  0000094c    0000027c     AD9959.o (.text.AD9959_writeDataSlow)
                  00000bc8    000000fc     UserTask.o (.text.UserTask_init)
                  00000cc4    000000ec     driverlib.a : dl_sysctl_mspm0g1x0x_g3x0x.o (.text.DL_SYSCTL_configSYSPLL)
                  00000db0    000000d8     libclang_rt.builtins.a : addsf3.S.obj (.text)
                  00000e88    0000009a     libc.a : memcpy16.S.obj (.text:memcpy)
                  00000f22    00000002     startup_mspm0g350x_ticlang.o (.text.Default_Handler)
                  00000f24    0000008c     libclang_rt.builtins.a : mulsf3.S.obj (.text.__mulsf3)
                  00000fb0    00000088     DDS.o (.text.DDS_sweep)
                  00001038    0000007c     libc.a : copy_decompress_lzss.c.obj (.text:decompress:lzss)
                  000010b4    00000062     libclang_rt.builtins.a : aeabi_fcmp.S.obj (.text.__aeabi_fcmp)
                  00001116    00000002                            : aeabi_div0.c.obj (.text.__aeabi_idiv0)
                  00001118    0000005c     ti_msp_dl_config.o (.text.SYSCFG_DL_SYSCTL_init)
                  00001174    0000004c     driverlib.a : dl_sysctl_mspm0g1x0x_g3x0x.o (.text.DL_SYSCTL_switchMCLKfromSYSOSCtoHSCLK)
                  000011c0    00000048     AD9959.o (.text.AD9959_setFreq)
                  00001208    00000040     libclang_rt.builtins.a : aeabi_uidivmod.S.obj (.text.__aeabi_uidivmod)
                  00001248    0000003c     UserTask.o (.text.UserTask_loop)
                  00001284    0000003c     libclang_rt.builtins.a : comparesf2.S.obj (.text.__gtsf2)
                  000012c0    0000003c     libc.a : autoinit.c.obj (.text:__TI_auto_init_nobinit_nopinit)
                  000012fc    0000003a     libclang_rt.builtins.a : comparesf2.S.obj (.text.__eqsf2)
                  00001336    00000002     --HOLE-- [fill = 0]
                  00001338    0000003a                            : muldsi3.S.obj (.text.__muldsi3)
                  00001372    00000002     --HOLE-- [fill = 0]
                  00001374    00000038     ti_msp_dl_config.o (.text.SYSCFG_DL_GPIO_init)
                  000013ac    00000038     libclang_rt.builtins.a : fixsfsi.S.obj (.text.__fixsfsi)
                  000013e4    00000032                            : fixunssfsi.S.obj (.text.__fixunssfsi)
                  00001416    00000002     --HOLE-- [fill = 0]
                  00001418    00000030     ti_msp_dl_config.o (.text.SYSCFG_DL_SYSTICK_init)
                  00001448    0000002e     AD9959.o (.text.AD9959_setAmp)
                  00001476    00000002     --HOLE-- [fill = 0]
                  00001478    0000002c     ti_msp_dl_config.o (.text.SYSCFG_DL_initPower)
                  000014a4    00000028     driverlib.a : dl_sysctl_mspm0g1x0x_g3x0x.o (.text.DL_Common_updateReg)
                  000014cc    00000028     libc.a : boot_cortex_m.c.obj (.text:_c_int00_noargs)
                  000014f4    00000026     AD9959.o (.text.AD9959_setPhase)
                  0000151a    00000024     DDS.o (.text.DDS_initSweep)
                  0000153e    00000002     --HOLE-- [fill = 0]
                  00001540    00000020     AD9959.o (.text.AD9959_IOUpdate)
                  00001560    00000020     driverlib.a : dl_sysctl_mspm0g1x0x_g3x0x.o (.text.DL_CORE_configInstruction)
                  00001580    00000020     Tick.o (.text.Tick_delay)
                  000015a0    0000001e     DDS.o (.text.DDS_singleTone)
                  000015be    00000002     --HOLE-- [fill = 0]
                  000015c0    0000001c     Tick.o (.text.SysTick_Handler)
                  000015dc    00000018     driverlib.a : dl_sysctl_mspm0g1x0x_g3x0x.o (.text.DL_SYSCTL_setHSCLKSource)
                  000015f4    00000016     MSPM0G3507_AD9959DDSCtrl_Demo.o (.text.main)
                  0000160a    00000014     driverlib.a : dl_common.o (.text.DL_Common_delayCycles)
                  0000161e    00000002     --HOLE-- [fill = 0]
                  00001620    00000014                 : dl_sysctl_mspm0g1x0x_g3x0x.o (.text.DL_SYSCTL_disableSYSPLL)
                  00001634    00000014     ti_msp_dl_config.o (.text.SYSCFG_DL_init)
                  00001648    00000012     libc.a : copy_decompress_none.c.obj (.text:decompress:none)
                  0000165a    00000002     --HOLE-- [fill = 0]
                  0000165c    00000010     driverlib.a : dl_sysctl_mspm0g1x0x_g3x0x.o (.text.DL_CORE_getInstructionConfig)
                  0000166c    0000000c                 : dl_sysctl_mspm0g1x0x_g3x0x.o (.text.DL_SYSCTL_getClockStatus)
                  00001678    00000008     DDS.o (.text.DDS_init)
                  00001680    00000008     DDS.o (.text.DDS_update)
                  00001688    00000008     libclang_rt.builtins.a : aeabi_memcpy.S.obj (.text.__aeabi_memcpy)
                  00001690    00000006     libc.a : exit.c.obj (.text:abort)
                  00001696    00000004     libsysbm.a : hostexit.c.obj (.text.HOSTexit)
                  0000169a    00000004     startup_mspm0g350x_ticlang.o (.text.Reset_Handler)
                  0000169e    00000004     libc.a : pre_init.c.obj (.text._system_pre_init)
                  000016a2    00000006     --HOLE-- [fill = 0]

.cinit     0    000016d0    00000028     
                  000016d0    00000012     (.cinit..data.load) [load image, compression = lzss]
                  000016e2    00000002     --HOLE-- [fill = 0]
                  000016e4    00000008     (__TI_handler_table)
                  000016ec    00000008     (__TI_cinit_table)
                  000016f4    00000004     --HOLE-- [fill = 0]

.rodata    0    000016a8    00000028     
                  000016a8    00000028     ti_msp_dl_config.o (.rodata.gSYSPLLConfig)

.init_array 
*          0    00000000    00000000     UNINITIALIZED

.binit     0    00000000    00000000     

.data      0    20200000    00000082     UNINITIALIZED
                  20200000    00000054     UserTask.o (.data.Sweep)
                  20200054    00000020     UserTask.o (.data.SingleTone)
                  20200074    00000004     AD9959.o (.data.ACC_FRE_FACTOR)
                  20200078    00000004     Tick.o (.data.Tick)
                  2020007c    00000003     AD9959.o (.data.FR1_DATA)
                  2020007f    00000001     --HOLE--
                  20200080    00000002     UserTask.o (.data.SweepTick)

.stack     0    20207e00    00000200     UNINITIALIZED
                  20207e00    00000004     libc.a : boot_cortex_m.c.obj (.stack)
                  20207e04    000001fc     --HOLE--

__llvm_prf_cnts 
*          0    20200000    00000000     UNINITIALIZED

__llvm_prf_bits 
*          0    20200000    00000000     UNINITIALIZED

MODULE SUMMARY

       Module                            code   ro data   rw data
       ------                            ----   -------   -------
    .\
       startup_mspm0g350x_ticlang.o      6      192       0      
       MSPM0G3507_AD9959DDSCtrl_Demo.o   22     0         0      
    +--+---------------------------------+------+---------+---------+
       Total:                            28     192       0      
                                                                 
    .\User\
       AD9959.o                          3012   0         7      
       UserTask.o                        312    0         118    
       DDS.o                             218    0         0      
       Tick.o                            60     0         4      
    +--+---------------------------------+------+---------+---------+
       Total:                            3602   0         129    
                                                                 
    .\syscfg\
       ti_msp_dl_config.o                260    40        0      
    +--+---------------------------------+------+---------+---------+
       Total:                            260    40        0      
                                                                 
    C:/ti/mspm0_sdk_2_01_00_03/source/ti/driverlib/lib/ticlang/m0p/mspm0g1x0x_g3x0x/driverlib.a
       dl_sysctl_mspm0g1x0x_g3x0x.o      456    0         0      
       dl_common.o                       20     0         0      
    +--+---------------------------------+------+---------+---------+
       Total:                            476    0         0      
                                                                 
    C:\ti\ccs2020\ccs\tools\compiler\ti-cgt-armllvm_4.0.3.LTS\lib\armv6m-ti-none-eabi/c/libc.a
       memcpy16.S.obj                    154    0         0      
       copy_decompress_lzss.c.obj        124    0         0      
       autoinit.c.obj                    60     0         0      
       boot_cortex_m.c.obj               40     0         0      
       copy_decompress_none.c.obj        18     0         0      
       exit.c.obj                        6      0         0      
       pre_init.c.obj                    4      0         0      
    +--+---------------------------------+------+---------+---------+
       Total:                            406    0         0      
                                                                 
    C:\ti\ccs2020\ccs\tools\compiler\ti-cgt-armllvm_4.0.3.LTS\lib\armv6m-ti-none-eabi/c/libsysbm.a
       hostexit.c.obj                    4      0         0      
    +--+---------------------------------+------+---------+---------+
       Total:                            4      0         0      
                                                                 
    C:\ti\ccs2020\ccs\tools\compiler\ti-cgt-armllvm_4.0.3.LTS\lib\armv6m-ti-none-eabi/libclang_rt.builtins.a
       addsf3.S.obj                      216    0         0      
       mulsf3.S.obj                      140    0         0      
       comparesf2.S.obj                  118    0         0      
       aeabi_fcmp.S.obj                  98     0         0      
       aeabi_uidivmod.S.obj              64     0         0      
       muldsi3.S.obj                     58     0         0      
       fixsfsi.S.obj                     56     0         0      
       fixunssfsi.S.obj                  50     0         0      
       aeabi_memcpy.S.obj                8      0         0      
       aeabi_div0.c.obj                  2      0         0      
    +--+---------------------------------+------+---------+---------+
       Total:                            810    0         0      
                                                                 
       Stack:                            0      0         512    
       Linker Generated:                 0      34        0      
    +--+---------------------------------+------+---------+---------+
       Grand Total:                      5586   266       641    


LINKER GENERATED COPY TABLES

__TI_cinit_table @ 000016ec records: 1, size/record: 8, table size: 8
	.data: load addr=000016d0, load size=00000012 bytes, run addr=20200000, run size=00000082 bytes, compression=lzss


LINKER GENERATED HANDLER TABLE

__TI_handler_table @ 000016e4 records: 2, size/record: 4, table size: 8
	index: 0, handler: __TI_decompress_lzss
	index: 1, handler: __TI_decompress_none


GLOBAL SYMBOLS: SORTED ALPHABETICALLY BY Name 

address   name                                 
-------   ----                                 
20200074  ACC_FRE_FACTOR                       
00001541  AD9959_IOUpdate                      
000000c1  AD9959_init                          
00001449  AD9959_setAmp                        
000011c1  AD9959_setFreq                       
000014f5  AD9959_setPhase                      
000005ed  AD9959_writeData                     
0000094d  AD9959_writeDataSlow                 
00000f23  ADC0_IRQHandler                      
00000f23  ADC1_IRQHandler                      
00000f23  AES_IRQHandler                       
00001696  C$$EXIT                              
00000f23  CANFD0_IRQHandler                    
00000f23  DAC0_IRQHandler                      
00001679  DDS_init                             
0000151b  DDS_initSweep                        
000015a1  DDS_singleTone                       
00000fb1  DDS_sweep                            
00001681  DDS_update                           
0000160b  DL_Common_delayCycles                
00000cc5  DL_SYSCTL_configSYSPLL               
00001175  DL_SYSCTL_switchMCLKfromSYSOSCtoHSCLK
00000f23  DMA_IRQHandler                       
00000f23  Default_Handler                      
2020007c  FR1_DATA                             
00000f23  GROUP0_IRQHandler                    
00000f23  GROUP1_IRQHandler                    
00001697  HOSTexit                             
00000f23  HardFault_Handler                    
00000f23  I2C0_IRQHandler                      
00000f23  I2C1_IRQHandler                      
00000f23  NMI_Handler                          
00000f23  PendSV_Handler                       
00000f23  RTC_IRQHandler                       
0000169b  Reset_Handler                        
00000f23  SPI0_IRQHandler                      
00000f23  SPI1_IRQHandler                      
00000f23  SVC_Handler                          
00001375  SYSCFG_DL_GPIO_init                  
00001119  SYSCFG_DL_SYSCTL_init                
00001419  SYSCFG_DL_SYSTICK_init               
00001635  SYSCFG_DL_init                       
00001479  SYSCFG_DL_initPower                  
20200054  SingleTone                           
20200000  Sweep                                
20200080  SweepTick                            
000015c1  SysTick_Handler                      
00000f23  TIMA0_IRQHandler                     
00000f23  TIMA1_IRQHandler                     
00000f23  TIMG0_IRQHandler                     
00000f23  TIMG12_IRQHandler                    
00000f23  TIMG6_IRQHandler                     
00000f23  TIMG7_IRQHandler                     
00000f23  TIMG8_IRQHandler                     
20200078  Tick                                 
00001581  Tick_delay                           
00000f23  UART0_IRQHandler                     
00000f23  UART1_IRQHandler                     
00000f23  UART2_IRQHandler                     
00000f23  UART3_IRQHandler                     
00000bc9  UserTask_init                        
00001249  UserTask_loop                        
20208000  __STACK_END                          
00000200  __STACK_SIZE                         
00000000  __TI_ATRegion0_region_sz             
00000000  __TI_ATRegion0_src_addr              
00000000  __TI_ATRegion0_trg_addr              
00000000  __TI_ATRegion1_region_sz             
00000000  __TI_ATRegion1_src_addr              
00000000  __TI_ATRegion1_trg_addr              
00000000  __TI_ATRegion2_region_sz             
00000000  __TI_ATRegion2_src_addr              
00000000  __TI_ATRegion2_trg_addr              
000016ec  __TI_CINIT_Base                      
000016f4  __TI_CINIT_Limit                     
000016f4  __TI_CINIT_Warm                      
000016e4  __TI_Handler_Table_Base              
000016ec  __TI_Handler_Table_Limit             
000012c1  __TI_auto_init_nobinit_nopinit       
00001039  __TI_decompress_lzss                 
00001649  __TI_decompress_none                 
ffffffff  __TI_pprof_out_hndl                  
ffffffff  __TI_prof_data_size                  
ffffffff  __TI_prof_data_start                 
00000000  __TI_static_base__                   
00000dbb  __addsf3                             
000013ad  __aeabi_f2iz                         
000013e5  __aeabi_f2uiz                        
00000dbb  __aeabi_fadd                         
000010b5  __aeabi_fcmpeq                       
000010f1  __aeabi_fcmpge                       
00001105  __aeabi_fcmpgt                       
000010dd  __aeabi_fcmple                       
000010c9  __aeabi_fcmplt                       
00000f25  __aeabi_fmul                         
00000db1  __aeabi_fsub                         
00001117  __aeabi_idiv0                        
00001689  __aeabi_memcpy                       
00001689  __aeabi_memcpy4                      
00001689  __aeabi_memcpy8                      
00001209  __aeabi_uidiv                        
00001209  __aeabi_uidivmod                     
ffffffff  __binit__                            
000012fd  __cmpsf2                             
000012fd  __eqsf2                              
000013ad  __fixsfsi                            
000013e5  __fixunssfsi                         
00001285  __gesf2                              
00001285  __gtsf2                              
000012fd  __lesf2                              
000012fd  __ltsf2                              
UNDEFED   __mpu_init                           
00001339  __muldsi3                            
00000f25  __mulsf3                             
000012fd  __nesf2                              
20207e00  __stack                              
20200000  __start___llvm_prf_bits              
20200000  __start___llvm_prf_cnts              
20200000  __stop___llvm_prf_bits               
20200000  __stop___llvm_prf_cnts               
00000db1  __subsf3                             
000014cd  _c_int00_noargs                      
UNDEFED   _system_post_cinit                   
0000169f  _system_pre_init                     
00001691  abort                                
ffffffff  binit                                
00000000  interruptVectors                     
000015f5  main                                 
00000e89  memcpy                               


GLOBAL SYMBOLS: SORTED BY Symbol Address 

address   name                                 
-------   ----                                 
00000000  __TI_ATRegion0_region_sz             
00000000  __TI_ATRegion0_src_addr              
00000000  __TI_ATRegion0_trg_addr              
00000000  __TI_ATRegion1_region_sz             
00000000  __TI_ATRegion1_src_addr              
00000000  __TI_ATRegion1_trg_addr              
00000000  __TI_ATRegion2_region_sz             
00000000  __TI_ATRegion2_src_addr              
00000000  __TI_ATRegion2_trg_addr              
00000000  __TI_static_base__                   
00000000  interruptVectors                     
000000c1  AD9959_init                          
00000200  __STACK_SIZE                         
000005ed  AD9959_writeData                     
0000094d  AD9959_writeDataSlow                 
00000bc9  UserTask_init                        
00000cc5  DL_SYSCTL_configSYSPLL               
00000db1  __aeabi_fsub                         
00000db1  __subsf3                             
00000dbb  __addsf3                             
00000dbb  __aeabi_fadd                         
00000e89  memcpy                               
00000f23  ADC0_IRQHandler                      
00000f23  ADC1_IRQHandler                      
00000f23  AES_IRQHandler                       
00000f23  CANFD0_IRQHandler                    
00000f23  DAC0_IRQHandler                      
00000f23  DMA_IRQHandler                       
00000f23  Default_Handler                      
00000f23  GROUP0_IRQHandler                    
00000f23  GROUP1_IRQHandler                    
00000f23  HardFault_Handler                    
00000f23  I2C0_IRQHandler                      
00000f23  I2C1_IRQHandler                      
00000f23  NMI_Handler                          
00000f23  PendSV_Handler                       
00000f23  RTC_IRQHandler                       
00000f23  SPI0_IRQHandler                      
00000f23  SPI1_IRQHandler                      
00000f23  SVC_Handler                          
00000f23  TIMA0_IRQHandler                     
00000f23  TIMA1_IRQHandler                     
00000f23  TIMG0_IRQHandler                     
00000f23  TIMG12_IRQHandler                    
00000f23  TIMG6_IRQHandler                     
00000f23  TIMG7_IRQHandler                     
00000f23  TIMG8_IRQHandler                     
00000f23  UART0_IRQHandler                     
00000f23  UART1_IRQHandler                     
00000f23  UART2_IRQHandler                     
00000f23  UART3_IRQHandler                     
00000f25  __aeabi_fmul                         
00000f25  __mulsf3                             
00000fb1  DDS_sweep                            
00001039  __TI_decompress_lzss                 
000010b5  __aeabi_fcmpeq                       
000010c9  __aeabi_fcmplt                       
000010dd  __aeabi_fcmple                       
000010f1  __aeabi_fcmpge                       
00001105  __aeabi_fcmpgt                       
00001117  __aeabi_idiv0                        
00001119  SYSCFG_DL_SYSCTL_init                
00001175  DL_SYSCTL_switchMCLKfromSYSOSCtoHSCLK
000011c1  AD9959_setFreq                       
00001209  __aeabi_uidiv                        
00001209  __aeabi_uidivmod                     
00001249  UserTask_loop                        
00001285  __gesf2                              
00001285  __gtsf2                              
000012c1  __TI_auto_init_nobinit_nopinit       
000012fd  __cmpsf2                             
000012fd  __eqsf2                              
000012fd  __lesf2                              
000012fd  __ltsf2                              
000012fd  __nesf2                              
00001339  __muldsi3                            
00001375  SYSCFG_DL_GPIO_init                  
000013ad  __aeabi_f2iz                         
000013ad  __fixsfsi                            
000013e5  __aeabi_f2uiz                        
000013e5  __fixunssfsi                         
00001419  SYSCFG_DL_SYSTICK_init               
00001449  AD9959_setAmp                        
00001479  SYSCFG_DL_initPower                  
000014cd  _c_int00_noargs                      
000014f5  AD9959_setPhase                      
0000151b  DDS_initSweep                        
00001541  AD9959_IOUpdate                      
00001581  Tick_delay                           
000015a1  DDS_singleTone                       
000015c1  SysTick_Handler                      
000015f5  main                                 
0000160b  DL_Common_delayCycles                
00001635  SYSCFG_DL_init                       
00001649  __TI_decompress_none                 
00001679  DDS_init                             
00001681  DDS_update                           
00001689  __aeabi_memcpy                       
00001689  __aeabi_memcpy4                      
00001689  __aeabi_memcpy8                      
00001691  abort                                
00001696  C$$EXIT                              
00001697  HOSTexit                             
0000169b  Reset_Handler                        
0000169f  _system_pre_init                     
000016e4  __TI_Handler_Table_Base              
000016ec  __TI_CINIT_Base                      
000016ec  __TI_Handler_Table_Limit             
000016f4  __TI_CINIT_Limit                     
000016f4  __TI_CINIT_Warm                      
20200000  Sweep                                
20200000  __start___llvm_prf_bits              
20200000  __start___llvm_prf_cnts              
20200000  __stop___llvm_prf_bits               
20200000  __stop___llvm_prf_cnts               
20200054  SingleTone                           
20200074  ACC_FRE_FACTOR                       
20200078  Tick                                 
2020007c  FR1_DATA                             
20200080  SweepTick                            
20207e00  __stack                              
20208000  __STACK_END                          
ffffffff  __TI_pprof_out_hndl                  
ffffffff  __TI_prof_data_size                  
ffffffff  __TI_prof_data_start                 
ffffffff  __binit__                            
ffffffff  binit                                
UNDEFED   __mpu_init                           
UNDEFED   _system_post_cinit                   

[129 symbols]
