******************************************************************************
            TI ARM Clang Linker PC v4.0.3                      
******************************************************************************
>> Linked Thu Jul 31 21:22:50 2025

OUTPUT FILE NAME:   <RFWBAmpCtrl_MSPM0G3507 copy 5.out>
ENTRY POINT SYMBOL: "_c_int00_noargs"  address: 000059b9


MEMORY CONFIGURATION

         name            origin    length      used     unused   attr    fill
----------------------  --------  ---------  --------  --------  ----  --------
  FLASH                 00000000   00020000  00006360  00019ca0  R  X
  SRAM                  20200000   00008000  00003728  000048d8  RW X
  BCR_CONFIG            41c00000   00000080  00000000  00000080  R   
  BSL_CONFIG            41c00100   00000080  00000000  00000080  R   


SEGMENT ALLOCATION MAP

run origin  load origin   length   init length attrs members
----------  ----------- ---------- ----------- ----- -------
00000000    00000000    00006360   00006360    r-x
  00000000    00000000    000000c0   000000c0    r-- .intvecs
  000000c0    000000c0    00005dd0   00005dd0    r-x .text
  00005e90    00005e90    00000480   00000480    r-- .rodata
  00006310    00006310    00000050   00000050    r-- .cinit
20200000    20200000    00003529   00000000    rw-
  20200000    20200000    000033bb   00000000    rw- .bss
  202033bc    202033bc    0000016d   00000000    rw- .data
20207e00    20207e00    00000200   00000000    rw-
  20207e00    20207e00    00000200   00000000    rw- .stack


SECTION ALLOCATION MAP

 output                                  attributes/
section   page    origin      length       input sections
--------  ----  ----------  ----------   ----------------
.intvecs   0    00000000    000000c0     
                  00000000    000000c0     startup_mspm0g350x_ticlang.o (.intvecs)

.text      0    000000c0    00005dd0     
                  000000c0    00000c08     UserTask.o (.text.UserTask_loop)
                  00000cc8    000009d0     libc.a : _printfi.c.obj (.text:__TI_printfi)
                  00001698    000006b8            : e_powf.c.obj (.text.powf)
                  00001d50    0000052c     AD9959.o (.text.AD9959_init)
                  0000227c    000003b8     libc.a : strtod.c.obj (.text.strtod)
                  00002634    00000390     AD9959.o (.text.AD9959_writeData)
                  000029c4    00000258     AD9959.o (.text.AD9959_writeDataSlow)
                  00002c1c    00000220     libc.a : _printfi.c.obj (.text._pconv_a)
                  00002e3c    000001dc            : _printfi.c.obj (.text._pconv_g)
                  00003018    000001c4     UserTask.o (.text.get_length)
                  000031dc    000001b4     UserTask.o (.text.smooth_amp_length)
                  00003390    00000192     libclang_rt.builtins.a : adddf3.S.obj (.text.adddf3_subdf3)
                  00003522    00000002     startup_mspm0g350x_ticlang.o (.text.Default_Handler)
                  00003524    0000013c     libc.a : _printfi.c.obj (.text.fcvt)
                  00003660    00000120            : _printfi.c.obj (.text._pconv_e)
                  00003780    00000110     driverlib.a : dl_timer.o (.text.DL_Timer_initPWMMode)
                  00003890    0000010c     libclang_rt.builtins.a : divdf3.S.obj (.text.__divdf3)
                  0000399c    00000108     UserADC.o (.text.UserTask_ADC1)
                  00003aa4    00000100     driverlib.a : dl_timer.o (.text.DL_Timer_initTimerMode)
                  00003ba4    000000fc     UserUART.o (.text.UART2_IRQHandler)
                  00003ca0    000000ec     driverlib.a : dl_sysctl_mspm0g1x0x_g3x0x.o (.text.DL_SYSCTL_configSYSPLL)
                  00003d8c    000000e4     libclang_rt.builtins.a : muldf3.S.obj (.text.__muldf3)
                  00003e70    000000d8     libc.a : s_scalbn.c.obj (.text.scalbn)
                  00003f48    000000d8     libclang_rt.builtins.a : addsf3.S.obj (.text)
                  00004020    000000cc     Tick.o (.text.SysTick_Handler)
                  000040ec    000000b8     ti_msp_dl_config.o (.text.SYSCFG_DL_GPIO_init)
                  000041a4    000000b0     libc.a : s_scalbnf.c.obj (.text.scalbnf)
                  00004254    000000a2     libclang_rt.builtins.a : udivmoddi4.S.obj (.text)
                  000042f6    00000002                            : aeabi_div0.c.obj (.text.__aeabi_idiv0)
                  000042f8    000000a0     libc.a : e_sqrtf.c.obj (.text.sqrtf)
                  00004398    0000009a            : memcpy16.S.obj (.text:memcpy)
                  00004432    00000002     libclang_rt.builtins.a : aeabi_div0.c.obj (.text.__aeabi_ldiv0)
                  00004434    00000094     DDS.o (.text.DDS_sweep)
                  000044c8    00000094     ti_msp_dl_config.o (.text.SYSCFG_DL_initPower)
                  0000455c    0000008c     UserTask.o (.text.UserTask_ENC)
                  000045e8    0000008c     libclang_rt.builtins.a : mulsf3.S.obj (.text.__mulsf3)
                  00004674    00000082                            : divsf3.S.obj (.text.__divsf3)
                  000046f6    00000002     --HOLE-- [fill = 0]
                  000046f8    00000080     ti_msp_dl_config.o (.text.SYSCFG_DL_PWM_LED_RG_init)
                  00004778    0000007c     libc.a : copy_decompress_lzss.c.obj (.text:decompress:lzss)
                  000047f4    00000074     ti_msp_dl_config.o (.text.SYSCFG_DL_ADC1_init)
                  00004868    00000074     ti_msp_dl_config.o (.text.SYSCFG_DL_UART_2_init)
                  000048dc    00000074     UserTask.o (.text.UserTask_init)
                  00004950    00000074     libclang_rt.builtins.a : comparedf2.c.obj (.text.__gedf2)
                  000049c4    0000000c     driverlib.a : dl_sysctl_mspm0g1x0x_g3x0x.o (.text.DL_SYSCTL_getClockStatus)
                  000049d0    00000074     libclang_rt.builtins.a : truncdfsf2.S.obj (.text.__truncdfsf2)
                  00004a44    00000068     ti_msp_dl_config.o (.text.SYSCFG_DL_ADC0_init)
                  00004aac    00000068     UserADC.o (.text.UserTask_ADC)
                  00004b14    00000068     libclang_rt.builtins.a : comparedf2.c.obj (.text.__ledf2)
                  00004b7c    00000066     libc.a : _printfi.c.obj (.text._mcpy)
                  00004be2    00000002     --HOLE-- [fill = 0]
                  00004be4    00000064     ti_msp_dl_config.o (.text.SYSCFG_DL_UART_0_init)
                  00004c48    00000064     UserUART.o (.text.UART2_printf)
                  00004cac    00000064     UI.o (.text.UI_taskShow2)
                  00004d10    00000062     libclang_rt.builtins.a : aeabi_dcmp.S.obj (.text.__aeabi_dcmp)
                  00004d72    00000002     --HOLE-- [fill = 0]
                  00004d74    00000062                            : aeabi_fcmp.S.obj (.text.__aeabi_fcmp)
                  00004dd6    00000062     libc.a : memset16.S.obj (.text:memset)
                  00004e38    00000060     ti_msp_dl_config.o (.text.SYSCFG_DL_init)
                  00004e98    0000005c     ti_msp_dl_config.o (.text.SYSCFG_DL_PWM_GAIN_init)
                  00004ef4    0000005c     ti_msp_dl_config.o (.text.SYSCFG_DL_PWM_LED_B_init)
                  00004f50    0000005c     ti_msp_dl_config.o (.text.SYSCFG_DL_SYSCTL_init)
                  00004fac    0000005c     libc.a : s_frexp.c.obj (.text.frexp)
                  00005008    00000058            : _ltoa.c.obj (.text.__TI_ltoa)
                  00005060    00000058            : _printfi.c.obj (.text._pconv_f)
                  000050b8    00000056     libclang_rt.builtins.a : aeabi_idivmod.S.obj (.text.__aeabi_idivmod)
                  0000510e    00000052     libc.a : _printfi.c.obj (.text._ecpy)
                  00005160    0000004c     driverlib.a : dl_adc12.o (.text.DL_ADC12_setClockConfig)
                  000051ac    0000004c                 : dl_sysctl_mspm0g1x0x_g3x0x.o (.text.DL_SYSCTL_switchMCLKfromSYSOSCtoHSCLK)
                  000051f8    0000004c                 : dl_uart.o (.text.DL_UART_init)
                  00005244    0000004a     libclang_rt.builtins.a : fixdfsi.S.obj (.text.__fixdfsi)
                  0000528e    00000002     --HOLE-- [fill = 0]
                  00005290    00000048     AD9959.o (.text.AD9959_setFreq)
                  000052d8    00000040     driverlib.a : dl_timer.o (.text.DL_Timer_setCaptureCompareOutCtl)
                  00005318    00000040     libclang_rt.builtins.a : aeabi_uidivmod.S.obj (.text.__aeabi_uidivmod)
                  00005358    00000040                            : extendsfdf2.S.obj (.text.__extendsfdf2)
                  00005398    00000040     libc.a : atoi.c.obj (.text.atoi)
                  000053d8    0000003c     driverlib.a : dl_timer.o (.text.DL_Timer_setCaptureCompareCtl)
                  00005414    0000003c     UserUART.o (.text.UART0_IRQHandler)
                  00005450    0000003c     libclang_rt.builtins.a : floatsisf.S.obj (.text.__floatsisf)
                  0000548c    0000003c                            : comparesf2.S.obj (.text.__gtsf2)
                  000054c8    0000003c     libc.a : autoinit.c.obj (.text:__TI_auto_init_nobinit_nopinit)
                  00005504    0000003a     libclang_rt.builtins.a : comparesf2.S.obj (.text.__eqsf2)
                  0000553e    00000002     --HOLE-- [fill = 0]
                  00005540    0000003a                            : muldsi3.S.obj (.text.__muldsi3)
                  0000557a    00000002     --HOLE-- [fill = 0]
                  0000557c    00000038     ti_msp_dl_config.o (.text.SYSCFG_DL_TIMER_0_init)
                  000055b4    00000038     ti_msp_dl_config.o (.text.SYSCFG_DL_TIMER_1_init)
                  000055ec    00000038     libclang_rt.builtins.a : fixsfsi.S.obj (.text.__fixsfsi)
                  00005624    00000034     driverlib.a : dl_timer.o (.text.DL_Timer_setCaptCompUpdateMethod)
                  00005658    00000034                 : dl_timer.o (.text.DL_Timer_setCaptureCompareAction)
                  0000568c    00000034                 : dl_timer.o (.text.DL_Timer_setCaptureCompareInput)
                  000056c0    00000034                 : dl_timer.o (.text.DL_Timer_setClockConfig)
                  000056f4    00000034     UserTask.o (.text.TIMA1_IRQHandler)
                  00005728    00000032     libclang_rt.builtins.a : fixunssfsi.S.obj (.text.__fixunssfsi)
                  0000575a    00000002     --HOLE-- [fill = 0]
                  0000575c    00000030     Encoder.o (.text.GROUP1_IRQHandler)
                  0000578c    00000030     ti_msp_dl_config.o (.text.SYSCFG_DL_SYSTICK_init)
                  000057bc    00000030     libc.a : _printfi.c.obj (.text._fcpy)
                  000057ec    0000002e     AD9959.o (.text.AD9959_setAmp)
                  0000581a    00000002     --HOLE-- [fill = 0]
                  0000581c    0000002c     driverlib.a : dl_timer.o (.text.DL_Timer_setCaptureCompareValue)
                  00005848    0000002c     libclang_rt.builtins.a : floatsidf.S.obj (.text.__floatsidf)
                  00005874    0000002c     libc.a : vsprintf.c.obj (.text.vsprintf)
                  000058a0    00000028     driverlib.a : dl_adc12.o (.text.DL_Common_updateReg)
                  000058c8    00000028                 : dl_sysctl_mspm0g1x0x_g3x0x.o (.text.DL_Common_updateReg)
                  000058f0    00000028                 : dl_timer.o (.text.DL_Common_updateReg)
                  00005918    00000028                 : dl_uart.o (.text.DL_Common_updateReg)
                  00005940    00000028                 : dl_uart.o (.text.DL_UART_transmitDataBlocking)
                  00005968    00000028     libclang_rt.builtins.a : floatunsisf.S.obj (.text.__floatunsisf)
                  00005990    00000028     UserTask.o (.text.length_measure_init)
                  000059b8    00000028     libc.a : boot_cortex_m.c.obj (.text:_c_int00_noargs)
                  000059e0    00000026     AD9959.o (.text.AD9959_setPhase)
                  00005a06    00000024     DDS.o (.text.DDS_initSweep)
                  00005a2a    00000002     --HOLE-- [fill = 0]
                  00005a2c    00000024     driverlib.a : dl_uart.o (.text.DL_UART_setClockConfig)
                  00005a50    00000024     Encoder.o (.text.ENC_getSW)
                  00005a74    00000024     UserADC.o (.text.UserADC_init)
                  00005a98    00000024     libclang_rt.builtins.a : muldi3.S.obj (.text.__muldi3)
                  00005abc    00000022     libc.a : memccpy.c.obj (.text.memccpy)
                  00005ade    00000002     --HOLE-- [fill = 0]
                  00005ae0    00000020     driverlib.a : dl_sysctl_mspm0g1x0x_g3x0x.o (.text.DL_CORE_configInstruction)
                  00005b00    00000020                 : dl_timer.o (.text.DL_Timer_setCounterValueAfterEnable)
                  00005b20    00000020     Tick.o (.text.Tick_delay)
                  00005b40    00000020     UI.o (.text.UI_taskShow4)
                  00005b60    0000001e     DDS.o (.text.DDS_singleTone)
                  00005b7e    00000002     --HOLE-- [fill = 0]
                  00005b80    0000001e     libclang_rt.builtins.a : ashldi3.S.obj (.text.__ashldi3)
                  00005b9e    00000002     --HOLE-- [fill = 0]
                  00005ba0    0000001c     AD9959.o (.text.AD9959_IOUpdate)
                  00005bbc    0000001c     UserADC.o (.text.ADC0_IRQHandler)
                  00005bd8    0000001c     UserADC.o (.text.ADC1_IRQHandler)
                  00005bf4    00000018     driverlib.a : dl_sysctl_mspm0g1x0x_g3x0x.o (.text.DL_SYSCTL_setHSCLKSource)
                  00005c0c    00000018                 : dl_timer.o (.text.DL_Timer_setLoadValue)
                  00005c24    00000018                 : dl_uart.o (.text.DL_UART_isTXFIFOFull)
                  00005c3c    00000018     UserTask.o (.text.TIMA0_IRQHandler)
                  00005c54    00000018     UserUART.o (.text.UART2_init)
                  00005c6c    00000018     libc.a : vsprintf.c.obj (.text._outs)
                  00005c84    00000016     driverlib.a : dl_uart.o (.text.DL_UART_disable)
                  00005c9a    00000016                 : dl_uart.o (.text.DL_UART_transmitData)
                  00005cb0    00000016     RFWBAmpCtrl_MSPM0G3507.o (.text.main)
                  00005cc6    00000014     driverlib.a : dl_common.o (.text.DL_Common_delayCycles)
                  00005cda    00000002     --HOLE-- [fill = 0]
                  00005cdc    00000014                 : dl_sysctl_mspm0g1x0x_g3x0x.o (.text.DL_SYSCTL_disableSYSPLL)
                  00005cf0    00000014     libclang_rt.builtins.a : aeabi_uldivmod.S.obj (.text.__aeabi_uldivmod)
                  00005d04    00000014     libc.a : _printfi.c.obj (.text.strchr)
                  00005d18    00000012            : copy_decompress_none.c.obj (.text:decompress:none)
                  00005d2a    00000002     --HOLE-- [fill = 0]
                  00005d2c    00000010     driverlib.a : dl_sysctl_mspm0g1x0x_g3x0x.o (.text.DL_CORE_getInstructionConfig)
                  00005d3c    00000010     Encoder.o (.text.ENC_getIncVal)
                  00005d4c    00000010     libc.a : wcslen.c.obj (.text.wcslen)
                  00005d5c    00000010            : copy_zero_init.c.obj (.text:decompress:ZI)
                  00005d6c    0000000e     libclang_rt.builtins.a : aeabi_memset.S.obj (.text.__aeabi_memset)
                  00005d7a    0000000e     libc.a : _printfi.c.obj (.text.strlen)
                  00005d88    0000000c     Encoder.o (.text.ENC_init)
                  00005d94    0000000c     libclang_rt.builtins.a : aeabi_memset.S.obj (.text.__aeabi_memclr)
                  00005da0    0000000a     libc.a : _printfi.c.obj (.text.OUTLINED_FUNCTION_0)
                  00005daa    00000002     --HOLE-- [fill = 0]
                  00005dac    00000010     libclang_rt.builtins.a : adddf3.S.obj (.tramp.__aeabi_dsub.1)
                  00005dbc    0000000a     libc.a : _printfi.c.obj (.text.OUTLINED_FUNCTION_1)
                  00005dc6    0000000a            : vsprintf.c.obj (.text._outc)
                  00005dd0    00000008     DDS.o (.text.DDS_init)
                  00005dd8    00000008     DDS.o (.text.DDS_update)
                  00005de0    00000008     libc.a : strtod.c.obj (.text.OUTLINED_FUNCTION_0)
                  00005de8    00000008            : strtod.c.obj (.text.OUTLINED_FUNCTION_1)
                  00005df0    00000010     libclang_rt.builtins.a : aeabi_dcmp.S.obj (.tramp.__aeabi_dcmpeq.1)
                  00005e00    00000008     libc.a : aeabi_portable.c.obj (.text.__aeabi_errno_addr)
                  00005e08    00000008     libclang_rt.builtins.a : aeabi_memcpy.S.obj (.text.__aeabi_memcpy)
                  00005e10    00000006     libc.a : e_powf.c.obj (.text.OUTLINED_FUNCTION_1)
                  00005e16    00000002     --HOLE-- [fill = 0]
                  00005e18    00000010     libclang_rt.builtins.a : mulsf3.S.obj (.tramp.__aeabi_fmul.1)
                  00005e28    00000006     libc.a : e_powf.c.obj (.text.OUTLINED_FUNCTION_3)
                  00005e2e    00000002     --HOLE-- [fill = 0]
                  00005e30    00000010     libclang_rt.builtins.a : addsf3.S.obj (.tramp.__aeabi_fadd.1)
                  00005e40    00000006     libc.a : e_powf.c.obj (.text.OUTLINED_FUNCTION_4)
                  00005e46    00000002     --HOLE-- [fill = 0]
                  00005e48    00000010     libclang_rt.builtins.a : addsf3.S.obj (.tramp.__aeabi_fsub.1)
                  00005e58    00000006     libc.a : e_powf.c.obj (.text.OUTLINED_FUNCTION_5)
                  00005e5e    00000006            : e_powf.c.obj (.text.OUTLINED_FUNCTION_6)
                  00005e64    00000006            : exit.c.obj (.text:abort)
                  00005e6a    00000004     libsysbm.a : hostexit.c.obj (.text.HOSTexit)
                  00005e6e    00000004     libc.a : e_powf.c.obj (.text.OUTLINED_FUNCTION_0)
                  00005e72    00000004            : e_powf.c.obj (.text.OUTLINED_FUNCTION_2)
                  00005e76    00000004            : e_powf.c.obj (.text.OUTLINED_FUNCTION_7)
                  00005e7a    00000004            : e_powf.c.obj (.text.OUTLINED_FUNCTION_8)
                  00005e7e    00000004     startup_mspm0g350x_ticlang.o (.text.Reset_Handler)
                  00005e82    00000004     libc.a : pre_init.c.obj (.text._system_pre_init)
                  00005e86    0000000a     --HOLE-- [fill = 0]

.cinit     0    00006310    00000050     
                  00006310    00000025     (.cinit..data.load) [load image, compression = lzss]
                  00006335    00000003     --HOLE-- [fill = 0]
                  00006338    0000000c     (__TI_handler_table)
                  00006344    00000008     (.cinit..bss.load) [load image, compression = zero_init]
                  0000634c    00000010     (__TI_cinit_table)
                  0000635c    00000004     --HOLE-- [fill = 0]

.rodata    0    00005e90    00000480     
                  00005e90    00000101     libc.a : aeabi_ctype.S.obj (.rodata:__aeabi_ctype_table_)
                  00005f91    00000003     ti_msp_dl_config.o (.rodata.gPWM_GAINClockConfig)
                  00005f94    00000003     ti_msp_dl_config.o (.rodata.gPWM_LED_BClockConfig)
                  00005f97    00000001     --HOLE-- [fill = 0]
                  00005f98    00000080     libc.a : strtod.c.obj (.rodata.digits)
                  00006018    00000048            : strtod.c.obj (.rodata.powerof10)
                  00006060    00000028     ti_msp_dl_config.o (.rodata.gSYSPLLConfig)
                  00006088    0000001a     UserTask.o (.rodata.str1.13803751183915423890.1)
                  000060a2    0000001a     UserTask.o (.rodata.str1.13876905621293279013.1)
                  000060bc    0000001a     UserTask.o (.rodata.str1.15275780387583481633.1)
                  000060d6    0000001a     UserTask.o (.rodata.str1.7822139254754781210.1)
                  000060f0    00000018     libc.a : e_powf.c.obj (.rodata.cst8)
                  00006108    00000018     UserTask.o (.rodata.str1.12380682929610600086.1)
                  00006120    00000016     UI.o (.rodata.str1.1007184049811795997.1)
                  00006136    00000016     UI.o (.rodata.str1.17860640831954755754.1)
                  0000614c    00000016     UserTask.o (.rodata.str1.1895285815313527698.1)
                  00006162    00000016     UI.o (.rodata.str1.305718316560022041.1)
                  00006178    00000016     UserTask.o (.rodata.str1.4819172040255675766.1)
                  0000618e    00000016     UserTask.o (.rodata.str1.5123750069886064886.1)
                  000061a4    00000016     UserTask.o (.rodata.str1.909970235537247465.1)
                  000061ba    00000015     UserTask.o (.rodata.str1.16256049551545125174.1)
                  000061cf    00000015     UserTask.o (.rodata.str1.18052651704520916746.1)
                  000061e4    00000015     UserTask.o (.rodata.str1.2473078564876074620.1)
                  000061f9    00000015     UserTask.o (.rodata.str1.3165539399245072825.1)
                  0000620e    00000015     UI.o (.rodata.str1.6809779246588617636.1)
                  00006223    00000015     UserTask.o (.rodata.str1.8297352637668300405.1)
                  00006238    00000015     UserTask.o (.rodata.str1.969850022886144888.1)
                  0000624d    00000003     ti_msp_dl_config.o (.rodata.gPWM_LED_RGClockConfig)
                  00006250    00000014     ti_msp_dl_config.o (.rodata.gTIMER_0TimerConfig)
                  00006264    00000014     ti_msp_dl_config.o (.rodata.gTIMER_1TimerConfig)
                  00006278    00000014     UserTask.o (.rodata.str1.7277659815355110659.1)
                  0000628c    00000014     UI.o (.rodata.str1.7482375933448357494.1)
                  000062a0    00000011     libc.a : _printfi.c.obj (.rodata.str1.10348868589481759720.1)
                  000062b1    00000011            : _printfi.c.obj (.rodata.str1.15363888844622738466.1)
                  000062c2    0000000a     ti_msp_dl_config.o (.rodata.gUART_0Config)
                  000062cc    0000000a     ti_msp_dl_config.o (.rodata.gUART_2Config)
                  000062d6    00000002     ti_msp_dl_config.o (.rodata.gUART_0ClockConfig)
                  000062d8    00000008     ti_msp_dl_config.o (.rodata.gADC0ClockConfig)
                  000062e0    00000008     ti_msp_dl_config.o (.rodata.gADC1ClockConfig)
                  000062e8    00000008     ti_msp_dl_config.o (.rodata.gPWM_GAINConfig)
                  000062f0    00000008     ti_msp_dl_config.o (.rodata.gPWM_LED_BConfig)
                  000062f8    00000008     ti_msp_dl_config.o (.rodata.gPWM_LED_RGConfig)
                  00006300    00000003     ti_msp_dl_config.o (.rodata.gTIMER_0ClockConfig)
                  00006303    00000003     ti_msp_dl_config.o (.rodata.gTIMER_1ClockConfig)
                  00006306    00000002     ti_msp_dl_config.o (.rodata.gUART_2ClockConfig)
                  00006308    00000008     --HOLE-- [fill = 0]

.init_array 
*          0    00000000    00000000     UNINITIALIZED

.binit     0    00000000    00000000     

.bss       0    20200000    000033bb     UNINITIALIZED
                  20200000    00002000     (.common:amp_length)
                  20202000    00001000     (.common:smoothed_amp_length)
                  20203000    00000100     UserUART.o (.bss.UART2_printf.buf)
                  20203100    000000bc     (.common:gTIMER_0Backup)
                  202031bc    000000bc     (.common:gTIMER_1Backup)
                  20203278    00000078     (.common:gPWM_GAINBackup)
                  202032f0    00000078     (.common:gPWM_LED_RGBackup)
                  20203368    00000041     (.common:num_str)
                  202033a9    00000001     (.common:gCheckADC)
                  202033aa    00000002     (.common:gAdcResult)
                  202033ac    00000004     (.common:Vol_temp)
                  202033b0    00000004     (.common:amp_measured)
                  202033b4    00000002     (.common:gAdcResult1)
                  202033b6    00000002     (.common:gAdcResult2)
                  202033b8    00000002     (.common:gAdcResult3)
                  202033ba    00000001     (.common:gCheckADC1)

.data      0    202033bc    0000016d     UNINITIALIZED
                  202033bc    00000054     UserTask.o (.data.Sweep)
                  20203410    00000040     UserUART.o (.data.RxData)
                  20203450    00000020     UserTask.o (.data.SingleTone)
                  20203470    0000000a     BTN.o (.data.BTNTick)
                  2020347a    00000002     UserTask.o (.data.RGBLEDTick)
                  2020347c    00000004     AD9959.o (.data.ACC_FRE_FACTOR)
                  20203480    00000004     UserADC.o (.data.Cnt)
                  20203484    00000004     UserTask.o (.data.DC_AC)
                  20203488    00000004     UserUART.o (.data.DDS_start)
                  2020348c    00000004     Encoder.o (.data.ENCVal)
                  20203490    00000004     UserTask.o (.data.SWFlag)
                  20203494    00000004     UserTask.o (.data.Short_flag1)
                  20203498    00000004     Tick.o (.data.Tick)
                  2020349c    00000004     UserTask.o (.data.Volt1)
                  202034a0    00000004     UserTask.o (.data.Volt2)
                  202034a4    00000004     libc.a : aeabi_portable.c.obj (.data.__aeabi_errno)
                  202034a8    00000004     UserUART.o (.data.data_of_test)
                  202034ac    00000004     DDS.o (.data.end_flag)
                  202034b0    00000004     UserTask.o (.data.flag)
                  202034b4    00000004     UserTask.o (.data.freq)
                  202034b8    00000004     UserUART.o (.data.freq_end)
                  202034bc    00000004     UserTask.o (.data.freq_min_raw)
                  202034c0    00000004     UserUART.o (.data.freq_start)
                  202034c4    00000004     UserUART.o (.data.freq_step)
                  202034c8    00000004     UserTask.o (.data.function_1_flag)
                  202034cc    00000004     UserTask.o (.data.index_0)
                  202034d0    00000004     UserTask.o (.data.index_1)
                  202034d4    00000004     UserTask.o (.data.index_2)
                  202034d8    00000004     UserTask.o (.data.index_min)
                  202034dc    00000004     UserTask.o (.data.length)
                  202034e0    00000004     UserTask.o (.data.length_raw)
                  202034e4    00000004     UserTask.o (.data.n)
                  202034e8    00000004     UserUART.o (.data.print_flag)
                  202034ec    00000004     UserADC.o (.data.sampleCnt1)
                  202034f0    00000004     UserADC.o (.data.sampleCnt)
                  202034f4    00000004     UserUART.o (.data.shift_flag)
                  202034f8    00000004     UserUART.o (.data.start_flag)
                  202034fc    00000004     UserADC.o (.data.sum1)
                  20203500    00000004     UserADC.o (.data.sum)
                  20203504    00000004     UserTask.o (.data.sweep_times)
                  20203508    00000004     UserTask.o (.data.toggle_flag)
                  2020350c    00000004     UserADC.o (.data.v1)
                  20203510    00000004     UserADC.o (.data.v2)
                  20203514    00000003     AD9959.o (.data.FR1_DATA)
                  20203517    00000001     Encoder.o (.data.ENCSWTick)
                  20203518    00000002     UserTask.o (.data.SweepTick)
                  2020351a    00000002     UserTask.o (.data.UARTTick)
                  2020351c    00000002     UserTask.o (.data.UIInfoTick)
                  2020351e    00000002     UserTask.o (.data.UITick)
                  20203520    00000002     UserTask.o (.data.amp0)
                  20203522    00000002     UserUART.o (.data.num_index)
                  20203524    00000002     UserTask.o (.data.phase_ctrl)
                  20203526    00000001     UserUART.o (.data.RxPos)
                  20203527    00000001     UserUART.o (.data.received_data)
                  20203528    00000001     UserUART.o (.data.uart_flag)

.stack     0    20207e00    00000200     UNINITIALIZED
                  20207e00    00000004     libc.a : boot_cortex_m.c.obj (.stack)
                  20207e04    000001fc     --HOLE--

__llvm_prf_cnts 
*          0    20200000    00000000     UNINITIALIZED

__llvm_prf_bits 
*          0    20200000    00000000     UNINITIALIZED

MODULE SUMMARY

       Module                         code    ro data   rw data
       ------                         ----    -------   -------
    .\
       startup_mspm0g350x_ticlang.o   6       192       0      
       RFWBAmpCtrl_MSPM0G3507.o       22      0         0      
    +--+------------------------------+-------+---------+---------+
       Total:                         28      192       0      
                                                               
    .\User\
       UserTask.o                     4340    362       4298   
       UserADC.o                      460     0         8238   
       AD9959.o                       3020    0         7      
       UserUART.o                     436     0         422    
       Tick.o                         236     0         4      
       UI.o                           132     107       0      
       DDS.o                          230     0         4      
       Encoder.o                      112     0         5      
       BTN.o                          0       0         10     
    +--+------------------------------+-------+---------+---------+
       Total:                         8966    469       12988  
                                                               
    .\syscfg\
       ti_msp_dl_config.o             1428    159       616    
    +--+------------------------------+-------+---------+---------+
       Total:                         1428    159       616    
                                                               
    C:/ti/mspm0_sdk_2_01_00_03/source/ti/driverlib/lib/ticlang/m0p/mspm0g1x0x_g3x0x/driverlib.a
       dl_timer.o                     1000    0         0      
       dl_sysctl_mspm0g1x0x_g3x0x.o   456     0         0      
       dl_uart.o                      260     0         0      
       dl_adc12.o                     116     0         0      
       dl_common.o                    20      0         0      
    +--+------------------------------+-------+---------+---------+
       Total:                         1852    0         0      
                                                               
    C:\ti\ccs2020\ccs\tools\compiler\ti-cgt-armllvm_4.0.3.LTS\lib\armv6m-ti-none-eabi/c/libc.a
       _printfi.c.obj                 4510    34        0      
       e_powf.c.obj                   1766    24        0      
       strtod.c.obj                   968     200       0      
       aeabi_ctype.S.obj              0       257       0      
       s_scalbn.c.obj                 216     0         0      
       s_scalbnf.c.obj                176     0         0      
       e_sqrtf.c.obj                  160     0         0      
       memcpy16.S.obj                 154     0         0      
       copy_decompress_lzss.c.obj     124     0         0      
       memset16.S.obj                 98      0         0      
       s_frexp.c.obj                  92      0         0      
       _ltoa.c.obj                    88      0         0      
       vsprintf.c.obj                 78      0         0      
       atoi.c.obj                     64      0         0      
       autoinit.c.obj                 60      0         0      
       boot_cortex_m.c.obj            40      0         0      
       memccpy.c.obj                  34      0         0      
       copy_decompress_none.c.obj     18      0         0      
       copy_zero_init.c.obj           16      0         0      
       wcslen.c.obj                   16      0         0      
       aeabi_portable.c.obj           8       0         4      
       exit.c.obj                     6       0         0      
       pre_init.c.obj                 4       0         0      
    +--+------------------------------+-------+---------+---------+
       Total:                         8696    515       4      
                                                               
    C:\ti\ccs2020\ccs\tools\compiler\ti-cgt-armllvm_4.0.3.LTS\lib\armv6m-ti-none-eabi/c/libsysbm.a
       hostexit.c.obj                 4       0         0      
    +--+------------------------------+-------+---------+---------+
       Total:                         4       0         0      
                                                               
    C:\ti\ccs2020\ccs\tools\compiler\ti-cgt-armllvm_4.0.3.LTS\lib\armv6m-ti-none-eabi/libclang_rt.builtins.a
       adddf3.S.obj                   418     0         0      
       divdf3.S.obj                   268     0         0      
       addsf3.S.obj                   248     0         0      
       muldf3.S.obj                   228     0         0      
       comparedf2.c.obj               220     0         0      
       udivmoddi4.S.obj               162     0         0      
       mulsf3.S.obj                   156     0         0      
       divsf3.S.obj                   130     0         0      
       comparesf2.S.obj               118     0         0      
       truncdfsf2.S.obj               116     0         0      
       aeabi_dcmp.S.obj               114     0         0      
       aeabi_fcmp.S.obj               98      0         0      
       aeabi_idivmod.S.obj            86      0         0      
       fixdfsi.S.obj                  74      0         0      
       aeabi_uidivmod.S.obj           64      0         0      
       extendsfdf2.S.obj              64      0         0      
       floatsisf.S.obj                60      0         0      
       muldsi3.S.obj                  58      0         0      
       fixsfsi.S.obj                  56      0         0      
       fixunssfsi.S.obj               50      0         0      
       floatsidf.S.obj                44      0         0      
       floatunsisf.S.obj              40      0         0      
       muldi3.S.obj                   36      0         0      
       ashldi3.S.obj                  30      0         0      
       aeabi_memset.S.obj             26      0         0      
       aeabi_uldivmod.S.obj           20      0         0      
       aeabi_memcpy.S.obj             8       0         0      
       aeabi_div0.c.obj               4       0         0      
    +--+------------------------------+-------+---------+---------+
       Total:                         2996    0         0      
                                                               
       Stack:                         0       0         512    
       Linker Generated:              0       73        0      
    +--+------------------------------+-------+---------+---------+
       Grand Total:                   23970   1408      14120  


LINKER GENERATED COPY TABLES

__TI_cinit_table @ 0000634c records: 2, size/record: 8, table size: 16
	.data: load addr=00006310, load size=00000025 bytes, run addr=202033bc, run size=0000016d bytes, compression=lzss
	.bss: load addr=00006344, load size=00000008 bytes, run addr=20200000, run size=000033bb bytes, compression=zero_init


LINKER GENERATED HANDLER TABLE

__TI_handler_table @ 00006338 records: 3, size/record: 4, table size: 12
	index: 0, handler: __TI_decompress_lzss
	index: 1, handler: __TI_decompress_none
	index: 2, handler: __TI_zero_init


FAR CALL TRAMPOLINES

callee name               trampoline name
   callee addr  tramp addr   call addr  call info
--------------  -----------  ---------  ----------------
__aeabi_dsub              $Tramp$TT$L$PI$$__aeabi_dsub
   00003391     00005dac     00005da8   libc.a : _printfi.c.obj (.text.OUTLINED_FUNCTION_0)
__aeabi_dcmpeq            $Tramp$TT$L$PI$$__aeabi_dcmpeq
   00004d11     00005df0     00005dee   libc.a : strtod.c.obj (.text.OUTLINED_FUNCTION_1)
__aeabi_fmul              $Tramp$TT$L$PI$$__aeabi_fmul
   000045e9     00005e18     00005e14   libc.a : e_powf.c.obj (.text.OUTLINED_FUNCTION_1)
                             00005e70          : e_powf.c.obj (.text.OUTLINED_FUNCTION_0)
                             00005e78          : e_powf.c.obj (.text.OUTLINED_FUNCTION_7)
__aeabi_fadd              $Tramp$TT$L$PI$$__aeabi_fadd
   00003f53     00005e30     00005e2c   libc.a : e_powf.c.obj (.text.OUTLINED_FUNCTION_3)
                             00005e74          : e_powf.c.obj (.text.OUTLINED_FUNCTION_2)
                             00005e7c          : e_powf.c.obj (.text.OUTLINED_FUNCTION_8)
__aeabi_fsub              $Tramp$TT$L$PI$$__aeabi_fsub
   00003f49     00005e48     00005e44   libc.a : e_powf.c.obj (.text.OUTLINED_FUNCTION_4)
                             00005e5c          : e_powf.c.obj (.text.OUTLINED_FUNCTION_5)
                             00005e62          : e_powf.c.obj (.text.OUTLINED_FUNCTION_6)

[5 trampolines]
[11 trampoline calls]


GLOBAL SYMBOLS: SORTED ALPHABETICALLY BY Name 

address   name                                 
-------   ----                                 
2020347c  ACC_FRE_FACTOR                       
00005ba1  AD9959_IOUpdate                      
00001d51  AD9959_init                          
000057ed  AD9959_setAmp                        
00005291  AD9959_setFreq                       
000059e1  AD9959_setPhase                      
00002635  AD9959_writeData                     
000029c5  AD9959_writeDataSlow                 
00005bbd  ADC0_IRQHandler                      
00005bd9  ADC1_IRQHandler                      
00003523  AES_IRQHandler                       
20203470  BTNTick                              
00005e6a  C$$EXIT                              
00003523  CANFD0_IRQHandler                    
20203480  Cnt                                  
00003523  DAC0_IRQHandler                      
20203484  DC_AC                                
00005dd1  DDS_init                             
00005a07  DDS_initSweep                        
00005b61  DDS_singleTone                       
20203488  DDS_start                            
00004435  DDS_sweep                            
00005dd9  DDS_update                           
00005161  DL_ADC12_setClockConfig              
00005cc7  DL_Common_delayCycles                
00003ca1  DL_SYSCTL_configSYSPLL               
000051ad  DL_SYSCTL_switchMCLKfromSYSOSCtoHSCLK
00003781  DL_Timer_initPWMMode                 
00003aa5  DL_Timer_initTimerMode               
00005625  DL_Timer_setCaptCompUpdateMethod     
00005659  DL_Timer_setCaptureCompareAction     
000053d9  DL_Timer_setCaptureCompareCtl        
0000568d  DL_Timer_setCaptureCompareInput      
000052d9  DL_Timer_setCaptureCompareOutCtl     
0000581d  DL_Timer_setCaptureCompareValue      
000056c1  DL_Timer_setClockConfig              
000051f9  DL_UART_init                         
00005a2d  DL_UART_setClockConfig               
00005941  DL_UART_transmitDataBlocking         
00003523  DMA_IRQHandler                       
00003523  Default_Handler                      
20203517  ENCSWTick                            
2020348c  ENCVal                               
00005d3d  ENC_getIncVal                        
00005a51  ENC_getSW                            
00005d89  ENC_init                             
20203514  FR1_DATA                             
00003523  GROUP0_IRQHandler                    
0000575d  GROUP1_IRQHandler                    
00005e6b  HOSTexit                             
00003523  HardFault_Handler                    
00003523  I2C0_IRQHandler                      
00003523  I2C1_IRQHandler                      
00003523  NMI_Handler                          
00003523  PendSV_Handler                       
2020347a  RGBLEDTick                           
00003523  RTC_IRQHandler                       
00005e7f  Reset_Handler                        
20203410  RxData                               
20203526  RxPos                                
00003523  SPI0_IRQHandler                      
00003523  SPI1_IRQHandler                      
00003523  SVC_Handler                          
20203490  SWFlag                               
00004a45  SYSCFG_DL_ADC0_init                  
000047f5  SYSCFG_DL_ADC1_init                  
000040ed  SYSCFG_DL_GPIO_init                  
00004e99  SYSCFG_DL_PWM_GAIN_init              
00004ef5  SYSCFG_DL_PWM_LED_B_init             
000046f9  SYSCFG_DL_PWM_LED_RG_init            
00004f51  SYSCFG_DL_SYSCTL_init                
0000578d  SYSCFG_DL_SYSTICK_init               
0000557d  SYSCFG_DL_TIMER_0_init               
000055b5  SYSCFG_DL_TIMER_1_init               
00004be5  SYSCFG_DL_UART_0_init                
00004869  SYSCFG_DL_UART_2_init                
00004e39  SYSCFG_DL_init                       
000044c9  SYSCFG_DL_initPower                  
20203494  Short_flag1                          
20203450  SingleTone                           
202033bc  Sweep                                
20203518  SweepTick                            
00004021  SysTick_Handler                      
00005c3d  TIMA0_IRQHandler                     
000056f5  TIMA1_IRQHandler                     
00003523  TIMG0_IRQHandler                     
00003523  TIMG12_IRQHandler                    
00003523  TIMG6_IRQHandler                     
00003523  TIMG7_IRQHandler                     
00003523  TIMG8_IRQHandler                     
20203498  Tick                                 
00005b21  Tick_delay                           
00005415  UART0_IRQHandler                     
00003523  UART1_IRQHandler                     
00003ba5  UART2_IRQHandler                     
00005c55  UART2_init                           
00004c49  UART2_printf                         
00003523  UART3_IRQHandler                     
2020351a  UARTTick                             
2020351c  UIInfoTick                           
2020351e  UITick                               
00004cad  UI_taskShow2                         
00005b41  UI_taskShow4                         
00005a75  UserADC_init                         
00004aad  UserTask_ADC                         
0000399d  UserTask_ADC1                        
0000455d  UserTask_ENC                         
000048dd  UserTask_init                        
000000c1  UserTask_loop                        
202033ac  Vol_temp                             
2020349c  Volt1                                
202034a0  Volt2                                
20208000  __STACK_END                          
00000200  __STACK_SIZE                         
00000000  __TI_ATRegion0_region_sz             
00000000  __TI_ATRegion0_src_addr              
00000000  __TI_ATRegion0_trg_addr              
00000000  __TI_ATRegion1_region_sz             
00000000  __TI_ATRegion1_src_addr              
00000000  __TI_ATRegion1_trg_addr              
00000000  __TI_ATRegion2_region_sz             
00000000  __TI_ATRegion2_src_addr              
00000000  __TI_ATRegion2_trg_addr              
0000634c  __TI_CINIT_Base                      
0000635c  __TI_CINIT_Limit                     
0000635c  __TI_CINIT_Warm                      
00006338  __TI_Handler_Table_Base              
00006344  __TI_Handler_Table_Limit             
000054c9  __TI_auto_init_nobinit_nopinit       
00004779  __TI_decompress_lzss                 
00005d19  __TI_decompress_none                 
00005009  __TI_ltoa                            
ffffffff  __TI_pprof_out_hndl                  
00000cc9  __TI_printfi                         
ffffffff  __TI_prof_data_size                  
ffffffff  __TI_prof_data_start                 
00000000  __TI_static_base__                   
00005d5d  __TI_zero_init                       
0000339b  __adddf3                             
00003f53  __addsf3                             
00005e90  __aeabi_ctype_table_                 
00005e90  __aeabi_ctype_table_C                
000049d1  __aeabi_d2f                          
00005245  __aeabi_d2iz                         
0000339b  __aeabi_dadd                         
00004d11  __aeabi_dcmpeq                       
00004d4d  __aeabi_dcmpge                       
00004d61  __aeabi_dcmpgt                       
00004d39  __aeabi_dcmple                       
00004d25  __aeabi_dcmplt                       
00003891  __aeabi_ddiv                         
00003d8d  __aeabi_dmul                         
00003391  __aeabi_dsub                         
202034a4  __aeabi_errno                        
00005e01  __aeabi_errno_addr                   
00005359  __aeabi_f2d                          
000055ed  __aeabi_f2iz                         
00005729  __aeabi_f2uiz                        
00003f53  __aeabi_fadd                         
00004d75  __aeabi_fcmpeq                       
00004db1  __aeabi_fcmpge                       
00004dc5  __aeabi_fcmpgt                       
00004d9d  __aeabi_fcmple                       
00004d89  __aeabi_fcmplt                       
00004675  __aeabi_fdiv                         
000045e9  __aeabi_fmul                         
00003f49  __aeabi_fsub                         
00005849  __aeabi_i2d                          
00005451  __aeabi_i2f                          
000050b9  __aeabi_idiv                         
000042f7  __aeabi_idiv0                        
000050b9  __aeabi_idivmod                      
00004433  __aeabi_ldiv0                        
00005b81  __aeabi_llsl                         
00005a99  __aeabi_lmul                         
00005d95  __aeabi_memclr                       
00005d95  __aeabi_memclr4                      
00005d95  __aeabi_memclr8                      
00005e09  __aeabi_memcpy                       
00005e09  __aeabi_memcpy4                      
00005e09  __aeabi_memcpy8                      
00005d6d  __aeabi_memset                       
00005d6d  __aeabi_memset4                      
00005d6d  __aeabi_memset8                      
00005969  __aeabi_ui2f                         
00005319  __aeabi_uidiv                        
00005319  __aeabi_uidivmod                     
00005cf1  __aeabi_uldivmod                     
00005b81  __ashldi3                            
ffffffff  __binit__                            
00004b15  __cmpdf2                             
00005505  __cmpsf2                             
00003891  __divdf3                             
00004675  __divsf3                             
00004b15  __eqdf2                              
00005505  __eqsf2                              
00005359  __extendsfdf2                        
00005245  __fixdfsi                            
000055ed  __fixsfsi                            
00005729  __fixunssfsi                         
00005849  __floatsidf                          
00005451  __floatsisf                          
00005969  __floatunsisf                        
00004951  __gedf2                              
0000548d  __gesf2                              
00004951  __gtdf2                              
0000548d  __gtsf2                              
00004b15  __ledf2                              
00005505  __lesf2                              
00004b15  __ltdf2                              
00005505  __ltsf2                              
UNDEFED   __mpu_init                           
00003d8d  __muldf3                             
00005a99  __muldi3                             
00005541  __muldsi3                            
000045e9  __mulsf3                             
00004b15  __nedf2                              
00005505  __nesf2                              
20207e00  __stack                              
20200000  __start___llvm_prf_bits              
20200000  __start___llvm_prf_cnts              
20200000  __stop___llvm_prf_bits               
20200000  __stop___llvm_prf_cnts               
00003391  __subdf3                             
00003f49  __subsf3                             
000049d1  __truncdfsf2                         
00004255  __udivmoddi4                         
000059b9  _c_int00_noargs                      
UNDEFED   _system_post_cinit                   
00005e83  _system_pre_init                     
00005e65  abort                                
20203520  amp0                                 
20200000  amp_length                           
202033b0  amp_measured                         
00005399  atoi                                 
ffffffff  binit                                
202034a8  data_of_test                         
202034ac  end_flag                             
202034b0  flag                                 
202034b4  freq                                 
202034b8  freq_end                             
202034bc  freq_min_raw                         
202034c0  freq_start                           
202034c4  freq_step                            
00004fad  frexp                                
00004fad  frexpl                               
202034c8  function_1_flag                      
202033aa  gAdcResult                           
202033b4  gAdcResult1                          
202033b6  gAdcResult2                          
202033b8  gAdcResult3                          
202033a9  gCheckADC                            
202033ba  gCheckADC1                           
20203278  gPWM_GAINBackup                      
202032f0  gPWM_LED_RGBackup                    
20203100  gTIMER_0Backup                       
202031bc  gTIMER_1Backup                       
00003019  get_length                           
202034cc  index_0                              
202034d0  index_1                              
202034d4  index_2                              
202034d8  index_min                            
00000000  interruptVectors                     
00003e71  ldexp                                
000041a5  ldexpf                               
00003e71  ldexpl                               
202034dc  length                               
00005991  length_measure_init                  
202034e0  length_raw                           
00005cb1  main                                 
00005abd  memccpy                              
00004399  memcpy                               
00004dd7  memset                               
202034e4  n                                    
20203522  num_index                            
20203368  num_str                              
20203524  phase_ctrl                           
00001699  powf                                 
202034e8  print_flag                           
20203527  received_data                        
202034f0  sampleCnt                            
202034ec  sampleCnt1                           
00003e71  scalbn                               
000041a5  scalbnf                              
00003e71  scalbnl                              
202034f4  shift_flag                           
000031dd  smooth_amp_length                    
20202000  smoothed_amp_length                  
000042f9  sqrtf                                
202034f8  start_flag                           
0000227d  strtod                               
0000227d  strtold                              
20203500  sum                                  
202034fc  sum1                                 
20203504  sweep_times                          
20203508  toggle_flag                          
20203528  uart_flag                            
2020350c  v1                                   
20203510  v2                                   
00005875  vsprintf                             
00005d4d  wcslen                               


GLOBAL SYMBOLS: SORTED BY Symbol Address 

address   name                                 
-------   ----                                 
00000000  __TI_ATRegion0_region_sz             
00000000  __TI_ATRegion0_src_addr              
00000000  __TI_ATRegion0_trg_addr              
00000000  __TI_ATRegion1_region_sz             
00000000  __TI_ATRegion1_src_addr              
00000000  __TI_ATRegion1_trg_addr              
00000000  __TI_ATRegion2_region_sz             
00000000  __TI_ATRegion2_src_addr              
00000000  __TI_ATRegion2_trg_addr              
00000000  __TI_static_base__                   
00000000  interruptVectors                     
000000c1  UserTask_loop                        
00000200  __STACK_SIZE                         
00000cc9  __TI_printfi                         
00001699  powf                                 
00001d51  AD9959_init                          
0000227d  strtod                               
0000227d  strtold                              
00002635  AD9959_writeData                     
000029c5  AD9959_writeDataSlow                 
00003019  get_length                           
000031dd  smooth_amp_length                    
00003391  __aeabi_dsub                         
00003391  __subdf3                             
0000339b  __adddf3                             
0000339b  __aeabi_dadd                         
00003523  AES_IRQHandler                       
00003523  CANFD0_IRQHandler                    
00003523  DAC0_IRQHandler                      
00003523  DMA_IRQHandler                       
00003523  Default_Handler                      
00003523  GROUP0_IRQHandler                    
00003523  HardFault_Handler                    
00003523  I2C0_IRQHandler                      
00003523  I2C1_IRQHandler                      
00003523  NMI_Handler                          
00003523  PendSV_Handler                       
00003523  RTC_IRQHandler                       
00003523  SPI0_IRQHandler                      
00003523  SPI1_IRQHandler                      
00003523  SVC_Handler                          
00003523  TIMG0_IRQHandler                     
00003523  TIMG12_IRQHandler                    
00003523  TIMG6_IRQHandler                     
00003523  TIMG7_IRQHandler                     
00003523  TIMG8_IRQHandler                     
00003523  UART1_IRQHandler                     
00003523  UART3_IRQHandler                     
00003781  DL_Timer_initPWMMode                 
00003891  __aeabi_ddiv                         
00003891  __divdf3                             
0000399d  UserTask_ADC1                        
00003aa5  DL_Timer_initTimerMode               
00003ba5  UART2_IRQHandler                     
00003ca1  DL_SYSCTL_configSYSPLL               
00003d8d  __aeabi_dmul                         
00003d8d  __muldf3                             
00003e71  ldexp                                
00003e71  ldexpl                               
00003e71  scalbn                               
00003e71  scalbnl                              
00003f49  __aeabi_fsub                         
00003f49  __subsf3                             
00003f53  __addsf3                             
00003f53  __aeabi_fadd                         
00004021  SysTick_Handler                      
000040ed  SYSCFG_DL_GPIO_init                  
000041a5  ldexpf                               
000041a5  scalbnf                              
00004255  __udivmoddi4                         
000042f7  __aeabi_idiv0                        
000042f9  sqrtf                                
00004399  memcpy                               
00004433  __aeabi_ldiv0                        
00004435  DDS_sweep                            
000044c9  SYSCFG_DL_initPower                  
0000455d  UserTask_ENC                         
000045e9  __aeabi_fmul                         
000045e9  __mulsf3                             
00004675  __aeabi_fdiv                         
00004675  __divsf3                             
000046f9  SYSCFG_DL_PWM_LED_RG_init            
00004779  __TI_decompress_lzss                 
000047f5  SYSCFG_DL_ADC1_init                  
00004869  SYSCFG_DL_UART_2_init                
000048dd  UserTask_init                        
00004951  __gedf2                              
00004951  __gtdf2                              
000049d1  __aeabi_d2f                          
000049d1  __truncdfsf2                         
00004a45  SYSCFG_DL_ADC0_init                  
00004aad  UserTask_ADC                         
00004b15  __cmpdf2                             
00004b15  __eqdf2                              
00004b15  __ledf2                              
00004b15  __ltdf2                              
00004b15  __nedf2                              
00004be5  SYSCFG_DL_UART_0_init                
00004c49  UART2_printf                         
00004cad  UI_taskShow2                         
00004d11  __aeabi_dcmpeq                       
00004d25  __aeabi_dcmplt                       
00004d39  __aeabi_dcmple                       
00004d4d  __aeabi_dcmpge                       
00004d61  __aeabi_dcmpgt                       
00004d75  __aeabi_fcmpeq                       
00004d89  __aeabi_fcmplt                       
00004d9d  __aeabi_fcmple                       
00004db1  __aeabi_fcmpge                       
00004dc5  __aeabi_fcmpgt                       
00004dd7  memset                               
00004e39  SYSCFG_DL_init                       
00004e99  SYSCFG_DL_PWM_GAIN_init              
00004ef5  SYSCFG_DL_PWM_LED_B_init             
00004f51  SYSCFG_DL_SYSCTL_init                
00004fad  frexp                                
00004fad  frexpl                               
00005009  __TI_ltoa                            
000050b9  __aeabi_idiv                         
000050b9  __aeabi_idivmod                      
00005161  DL_ADC12_setClockConfig              
000051ad  DL_SYSCTL_switchMCLKfromSYSOSCtoHSCLK
000051f9  DL_UART_init                         
00005245  __aeabi_d2iz                         
00005245  __fixdfsi                            
00005291  AD9959_setFreq                       
000052d9  DL_Timer_setCaptureCompareOutCtl     
00005319  __aeabi_uidiv                        
00005319  __aeabi_uidivmod                     
00005359  __aeabi_f2d                          
00005359  __extendsfdf2                        
00005399  atoi                                 
000053d9  DL_Timer_setCaptureCompareCtl        
00005415  UART0_IRQHandler                     
00005451  __aeabi_i2f                          
00005451  __floatsisf                          
0000548d  __gesf2                              
0000548d  __gtsf2                              
000054c9  __TI_auto_init_nobinit_nopinit       
00005505  __cmpsf2                             
00005505  __eqsf2                              
00005505  __lesf2                              
00005505  __ltsf2                              
00005505  __nesf2                              
00005541  __muldsi3                            
0000557d  SYSCFG_DL_TIMER_0_init               
000055b5  SYSCFG_DL_TIMER_1_init               
000055ed  __aeabi_f2iz                         
000055ed  __fixsfsi                            
00005625  DL_Timer_setCaptCompUpdateMethod     
00005659  DL_Timer_setCaptureCompareAction     
0000568d  DL_Timer_setCaptureCompareInput      
000056c1  DL_Timer_setClockConfig              
000056f5  TIMA1_IRQHandler                     
00005729  __aeabi_f2uiz                        
00005729  __fixunssfsi                         
0000575d  GROUP1_IRQHandler                    
0000578d  SYSCFG_DL_SYSTICK_init               
000057ed  AD9959_setAmp                        
0000581d  DL_Timer_setCaptureCompareValue      
00005849  __aeabi_i2d                          
00005849  __floatsidf                          
00005875  vsprintf                             
00005941  DL_UART_transmitDataBlocking         
00005969  __aeabi_ui2f                         
00005969  __floatunsisf                        
00005991  length_measure_init                  
000059b9  _c_int00_noargs                      
000059e1  AD9959_setPhase                      
00005a07  DDS_initSweep                        
00005a2d  DL_UART_setClockConfig               
00005a51  ENC_getSW                            
00005a75  UserADC_init                         
00005a99  __aeabi_lmul                         
00005a99  __muldi3                             
00005abd  memccpy                              
00005b21  Tick_delay                           
00005b41  UI_taskShow4                         
00005b61  DDS_singleTone                       
00005b81  __aeabi_llsl                         
00005b81  __ashldi3                            
00005ba1  AD9959_IOUpdate                      
00005bbd  ADC0_IRQHandler                      
00005bd9  ADC1_IRQHandler                      
00005c3d  TIMA0_IRQHandler                     
00005c55  UART2_init                           
00005cb1  main                                 
00005cc7  DL_Common_delayCycles                
00005cf1  __aeabi_uldivmod                     
00005d19  __TI_decompress_none                 
00005d3d  ENC_getIncVal                        
00005d4d  wcslen                               
00005d5d  __TI_zero_init                       
00005d6d  __aeabi_memset                       
00005d6d  __aeabi_memset4                      
00005d6d  __aeabi_memset8                      
00005d89  ENC_init                             
00005d95  __aeabi_memclr                       
00005d95  __aeabi_memclr4                      
00005d95  __aeabi_memclr8                      
00005dd1  DDS_init                             
00005dd9  DDS_update                           
00005e01  __aeabi_errno_addr                   
00005e09  __aeabi_memcpy                       
00005e09  __aeabi_memcpy4                      
00005e09  __aeabi_memcpy8                      
00005e65  abort                                
00005e6a  C$$EXIT                              
00005e6b  HOSTexit                             
00005e7f  Reset_Handler                        
00005e83  _system_pre_init                     
00005e90  __aeabi_ctype_table_                 
00005e90  __aeabi_ctype_table_C                
00006338  __TI_Handler_Table_Base              
00006344  __TI_Handler_Table_Limit             
0000634c  __TI_CINIT_Base                      
0000635c  __TI_CINIT_Limit                     
0000635c  __TI_CINIT_Warm                      
20200000  __start___llvm_prf_bits              
20200000  __start___llvm_prf_cnts              
20200000  __stop___llvm_prf_bits               
20200000  __stop___llvm_prf_cnts               
20200000  amp_length                           
20202000  smoothed_amp_length                  
20203100  gTIMER_0Backup                       
202031bc  gTIMER_1Backup                       
20203278  gPWM_GAINBackup                      
202032f0  gPWM_LED_RGBackup                    
20203368  num_str                              
202033a9  gCheckADC                            
202033aa  gAdcResult                           
202033ac  Vol_temp                             
202033b0  amp_measured                         
202033b4  gAdcResult1                          
202033b6  gAdcResult2                          
202033b8  gAdcResult3                          
202033ba  gCheckADC1                           
202033bc  Sweep                                
20203410  RxData                               
20203450  SingleTone                           
20203470  BTNTick                              
2020347a  RGBLEDTick                           
2020347c  ACC_FRE_FACTOR                       
20203480  Cnt                                  
20203484  DC_AC                                
20203488  DDS_start                            
2020348c  ENCVal                               
20203490  SWFlag                               
20203494  Short_flag1                          
20203498  Tick                                 
2020349c  Volt1                                
202034a0  Volt2                                
202034a4  __aeabi_errno                        
202034a8  data_of_test                         
202034ac  end_flag                             
202034b0  flag                                 
202034b4  freq                                 
202034b8  freq_end                             
202034bc  freq_min_raw                         
202034c0  freq_start                           
202034c4  freq_step                            
202034c8  function_1_flag                      
202034cc  index_0                              
202034d0  index_1                              
202034d4  index_2                              
202034d8  index_min                            
202034dc  length                               
202034e0  length_raw                           
202034e4  n                                    
202034e8  print_flag                           
202034ec  sampleCnt1                           
202034f0  sampleCnt                            
202034f4  shift_flag                           
202034f8  start_flag                           
202034fc  sum1                                 
20203500  sum                                  
20203504  sweep_times                          
20203508  toggle_flag                          
2020350c  v1                                   
20203510  v2                                   
20203514  FR1_DATA                             
20203517  ENCSWTick                            
20203518  SweepTick                            
2020351a  UARTTick                             
2020351c  UIInfoTick                           
2020351e  UITick                               
20203520  amp0                                 
20203522  num_index                            
20203524  phase_ctrl                           
20203526  RxPos                                
20203527  received_data                        
20203528  uart_flag                            
20207e00  __stack                              
20208000  __STACK_END                          
ffffffff  __TI_pprof_out_hndl                  
ffffffff  __TI_prof_data_size                  
ffffffff  __TI_prof_data_start                 
ffffffff  __binit__                            
ffffffff  binit                                
UNDEFED   __mpu_init                           
UNDEFED   _system_post_cinit                   

[301 symbols]
