******************************************************************************
            TI ARM Clang Linker PC v4.0.3                      
******************************************************************************
>> Linked Mon Jul 21 15:43:09 2025

OUTPUT FILE NAME:   <test1.0.out>
ENTRY POINT SYMBOL: "_c_int00_noargs"  address: 00003d39


MEMORY CONFIGURATION

         name            origin    length      used     unused   attr    fill
----------------------  --------  ---------  --------  --------  ----  --------
  FLASH                 00000000   00020000  000044f0  0001bb10  R  X
  SRAM                  20200000   00008000  00000411  00007bef  RW X
  BCR_CONFIG            41c00000   00000080  00000000  00000080  R   
  BSL_CONFIG            41c00100   00000080  00000000  00000080  R   


SEGMENT ALLOCATION MAP

run origin  load origin   length   init length attrs members
----------  ----------- ---------- ----------- ----- -------
00000000    00000000    000044f0   000044f0    r-x
  00000000    00000000    000000c0   000000c0    r-- .intvecs
  000000c0    000000c0    00004090   00004090    r-x .text
  00004150    00004150    00000350   00000350    r-- .rodata
  000044a0    000044a0    00000050   00000050    r-- .cinit
20200000    20200000    00000211   00000000    rw-
  20200000    20200000    00000148   00000000    rw- .bss
  20200148    20200148    000000c9   00000000    rw- .data
20207e00    20207e00    00000200   00000000    rw-
  20207e00    20207e00    00000200   00000000    rw- .stack


SECTION ALLOCATION MAP

 output                                  attributes/
section   page    origin      length       input sections
--------  ----  ----------  ----------   ----------------
.intvecs   0    00000000    000000c0     
                  00000000    000000c0     startup_mspm0g350x_ticlang.o (.intvecs)

.text      0    000000c0    00004090     
                  000000c0    000009d0     libc.a : _printfi.c.obj (.text:__TI_printfi)
                  00000a90    0000052c     AD9959.o (.text.AD9959_init)
                  00000fbc    000003b8     libc.a : strtod.c.obj (.text.strtod)
                  00001374    00000360     AD9959.o (.text.AD9959_writeData)
                  000016d4    000002e0     libc.a : e_log10.c.obj (.text.log10)
                  000019b4    0000027c     AD9959.o (.text.AD9959_writeDataSlow)
                  00001c30    00000220     libc.a : _printfi.c.obj (.text._pconv_a)
                  00001e50    000001dc            : _printfi.c.obj (.text._pconv_g)
                  0000202c    00000192     libclang_rt.builtins.a : adddf3.S.obj (.text.adddf3_subdf3)
                  000021be    00000002     startup_mspm0g350x_ticlang.o (.text.Default_Handler)
                  000021c0    00000168     UserUART.o (.text.UART2_IRQHandler)
                  00002328    0000013c     libc.a : _printfi.c.obj (.text.fcvt)
                  00002464    00000120            : _printfi.c.obj (.text._pconv_e)
                  00002584    0000010c     libclang_rt.builtins.a : divdf3.S.obj (.text.__divdf3)
                  00002690    000000ec     driverlib.a : dl_sysctl_mspm0g1x0x_g3x0x.o (.text.DL_SYSCTL_configSYSPLL)
                  0000277c    000000e4     libclang_rt.builtins.a : muldf3.S.obj (.text.__muldf3)
                  00002860    000000e0     UI.o (.text.UI_taskShow)
                  00002940    000000d8     libc.a : s_scalbn.c.obj (.text.scalbn)
                  00002a18    000000d8     libclang_rt.builtins.a : addsf3.S.obj (.text)
                  00002af0    000000a8     Tick.o (.text.SysTick_Handler)
                  00002b98    000000a2     libclang_rt.builtins.a : udivmoddi4.S.obj (.text)
                  00002c3a    00000002                            : aeabi_div0.c.obj (.text.__aeabi_idiv0)
                  00002c3c    000000a0     Volt_Gain.o (.text.Volt_Gain_taskGetData)
                  00002cdc    0000009a     libc.a : memcpy16.S.obj (.text:memcpy)
                  00002d76    00000002     libclang_rt.builtins.a : aeabi_div0.c.obj (.text.__aeabi_ldiv0)
                  00002d78    00000094     ti_msp_dl_config.o (.text.SYSCFG_DL_GPIO_init)
                  00002e0c    0000008c     libclang_rt.builtins.a : mulsf3.S.obj (.text.__mulsf3)
                  00002e98    00000082                            : divsf3.S.obj (.text.__divsf3)
                  00002f1a    00000002     --HOLE-- [fill = 0]
                  00002f1c    0000007c     libc.a : copy_decompress_lzss.c.obj (.text:decompress:lzss)
                  00002f98    00000074     ti_msp_dl_config.o (.text.SYSCFG_DL_UART_2_init)
                  0000300c    00000074     libclang_rt.builtins.a : comparedf2.c.obj (.text.__gedf2)
                  00003080    00000074                            : truncdfsf2.S.obj (.text.__truncdfsf2)
                  000030f4    00000068                            : comparedf2.c.obj (.text.__ledf2)
                  0000315c    00000066     libc.a : _printfi.c.obj (.text._mcpy)
                  000031c2    00000002     --HOLE-- [fill = 0]
                  000031c4    00000064     ti_msp_dl_config.o (.text.SYSCFG_DL_UART_0_init)
                  00003228    00000064     UserUART.o (.text.UART2_printf)
                  0000328c    00000062     libclang_rt.builtins.a : aeabi_dcmp.S.obj (.text.__aeabi_dcmp)
                  000032ee    00000062     libc.a : memset16.S.obj (.text:memset)
                  00003350    0000005c     Encoder.o (.text.ENC_TASK)
                  000033ac    0000005c     ti_msp_dl_config.o (.text.SYSCFG_DL_SYSCTL_init)
                  00003408    0000005c     libc.a : s_frexp.c.obj (.text.frexp)
                  00003464    00000058            : _ltoa.c.obj (.text.__TI_ltoa)
                  000034bc    00000058            : _printfi.c.obj (.text._pconv_f)
                  00003514    00000056     libclang_rt.builtins.a : aeabi_idivmod.S.obj (.text.__aeabi_idivmod)
                  0000356a    00000002     --HOLE-- [fill = 0]
                  0000356c    00000054     ti_msp_dl_config.o (.text.SYSCFG_DL_initPower)
                  000035c0    00000052     libc.a : _printfi.c.obj (.text._ecpy)
                  00003612    00000002     --HOLE-- [fill = 0]
                  00003614    00000050     UserTask.o (.text.UserTask_loop)
                  00003664    0000004c     driverlib.a : dl_adc12.o (.text.DL_ADC12_setClockConfig)
                  000036b0    0000004c                 : dl_sysctl_mspm0g1x0x_g3x0x.o (.text.DL_SYSCTL_switchMCLKfromSYSOSCtoHSCLK)
                  000036fc    0000004c                 : dl_uart.o (.text.DL_UART_init)
                  00003748    0000004c     UserADC.o (.text.UserADC0_getData)
                  00003794    0000004a     libclang_rt.builtins.a : fixdfsi.S.obj (.text.__fixdfsi)
                  000037de    00000002     --HOLE-- [fill = 0]
                  000037e0    00000048     AD9959.o (.text.AD9959_setFreq)
                  00003828    00000040     ti_msp_dl_config.o (.text.SYSCFG_DL_ADC1_init)
                  00003868    00000040     libclang_rt.builtins.a : aeabi_uidivmod.S.obj (.text.__aeabi_uidivmod)
                  000038a8    00000040                            : extendsfdf2.S.obj (.text.__extendsfdf2)
                  000038e8    00000040     libc.a : atoi.c.obj (.text.atoi)
                  00003928    0000003c     ti_msp_dl_config.o (.text.SYSCFG_DL_ADC0_init)
                  00003964    0000003c     UserUART.o (.text.UART0_IRQHandler)
                  000039a0    0000003c     libclang_rt.builtins.a : floatsisf.S.obj (.text.__floatsisf)
                  000039dc    0000003c     libc.a : autoinit.c.obj (.text:__TI_auto_init_nobinit_nopinit)
                  00003a18    0000003a     libclang_rt.builtins.a : muldsi3.S.obj (.text.__muldsi3)
                  00003a52    00000002     --HOLE-- [fill = 0]
                  00003a54    00000038     UserADC.o (.text.ADC0_IRQHandler)
                  00003a8c    00000038     UserADC.o (.text.ADC1_IRQHandler)
                  00003ac4    00000038     libclang_rt.builtins.a : fixsfsi.S.obj (.text.__fixsfsi)
                  00003afc    00000032                            : fixunssfsi.S.obj (.text.__fixunssfsi)
                  00003b2e    00000002     --HOLE-- [fill = 0]
                  00003b30    00000030     Encoder.o (.text.GROUP1_IRQHandler)
                  00003b60    00000030     ti_msp_dl_config.o (.text.SYSCFG_DL_SYSTICK_init)
                  00003b90    00000030     libc.a : _printfi.c.obj (.text._fcpy)
                  00003bc0    0000002e     AD9959.o (.text.AD9959_setAmp)
                  00003bee    00000002     --HOLE-- [fill = 0]
                  00003bf0    0000002c     libclang_rt.builtins.a : floatsidf.S.obj (.text.__floatsidf)
                  00003c1c    0000002c     libc.a : vsprintf.c.obj (.text.vsprintf)
                  00003c48    00000028     driverlib.a : dl_adc12.o (.text.DL_Common_updateReg)
                  00003c70    00000028                 : dl_sysctl_mspm0g1x0x_g3x0x.o (.text.DL_Common_updateReg)
                  00003c98    00000028                 : dl_uart.o (.text.DL_Common_updateReg)
                  00003cc0    00000028                 : dl_uart.o (.text.DL_UART_transmitDataBlocking)
                  00003ce8    00000028     libclang_rt.builtins.a : floatunsisf.S.obj (.text.__floatunsisf)
                  00003d10    00000028     DDS.o (.text.initSweepParam)
                  00003d38    00000028     libc.a : boot_cortex_m.c.obj (.text:_c_int00_noargs)
                  00003d60    00000026     AD9959.o (.text.AD9959_setPhase)
                  00003d86    00000002     --HOLE-- [fill = 0]
                  00003d88    00000024     driverlib.a : dl_uart.o (.text.DL_UART_setClockConfig)
                  00003dac    00000024     ti_msp_dl_config.o (.text.SYSCFG_DL_init)
                  00003dd0    00000024     UserTask.o (.text.UserTask_init)
                  00003df4    00000024     libclang_rt.builtins.a : muldi3.S.obj (.text.__muldi3)
                  00003e18    00000022     libc.a : memccpy.c.obj (.text.memccpy)
                  00003e3a    00000002     --HOLE-- [fill = 0]
                  00003e3c    00000020     AD9959.o (.text.AD9959_IOUpdate)
                  00003e5c    00000020     driverlib.a : dl_sysctl_mspm0g1x0x_g3x0x.o (.text.DL_CORE_configInstruction)
                  00003e7c    0000001e     DDS.o (.text.DDS_singleTone)
                  00003e9a    00000002     --HOLE-- [fill = 0]
                  00003e9c    0000001e     libclang_rt.builtins.a : ashldi3.S.obj (.text.__ashldi3)
                  00003eba    00000002     --HOLE-- [fill = 0]
                  00003ebc    0000001c     UserADC.o (.text.UserADC0_start)
                  00003ed8    0000001c     UserADC.o (.text.UserADC1_start)
                  00003ef4    00000018     driverlib.a : dl_sysctl_mspm0g1x0x_g3x0x.o (.text.DL_SYSCTL_setHSCLKSource)
                  00003f0c    00000018                 : dl_uart.o (.text.DL_UART_isTXFIFOFull)
                  00003f24    00000018     UserUART.o (.text.UART2_init)
                  00003f3c    00000018     libc.a : vsprintf.c.obj (.text._outs)
                  00003f54    00000018     DDS.o (.text.initSingleToneParam)
                  00003f6c    00000016     driverlib.a : dl_uart.o (.text.DL_UART_disable)
                  00003f82    00000016                 : dl_uart.o (.text.DL_UART_transmitData)
                  00003f98    00000016     test1.0.o (.text.main)
                  00003fae    00000016     libc.a : copy_zero_init.c.obj (.text:decompress:ZI:__TI_zero_init_nomemset)
                  00003fc4    00000014     driverlib.a : dl_common.o (.text.DL_Common_delayCycles)
                  00003fd8    00000014                 : dl_sysctl_mspm0g1x0x_g3x0x.o (.text.DL_SYSCTL_disableSYSPLL)
                  00003fec    00000014     libclang_rt.builtins.a : aeabi_uldivmod.S.obj (.text.__aeabi_uldivmod)
                  00004000    00000014     libc.a : _printfi.c.obj (.text.strchr)
                  00004014    00000012            : copy_decompress_none.c.obj (.text:decompress:none)
                  00004026    00000002     --HOLE-- [fill = 0]
                  00004028    00000010     driverlib.a : dl_sysctl_mspm0g1x0x_g3x0x.o (.text.DL_CORE_getInstructionConfig)
                  00004038    00000010     UI.o (.text.UI_init)
                  00004048    00000010     UserADC.o (.text.UserADC_init)
                  00004058    00000010     libc.a : wcslen.c.obj (.text.wcslen)
                  00004068    0000000e     libclang_rt.builtins.a : aeabi_memset.S.obj (.text.__aeabi_memset)
                  00004076    0000000e     libc.a : _printfi.c.obj (.text.strlen)
                  00004084    0000000c     driverlib.a : dl_sysctl_mspm0g1x0x_g3x0x.o (.text.DL_SYSCTL_getClockStatus)
                  00004090    0000000c     Encoder.o (.text.ENC_init)
                  0000409c    0000000c     libclang_rt.builtins.a : aeabi_memset.S.obj (.text.__aeabi_memclr)
                  000040a8    0000000a     libc.a : _printfi.c.obj (.text.OUTLINED_FUNCTION_0)
                  000040b2    00000002     --HOLE-- [fill = 0]
                  000040b4    00000010     libclang_rt.builtins.a : adddf3.S.obj (.tramp.__aeabi_dsub.1)
                  000040c4    0000000a     libc.a : e_log10.c.obj (.text.OUTLINED_FUNCTION_0)
                  000040ce    00000002     --HOLE-- [fill = 0]
                  000040d0    00000010     libclang_rt.builtins.a : muldf3.S.obj (.tramp.__aeabi_dmul.1)
                  000040e0    0000000a     libc.a : _printfi.c.obj (.text.OUTLINED_FUNCTION_1)
                  000040ea    0000000a            : vsprintf.c.obj (.text._outc)
                  000040f4    00000008     DDS.o (.text.DDS_init)
                  000040fc    00000008     DDS.o (.text.DDS_update)
                  00004104    00000008     libc.a : strtod.c.obj (.text.OUTLINED_FUNCTION_0)
                  0000410c    00000008            : strtod.c.obj (.text.OUTLINED_FUNCTION_1)
                  00004114    00000010     libclang_rt.builtins.a : aeabi_dcmp.S.obj (.tramp.__aeabi_dcmpeq.1)
                  00004124    00000008     libc.a : aeabi_portable.c.obj (.text.__aeabi_errno_addr)
                  0000412c    00000008     libclang_rt.builtins.a : aeabi_memcpy.S.obj (.text.__aeabi_memcpy)
                  00004134    00000006     libc.a : e_log10.c.obj (.text.OUTLINED_FUNCTION_1)
                  0000413a    00000006            : exit.c.obj (.text:abort)
                  00004140    00000004     libsysbm.a : hostexit.c.obj (.text.HOSTexit)
                  00004144    00000004     startup_mspm0g350x_ticlang.o (.text.Reset_Handler)
                  00004148    00000004     libc.a : pre_init.c.obj (.text._system_pre_init)
                  0000414c    00000004     --HOLE-- [fill = 0]

.cinit     0    000044a0    00000050     
                  000044a0    0000002c     (.cinit..data.load) [load image, compression = lzss]
                  000044cc    0000000c     (__TI_handler_table)
                  000044d8    00000008     (.cinit..bss.load) [load image, compression = zero_init]
                  000044e0    00000010     (__TI_cinit_table)

.rodata    0    00004150    00000350     
                  00004150    00000101     libc.a : aeabi_ctype.S.obj (.rodata:__aeabi_ctype_table_)
                  00004251    00000002     ti_msp_dl_config.o (.rodata.gUART_0ClockConfig)
                  00004253    00000002     ti_msp_dl_config.o (.rodata.gUART_2ClockConfig)
                  00004255    00000003     --HOLE-- [fill = 0]
                  00004258    00000080     libc.a : strtod.c.obj (.rodata.digits)
                  000042d8    00000048            : strtod.c.obj (.rodata.powerof10)
                  00004320    00000028     ti_msp_dl_config.o (.rodata.gSYSPLLConfig)
                  00004348    00000021     UI.o (.rodata.str1.4349108717920039285.1)
                  00004369    00000020     UI.o (.rodata.str1.15396916481306098269.1)
                  00004389    0000001f     UI.o (.rodata.str1.14263818253972278985.1)
                  000043a8    0000001f     UI.o (.rodata.str1.7482375933448357494.1)
                  000043c7    0000001e     UI.o (.rodata.str1.17860640831954755754.1)
                  000043e5    0000001e     UI.o (.rodata.str1.6809779246588617636.1)
                  00004403    00000011     libc.a : _printfi.c.obj (.rodata.str1.10348868589481759720.1)
                  00004414    00000011            : _printfi.c.obj (.rodata.str1.15363888844622738466.1)
                  00004425    00000003     --HOLE-- [fill = 0]
                  00004428    00000010     Encoder.o (.rodata..Lswitch.table.ENC_TASK.1)
                  00004438    00000010     Encoder.o (.rodata..Lswitch.table.ENC_TASK.2)
                  00004448    00000010     Encoder.o (.rodata.cst16)
                  00004458    0000000d     UI.o (.rodata.str1.12562577744258481904.1)
                  00004465    0000000d     UI.o (.rodata.str1.8694246129754233436.1)
                  00004472    0000000a     ti_msp_dl_config.o (.rodata.gUART_0Config)
                  0000447c    0000000a     ti_msp_dl_config.o (.rodata.gUART_2Config)
                  00004486    00000002     --HOLE-- [fill = 0]
                  00004488    00000008     ti_msp_dl_config.o (.rodata.gADC0ClockConfig)
                  00004490    00000008     ti_msp_dl_config.o (.rodata.gADC1ClockConfig)
                  00004498    00000008     --HOLE-- [fill = 0]

.init_array 
*          0    00000000    00000000     UNINITIALIZED

.binit     0    00000000    00000000     

.bss       0    20200000    00000148     UNINITIALIZED
                  20200000    00000100     UserUART.o (.bss.UART2_printf.buf)
                  20200100    00000041     (.common:num_str)
                  20200141    00000001     --HOLE--
                  20200142    00000002     (.common:inADCVal)
                  20200144    00000004     (.common:volt_out)

.data      0    20200148    000000c9     UNINITIALIZED
                  20200148    00000040     UserUART.o (.data.RxData)
                  20200188    00000010     DDS.o (.data.SingleTone)
                  20200198    00000010     DDS.o (.data.Sweep)
                  202001a8    0000000a     BTN.o (.data.BTNTick)
                  202001b2    00000002     UserADC.o (.data.ADC0Data)
                  202001b4    00000004     AD9959.o (.data.ACC_FRE_FACTOR)
                  202001b8    00000004     Encoder.o (.data.ENCVal)
                  202001bc    00000004     Volt_Gain.o (.data.Gain)
                  202001c0    00000004     Tick.o (.data.Tick)
                  202001c4    00000004     libc.a : aeabi_portable.c.obj (.data.__aeabi_errno)
                  202001c8    00000004     UserUART.o (.data.data_of_test)
                  202001cc    00000004     DDS.o (.data.default_point_freq)
                  202001d0    00000004     DDS.o (.data.default_point_vpp)
                  202001d4    00000004     DDS.o (.data.default_sweep_freq)
                  202001d8    00000004     DDS.o (.data.default_sweep_freq_cut)
                  202001dc    00000004     Encoder.o (.data.outset)
                  202001e0    00000004     DDS.o (.data.point_freq)
                  202001e4    00000004     DDS.o (.data.point_vpp)
                  202001e8    00000004     Encoder.o (.data.step_size)
                  202001ec    00000004     DDS.o (.data.sweep_freq_cut)
                  202001f0    00000004     DDS.o (.data.sweep_freq_start)
                  202001f4    00000004     Volt_Gain.o (.data.volt_in)
                  202001f8    00000003     AD9959.o (.data.FR1_DATA)
                  202001fb    00000001     UserADC.o (.data.ADC0DataValid)
                  202001fc    00000002     UserADC.o (.data.ADC1Data)
                  202001fe    00000002     UserTask.o (.data.SweepTick)
                  20200200    00000002     UI.o (.data.UITick)
                  20200202    00000002     Encoder.o (.data.enc_number)
                  20200204    00000002     UserUART.o (.data.num_index)
                  20200206    00000002     Volt_Gain.o (.data.outADCVal)
                  20200208    00000001     UserADC.o (.data.ADC1DataValid)
                  20200209    00000001     Encoder.o (.data.ENCSWTick)
                  2020020a    00000001     UserUART.o (.data.RxPos)
                  2020020b    00000001     UI.o (.data.UIPage)
                  2020020c    00000001     UI.o (.data.UI_taskShow.lastPage)
                  2020020d    00000001     DDS.o (.data.corrent_mode)
                  2020020e    00000001     DDS.o (.data.corrent_operating)
                  2020020f    00000001     UserUART.o (.data.received_data)
                  20200210    00000001     UserUART.o (.data.uart_flag)

.stack     0    20207e00    00000200     UNINITIALIZED
                  20207e00    00000004     libc.a : boot_cortex_m.c.obj (.stack)
                  20207e04    000001fc     --HOLE--

__llvm_prf_cnts 
*          0    20200000    00000000     UNINITIALIZED

__llvm_prf_bits 
*          0    20200000    00000000     UNINITIALIZED

MODULE SUMMARY

       Module                         code    ro data   rw data
       ------                         ----    -------   -------
    .\
       startup_mspm0g350x_ticlang.o   6       192       0      
       test1.0.o                      22      0         0      
    +--+------------------------------+-------+---------+---------+
       Total:                         28      192       0      
                                                               
    .\User\
       AD9959.o                       3012    0         7      
       UserUART.o                     544     0         394    
       UI.o                           240     213       4      
       UserADC.o                      260     0         6      
       Encoder.o                      152     48        15     
       DDS.o                          110     0         66     
       Volt_Gain.o                    160     0         16     
       Tick.o                         168     0         4      
       UserTask.o                     116     0         2      
       BTN.o                          0       0         10     
    +--+------------------------------+-------+---------+---------+
       Total:                         4762    261       524    
                                                               
    .\syscfg\
       ti_msp_dl_config.o             748     80        0      
    +--+------------------------------+-------+---------+---------+
       Total:                         748     80        0      
                                                               
    C:/ti/mspm0_sdk_2_01_00_03/source/ti/driverlib/lib/ticlang/m0p/mspm0g1x0x_g3x0x/driverlib.a
       dl_sysctl_mspm0g1x0x_g3x0x.o   456     0         0      
       dl_uart.o                      260     0         0      
       dl_adc12.o                     116     0         0      
       dl_common.o                    20      0         0      
    +--+------------------------------+-------+---------+---------+
       Total:                         852     0         0      
                                                               
    C:\ti\ccs2020\ccs\tools\compiler\ti-cgt-armllvm_4.0.3.LTS\lib\armv6m-ti-none-eabi/c/libc.a
       _printfi.c.obj                 4510    34        0      
       strtod.c.obj                   968     200       0      
       e_log10.c.obj                  752     0         0      
       aeabi_ctype.S.obj              0       257       0      
       s_scalbn.c.obj                 216     0         0      
       memcpy16.S.obj                 154     0         0      
       copy_decompress_lzss.c.obj     124     0         0      
       memset16.S.obj                 98      0         0      
       s_frexp.c.obj                  92      0         0      
       _ltoa.c.obj                    88      0         0      
       vsprintf.c.obj                 78      0         0      
       atoi.c.obj                     64      0         0      
       autoinit.c.obj                 60      0         0      
       boot_cortex_m.c.obj            40      0         0      
       memccpy.c.obj                  34      0         0      
       copy_zero_init.c.obj           22      0         0      
       copy_decompress_none.c.obj     18      0         0      
       wcslen.c.obj                   16      0         0      
       aeabi_portable.c.obj           8       0         4      
       exit.c.obj                     6       0         0      
       pre_init.c.obj                 4       0         0      
    +--+------------------------------+-------+---------+---------+
       Total:                         7352    491       4      
                                                               
    C:\ti\ccs2020\ccs\tools\compiler\ti-cgt-armllvm_4.0.3.LTS\lib\armv6m-ti-none-eabi/c/libsysbm.a
       hostexit.c.obj                 4       0         0      
    +--+------------------------------+-------+---------+---------+
       Total:                         4       0         0      
                                                               
    C:\ti\ccs2020\ccs\tools\compiler\ti-cgt-armllvm_4.0.3.LTS\lib\armv6m-ti-none-eabi/libclang_rt.builtins.a
       adddf3.S.obj                   418     0         0      
       divdf3.S.obj                   268     0         0      
       muldf3.S.obj                   244     0         0      
       comparedf2.c.obj               220     0         0      
       addsf3.S.obj                   216     0         0      
       udivmoddi4.S.obj               162     0         0      
       mulsf3.S.obj                   140     0         0      
       divsf3.S.obj                   130     0         0      
       truncdfsf2.S.obj               116     0         0      
       aeabi_dcmp.S.obj               114     0         0      
       aeabi_idivmod.S.obj            86      0         0      
       fixdfsi.S.obj                  74      0         0      
       aeabi_uidivmod.S.obj           64      0         0      
       extendsfdf2.S.obj              64      0         0      
       floatsisf.S.obj                60      0         0      
       muldsi3.S.obj                  58      0         0      
       fixsfsi.S.obj                  56      0         0      
       fixunssfsi.S.obj               50      0         0      
       floatsidf.S.obj                44      0         0      
       floatunsisf.S.obj              40      0         0      
       muldi3.S.obj                   36      0         0      
       ashldi3.S.obj                  30      0         0      
       aeabi_memset.S.obj             26      0         0      
       aeabi_uldivmod.S.obj           20      0         0      
       aeabi_memcpy.S.obj             8       0         0      
       aeabi_div0.c.obj               4       0         0      
    +--+------------------------------+-------+---------+---------+
       Total:                         2748    0         0      
                                                               
       Stack:                         0       0         512    
       Linker Generated:              0       80        0      
    +--+------------------------------+-------+---------+---------+
       Grand Total:                   16494   1104      1040   


LINKER GENERATED COPY TABLES

__TI_cinit_table @ 000044e0 records: 2, size/record: 8, table size: 16
	.data: load addr=000044a0, load size=0000002c bytes, run addr=20200148, run size=000000c9 bytes, compression=lzss
	.bss: load addr=000044d8, load size=00000008 bytes, run addr=20200000, run size=00000148 bytes, compression=zero_init


LINKER GENERATED HANDLER TABLE

__TI_handler_table @ 000044cc records: 3, size/record: 4, table size: 12
	index: 0, handler: __TI_decompress_lzss
	index: 1, handler: __TI_decompress_none
	index: 2, handler: __TI_zero_init


FAR CALL TRAMPOLINES

callee name               trampoline name
   callee addr  tramp addr   call addr  call info
--------------  -----------  ---------  ----------------
__aeabi_dsub              $Tramp$TT$L$PI$$__aeabi_dsub
   0000202d     000040b4     000040b0   libc.a : _printfi.c.obj (.text.OUTLINED_FUNCTION_0)
__aeabi_dmul              $Tramp$TT$L$PI$$__aeabi_dmul
   0000277d     000040d0     000040cc   libc.a : e_log10.c.obj (.text.OUTLINED_FUNCTION_0)
                             00004138          : e_log10.c.obj (.text.OUTLINED_FUNCTION_1)
__aeabi_dcmpeq            $Tramp$TT$L$PI$$__aeabi_dcmpeq
   0000328d     00004114     00004112   libc.a : strtod.c.obj (.text.OUTLINED_FUNCTION_1)

[3 trampolines]
[4 trampoline calls]


GLOBAL SYMBOLS: SORTED ALPHABETICALLY BY Name 

address   name                                 
-------   ----                                 
202001b4  ACC_FRE_FACTOR                       
00003e3d  AD9959_IOUpdate                      
00000a91  AD9959_init                          
00003bc1  AD9959_setAmp                        
000037e1  AD9959_setFreq                       
00003d61  AD9959_setPhase                      
00001375  AD9959_writeData                     
000019b5  AD9959_writeDataSlow                 
202001b2  ADC0Data                             
202001fb  ADC0DataValid                        
00003a55  ADC0_IRQHandler                      
202001fc  ADC1Data                             
20200208  ADC1DataValid                        
00003a8d  ADC1_IRQHandler                      
000021bf  AES_IRQHandler                       
202001a8  BTNTick                              
00004140  C$$EXIT                              
000021bf  CANFD0_IRQHandler                    
000021bf  DAC0_IRQHandler                      
000040f5  DDS_init                             
00003e7d  DDS_singleTone                       
000040fd  DDS_update                           
00003665  DL_ADC12_setClockConfig              
00003fc5  DL_Common_delayCycles                
00002691  DL_SYSCTL_configSYSPLL               
000036b1  DL_SYSCTL_switchMCLKfromSYSOSCtoHSCLK
000036fd  DL_UART_init                         
00003d89  DL_UART_setClockConfig               
00003cc1  DL_UART_transmitDataBlocking         
000021bf  DMA_IRQHandler                       
000021bf  Default_Handler                      
20200209  ENCSWTick                            
202001b8  ENCVal                               
00003351  ENC_TASK                             
00004091  ENC_init                             
202001f8  FR1_DATA                             
000021bf  GROUP0_IRQHandler                    
00003b31  GROUP1_IRQHandler                    
202001bc  Gain                                 
00004141  HOSTexit                             
000021bf  HardFault_Handler                    
000021bf  I2C0_IRQHandler                      
000021bf  I2C1_IRQHandler                      
000021bf  NMI_Handler                          
000021bf  PendSV_Handler                       
000021bf  RTC_IRQHandler                       
00004145  Reset_Handler                        
20200148  RxData                               
2020020a  RxPos                                
000021bf  SPI0_IRQHandler                      
000021bf  SPI1_IRQHandler                      
000021bf  SVC_Handler                          
00003929  SYSCFG_DL_ADC0_init                  
00003829  SYSCFG_DL_ADC1_init                  
00002d79  SYSCFG_DL_GPIO_init                  
000033ad  SYSCFG_DL_SYSCTL_init                
00003b61  SYSCFG_DL_SYSTICK_init               
000031c5  SYSCFG_DL_UART_0_init                
00002f99  SYSCFG_DL_UART_2_init                
00003dad  SYSCFG_DL_init                       
0000356d  SYSCFG_DL_initPower                  
20200188  SingleTone                           
20200198  Sweep                                
202001fe  SweepTick                            
00002af1  SysTick_Handler                      
000021bf  TIMA0_IRQHandler                     
000021bf  TIMA1_IRQHandler                     
000021bf  TIMG0_IRQHandler                     
000021bf  TIMG12_IRQHandler                    
000021bf  TIMG6_IRQHandler                     
000021bf  TIMG7_IRQHandler                     
000021bf  TIMG8_IRQHandler                     
202001c0  Tick                                 
00003965  UART0_IRQHandler                     
000021bf  UART1_IRQHandler                     
000021c1  UART2_IRQHandler                     
00003f25  UART2_init                           
00003229  UART2_printf                         
000021bf  UART3_IRQHandler                     
2020020b  UIPage                               
20200200  UITick                               
00004039  UI_init                              
00002861  UI_taskShow                          
00003749  UserADC0_getData                     
00003ebd  UserADC0_start                       
00003ed9  UserADC1_start                       
00004049  UserADC_init                         
00003dd1  UserTask_init                        
00003615  UserTask_loop                        
00002c3d  Volt_Gain_taskGetData                
20208000  __STACK_END                          
00000200  __STACK_SIZE                         
00000000  __TI_ATRegion0_region_sz             
00000000  __TI_ATRegion0_src_addr              
00000000  __TI_ATRegion0_trg_addr              
00000000  __TI_ATRegion1_region_sz             
00000000  __TI_ATRegion1_src_addr              
00000000  __TI_ATRegion1_trg_addr              
00000000  __TI_ATRegion2_region_sz             
00000000  __TI_ATRegion2_src_addr              
00000000  __TI_ATRegion2_trg_addr              
000044e0  __TI_CINIT_Base                      
000044f0  __TI_CINIT_Limit                     
000044f0  __TI_CINIT_Warm                      
000044cc  __TI_Handler_Table_Base              
000044d8  __TI_Handler_Table_Limit             
000039dd  __TI_auto_init_nobinit_nopinit       
00002f1d  __TI_decompress_lzss                 
00004015  __TI_decompress_none                 
00003465  __TI_ltoa                            
ffffffff  __TI_pprof_out_hndl                  
000000c1  __TI_printfi                         
ffffffff  __TI_prof_data_size                  
ffffffff  __TI_prof_data_start                 
00000000  __TI_static_base__                   
00003faf  __TI_zero_init_nomemset              
00002037  __adddf3                             
00002a23  __addsf3                             
00004150  __aeabi_ctype_table_                 
00004150  __aeabi_ctype_table_C                
00003081  __aeabi_d2f                          
00003795  __aeabi_d2iz                         
00002037  __aeabi_dadd                         
0000328d  __aeabi_dcmpeq                       
000032c9  __aeabi_dcmpge                       
000032dd  __aeabi_dcmpgt                       
000032b5  __aeabi_dcmple                       
000032a1  __aeabi_dcmplt                       
00002585  __aeabi_ddiv                         
0000277d  __aeabi_dmul                         
0000202d  __aeabi_dsub                         
202001c4  __aeabi_errno                        
00004125  __aeabi_errno_addr                   
000038a9  __aeabi_f2d                          
00003ac5  __aeabi_f2iz                         
00003afd  __aeabi_f2uiz                        
00002a23  __aeabi_fadd                         
00002e99  __aeabi_fdiv                         
00002e0d  __aeabi_fmul                         
00002a19  __aeabi_fsub                         
00003bf1  __aeabi_i2d                          
000039a1  __aeabi_i2f                          
00003515  __aeabi_idiv                         
00002c3b  __aeabi_idiv0                        
00003515  __aeabi_idivmod                      
00002d77  __aeabi_ldiv0                        
00003e9d  __aeabi_llsl                         
00003df5  __aeabi_lmul                         
0000409d  __aeabi_memclr                       
0000409d  __aeabi_memclr4                      
0000409d  __aeabi_memclr8                      
0000412d  __aeabi_memcpy                       
0000412d  __aeabi_memcpy4                      
0000412d  __aeabi_memcpy8                      
00004069  __aeabi_memset                       
00004069  __aeabi_memset4                      
00004069  __aeabi_memset8                      
00003ce9  __aeabi_ui2f                         
00003869  __aeabi_uidiv                        
00003869  __aeabi_uidivmod                     
00003fed  __aeabi_uldivmod                     
00003e9d  __ashldi3                            
ffffffff  __binit__                            
000030f5  __cmpdf2                             
00002585  __divdf3                             
00002e99  __divsf3                             
000030f5  __eqdf2                              
000038a9  __extendsfdf2                        
00003795  __fixdfsi                            
00003ac5  __fixsfsi                            
00003afd  __fixunssfsi                         
00003bf1  __floatsidf                          
000039a1  __floatsisf                          
00003ce9  __floatunsisf                        
0000300d  __gedf2                              
0000300d  __gtdf2                              
000030f5  __ledf2                              
000030f5  __ltdf2                              
UNDEFED   __mpu_init                           
0000277d  __muldf3                             
00003df5  __muldi3                             
00003a19  __muldsi3                            
00002e0d  __mulsf3                             
000030f5  __nedf2                              
20207e00  __stack                              
20200000  __start___llvm_prf_bits              
20200000  __start___llvm_prf_cnts              
20200000  __stop___llvm_prf_bits               
20200000  __stop___llvm_prf_cnts               
0000202d  __subdf3                             
00002a19  __subsf3                             
00003081  __truncdfsf2                         
00002b99  __udivmoddi4                         
00003d39  _c_int00_noargs                      
UNDEFED   _system_post_cinit                   
00004149  _system_pre_init                     
0000413b  abort                                
000038e9  atoi                                 
ffffffff  binit                                
2020020d  corrent_mode                         
2020020e  corrent_operating                    
202001c8  data_of_test                         
202001cc  default_point_freq                   
202001d0  default_point_vpp                    
202001d4  default_sweep_freq                   
202001d8  default_sweep_freq_cut               
20200202  enc_number                           
00003409  frexp                                
00003409  frexpl                               
20200142  inADCVal                             
00003f55  initSingleToneParam                  
00003d11  initSweepParam                       
00000000  interruptVectors                     
00002941  ldexp                                
00002941  ldexpl                               
000016d5  log10                                
000016d5  log10l                               
00003f99  main                                 
00003e19  memccpy                              
00002cdd  memcpy                               
000032ef  memset                               
20200204  num_index                            
20200100  num_str                              
20200206  outADCVal                            
202001dc  outset                               
202001e0  point_freq                           
202001e4  point_vpp                            
2020020f  received_data                        
00002941  scalbn                               
00002941  scalbnl                              
202001e8  step_size                            
00000fbd  strtod                               
00000fbd  strtold                              
202001ec  sweep_freq_cut                       
202001f0  sweep_freq_start                     
20200210  uart_flag                            
202001f4  volt_in                              
20200144  volt_out                             
00003c1d  vsprintf                             
00004059  wcslen                               


GLOBAL SYMBOLS: SORTED BY Symbol Address 

address   name                                 
-------   ----                                 
00000000  __TI_ATRegion0_region_sz             
00000000  __TI_ATRegion0_src_addr              
00000000  __TI_ATRegion0_trg_addr              
00000000  __TI_ATRegion1_region_sz             
00000000  __TI_ATRegion1_src_addr              
00000000  __TI_ATRegion1_trg_addr              
00000000  __TI_ATRegion2_region_sz             
00000000  __TI_ATRegion2_src_addr              
00000000  __TI_ATRegion2_trg_addr              
00000000  __TI_static_base__                   
00000000  interruptVectors                     
000000c1  __TI_printfi                         
00000200  __STACK_SIZE                         
00000a91  AD9959_init                          
00000fbd  strtod                               
00000fbd  strtold                              
00001375  AD9959_writeData                     
000016d5  log10                                
000016d5  log10l                               
000019b5  AD9959_writeDataSlow                 
0000202d  __aeabi_dsub                         
0000202d  __subdf3                             
00002037  __adddf3                             
00002037  __aeabi_dadd                         
000021bf  AES_IRQHandler                       
000021bf  CANFD0_IRQHandler                    
000021bf  DAC0_IRQHandler                      
000021bf  DMA_IRQHandler                       
000021bf  Default_Handler                      
000021bf  GROUP0_IRQHandler                    
000021bf  HardFault_Handler                    
000021bf  I2C0_IRQHandler                      
000021bf  I2C1_IRQHandler                      
000021bf  NMI_Handler                          
000021bf  PendSV_Handler                       
000021bf  RTC_IRQHandler                       
000021bf  SPI0_IRQHandler                      
000021bf  SPI1_IRQHandler                      
000021bf  SVC_Handler                          
000021bf  TIMA0_IRQHandler                     
000021bf  TIMA1_IRQHandler                     
000021bf  TIMG0_IRQHandler                     
000021bf  TIMG12_IRQHandler                    
000021bf  TIMG6_IRQHandler                     
000021bf  TIMG7_IRQHandler                     
000021bf  TIMG8_IRQHandler                     
000021bf  UART1_IRQHandler                     
000021bf  UART3_IRQHandler                     
000021c1  UART2_IRQHandler                     
00002585  __aeabi_ddiv                         
00002585  __divdf3                             
00002691  DL_SYSCTL_configSYSPLL               
0000277d  __aeabi_dmul                         
0000277d  __muldf3                             
00002861  UI_taskShow                          
00002941  ldexp                                
00002941  ldexpl                               
00002941  scalbn                               
00002941  scalbnl                              
00002a19  __aeabi_fsub                         
00002a19  __subsf3                             
00002a23  __addsf3                             
00002a23  __aeabi_fadd                         
00002af1  SysTick_Handler                      
00002b99  __udivmoddi4                         
00002c3b  __aeabi_idiv0                        
00002c3d  Volt_Gain_taskGetData                
00002cdd  memcpy                               
00002d77  __aeabi_ldiv0                        
00002d79  SYSCFG_DL_GPIO_init                  
00002e0d  __aeabi_fmul                         
00002e0d  __mulsf3                             
00002e99  __aeabi_fdiv                         
00002e99  __divsf3                             
00002f1d  __TI_decompress_lzss                 
00002f99  SYSCFG_DL_UART_2_init                
0000300d  __gedf2                              
0000300d  __gtdf2                              
00003081  __aeabi_d2f                          
00003081  __truncdfsf2                         
000030f5  __cmpdf2                             
000030f5  __eqdf2                              
000030f5  __ledf2                              
000030f5  __ltdf2                              
000030f5  __nedf2                              
000031c5  SYSCFG_DL_UART_0_init                
00003229  UART2_printf                         
0000328d  __aeabi_dcmpeq                       
000032a1  __aeabi_dcmplt                       
000032b5  __aeabi_dcmple                       
000032c9  __aeabi_dcmpge                       
000032dd  __aeabi_dcmpgt                       
000032ef  memset                               
00003351  ENC_TASK                             
000033ad  SYSCFG_DL_SYSCTL_init                
00003409  frexp                                
00003409  frexpl                               
00003465  __TI_ltoa                            
00003515  __aeabi_idiv                         
00003515  __aeabi_idivmod                      
0000356d  SYSCFG_DL_initPower                  
00003615  UserTask_loop                        
00003665  DL_ADC12_setClockConfig              
000036b1  DL_SYSCTL_switchMCLKfromSYSOSCtoHSCLK
000036fd  DL_UART_init                         
00003749  UserADC0_getData                     
00003795  __aeabi_d2iz                         
00003795  __fixdfsi                            
000037e1  AD9959_setFreq                       
00003829  SYSCFG_DL_ADC1_init                  
00003869  __aeabi_uidiv                        
00003869  __aeabi_uidivmod                     
000038a9  __aeabi_f2d                          
000038a9  __extendsfdf2                        
000038e9  atoi                                 
00003929  SYSCFG_DL_ADC0_init                  
00003965  UART0_IRQHandler                     
000039a1  __aeabi_i2f                          
000039a1  __floatsisf                          
000039dd  __TI_auto_init_nobinit_nopinit       
00003a19  __muldsi3                            
00003a55  ADC0_IRQHandler                      
00003a8d  ADC1_IRQHandler                      
00003ac5  __aeabi_f2iz                         
00003ac5  __fixsfsi                            
00003afd  __aeabi_f2uiz                        
00003afd  __fixunssfsi                         
00003b31  GROUP1_IRQHandler                    
00003b61  SYSCFG_DL_SYSTICK_init               
00003bc1  AD9959_setAmp                        
00003bf1  __aeabi_i2d                          
00003bf1  __floatsidf                          
00003c1d  vsprintf                             
00003cc1  DL_UART_transmitDataBlocking         
00003ce9  __aeabi_ui2f                         
00003ce9  __floatunsisf                        
00003d11  initSweepParam                       
00003d39  _c_int00_noargs                      
00003d61  AD9959_setPhase                      
00003d89  DL_UART_setClockConfig               
00003dad  SYSCFG_DL_init                       
00003dd1  UserTask_init                        
00003df5  __aeabi_lmul                         
00003df5  __muldi3                             
00003e19  memccpy                              
00003e3d  AD9959_IOUpdate                      
00003e7d  DDS_singleTone                       
00003e9d  __aeabi_llsl                         
00003e9d  __ashldi3                            
00003ebd  UserADC0_start                       
00003ed9  UserADC1_start                       
00003f25  UART2_init                           
00003f55  initSingleToneParam                  
00003f99  main                                 
00003faf  __TI_zero_init_nomemset              
00003fc5  DL_Common_delayCycles                
00003fed  __aeabi_uldivmod                     
00004015  __TI_decompress_none                 
00004039  UI_init                              
00004049  UserADC_init                         
00004059  wcslen                               
00004069  __aeabi_memset                       
00004069  __aeabi_memset4                      
00004069  __aeabi_memset8                      
00004091  ENC_init                             
0000409d  __aeabi_memclr                       
0000409d  __aeabi_memclr4                      
0000409d  __aeabi_memclr8                      
000040f5  DDS_init                             
000040fd  DDS_update                           
00004125  __aeabi_errno_addr                   
0000412d  __aeabi_memcpy                       
0000412d  __aeabi_memcpy4                      
0000412d  __aeabi_memcpy8                      
0000413b  abort                                
00004140  C$$EXIT                              
00004141  HOSTexit                             
00004145  Reset_Handler                        
00004149  _system_pre_init                     
00004150  __aeabi_ctype_table_                 
00004150  __aeabi_ctype_table_C                
000044cc  __TI_Handler_Table_Base              
000044d8  __TI_Handler_Table_Limit             
000044e0  __TI_CINIT_Base                      
000044f0  __TI_CINIT_Limit                     
000044f0  __TI_CINIT_Warm                      
20200000  __start___llvm_prf_bits              
20200000  __start___llvm_prf_cnts              
20200000  __stop___llvm_prf_bits               
20200000  __stop___llvm_prf_cnts               
20200100  num_str                              
20200142  inADCVal                             
20200144  volt_out                             
20200148  RxData                               
20200188  SingleTone                           
20200198  Sweep                                
202001a8  BTNTick                              
202001b2  ADC0Data                             
202001b4  ACC_FRE_FACTOR                       
202001b8  ENCVal                               
202001bc  Gain                                 
202001c0  Tick                                 
202001c4  __aeabi_errno                        
202001c8  data_of_test                         
202001cc  default_point_freq                   
202001d0  default_point_vpp                    
202001d4  default_sweep_freq                   
202001d8  default_sweep_freq_cut               
202001dc  outset                               
202001e0  point_freq                           
202001e4  point_vpp                            
202001e8  step_size                            
202001ec  sweep_freq_cut                       
202001f0  sweep_freq_start                     
202001f4  volt_in                              
202001f8  FR1_DATA                             
202001fb  ADC0DataValid                        
202001fc  ADC1Data                             
202001fe  SweepTick                            
20200200  UITick                               
20200202  enc_number                           
20200204  num_index                            
20200206  outADCVal                            
20200208  ADC1DataValid                        
20200209  ENCSWTick                            
2020020a  RxPos                                
2020020b  UIPage                               
2020020d  corrent_mode                         
2020020e  corrent_operating                    
2020020f  received_data                        
20200210  uart_flag                            
20207e00  __stack                              
20208000  __STACK_END                          
ffffffff  __TI_pprof_out_hndl                  
ffffffff  __TI_prof_data_size                  
ffffffff  __TI_prof_data_start                 
ffffffff  __binit__                            
ffffffff  binit                                
UNDEFED   __mpu_init                           
UNDEFED   _system_post_cinit                   

[240 symbols]
