******************************************************************************
            TI ARM Clang Linker PC v4.0.3                      
******************************************************************************
>> Linked Fri Jul 25 18:19:48 2025

OUTPUT FILE NAME:   <RFWBAmpCtrl_MSPM0G3507 copy 3.out>
ENTRY POINT SYMBOL: "_c_int00_noargs"  address: 00004f69


MEMORY CONFIGURATION

         name            origin    length      used     unused   attr    fill
----------------------  --------  ---------  --------  --------  ----  --------
  FLASH                 00000000   00020000  00005818  0001a7e8  R  X
  SRAM                  20200000   00008000  00001569  00006a97  RW X
  BCR_CONFIG            41c00000   00000080  00000000  00000080  R   
  BSL_CONFIG            41c00100   00000080  00000000  00000080  R   


SEGMENT ALLOCATION MAP

run origin  load origin   length   init length attrs members
----------  ----------- ---------- ----------- ----- -------
00000000    00000000    00005818   00005818    r-x
  00000000    00000000    000000c0   000000c0    r-- .intvecs
  000000c0    000000c0    00005340   00005340    r-x .text
  00005400    00005400    000003d0   000003d0    r-- .rodata
  000057d0    000057d0    00000048   00000048    r-- .cinit
20200000    20200000    0000136c   00000000    rw-
  20200000    20200000    00001259   00000000    rw- .bss
  2020125c    2020125c    00000110   00000000    rw- .data
20207e00    20207e00    00000200   00000000    rw-
  20207e00    20207e00    00000200   00000000    rw- .stack


SECTION ALLOCATION MAP

 output                                  attributes/
section   page    origin      length       input sections
--------  ----  ----------  ----------   ----------------
.intvecs   0    00000000    000000c0     
                  00000000    000000c0     startup_mspm0g350x_ticlang.o (.intvecs)

.text      0    000000c0    00005340     
                  000000c0    000009d0     libc.a : _printfi.c.obj (.text:__TI_printfi)
                  00000a90    0000052c     AD9959.o (.text.AD9959_init)
                  00000fbc    000003b8     libc.a : strtod.c.obj (.text.strtod)
                  00001374    00000360     AD9959.o (.text.AD9959_writeData)
                  000016d4    000002f8     libc.a : s_atan.c.obj (.text.atan)
                  000019cc    000002e0            : e_log10.c.obj (.text.log10)
                  00001cac    000002d0     UserADC.o (.text.UserTask_ADC1)
                  00001f7c    0000027c     AD9959.o (.text.AD9959_writeDataSlow)
                  000021f8    00000220     libc.a : _printfi.c.obj (.text._pconv_a)
                  00002418    000001f0     UserTask.o (.text.UserTask_loop)
                  00002608    000001dc     libc.a : _printfi.c.obj (.text._pconv_g)
                  000027e4    00000198     UI.o (.text.UI_taskShow4)
                  0000297c    00000192     libclang_rt.builtins.a : adddf3.S.obj (.text.adddf3_subdf3)
                  00002b0e    00000002     startup_mspm0g350x_ticlang.o (.text.Default_Handler)
                  00002b10    00000170     libc.a : e_sqrt.c.obj (.text.sqrt)
                  00002c80    00000144     UserUART.o (.text.UART2_IRQHandler)
                  00002dc4    0000013c     libc.a : _printfi.c.obj (.text.fcvt)
                  00002f00    00000120            : _printfi.c.obj (.text._pconv_e)
                  00003020    00000110     driverlib.a : dl_timer.o (.text.DL_Timer_initPWMMode)
                  00003130    00000110     UserTask.o (.text.UserTask_init)
                  00003240    0000010c     libclang_rt.builtins.a : divdf3.S.obj (.text.__divdf3)
                  0000334c    000000ec     driverlib.a : dl_sysctl_mspm0g1x0x_g3x0x.o (.text.DL_SYSCTL_configSYSPLL)
                  00003438    000000e4     libclang_rt.builtins.a : muldf3.S.obj (.text.__muldf3)
                  0000351c    000000d8     UserTask.o (.text.UserTask_ENC)
                  000035f4    000000d8     libc.a : s_scalbn.c.obj (.text.scalbn)
                  000036cc    000000d8     libclang_rt.builtins.a : addsf3.S.obj (.text)
                  000037a4    000000cc     Tick.o (.text.SysTick_Handler)
                  00003870    000000ac     BTN.o (.text.BTN_getData)
                  0000391c    000000ac     ti_msp_dl_config.o (.text.SYSCFG_DL_GPIO_init)
                  000039c8    000000a2     libclang_rt.builtins.a : udivmoddi4.S.obj (.text)
                  00003a6a    00000002     UI.o (.text.UI_taskShow5)
                  00003a6c    0000009c     UserTask.o (.text.initSweepParam)
                  00003b08    0000009a     libc.a : memcpy16.S.obj (.text:memcpy)
                  00003ba2    00000002     libclang_rt.builtins.a : aeabi_div0.c.obj (.text.__aeabi_idiv0)
                  00003ba4    0000008c                            : mulsf3.S.obj (.text.__mulsf3)
                  00003c30    00000088     DDS.o (.text.DDS_sweep)
                  00003cb8    00000082     libclang_rt.builtins.a : divsf3.S.obj (.text.__divsf3)
                  00003d3a    00000002                            : aeabi_div0.c.obj (.text.__aeabi_ldiv0)
                  00003d3c    00000080     ti_msp_dl_config.o (.text.SYSCFG_DL_PWM_LED_RG_init)
                  00003dbc    00000080     UI.o (.text.UI_taskShow2)
                  00003e3c    0000007c     ti_msp_dl_config.o (.text.SYSCFG_DL_initPower)
                  00003eb8    0000007c     libc.a : copy_decompress_lzss.c.obj (.text:decompress:lzss)
                  00003f34    00000074     ti_msp_dl_config.o (.text.SYSCFG_DL_UART_2_init)
                  00003fa8    00000074     libclang_rt.builtins.a : comparedf2.c.obj (.text.__gedf2)
                  0000401c    00000004     libsysbm.a : hostexit.c.obj (.text.HOSTexit)
                  00004020    00000074     libclang_rt.builtins.a : truncdfsf2.S.obj (.text.__truncdfsf2)
                  00004094    0000006c     UI.o (.text.UI_taskShow1)
                  00004100    00000068     ti_msp_dl_config.o (.text.SYSCFG_DL_ADC1_init)
                  00004168    00000068     UserADC.o (.text.UserTask_ADC)
                  000041d0    00000068     libclang_rt.builtins.a : comparedf2.c.obj (.text.__ledf2)
                  00004238    00000066     libc.a : _printfi.c.obj (.text._mcpy)
                  0000429e    00000002     --HOLE-- [fill = 0]
                  000042a0    00000064     ti_msp_dl_config.o (.text.SYSCFG_DL_UART_0_init)
                  00004304    00000064     UserUART.o (.text.UART2_printf)
                  00004368    00000062     libclang_rt.builtins.a : aeabi_dcmp.S.obj (.text.__aeabi_dcmp)
                  000043ca    00000002     --HOLE-- [fill = 0]
                  000043cc    00000062                            : aeabi_fcmp.S.obj (.text.__aeabi_fcmp)
                  0000442e    00000062     libc.a : memset16.S.obj (.text:memset)
                  00004490    0000005c     ti_msp_dl_config.o (.text.SYSCFG_DL_PWM_GAIN_init)
                  000044ec    0000005c     ti_msp_dl_config.o (.text.SYSCFG_DL_PWM_LED_B_init)
                  00004548    0000005c     ti_msp_dl_config.o (.text.SYSCFG_DL_SYSCTL_init)
                  000045a4    0000005c     libc.a : s_frexp.c.obj (.text.frexp)
                  00004600    00000058            : _ltoa.c.obj (.text.__TI_ltoa)
                  00004658    00000058            : _printfi.c.obj (.text._pconv_f)
                  000046b0    00000056     libclang_rt.builtins.a : aeabi_idivmod.S.obj (.text.__aeabi_idivmod)
                  00004706    00000052     libc.a : _printfi.c.obj (.text._ecpy)
                  00004758    0000004c     driverlib.a : dl_adc12.o (.text.DL_ADC12_setClockConfig)
                  000047a4    0000004c                 : dl_sysctl_mspm0g1x0x_g3x0x.o (.text.DL_SYSCTL_switchMCLKfromSYSOSCtoHSCLK)
                  000047f0    0000004c                 : dl_uart.o (.text.DL_UART_init)
                  0000483c    0000004a     libclang_rt.builtins.a : fixdfsi.S.obj (.text.__fixdfsi)
                  00004886    00000002     --HOLE-- [fill = 0]
                  00004888    00000048     AD9959.o (.text.AD9959_setFreq)
                  000048d0    00000044     ti_msp_dl_config.o (.text.SYSCFG_DL_init)
                  00004914    00000040     driverlib.a : dl_timer.o (.text.DL_Timer_setCaptureCompareOutCtl)
                  00004954    00000040     ti_msp_dl_config.o (.text.SYSCFG_DL_ADC0_init)
                  00004994    00000040     libclang_rt.builtins.a : aeabi_uidivmod.S.obj (.text.__aeabi_uidivmod)
                  000049d4    00000040                            : extendsfdf2.S.obj (.text.__extendsfdf2)
                  00004a14    00000040     libc.a : atoi.c.obj (.text.atoi)
                  00004a54    0000003c     driverlib.a : dl_timer.o (.text.DL_Timer_setCaptureCompareCtl)
                  00004a90    0000003c     UserUART.o (.text.UART0_IRQHandler)
                  00004acc    0000003c     libclang_rt.builtins.a : floatsisf.S.obj (.text.__floatsisf)
                  00004b08    0000003c                            : comparesf2.S.obj (.text.__gtsf2)
                  00004b44    0000003c     libc.a : autoinit.c.obj (.text:__TI_auto_init_nobinit_nopinit)
                  00004b80    0000003a     libclang_rt.builtins.a : comparesf2.S.obj (.text.__eqsf2)
                  00004bba    00000002     --HOLE-- [fill = 0]
                  00004bbc    0000003a                            : muldsi3.S.obj (.text.__muldsi3)
                  00004bf6    00000002     --HOLE-- [fill = 0]
                  00004bf8    00000038                            : fixsfsi.S.obj (.text.__fixsfsi)
                  00004c30    00000034     driverlib.a : dl_timer.o (.text.DL_Timer_setCaptCompUpdateMethod)
                  00004c64    00000034                 : dl_timer.o (.text.DL_Timer_setCaptureCompareAction)
                  00004c98    00000034                 : dl_timer.o (.text.DL_Timer_setCaptureCompareInput)
                  00004ccc    00000034                 : dl_timer.o (.text.DL_Timer_setClockConfig)
                  00004d00    00000032     libclang_rt.builtins.a : fixunssfsi.S.obj (.text.__fixunssfsi)
                  00004d32    00000002     --HOLE-- [fill = 0]
                  00004d34    00000030     Encoder.o (.text.GROUP1_IRQHandler)
                  00004d64    00000030     ti_msp_dl_config.o (.text.SYSCFG_DL_SYSTICK_init)
                  00004d94    00000030     libc.a : _printfi.c.obj (.text._fcpy)
                  00004dc4    0000002e     AD9959.o (.text.AD9959_setAmp)
                  00004df2    00000002     --HOLE-- [fill = 0]
                  00004df4    0000002c     driverlib.a : dl_timer.o (.text.DL_Timer_setCaptureCompareValue)
                  00004e20    0000002c     libclang_rt.builtins.a : floatsidf.S.obj (.text.__floatsidf)
                  00004e4c    0000002c     libc.a : vsprintf.c.obj (.text.vsprintf)
                  00004e78    00000028     driverlib.a : dl_adc12.o (.text.DL_Common_updateReg)
                  00004ea0    00000028                 : dl_sysctl_mspm0g1x0x_g3x0x.o (.text.DL_Common_updateReg)
                  00004ec8    00000028                 : dl_timer.o (.text.DL_Common_updateReg)
                  00004ef0    00000028                 : dl_uart.o (.text.DL_Common_updateReg)
                  00004f18    00000028                 : dl_uart.o (.text.DL_UART_transmitDataBlocking)
                  00004f40    00000028     libclang_rt.builtins.a : floatunsisf.S.obj (.text.__floatunsisf)
                  00004f68    00000028     libc.a : boot_cortex_m.c.obj (.text:_c_int00_noargs)
                  00004f90    00000026     AD9959.o (.text.AD9959_setPhase)
                  00004fb6    00000024     DDS.o (.text.DDS_initSweep)
                  00004fda    00000002     --HOLE-- [fill = 0]
                  00004fdc    00000024     driverlib.a : dl_uart.o (.text.DL_UART_setClockConfig)
                  00005000    00000024     Encoder.o (.text.ENC_getSW)
                  00005024    00000024     UserADC.o (.text.UserADC_init)
                  00005048    00000024     libclang_rt.builtins.a : muldi3.S.obj (.text.__muldi3)
                  0000506c    00000022     libc.a : memccpy.c.obj (.text.memccpy)
                  0000508e    00000002     --HOLE-- [fill = 0]
                  00005090    00000020     AD9959.o (.text.AD9959_IOUpdate)
                  000050b0    00000020     driverlib.a : dl_sysctl_mspm0g1x0x_g3x0x.o (.text.DL_CORE_configInstruction)
                  000050d0    00000020                 : dl_timer.o (.text.DL_Timer_setCounterValueAfterEnable)
                  000050f0    00000020     UI.o (.text.UI_taskShow3)
                  00005110    0000001e     DDS.o (.text.DDS_singleTone)
                  0000512e    00000002     --HOLE-- [fill = 0]
                  00005130    0000001e     libclang_rt.builtins.a : ashldi3.S.obj (.text.__ashldi3)
                  0000514e    00000002     --HOLE-- [fill = 0]
                  00005150    0000001c     UserADC.o (.text.ADC0_IRQHandler)
                  0000516c    0000001c     UserADC.o (.text.ADC1_IRQHandler)
                  00005188    00000018     driverlib.a : dl_sysctl_mspm0g1x0x_g3x0x.o (.text.DL_SYSCTL_setHSCLKSource)
                  000051a0    00000018                 : dl_timer.o (.text.DL_Timer_setLoadValue)
                  000051b8    00000018                 : dl_uart.o (.text.DL_UART_isTXFIFOFull)
                  000051d0    00000018     UserUART.o (.text.UART2_init)
                  000051e8    00000018     libc.a : vsprintf.c.obj (.text._outs)
                  00005200    00000016     driverlib.a : dl_uart.o (.text.DL_UART_disable)
                  00005216    00000016                 : dl_uart.o (.text.DL_UART_transmitData)
                  0000522c    00000016     RFWBAmpCtrl_MSPM0G3507.o (.text.main)
                  00005242    00000014     driverlib.a : dl_common.o (.text.DL_Common_delayCycles)
                  00005256    00000002     --HOLE-- [fill = 0]
                  00005258    00000014                 : dl_sysctl_mspm0g1x0x_g3x0x.o (.text.DL_SYSCTL_disableSYSPLL)
                  0000526c    00000014     libclang_rt.builtins.a : aeabi_uldivmod.S.obj (.text.__aeabi_uldivmod)
                  00005280    00000014     libc.a : _printfi.c.obj (.text.strchr)
                  00005294    00000012            : copy_decompress_none.c.obj (.text:decompress:none)
                  000052a6    00000002     --HOLE-- [fill = 0]
                  000052a8    00000010     driverlib.a : dl_sysctl_mspm0g1x0x_g3x0x.o (.text.DL_CORE_getInstructionConfig)
                  000052b8    00000010     Encoder.o (.text.ENC_getIncVal)
                  000052c8    00000010     libc.a : wcslen.c.obj (.text.wcslen)
                  000052d8    00000010            : copy_zero_init.c.obj (.text:decompress:ZI)
                  000052e8    0000000e     libclang_rt.builtins.a : aeabi_memset.S.obj (.text.__aeabi_memset)
                  000052f6    0000000e     libc.a : _printfi.c.obj (.text.strlen)
                  00005304    0000000c     driverlib.a : dl_sysctl_mspm0g1x0x_g3x0x.o (.text.DL_SYSCTL_getClockStatus)
                  00005310    0000000c     Encoder.o (.text.ENC_init)
                  0000531c    0000000c     libclang_rt.builtins.a : aeabi_memset.S.obj (.text.__aeabi_memclr)
                  00005328    0000000a     libc.a : _printfi.c.obj (.text.OUTLINED_FUNCTION_0)
                  00005332    00000002     --HOLE-- [fill = 0]
                  00005334    00000010     libclang_rt.builtins.a : adddf3.S.obj (.tramp.__aeabi_dsub.1)
                  00005344    0000000a     libc.a : e_log10.c.obj (.text.OUTLINED_FUNCTION_0)
                  0000534e    00000002     --HOLE-- [fill = 0]
                  00005350    00000010     libclang_rt.builtins.a : muldf3.S.obj (.tramp.__aeabi_dmul.1)
                  00005360    0000000a     libc.a : s_atan.c.obj (.text.OUTLINED_FUNCTION_0)
                  0000536a    0000000a            : _printfi.c.obj (.text.OUTLINED_FUNCTION_1)
                  00005374    0000000a            : vsprintf.c.obj (.text._outc)
                  0000537e    00000008     DDS.o (.text.DDS_init)
                  00005386    00000008     DDS.o (.text.DDS_update)
                  0000538e    00000008     libc.a : strtod.c.obj (.text.OUTLINED_FUNCTION_0)
                  00005396    00000008            : strtod.c.obj (.text.OUTLINED_FUNCTION_1)
                  0000539e    00000002     --HOLE-- [fill = 0]
                  000053a0    00000010     libclang_rt.builtins.a : aeabi_dcmp.S.obj (.tramp.__aeabi_dcmpeq.1)
                  000053b0    00000008     libc.a : s_atan.c.obj (.text.OUTLINED_FUNCTION_2)
                  000053b8    00000008            : aeabi_portable.c.obj (.text.__aeabi_errno_addr)
                  000053c0    00000008     libclang_rt.builtins.a : aeabi_memcpy.S.obj (.text.__aeabi_memcpy)
                  000053c8    00000006     libc.a : e_log10.c.obj (.text.OUTLINED_FUNCTION_1)
                  000053ce    00000006            : s_atan.c.obj (.text.OUTLINED_FUNCTION_1)
                  000053d4    00000010     libclang_rt.builtins.a : adddf3.S.obj (.tramp.__aeabi_dadd.1)
                  000053e4    00000006     libc.a : exit.c.obj (.text:abort)
                  000053ea    00000004     startup_mspm0g350x_ticlang.o (.text.Reset_Handler)
                  000053ee    00000004     libc.a : pre_init.c.obj (.text._system_pre_init)
                  000053f2    0000000e     --HOLE-- [fill = 0]

.cinit     0    000057d0    00000048     
                  000057d0    00000023     (.cinit..data.load) [load image, compression = lzss]
                  000057f3    00000001     --HOLE-- [fill = 0]
                  000057f4    0000000c     (__TI_handler_table)
                  00005800    00000008     (.cinit..bss.load) [load image, compression = zero_init]
                  00005808    00000010     (__TI_cinit_table)

.rodata    0    00005400    000003d0     
                  00005400    00000101     libc.a : aeabi_ctype.S.obj (.rodata:__aeabi_ctype_table_)
                  00005501    00000003     ti_msp_dl_config.o (.rodata.gPWM_GAINClockConfig)
                  00005504    00000003     ti_msp_dl_config.o (.rodata.gPWM_LED_BClockConfig)
                  00005507    00000001     --HOLE-- [fill = 0]
                  00005508    00000080     libc.a : strtod.c.obj (.rodata.digits)
                  00005588    00000048            : strtod.c.obj (.rodata.powerof10)
                  000055d0    00000040            : s_atan.c.obj (.rodata.cst32)
                  00005610    00000028     ti_msp_dl_config.o (.rodata.gSYSPLLConfig)
                  00005638    0000001d     UI.o (.rodata.str1.16786090265250529400.1)
                  00005655    00000017     UI.o (.rodata.str1.1007184049811795997.1)
                  0000566c    00000017     UI.o (.rodata.str1.14263818253972278985.1)
                  00005683    00000017     UI.o (.rodata.str1.15396916481306098269.1)
                  0000569a    00000017     UI.o (.rodata.str1.168890784950767363.1)
                  000056b1    00000017     UI.o (.rodata.str1.4349108717920039285.1)
                  000056c8    00000017     UI.o (.rodata.str1.8694246129754233436.1)
                  000056df    00000016     UI.o (.rodata.str1.17860640831954755754.1)
                  000056f5    00000016     UI.o (.rodata.str1.305718316560022041.1)
                  0000570b    00000016     UI.o (.rodata.str1.6809779246588617636.1)
                  00005721    00000016     UI.o (.rodata.str1.7482375933448357494.1)
                  00005737    00000012     UI.o (.rodata.str1.12008625149187815937.1)
                  00005749    00000012     UI.o (.rodata.str1.4601403745734340453.1)
                  0000575b    00000011     libc.a : _printfi.c.obj (.rodata.str1.10348868589481759720.1)
                  0000576c    00000011            : _printfi.c.obj (.rodata.str1.15363888844622738466.1)
                  0000577d    00000001     --HOLE-- [fill = 0]
                  0000577e    0000000a     ti_msp_dl_config.o (.rodata.gUART_0Config)
                  00005788    0000000a     ti_msp_dl_config.o (.rodata.gUART_2Config)
                  00005792    00000002     ti_msp_dl_config.o (.rodata.gUART_0ClockConfig)
                  00005794    00000008     ti_msp_dl_config.o (.rodata.gADC0ClockConfig)
                  0000579c    00000008     ti_msp_dl_config.o (.rodata.gADC1ClockConfig)
                  000057a4    00000008     ti_msp_dl_config.o (.rodata.gPWM_GAINConfig)
                  000057ac    00000008     ti_msp_dl_config.o (.rodata.gPWM_LED_BConfig)
                  000057b4    00000008     ti_msp_dl_config.o (.rodata.gPWM_LED_RGConfig)
                  000057bc    00000003     ti_msp_dl_config.o (.rodata.gPWM_LED_RGClockConfig)
                  000057bf    00000002     ti_msp_dl_config.o (.rodata.gUART_2ClockConfig)
                  000057c1    0000000f     --HOLE-- [fill = 0]

.init_array 
*          0    00000000    00000000     UNINITIALIZED

.binit     0    00000000    00000000     

.bss       0    20200000    00001259     UNINITIALIZED
                  20200000    00000800     (.common:AMP_FINAL)
                  20200800    00000800     (.common:Phase)
                  20201000    00000100     UserUART.o (.bss.UART2_printf.buf)
                  20201100    00000078     (.common:gPWM_GAINBackup)
                  20201178    00000078     (.common:gPWM_LED_RGBackup)
                  202011f0    00000041     (.common:num_str)
                  20201231    00000001     (.common:gCheckADC)
                  20201232    00000002     (.common:gAdcResult)
                  20201234    00000004     (.common:amp_dc1)
                  20201238    00000004     (.common:amp_dc2)
                  2020123c    00000004     (.common:amp_measured1)
                  20201240    00000004     (.common:amp_measured2)
                  20201244    00000004     (.common:sampleCnt)
                  20201248    00000004     (.common:sum)
                  2020124c    00000004     (.common:v0)
                  20201250    00000004     (.common:v1)
                  20201254    00000004     (.common:v_final)
                  20201258    00000001     (.common:gCheckADC1)

.data      0    2020125c    00000110     UNINITIALIZED
                  2020125c    00000054     UserTask.o (.data.Sweep)
                  202012b0    00000040     UserUART.o (.data.RxData)
                  202012f0    00000020     UserTask.o (.data.SingleTone)
                  20201310    0000000a     BTN.o (.data.BTNTick)
                  2020131a    00000005     UserTask.o (.data.BTNData)
                  2020131f    00000001     Encoder.o (.data.ENCSWTick)
                  20201320    00000004     AD9959.o (.data.ACC_FRE_FACTOR)
                  20201324    00000004     UserADC.o (.data.Cnt)
                  20201328    00000004     Encoder.o (.data.ENCVal)
                  2020132c    00000004     UserTask.o (.data.SWFlag)
                  20201330    00000004     Tick.o (.data.Tick)
                  20201334    00000004     libc.a : aeabi_portable.c.obj (.data.__aeabi_errno)
                  20201338    00000004     UserUART.o (.data.data_of_test)
                  2020133c    00000004     UserTask.o (.data.fA_flag)
                  20201340    00000004     UserTask.o (.data.flag)
                  20201344    00000004     UserTask.o (.data.freq)
                  20201348    00000004     UserUART.o (.data.freq_end)
                  2020134c    00000004     UserUART.o (.data.freq_start)
                  20201350    00000004     UserUART.o (.data.freq_step)
                  20201354    00000004     UserUART.o (.data.pause_flag)
                  20201358    00000003     AD9959.o (.data.FR1_DATA)
                  2020135b    00000001     UserUART.o (.data.RxPos)
                  2020135c    00000002     UserTask.o (.data.RGBLEDTick)
                  2020135e    00000002     UserTask.o (.data.SweepTick)
                  20201360    00000002     UserTask.o (.data.UARTTick)
                  20201362    00000002     UserTask.o (.data.UIInfoTick)
                  20201364    00000002     UserTask.o (.data.UITick)
                  20201366    00000002     UserTask.o (.data.amp)
                  20201368    00000002     UserUART.o (.data.num_index)
                  2020136a    00000001     UserUART.o (.data.received_data)
                  2020136b    00000001     UserUART.o (.data.uart_flag)

.stack     0    20207e00    00000200     UNINITIALIZED
                  20207e00    00000004     libc.a : boot_cortex_m.c.obj (.stack)
                  20207e04    000001fc     --HOLE--

__llvm_prf_cnts 
*          0    20200000    00000000     UNINITIALIZED

__llvm_prf_bits 
*          0    20200000    00000000     UNINITIALIZED

MODULE SUMMARY

       Module                         code    ro data   rw data
       ------                         ----    -------   -------
    .\
       startup_mspm0g350x_ticlang.o   6       192       0      
       RFWBAmpCtrl_MSPM0G3507.o       22      0         0      
    +--+------------------------------+-------+---------+---------+
       Total:                         28      192       0      
                                                               
    .\User\
       UserADC.o                      916     0         4140   
       AD9959.o                       3012    0         7      
       UserTask.o                     1140    0         149    
       UI.o                           678     291       0      
       UserUART.o                     508     0         410    
       DDS.o                          218     0         0      
       Tick.o                         204     0         4      
       BTN.o                          172     0         10     
       Encoder.o                      112     0         5      
    +--+------------------------------+-------+---------+---------+
       Total:                         6960    291       4725   
                                                               
    .\syscfg\
       ti_msp_dl_config.o             1200    113       240    
    +--+------------------------------+-------+---------+---------+
       Total:                         1200    113       240    
                                                               
    C:/ti/mspm0_sdk_2_01_00_03/source/ti/driverlib/lib/ticlang/m0p/mspm0g1x0x_g3x0x/driverlib.a
       dl_timer.o                     744     0         0      
       dl_sysctl_mspm0g1x0x_g3x0x.o   456     0         0      
       dl_uart.o                      260     0         0      
       dl_adc12.o                     116     0         0      
       dl_common.o                    20      0         0      
    +--+------------------------------+-------+---------+---------+
       Total:                         1596    0         0      
                                                               
    C:\ti\ccs2020\ccs\tools\compiler\ti-cgt-armllvm_4.0.3.LTS\lib\armv6m-ti-none-eabi/c/libc.a
       _printfi.c.obj                 4510    34        0      
       strtod.c.obj                   968     200       0      
       s_atan.c.obj                   784     64        0      
       e_log10.c.obj                  752     0         0      
       e_sqrt.c.obj                   368     0         0      
       aeabi_ctype.S.obj              0       257       0      
       s_scalbn.c.obj                 216     0         0      
       memcpy16.S.obj                 154     0         0      
       copy_decompress_lzss.c.obj     124     0         0      
       memset16.S.obj                 98      0         0      
       s_frexp.c.obj                  92      0         0      
       _ltoa.c.obj                    88      0         0      
       vsprintf.c.obj                 78      0         0      
       atoi.c.obj                     64      0         0      
       autoinit.c.obj                 60      0         0      
       boot_cortex_m.c.obj            40      0         0      
       memccpy.c.obj                  34      0         0      
       copy_decompress_none.c.obj     18      0         0      
       copy_zero_init.c.obj           16      0         0      
       wcslen.c.obj                   16      0         0      
       aeabi_portable.c.obj           8       0         4      
       exit.c.obj                     6       0         0      
       pre_init.c.obj                 4       0         0      
    +--+------------------------------+-------+---------+---------+
       Total:                         8498    555       4      
                                                               
    C:\ti\ccs2020\ccs\tools\compiler\ti-cgt-armllvm_4.0.3.LTS\lib\armv6m-ti-none-eabi/c/libsysbm.a
       hostexit.c.obj                 4       0         0      
    +--+------------------------------+-------+---------+---------+
       Total:                         4       0         0      
                                                               
    C:\ti\ccs2020\ccs\tools\compiler\ti-cgt-armllvm_4.0.3.LTS\lib\armv6m-ti-none-eabi/libclang_rt.builtins.a
       adddf3.S.obj                   434     0         0      
       divdf3.S.obj                   268     0         0      
       muldf3.S.obj                   244     0         0      
       comparedf2.c.obj               220     0         0      
       addsf3.S.obj                   216     0         0      
       udivmoddi4.S.obj               162     0         0      
       mulsf3.S.obj                   140     0         0      
       divsf3.S.obj                   130     0         0      
       comparesf2.S.obj               118     0         0      
       truncdfsf2.S.obj               116     0         0      
       aeabi_dcmp.S.obj               114     0         0      
       aeabi_fcmp.S.obj               98      0         0      
       aeabi_idivmod.S.obj            86      0         0      
       fixdfsi.S.obj                  74      0         0      
       aeabi_uidivmod.S.obj           64      0         0      
       extendsfdf2.S.obj              64      0         0      
       floatsisf.S.obj                60      0         0      
       muldsi3.S.obj                  58      0         0      
       fixsfsi.S.obj                  56      0         0      
       fixunssfsi.S.obj               50      0         0      
       floatsidf.S.obj                44      0         0      
       floatunsisf.S.obj              40      0         0      
       muldi3.S.obj                   36      0         0      
       ashldi3.S.obj                  30      0         0      
       aeabi_memset.S.obj             26      0         0      
       aeabi_uldivmod.S.obj           20      0         0      
       aeabi_memcpy.S.obj             8       0         0      
       aeabi_div0.c.obj               4       0         0      
    +--+------------------------------+-------+---------+---------+
       Total:                         2980    0         0      
                                                               
       Stack:                         0       0         512    
       Linker Generated:              0       71        0      
    +--+------------------------------+-------+---------+---------+
       Grand Total:                   21266   1222      5481   


LINKER GENERATED COPY TABLES

__TI_cinit_table @ 00005808 records: 2, size/record: 8, table size: 16
	.data: load addr=000057d0, load size=00000023 bytes, run addr=2020125c, run size=00000110 bytes, compression=lzss
	.bss: load addr=00005800, load size=00000008 bytes, run addr=20200000, run size=00001259 bytes, compression=zero_init


LINKER GENERATED HANDLER TABLE

__TI_handler_table @ 000057f4 records: 3, size/record: 4, table size: 12
	index: 0, handler: __TI_decompress_lzss
	index: 1, handler: __TI_decompress_none
	index: 2, handler: __TI_zero_init


FAR CALL TRAMPOLINES

callee name               trampoline name
   callee addr  tramp addr   call addr  call info
--------------  -----------  ---------  ----------------
__aeabi_dsub              $Tramp$TT$L$PI$$__aeabi_dsub
   0000297d     00005334     00005330   libc.a : _printfi.c.obj (.text.OUTLINED_FUNCTION_0)
__aeabi_dmul              $Tramp$TT$L$PI$$__aeabi_dmul
   00003439     00005350     0000534c   libc.a : e_log10.c.obj (.text.OUTLINED_FUNCTION_0)
                             00005368          : s_atan.c.obj (.text.OUTLINED_FUNCTION_0)
                             000053b6          : s_atan.c.obj (.text.OUTLINED_FUNCTION_2)
                             000053cc          : e_log10.c.obj (.text.OUTLINED_FUNCTION_1)
__aeabi_dcmpeq            $Tramp$TT$L$PI$$__aeabi_dcmpeq
   00004369     000053a0     0000539c   libc.a : strtod.c.obj (.text.OUTLINED_FUNCTION_1)
__aeabi_dadd              $Tramp$TT$L$PI$$__aeabi_dadd
   00002987     000053d4     000053d2   libc.a : s_atan.c.obj (.text.OUTLINED_FUNCTION_1)

[4 trampolines]
[7 trampoline calls]


GLOBAL SYMBOLS: SORTED ALPHABETICALLY BY Name 

address   name                                 
-------   ----                                 
20201320  ACC_FRE_FACTOR                       
00005091  AD9959_IOUpdate                      
00000a91  AD9959_init                          
00004dc5  AD9959_setAmp                        
00004889  AD9959_setFreq                       
00004f91  AD9959_setPhase                      
00001375  AD9959_writeData                     
00001f7d  AD9959_writeDataSlow                 
00005151  ADC0_IRQHandler                      
0000516d  ADC1_IRQHandler                      
00002b0f  AES_IRQHandler                       
20200000  AMP_FINAL                            
2020131a  BTNData                              
20201310  BTNTick                              
00003871  BTN_getData                          
0000401c  C$$EXIT                              
00002b0f  CANFD0_IRQHandler                    
20201324  Cnt                                  
00002b0f  DAC0_IRQHandler                      
0000537f  DDS_init                             
00004fb7  DDS_initSweep                        
00005111  DDS_singleTone                       
00003c31  DDS_sweep                            
00005387  DDS_update                           
00004759  DL_ADC12_setClockConfig              
00005243  DL_Common_delayCycles                
0000334d  DL_SYSCTL_configSYSPLL               
000047a5  DL_SYSCTL_switchMCLKfromSYSOSCtoHSCLK
00003021  DL_Timer_initPWMMode                 
00004c31  DL_Timer_setCaptCompUpdateMethod     
00004c65  DL_Timer_setCaptureCompareAction     
00004a55  DL_Timer_setCaptureCompareCtl        
00004c99  DL_Timer_setCaptureCompareInput      
00004915  DL_Timer_setCaptureCompareOutCtl     
00004df5  DL_Timer_setCaptureCompareValue      
00004ccd  DL_Timer_setClockConfig              
000047f1  DL_UART_init                         
00004fdd  DL_UART_setClockConfig               
00004f19  DL_UART_transmitDataBlocking         
00002b0f  DMA_IRQHandler                       
00002b0f  Default_Handler                      
2020131f  ENCSWTick                            
20201328  ENCVal                               
000052b9  ENC_getIncVal                        
00005001  ENC_getSW                            
00005311  ENC_init                             
20201358  FR1_DATA                             
00002b0f  GROUP0_IRQHandler                    
00004d35  GROUP1_IRQHandler                    
0000401d  HOSTexit                             
00002b0f  HardFault_Handler                    
00002b0f  I2C0_IRQHandler                      
00002b0f  I2C1_IRQHandler                      
00002b0f  NMI_Handler                          
00002b0f  PendSV_Handler                       
20200800  Phase                                
2020135c  RGBLEDTick                           
00002b0f  RTC_IRQHandler                       
000053eb  Reset_Handler                        
202012b0  RxData                               
2020135b  RxPos                                
00002b0f  SPI0_IRQHandler                      
00002b0f  SPI1_IRQHandler                      
00002b0f  SVC_Handler                          
2020132c  SWFlag                               
00004955  SYSCFG_DL_ADC0_init                  
00004101  SYSCFG_DL_ADC1_init                  
0000391d  SYSCFG_DL_GPIO_init                  
00004491  SYSCFG_DL_PWM_GAIN_init              
000044ed  SYSCFG_DL_PWM_LED_B_init             
00003d3d  SYSCFG_DL_PWM_LED_RG_init            
00004549  SYSCFG_DL_SYSCTL_init                
00004d65  SYSCFG_DL_SYSTICK_init               
000042a1  SYSCFG_DL_UART_0_init                
00003f35  SYSCFG_DL_UART_2_init                
000048d1  SYSCFG_DL_init                       
00003e3d  SYSCFG_DL_initPower                  
202012f0  SingleTone                           
2020125c  Sweep                                
2020135e  SweepTick                            
000037a5  SysTick_Handler                      
00002b0f  TIMA0_IRQHandler                     
00002b0f  TIMA1_IRQHandler                     
00002b0f  TIMG0_IRQHandler                     
00002b0f  TIMG12_IRQHandler                    
00002b0f  TIMG6_IRQHandler                     
00002b0f  TIMG7_IRQHandler                     
00002b0f  TIMG8_IRQHandler                     
20201330  Tick                                 
00004a91  UART0_IRQHandler                     
00002b0f  UART1_IRQHandler                     
00002c81  UART2_IRQHandler                     
000051d1  UART2_init                           
00004305  UART2_printf                         
00002b0f  UART3_IRQHandler                     
20201360  UARTTick                             
20201362  UIInfoTick                           
20201364  UITick                               
00004095  UI_taskShow1                         
00003dbd  UI_taskShow2                         
000050f1  UI_taskShow3                         
000027e5  UI_taskShow4                         
00003a6b  UI_taskShow5                         
00005025  UserADC_init                         
00004169  UserTask_ADC                         
00001cad  UserTask_ADC1                        
0000351d  UserTask_ENC                         
00003131  UserTask_init                        
00002419  UserTask_loop                        
20208000  __STACK_END                          
00000200  __STACK_SIZE                         
00000000  __TI_ATRegion0_region_sz             
00000000  __TI_ATRegion0_src_addr              
00000000  __TI_ATRegion0_trg_addr              
00000000  __TI_ATRegion1_region_sz             
00000000  __TI_ATRegion1_src_addr              
00000000  __TI_ATRegion1_trg_addr              
00000000  __TI_ATRegion2_region_sz             
00000000  __TI_ATRegion2_src_addr              
00000000  __TI_ATRegion2_trg_addr              
00005808  __TI_CINIT_Base                      
00005818  __TI_CINIT_Limit                     
00005818  __TI_CINIT_Warm                      
000057f4  __TI_Handler_Table_Base              
00005800  __TI_Handler_Table_Limit             
00004b45  __TI_auto_init_nobinit_nopinit       
00003eb9  __TI_decompress_lzss                 
00005295  __TI_decompress_none                 
00004601  __TI_ltoa                            
ffffffff  __TI_pprof_out_hndl                  
000000c1  __TI_printfi                         
ffffffff  __TI_prof_data_size                  
ffffffff  __TI_prof_data_start                 
00000000  __TI_static_base__                   
000052d9  __TI_zero_init                       
00002987  __adddf3                             
000036d7  __addsf3                             
00005400  __aeabi_ctype_table_                 
00005400  __aeabi_ctype_table_C                
00004021  __aeabi_d2f                          
0000483d  __aeabi_d2iz                         
00002987  __aeabi_dadd                         
00004369  __aeabi_dcmpeq                       
000043a5  __aeabi_dcmpge                       
000043b9  __aeabi_dcmpgt                       
00004391  __aeabi_dcmple                       
0000437d  __aeabi_dcmplt                       
00003241  __aeabi_ddiv                         
00003439  __aeabi_dmul                         
0000297d  __aeabi_dsub                         
20201334  __aeabi_errno                        
000053b9  __aeabi_errno_addr                   
000049d5  __aeabi_f2d                          
00004bf9  __aeabi_f2iz                         
00004d01  __aeabi_f2uiz                        
000036d7  __aeabi_fadd                         
000043cd  __aeabi_fcmpeq                       
00004409  __aeabi_fcmpge                       
0000441d  __aeabi_fcmpgt                       
000043f5  __aeabi_fcmple                       
000043e1  __aeabi_fcmplt                       
00003cb9  __aeabi_fdiv                         
00003ba5  __aeabi_fmul                         
000036cd  __aeabi_fsub                         
00004e21  __aeabi_i2d                          
00004acd  __aeabi_i2f                          
000046b1  __aeabi_idiv                         
00003ba3  __aeabi_idiv0                        
000046b1  __aeabi_idivmod                      
00003d3b  __aeabi_ldiv0                        
00005131  __aeabi_llsl                         
00005049  __aeabi_lmul                         
0000531d  __aeabi_memclr                       
0000531d  __aeabi_memclr4                      
0000531d  __aeabi_memclr8                      
000053c1  __aeabi_memcpy                       
000053c1  __aeabi_memcpy4                      
000053c1  __aeabi_memcpy8                      
000052e9  __aeabi_memset                       
000052e9  __aeabi_memset4                      
000052e9  __aeabi_memset8                      
00004f41  __aeabi_ui2f                         
00004995  __aeabi_uidiv                        
00004995  __aeabi_uidivmod                     
0000526d  __aeabi_uldivmod                     
00005131  __ashldi3                            
ffffffff  __binit__                            
000041d1  __cmpdf2                             
00004b81  __cmpsf2                             
00003241  __divdf3                             
00003cb9  __divsf3                             
000041d1  __eqdf2                              
00004b81  __eqsf2                              
000049d5  __extendsfdf2                        
0000483d  __fixdfsi                            
00004bf9  __fixsfsi                            
00004d01  __fixunssfsi                         
00004e21  __floatsidf                          
00004acd  __floatsisf                          
00004f41  __floatunsisf                        
00003fa9  __gedf2                              
00004b09  __gesf2                              
00003fa9  __gtdf2                              
00004b09  __gtsf2                              
000041d1  __ledf2                              
00004b81  __lesf2                              
000041d1  __ltdf2                              
00004b81  __ltsf2                              
UNDEFED   __mpu_init                           
00003439  __muldf3                             
00005049  __muldi3                             
00004bbd  __muldsi3                            
00003ba5  __mulsf3                             
000041d1  __nedf2                              
00004b81  __nesf2                              
20207e00  __stack                              
20200000  __start___llvm_prf_bits              
20200000  __start___llvm_prf_cnts              
20200000  __stop___llvm_prf_bits               
20200000  __stop___llvm_prf_cnts               
0000297d  __subdf3                             
000036cd  __subsf3                             
00004021  __truncdfsf2                         
000039c9  __udivmoddi4                         
00004f69  _c_int00_noargs                      
UNDEFED   _system_post_cinit                   
000053ef  _system_pre_init                     
000053e5  abort                                
20201366  amp                                  
20201234  amp_dc1                              
20201238  amp_dc2                              
2020123c  amp_measured1                        
20201240  amp_measured2                        
000016d5  atan                                 
000016d5  atanl                                
00004a15  atoi                                 
ffffffff  binit                                
20201338  data_of_test                         
2020133c  fA_flag                              
20201340  flag                                 
20201344  freq                                 
20201348  freq_end                             
2020134c  freq_start                           
20201350  freq_step                            
000045a5  frexp                                
000045a5  frexpl                               
20201232  gAdcResult                           
20201231  gCheckADC                            
20201258  gCheckADC1                           
20201100  gPWM_GAINBackup                      
20201178  gPWM_LED_RGBackup                    
00003a6d  initSweepParam                       
00000000  interruptVectors                     
000035f5  ldexp                                
000035f5  ldexpl                               
000019cd  log10                                
000019cd  log10l                               
0000522d  main                                 
0000506d  memccpy                              
00003b09  memcpy                               
0000442f  memset                               
20201368  num_index                            
202011f0  num_str                              
20201354  pause_flag                           
2020136a  received_data                        
20201244  sampleCnt                            
000035f5  scalbn                               
000035f5  scalbnl                              
00002b11  sqrt                                 
00002b11  sqrtl                                
00000fbd  strtod                               
00000fbd  strtold                              
20201248  sum                                  
2020136b  uart_flag                            
2020124c  v0                                   
20201250  v1                                   
20201254  v_final                              
00004e4d  vsprintf                             
000052c9  wcslen                               


GLOBAL SYMBOLS: SORTED BY Symbol Address 

address   name                                 
-------   ----                                 
00000000  __TI_ATRegion0_region_sz             
00000000  __TI_ATRegion0_src_addr              
00000000  __TI_ATRegion0_trg_addr              
00000000  __TI_ATRegion1_region_sz             
00000000  __TI_ATRegion1_src_addr              
00000000  __TI_ATRegion1_trg_addr              
00000000  __TI_ATRegion2_region_sz             
00000000  __TI_ATRegion2_src_addr              
00000000  __TI_ATRegion2_trg_addr              
00000000  __TI_static_base__                   
00000000  interruptVectors                     
000000c1  __TI_printfi                         
00000200  __STACK_SIZE                         
00000a91  AD9959_init                          
00000fbd  strtod                               
00000fbd  strtold                              
00001375  AD9959_writeData                     
000016d5  atan                                 
000016d5  atanl                                
000019cd  log10                                
000019cd  log10l                               
00001cad  UserTask_ADC1                        
00001f7d  AD9959_writeDataSlow                 
00002419  UserTask_loop                        
000027e5  UI_taskShow4                         
0000297d  __aeabi_dsub                         
0000297d  __subdf3                             
00002987  __adddf3                             
00002987  __aeabi_dadd                         
00002b0f  AES_IRQHandler                       
00002b0f  CANFD0_IRQHandler                    
00002b0f  DAC0_IRQHandler                      
00002b0f  DMA_IRQHandler                       
00002b0f  Default_Handler                      
00002b0f  GROUP0_IRQHandler                    
00002b0f  HardFault_Handler                    
00002b0f  I2C0_IRQHandler                      
00002b0f  I2C1_IRQHandler                      
00002b0f  NMI_Handler                          
00002b0f  PendSV_Handler                       
00002b0f  RTC_IRQHandler                       
00002b0f  SPI0_IRQHandler                      
00002b0f  SPI1_IRQHandler                      
00002b0f  SVC_Handler                          
00002b0f  TIMA0_IRQHandler                     
00002b0f  TIMA1_IRQHandler                     
00002b0f  TIMG0_IRQHandler                     
00002b0f  TIMG12_IRQHandler                    
00002b0f  TIMG6_IRQHandler                     
00002b0f  TIMG7_IRQHandler                     
00002b0f  TIMG8_IRQHandler                     
00002b0f  UART1_IRQHandler                     
00002b0f  UART3_IRQHandler                     
00002b11  sqrt                                 
00002b11  sqrtl                                
00002c81  UART2_IRQHandler                     
00003021  DL_Timer_initPWMMode                 
00003131  UserTask_init                        
00003241  __aeabi_ddiv                         
00003241  __divdf3                             
0000334d  DL_SYSCTL_configSYSPLL               
00003439  __aeabi_dmul                         
00003439  __muldf3                             
0000351d  UserTask_ENC                         
000035f5  ldexp                                
000035f5  ldexpl                               
000035f5  scalbn                               
000035f5  scalbnl                              
000036cd  __aeabi_fsub                         
000036cd  __subsf3                             
000036d7  __addsf3                             
000036d7  __aeabi_fadd                         
000037a5  SysTick_Handler                      
00003871  BTN_getData                          
0000391d  SYSCFG_DL_GPIO_init                  
000039c9  __udivmoddi4                         
00003a6b  UI_taskShow5                         
00003a6d  initSweepParam                       
00003b09  memcpy                               
00003ba3  __aeabi_idiv0                        
00003ba5  __aeabi_fmul                         
00003ba5  __mulsf3                             
00003c31  DDS_sweep                            
00003cb9  __aeabi_fdiv                         
00003cb9  __divsf3                             
00003d3b  __aeabi_ldiv0                        
00003d3d  SYSCFG_DL_PWM_LED_RG_init            
00003dbd  UI_taskShow2                         
00003e3d  SYSCFG_DL_initPower                  
00003eb9  __TI_decompress_lzss                 
00003f35  SYSCFG_DL_UART_2_init                
00003fa9  __gedf2                              
00003fa9  __gtdf2                              
0000401c  C$$EXIT                              
0000401d  HOSTexit                             
00004021  __aeabi_d2f                          
00004021  __truncdfsf2                         
00004095  UI_taskShow1                         
00004101  SYSCFG_DL_ADC1_init                  
00004169  UserTask_ADC                         
000041d1  __cmpdf2                             
000041d1  __eqdf2                              
000041d1  __ledf2                              
000041d1  __ltdf2                              
000041d1  __nedf2                              
000042a1  SYSCFG_DL_UART_0_init                
00004305  UART2_printf                         
00004369  __aeabi_dcmpeq                       
0000437d  __aeabi_dcmplt                       
00004391  __aeabi_dcmple                       
000043a5  __aeabi_dcmpge                       
000043b9  __aeabi_dcmpgt                       
000043cd  __aeabi_fcmpeq                       
000043e1  __aeabi_fcmplt                       
000043f5  __aeabi_fcmple                       
00004409  __aeabi_fcmpge                       
0000441d  __aeabi_fcmpgt                       
0000442f  memset                               
00004491  SYSCFG_DL_PWM_GAIN_init              
000044ed  SYSCFG_DL_PWM_LED_B_init             
00004549  SYSCFG_DL_SYSCTL_init                
000045a5  frexp                                
000045a5  frexpl                               
00004601  __TI_ltoa                            
000046b1  __aeabi_idiv                         
000046b1  __aeabi_idivmod                      
00004759  DL_ADC12_setClockConfig              
000047a5  DL_SYSCTL_switchMCLKfromSYSOSCtoHSCLK
000047f1  DL_UART_init                         
0000483d  __aeabi_d2iz                         
0000483d  __fixdfsi                            
00004889  AD9959_setFreq                       
000048d1  SYSCFG_DL_init                       
00004915  DL_Timer_setCaptureCompareOutCtl     
00004955  SYSCFG_DL_ADC0_init                  
00004995  __aeabi_uidiv                        
00004995  __aeabi_uidivmod                     
000049d5  __aeabi_f2d                          
000049d5  __extendsfdf2                        
00004a15  atoi                                 
00004a55  DL_Timer_setCaptureCompareCtl        
00004a91  UART0_IRQHandler                     
00004acd  __aeabi_i2f                          
00004acd  __floatsisf                          
00004b09  __gesf2                              
00004b09  __gtsf2                              
00004b45  __TI_auto_init_nobinit_nopinit       
00004b81  __cmpsf2                             
00004b81  __eqsf2                              
00004b81  __lesf2                              
00004b81  __ltsf2                              
00004b81  __nesf2                              
00004bbd  __muldsi3                            
00004bf9  __aeabi_f2iz                         
00004bf9  __fixsfsi                            
00004c31  DL_Timer_setCaptCompUpdateMethod     
00004c65  DL_Timer_setCaptureCompareAction     
00004c99  DL_Timer_setCaptureCompareInput      
00004ccd  DL_Timer_setClockConfig              
00004d01  __aeabi_f2uiz                        
00004d01  __fixunssfsi                         
00004d35  GROUP1_IRQHandler                    
00004d65  SYSCFG_DL_SYSTICK_init               
00004dc5  AD9959_setAmp                        
00004df5  DL_Timer_setCaptureCompareValue      
00004e21  __aeabi_i2d                          
00004e21  __floatsidf                          
00004e4d  vsprintf                             
00004f19  DL_UART_transmitDataBlocking         
00004f41  __aeabi_ui2f                         
00004f41  __floatunsisf                        
00004f69  _c_int00_noargs                      
00004f91  AD9959_setPhase                      
00004fb7  DDS_initSweep                        
00004fdd  DL_UART_setClockConfig               
00005001  ENC_getSW                            
00005025  UserADC_init                         
00005049  __aeabi_lmul                         
00005049  __muldi3                             
0000506d  memccpy                              
00005091  AD9959_IOUpdate                      
000050f1  UI_taskShow3                         
00005111  DDS_singleTone                       
00005131  __aeabi_llsl                         
00005131  __ashldi3                            
00005151  ADC0_IRQHandler                      
0000516d  ADC1_IRQHandler                      
000051d1  UART2_init                           
0000522d  main                                 
00005243  DL_Common_delayCycles                
0000526d  __aeabi_uldivmod                     
00005295  __TI_decompress_none                 
000052b9  ENC_getIncVal                        
000052c9  wcslen                               
000052d9  __TI_zero_init                       
000052e9  __aeabi_memset                       
000052e9  __aeabi_memset4                      
000052e9  __aeabi_memset8                      
00005311  ENC_init                             
0000531d  __aeabi_memclr                       
0000531d  __aeabi_memclr4                      
0000531d  __aeabi_memclr8                      
0000537f  DDS_init                             
00005387  DDS_update                           
000053b9  __aeabi_errno_addr                   
000053c1  __aeabi_memcpy                       
000053c1  __aeabi_memcpy4                      
000053c1  __aeabi_memcpy8                      
000053e5  abort                                
000053eb  Reset_Handler                        
000053ef  _system_pre_init                     
00005400  __aeabi_ctype_table_                 
00005400  __aeabi_ctype_table_C                
000057f4  __TI_Handler_Table_Base              
00005800  __TI_Handler_Table_Limit             
00005808  __TI_CINIT_Base                      
00005818  __TI_CINIT_Limit                     
00005818  __TI_CINIT_Warm                      
20200000  AMP_FINAL                            
20200000  __start___llvm_prf_bits              
20200000  __start___llvm_prf_cnts              
20200000  __stop___llvm_prf_bits               
20200000  __stop___llvm_prf_cnts               
20200800  Phase                                
20201100  gPWM_GAINBackup                      
20201178  gPWM_LED_RGBackup                    
202011f0  num_str                              
20201231  gCheckADC                            
20201232  gAdcResult                           
20201234  amp_dc1                              
20201238  amp_dc2                              
2020123c  amp_measured1                        
20201240  amp_measured2                        
20201244  sampleCnt                            
20201248  sum                                  
2020124c  v0                                   
20201250  v1                                   
20201254  v_final                              
20201258  gCheckADC1                           
2020125c  Sweep                                
202012b0  RxData                               
202012f0  SingleTone                           
20201310  BTNTick                              
2020131a  BTNData                              
2020131f  ENCSWTick                            
20201320  ACC_FRE_FACTOR                       
20201324  Cnt                                  
20201328  ENCVal                               
2020132c  SWFlag                               
20201330  Tick                                 
20201334  __aeabi_errno                        
20201338  data_of_test                         
2020133c  fA_flag                              
20201340  flag                                 
20201344  freq                                 
20201348  freq_end                             
2020134c  freq_start                           
20201350  freq_step                            
20201354  pause_flag                           
20201358  FR1_DATA                             
2020135b  RxPos                                
2020135c  RGBLEDTick                           
2020135e  SweepTick                            
20201360  UARTTick                             
20201362  UIInfoTick                           
20201364  UITick                               
20201366  amp                                  
20201368  num_index                            
2020136a  received_data                        
2020136b  uart_flag                            
20207e00  __stack                              
20208000  __STACK_END                          
ffffffff  __TI_pprof_out_hndl                  
ffffffff  __TI_prof_data_size                  
ffffffff  __TI_prof_data_start                 
ffffffff  __binit__                            
ffffffff  binit                                
UNDEFED   __mpu_init                           
UNDEFED   _system_post_cinit                   

[279 symbols]
