******************************************************************************
            TI ARM Clang Linker PC v4.0.3                      
******************************************************************************
>> Linked Mon Jul 21 12:27:09 2025

OUTPUT FILE NAME:   <RFWBAmpCtrl_MSPM0G3507 copy 3.out>
ENTRY POINT SYMBOL: "_c_int00_noargs"  address: 000042bd


MEMORY CONFIGURATION

         name            origin    length      used     unused   attr    fill
----------------------  --------  ---------  --------  --------  ----  --------
  FLASH                 00000000   00020000  000049c8  0001b638  R  X
  SRAM                  20200000   00008000  0000056f  00007a91  RW X
  BCR_CONFIG            41c00000   00000080  00000000  00000080  R   
  BSL_CONFIG            41c00100   00000080  00000000  00000080  R   


SEGMENT ALLOCATION MAP

run origin  load origin   length   init length attrs members
----------  ----------- ---------- ----------- ----- -------
00000000    00000000    000049c8   000049c8    r-x
  00000000    00000000    000000c0   000000c0    r-- .intvecs
  000000c0    000000c0    000045f0   000045f0    r-x .text
  000046b0    000046b0    000002d0   000002d0    r-- .rodata
  00004980    00004980    00000048   00000048    r-- .cinit
20200000    20200000    00000372   00000000    rw-
  20200000    20200000    00000241   00000000    rw- .bss
  20200244    20200244    0000012e   00000000    rw- .data
20207e00    20207e00    00000200   00000000    rw-
  20207e00    20207e00    00000200   00000000    rw- .stack


SECTION ALLOCATION MAP

 output                                  attributes/
section   page    origin      length       input sections
--------  ----  ----------  ----------   ----------------
.intvecs   0    00000000    000000c0     
                  00000000    000000c0     startup_mspm0g350x_ticlang.o (.intvecs)

.text      0    000000c0    000045f0     
                  000000c0    000009d0     libc.a : _printfi.c.obj (.text:__TI_printfi)
                  00000a90    0000052c     AD9959.o (.text.AD9959_init)
                  00000fbc    000003b8     libc.a : strtod.c.obj (.text.strtod)
                  00001374    00000360     AD9959.o (.text.AD9959_writeData)
                  000016d4    0000027c     AD9959.o (.text.AD9959_writeDataSlow)
                  00001950    00000220     libc.a : _printfi.c.obj (.text._pconv_a)
                  00001b70    000001dc     UserTask.o (.text.UserTask_loop)
                  00001d4c    000001dc     libc.a : _printfi.c.obj (.text._pconv_g)
                  00001f28    00000192     libclang_rt.builtins.a : adddf3.S.obj (.text.adddf3_subdf3)
                  000020ba    00000002     startup_mspm0g350x_ticlang.o (.text.Default_Handler)
                  000020bc    0000013c     libc.a : _printfi.c.obj (.text.fcvt)
                  000021f8    00000120     UserTask.o (.text.UserTask_init)
                  00002318    00000120     libc.a : _printfi.c.obj (.text._pconv_e)
                  00002438    00000110     driverlib.a : dl_timer.o (.text.DL_Timer_initPWMMode)
                  00002548    0000010c     libclang_rt.builtins.a : divdf3.S.obj (.text.__divdf3)
                  00002654    00000104     UserUART.o (.text.UART2_IRQHandler)
                  00002758    000000ec     driverlib.a : dl_sysctl_mspm0g1x0x_g3x0x.o (.text.DL_SYSCTL_configSYSPLL)
                  00002844    000000e4     libclang_rt.builtins.a : muldf3.S.obj (.text.__muldf3)
                  00002928    000000d8     libc.a : s_scalbn.c.obj (.text.scalbn)
                  00002a00    000000d8     libclang_rt.builtins.a : addsf3.S.obj (.text)
                  00002ad8    000000cc     Tick.o (.text.SysTick_Handler)
                  00002ba4    000000ac     BTN.o (.text.BTN_getData)
                  00002c50    000000a8     ti_msp_dl_config.o (.text.SYSCFG_DL_GPIO_init)
                  00002cf8    000000a4     UserADC.o (.text.ADC0_IRQHandler)
                  00002d9c    000000a2     libclang_rt.builtins.a : udivmoddi4.S.obj (.text)
                  00002e3e    00000002                            : aeabi_div0.c.obj (.text.__aeabi_idiv0)
                  00002e40    0000009c     UserTask.o (.text.initSweepParam)
                  00002edc    0000009a     libc.a : memcpy16.S.obj (.text:memcpy)
                  00002f76    00000002     libclang_rt.builtins.a : aeabi_div0.c.obj (.text.__aeabi_ldiv0)
                  00002f78    0000008c                            : mulsf3.S.obj (.text.__mulsf3)
                  00003004    00000088     DDS.o (.text.DDS_sweep)
                  0000308c    00000082     libclang_rt.builtins.a : divsf3.S.obj (.text.__divsf3)
                  0000310e    00000002     --HOLE-- [fill = 0]
                  00003110    00000080     ti_msp_dl_config.o (.text.SYSCFG_DL_PWM_LED_RG_init)
                  00003190    0000007c     ti_msp_dl_config.o (.text.SYSCFG_DL_initPower)
                  0000320c    0000007c     libc.a : copy_decompress_lzss.c.obj (.text:decompress:lzss)
                  00003288    00000074     ti_msp_dl_config.o (.text.SYSCFG_DL_UART_2_init)
                  000032fc    00000074     libclang_rt.builtins.a : comparedf2.c.obj (.text.__gedf2)
                  00003370    00000074                            : truncdfsf2.S.obj (.text.__truncdfsf2)
                  000033e4    0000006c     UI.o (.text.UI_taskShow1)
                  00003450    00000068     ti_msp_dl_config.o (.text.SYSCFG_DL_ADC0_init)
                  000034b8    00000068     libclang_rt.builtins.a : comparedf2.c.obj (.text.__ledf2)
                  00003520    00000066     libc.a : _printfi.c.obj (.text._mcpy)
                  00003586    00000002     --HOLE-- [fill = 0]
                  00003588    00000064     UserADC.o (.text.ADC1_IRQHandler)
                  000035ec    00000064     ti_msp_dl_config.o (.text.SYSCFG_DL_UART_0_init)
                  00003650    00000064     UserUART.o (.text.UART2_printf)
                  000036b4    00000062     libclang_rt.builtins.a : aeabi_dcmp.S.obj (.text.__aeabi_dcmp)
                  00003716    00000002     --HOLE-- [fill = 0]
                  00003718    00000062                            : aeabi_fcmp.S.obj (.text.__aeabi_fcmp)
                  0000377a    00000062     libc.a : memset16.S.obj (.text:memset)
                  000037dc    0000005c     ti_msp_dl_config.o (.text.SYSCFG_DL_PWM_GAIN_init)
                  00003838    0000005c     ti_msp_dl_config.o (.text.SYSCFG_DL_PWM_LED_B_init)
                  00003894    0000005c     ti_msp_dl_config.o (.text.SYSCFG_DL_SYSCTL_init)
                  000038f0    0000005c     libc.a : s_frexp.c.obj (.text.frexp)
                  0000394c    00000058            : _ltoa.c.obj (.text.__TI_ltoa)
                  000039a4    00000058            : _printfi.c.obj (.text._pconv_f)
                  000039fc    00000056     libclang_rt.builtins.a : aeabi_idivmod.S.obj (.text.__aeabi_idivmod)
                  00003a52    00000052     libc.a : _printfi.c.obj (.text._ecpy)
                  00003aa4    0000004c     driverlib.a : dl_adc12.o (.text.DL_ADC12_setClockConfig)
                  00003af0    0000004c                 : dl_sysctl_mspm0g1x0x_g3x0x.o (.text.DL_SYSCTL_switchMCLKfromSYSOSCtoHSCLK)
                  00003b3c    0000004c                 : dl_uart.o (.text.DL_UART_init)
                  00003b88    0000004a     libclang_rt.builtins.a : fixdfsi.S.obj (.text.__fixdfsi)
                  00003bd2    00000002     --HOLE-- [fill = 0]
                  00003bd4    00000048     AD9959.o (.text.AD9959_setFreq)
                  00003c1c    00000048     ti_msp_dl_config.o (.text.SYSCFG_DL_ADC1_init)
                  00003c64    00000044     ti_msp_dl_config.o (.text.SYSCFG_DL_init)
                  00003ca8    00000040     driverlib.a : dl_timer.o (.text.DL_Timer_setCaptureCompareOutCtl)
                  00003ce8    00000040     libclang_rt.builtins.a : aeabi_uidivmod.S.obj (.text.__aeabi_uidivmod)
                  00003d28    00000040                            : extendsfdf2.S.obj (.text.__extendsfdf2)
                  00003d68    00000040     libc.a : atoi.c.obj (.text.atoi)
                  00003da8    0000003c     driverlib.a : dl_timer.o (.text.DL_Timer_setCaptureCompareCtl)
                  00003de4    0000003c     UserUART.o (.text.UART0_IRQHandler)
                  00003e20    0000003c     libclang_rt.builtins.a : floatsisf.S.obj (.text.__floatsisf)
                  00003e5c    0000003c                            : comparesf2.S.obj (.text.__gtsf2)
                  00003e98    0000003c     libc.a : autoinit.c.obj (.text:__TI_auto_init_nobinit_nopinit)
                  00003ed4    0000003a     libclang_rt.builtins.a : comparesf2.S.obj (.text.__eqsf2)
                  00003f0e    00000002     --HOLE-- [fill = 0]
                  00003f10    0000003a                            : muldsi3.S.obj (.text.__muldsi3)
                  00003f4a    00000002     --HOLE-- [fill = 0]
                  00003f4c    00000038                            : fixsfsi.S.obj (.text.__fixsfsi)
                  00003f84    00000034     driverlib.a : dl_timer.o (.text.DL_Timer_setCaptCompUpdateMethod)
                  00003fb8    00000034                 : dl_timer.o (.text.DL_Timer_setCaptureCompareAction)
                  00003fec    00000034                 : dl_timer.o (.text.DL_Timer_setCaptureCompareInput)
                  00004020    00000034                 : dl_timer.o (.text.DL_Timer_setClockConfig)
                  00004054    00000032     libclang_rt.builtins.a : fixunssfsi.S.obj (.text.__fixunssfsi)
                  00004086    00000002     --HOLE-- [fill = 0]
                  00004088    00000030     Encoder.o (.text.GROUP1_IRQHandler)
                  000040b8    00000030     ti_msp_dl_config.o (.text.SYSCFG_DL_SYSTICK_init)
                  000040e8    00000030     libc.a : _printfi.c.obj (.text._fcpy)
                  00004118    0000002e     AD9959.o (.text.AD9959_setAmp)
                  00004146    00000002     --HOLE-- [fill = 0]
                  00004148    0000002c     driverlib.a : dl_timer.o (.text.DL_Timer_setCaptureCompareValue)
                  00004174    0000002c     libclang_rt.builtins.a : floatsidf.S.obj (.text.__floatsidf)
                  000041a0    0000002c     libc.a : vsprintf.c.obj (.text.vsprintf)
                  000041cc    00000028     driverlib.a : dl_adc12.o (.text.DL_Common_updateReg)
                  000041f4    00000028                 : dl_sysctl_mspm0g1x0x_g3x0x.o (.text.DL_Common_updateReg)
                  0000421c    00000028                 : dl_timer.o (.text.DL_Common_updateReg)
                  00004244    00000028                 : dl_uart.o (.text.DL_Common_updateReg)
                  0000426c    00000028                 : dl_uart.o (.text.DL_UART_transmitDataBlocking)
                  00004294    00000028     UI.o (.text.UI_taskShow2)
                  000042bc    00000028     libc.a : boot_cortex_m.c.obj (.text:_c_int00_noargs)
                  000042e4    00000026     AD9959.o (.text.AD9959_setPhase)
                  0000430a    00000024     DDS.o (.text.DDS_initSweep)
                  0000432e    00000002     --HOLE-- [fill = 0]
                  00004330    00000024     driverlib.a : dl_uart.o (.text.DL_UART_setClockConfig)
                  00004354    00000024     Encoder.o (.text.ENC_getSW)
                  00004378    00000024     libclang_rt.builtins.a : muldi3.S.obj (.text.__muldi3)
                  0000439c    00000022     libc.a : memccpy.c.obj (.text.memccpy)
                  000043be    00000002     --HOLE-- [fill = 0]
                  000043c0    00000020     AD9959.o (.text.AD9959_IOUpdate)
                  000043e0    00000020     driverlib.a : dl_sysctl_mspm0g1x0x_g3x0x.o (.text.DL_CORE_configInstruction)
                  00004400    00000020                 : dl_timer.o (.text.DL_Timer_setCounterValueAfterEnable)
                  00004420    00000020     Tick.o (.text.Tick_delay)
                  00004440    0000001e     DDS.o (.text.DDS_singleTone)
                  0000445e    00000002     --HOLE-- [fill = 0]
                  00004460    0000001e     libclang_rt.builtins.a : ashldi3.S.obj (.text.__ashldi3)
                  0000447e    00000002     --HOLE-- [fill = 0]
                  00004480    00000018     driverlib.a : dl_sysctl_mspm0g1x0x_g3x0x.o (.text.DL_SYSCTL_setHSCLKSource)
                  00004498    00000018                 : dl_timer.o (.text.DL_Timer_setLoadValue)
                  000044b0    00000018                 : dl_uart.o (.text.DL_UART_isTXFIFOFull)
                  000044c8    00000018     UserUART.o (.text.UART2_init)
                  000044e0    00000018     libc.a : vsprintf.c.obj (.text._outs)
                  000044f8    00000016     driverlib.a : dl_uart.o (.text.DL_UART_disable)
                  0000450e    00000016                 : dl_uart.o (.text.DL_UART_transmitData)
                  00004524    00000016     RFWBAmpCtrl_MSPM0G3507.o (.text.main)
                  0000453a    00000016     libc.a : copy_zero_init.c.obj (.text:decompress:ZI:__TI_zero_init_nomemset)
                  00004550    00000014     driverlib.a : dl_common.o (.text.DL_Common_delayCycles)
                  00004564    00000014                 : dl_sysctl_mspm0g1x0x_g3x0x.o (.text.DL_SYSCTL_disableSYSPLL)
                  00004578    00000014     libclang_rt.builtins.a : aeabi_uldivmod.S.obj (.text.__aeabi_uldivmod)
                  0000458c    00000014     libc.a : _printfi.c.obj (.text.strchr)
                  000045a0    00000012            : copy_decompress_none.c.obj (.text:decompress:none)
                  000045b2    00000002     --HOLE-- [fill = 0]
                  000045b4    00000010     driverlib.a : dl_sysctl_mspm0g1x0x_g3x0x.o (.text.DL_CORE_getInstructionConfig)
                  000045c4    00000010     Encoder.o (.text.ENC_getIncVal)
                  000045d4    00000010     libc.a : wcslen.c.obj (.text.wcslen)
                  000045e4    0000000e     libclang_rt.builtins.a : aeabi_memset.S.obj (.text.__aeabi_memset)
                  000045f2    0000000e     libc.a : _printfi.c.obj (.text.strlen)
                  00004600    0000000c     driverlib.a : dl_sysctl_mspm0g1x0x_g3x0x.o (.text.DL_SYSCTL_getClockStatus)
                  0000460c    0000000c     Encoder.o (.text.ENC_init)
                  00004618    0000000c     libclang_rt.builtins.a : aeabi_memset.S.obj (.text.__aeabi_memclr)
                  00004624    0000000a     libc.a : _printfi.c.obj (.text.OUTLINED_FUNCTION_0)
                  0000462e    00000002     --HOLE-- [fill = 0]
                  00004630    00000010     libclang_rt.builtins.a : adddf3.S.obj (.tramp.__aeabi_dsub.1)
                  00004640    0000000a     libc.a : _printfi.c.obj (.text.OUTLINED_FUNCTION_1)
                  0000464a    0000000a            : vsprintf.c.obj (.text._outc)
                  00004654    00000008     DDS.o (.text.DDS_init)
                  0000465c    00000008     DDS.o (.text.DDS_update)
                  00004664    00000008     libc.a : strtod.c.obj (.text.OUTLINED_FUNCTION_0)
                  0000466c    00000008            : strtod.c.obj (.text.OUTLINED_FUNCTION_1)
                  00004674    00000010     libclang_rt.builtins.a : aeabi_dcmp.S.obj (.tramp.__aeabi_dcmpeq.1)
                  00004684    00000008     libc.a : aeabi_portable.c.obj (.text.__aeabi_errno_addr)
                  0000468c    00000008     libclang_rt.builtins.a : aeabi_memcpy.S.obj (.text.__aeabi_memcpy)
                  00004694    00000006     libc.a : exit.c.obj (.text:abort)
                  0000469a    00000004     libsysbm.a : hostexit.c.obj (.text.HOSTexit)
                  0000469e    00000004     startup_mspm0g350x_ticlang.o (.text.Reset_Handler)
                  000046a2    00000004     libc.a : pre_init.c.obj (.text._system_pre_init)
                  000046a6    0000000a     --HOLE-- [fill = 0]

.cinit     0    00004980    00000048     
                  00004980    00000023     (.cinit..data.load) [load image, compression = lzss]
                  000049a3    00000001     --HOLE-- [fill = 0]
                  000049a4    0000000c     (__TI_handler_table)
                  000049b0    00000008     (.cinit..bss.load) [load image, compression = zero_init]
                  000049b8    00000010     (__TI_cinit_table)

.rodata    0    000046b0    000002d0     
                  000046b0    00000101     libc.a : aeabi_ctype.S.obj (.rodata:__aeabi_ctype_table_)
                  000047b1    00000003     ti_msp_dl_config.o (.rodata.gPWM_GAINClockConfig)
                  000047b4    00000003     ti_msp_dl_config.o (.rodata.gPWM_LED_BClockConfig)
                  000047b7    00000001     --HOLE-- [fill = 0]
                  000047b8    00000080     libc.a : strtod.c.obj (.rodata.digits)
                  00004838    00000048            : strtod.c.obj (.rodata.powerof10)
                  00004880    00000028     ti_msp_dl_config.o (.rodata.gSYSPLLConfig)
                  000048a8    00000017     UI.o (.rodata.str1.14263818253972278985.1)
                  000048bf    00000017     UI.o (.rodata.str1.15396916481306098269.1)
                  000048d6    00000017     UI.o (.rodata.str1.4349108717920039285.1)
                  000048ed    00000017     UI.o (.rodata.str1.8694246129754233436.1)
                  00004904    00000016     UI.o (.rodata.str1.7482375933448357494.1)
                  0000491a    00000011     libc.a : _printfi.c.obj (.rodata.str1.10348868589481759720.1)
                  0000492b    00000011            : _printfi.c.obj (.rodata.str1.15363888844622738466.1)
                  0000493c    0000000a     ti_msp_dl_config.o (.rodata.gUART_0Config)
                  00004946    0000000a     ti_msp_dl_config.o (.rodata.gUART_2Config)
                  00004950    00000008     ti_msp_dl_config.o (.rodata.gADC0ClockConfig)
                  00004958    00000008     ti_msp_dl_config.o (.rodata.gADC1ClockConfig)
                  00004960    00000008     ti_msp_dl_config.o (.rodata.gPWM_GAINConfig)
                  00004968    00000008     ti_msp_dl_config.o (.rodata.gPWM_LED_BConfig)
                  00004970    00000008     ti_msp_dl_config.o (.rodata.gPWM_LED_RGConfig)
                  00004978    00000003     ti_msp_dl_config.o (.rodata.gPWM_LED_RGClockConfig)
                  0000497b    00000002     ti_msp_dl_config.o (.rodata.gUART_0ClockConfig)
                  0000497d    00000002     ti_msp_dl_config.o (.rodata.gUART_2ClockConfig)
                  0000497f    00000001     --HOLE-- [fill = 0]

.init_array 
*          0    00000000    00000000     UNINITIALIZED

.binit     0    00000000    00000000     

.bss       0    20200000    00000241     UNINITIALIZED
                  20200000    00000100     UserUART.o (.bss.UART2_printf.buf)
                  20200100    00000078     (.common:gPWM_GAINBackup)
                  20200178    00000078     (.common:gPWM_LED_RGBackup)
                  202001f0    00000041     (.common:num_str)
                  20200231    00000001     UserADC.o (.bss.ADC0DataValid)
                  20200232    00000001     UserADC.o (.bss.ADC1DataValid)
                  20200233    00000001     UserADC.o (.bss.bufIdx)
                  20200234    00000004     UserADC.o (.bss.sum0)
                  20200238    00000004     UserADC.o (.bss.sum1)
                  2020023c    00000004     UserADC.o (.bss.sum2)
                  20200240    00000001     UserADC.o (.bss.sampleCnt)

.data      0    20200244    0000012e     UNINITIALIZED
                  20200244    00000054     UserTask.o (.data.Sweep)
                  20200298    00000040     UserUART.o (.data.RxData)
                  202002d8    00000020     UserTask.o (.data.SingleTone)
                  202002f8    00000014     UserADC.o (.data.ADC_recieve0)
                  2020030c    00000014     UserADC.o (.data.ADC_recieve1)
                  20200320    0000000a     BTN.o (.data.BTNTick)
                  2020032a    00000005     UserTask.o (.data.BTNData)
                  2020032f    00000001     Encoder.o (.data.ENCSWTick)
                  20200330    00000004     AD9959.o (.data.ACC_FRE_FACTOR)
                  20200334    00000004     Encoder.o (.data.ENCVal)
                  20200338    00000004     UserTask.o (.data.SWFlag)
                  2020033c    00000004     Tick.o (.data.Tick)
                  20200340    00000004     libc.a : aeabi_portable.c.obj (.data.__aeabi_errno)
                  20200344    00000004     UserUART.o (.data.data_of_test)
                  20200348    00000004     UserTask.o (.data.flag)
                  2020034c    00000004     UserTask.o (.data.freq)
                  20200350    00000004     UserUART.o (.data.freq_end)
                  20200354    00000004     UserUART.o (.data.freq_start)
                  20200358    00000004     UserUART.o (.data.freq_step)
                  2020035c    00000003     AD9959.o (.data.FR1_DATA)
                  2020035f    00000001     UserUART.o (.data.RxPos)
                  20200360    00000002     UserADC.o (.data.ADC_recieve2)
                  20200362    00000002     UserTask.o (.data.RGBLEDTick)
                  20200364    00000002     UserTask.o (.data.SweepTick)
                  20200366    00000002     UserTask.o (.data.UARTTick)
                  20200368    00000002     UserTask.o (.data.UIInfoTick)
                  2020036a    00000002     UserTask.o (.data.UITick)
                  2020036c    00000002     UserTask.o (.data.amp)
                  2020036e    00000002     UserUART.o (.data.num_index)
                  20200370    00000001     UserUART.o (.data.received_data)
                  20200371    00000001     UserUART.o (.data.uart_flag)

.stack     0    20207e00    00000200     UNINITIALIZED
                  20207e00    00000004     libc.a : boot_cortex_m.c.obj (.stack)
                  20207e04    000001fc     --HOLE--

__llvm_prf_cnts 
*          0    20200000    00000000     UNINITIALIZED

__llvm_prf_bits 
*          0    20200000    00000000     UNINITIALIZED

MODULE SUMMARY

       Module                         code    ro data   rw data
       ------                         ----    -------   -------
    .\
       startup_mspm0g350x_ticlang.o   6       192       0      
       RFWBAmpCtrl_MSPM0G3507.o       22      0         0      
    +--+------------------------------+-------+---------+---------+
       Total:                         28      192       0      
                                                               
    .\User\
       AD9959.o                       3012    0         7      
       UserTask.o                     920     0         145    
       UserUART.o                     444     0         406    
       UserADC.o                      264     0         58     
       UI.o                           148     114       0      
       Tick.o                         236     0         4      
       DDS.o                          218     0         0      
       BTN.o                          172     0         10     
       Encoder.o                      112     0         5      
    +--+------------------------------+-------+---------+---------+
       Total:                         5526    114       635    
                                                               
    .\syscfg\
       ti_msp_dl_config.o             1204    113       240    
    +--+------------------------------+-------+---------+---------+
       Total:                         1204    113       240    
                                                               
    C:/ti/mspm0_sdk_2_01_00_03/source/ti/driverlib/lib/ticlang/m0p/mspm0g1x0x_g3x0x/driverlib.a
       dl_timer.o                     744     0         0      
       dl_sysctl_mspm0g1x0x_g3x0x.o   456     0         0      
       dl_uart.o                      260     0         0      
       dl_adc12.o                     116     0         0      
       dl_common.o                    20      0         0      
    +--+------------------------------+-------+---------+---------+
       Total:                         1596    0         0      
                                                               
    C:\ti\ccs2020\ccs\tools\compiler\ti-cgt-armllvm_4.0.3.LTS\lib\armv6m-ti-none-eabi/c/libc.a
       _printfi.c.obj                 4510    34        0      
       strtod.c.obj                   968     200       0      
       aeabi_ctype.S.obj              0       257       0      
       s_scalbn.c.obj                 216     0         0      
       memcpy16.S.obj                 154     0         0      
       copy_decompress_lzss.c.obj     124     0         0      
       memset16.S.obj                 98      0         0      
       s_frexp.c.obj                  92      0         0      
       _ltoa.c.obj                    88      0         0      
       vsprintf.c.obj                 78      0         0      
       atoi.c.obj                     64      0         0      
       autoinit.c.obj                 60      0         0      
       boot_cortex_m.c.obj            40      0         0      
       memccpy.c.obj                  34      0         0      
       copy_zero_init.c.obj           22      0         0      
       copy_decompress_none.c.obj     18      0         0      
       wcslen.c.obj                   16      0         0      
       aeabi_portable.c.obj           8       0         4      
       exit.c.obj                     6       0         0      
       pre_init.c.obj                 4       0         0      
    +--+------------------------------+-------+---------+---------+
       Total:                         6600    491       4      
                                                               
    C:\ti\ccs2020\ccs\tools\compiler\ti-cgt-armllvm_4.0.3.LTS\lib\armv6m-ti-none-eabi/c/libsysbm.a
       hostexit.c.obj                 4       0         0      
    +--+------------------------------+-------+---------+---------+
       Total:                         4       0         0      
                                                               
    C:\ti\ccs2020\ccs\tools\compiler\ti-cgt-armllvm_4.0.3.LTS\lib\armv6m-ti-none-eabi/libclang_rt.builtins.a
       adddf3.S.obj                   418     0         0      
       divdf3.S.obj                   268     0         0      
       muldf3.S.obj                   228     0         0      
       comparedf2.c.obj               220     0         0      
       addsf3.S.obj                   216     0         0      
       udivmoddi4.S.obj               162     0         0      
       mulsf3.S.obj                   140     0         0      
       divsf3.S.obj                   130     0         0      
       comparesf2.S.obj               118     0         0      
       truncdfsf2.S.obj               116     0         0      
       aeabi_dcmp.S.obj               114     0         0      
       aeabi_fcmp.S.obj               98      0         0      
       aeabi_idivmod.S.obj            86      0         0      
       fixdfsi.S.obj                  74      0         0      
       aeabi_uidivmod.S.obj           64      0         0      
       extendsfdf2.S.obj              64      0         0      
       floatsisf.S.obj                60      0         0      
       muldsi3.S.obj                  58      0         0      
       fixsfsi.S.obj                  56      0         0      
       fixunssfsi.S.obj               50      0         0      
       floatsidf.S.obj                44      0         0      
       muldi3.S.obj                   36      0         0      
       ashldi3.S.obj                  30      0         0      
       aeabi_memset.S.obj             26      0         0      
       aeabi_uldivmod.S.obj           20      0         0      
       aeabi_memcpy.S.obj             8       0         0      
       aeabi_div0.c.obj               4       0         0      
    +--+------------------------------+-------+---------+---------+
       Total:                         2908    0         0      
                                                               
       Stack:                         0       0         512    
       Linker Generated:              0       71        0      
    +--+------------------------------+-------+---------+---------+
       Grand Total:                   17866   981       1391   


LINKER GENERATED COPY TABLES

__TI_cinit_table @ 000049b8 records: 2, size/record: 8, table size: 16
	.data: load addr=00004980, load size=00000023 bytes, run addr=20200244, run size=0000012e bytes, compression=lzss
	.bss: load addr=000049b0, load size=00000008 bytes, run addr=20200000, run size=00000241 bytes, compression=zero_init


LINKER GENERATED HANDLER TABLE

__TI_handler_table @ 000049a4 records: 3, size/record: 4, table size: 12
	index: 0, handler: __TI_decompress_lzss
	index: 1, handler: __TI_decompress_none
	index: 2, handler: __TI_zero_init


FAR CALL TRAMPOLINES

callee name               trampoline name
   callee addr  tramp addr   call addr  call info
--------------  -----------  ---------  ----------------
__aeabi_dsub              $Tramp$TT$L$PI$$__aeabi_dsub
   00001f29     00004630     0000462c   libc.a : _printfi.c.obj (.text.OUTLINED_FUNCTION_0)
__aeabi_dcmpeq            $Tramp$TT$L$PI$$__aeabi_dcmpeq
   000036b5     00004674     00004672   libc.a : strtod.c.obj (.text.OUTLINED_FUNCTION_1)

[2 trampolines]
[2 trampoline calls]


GLOBAL SYMBOLS: SORTED ALPHABETICALLY BY Name 

address   name                                 
-------   ----                                 
20200330  ACC_FRE_FACTOR                       
000043c1  AD9959_IOUpdate                      
00000a91  AD9959_init                          
00004119  AD9959_setAmp                        
00003bd5  AD9959_setFreq                       
000042e5  AD9959_setPhase                      
00001375  AD9959_writeData                     
000016d5  AD9959_writeDataSlow                 
00002cf9  ADC0_IRQHandler                      
00003589  ADC1_IRQHandler                      
202002f8  ADC_recieve0                         
2020030c  ADC_recieve1                         
20200360  ADC_recieve2                         
000020bb  AES_IRQHandler                       
2020032a  BTNData                              
20200320  BTNTick                              
00002ba5  BTN_getData                          
0000469a  C$$EXIT                              
000020bb  CANFD0_IRQHandler                    
000020bb  DAC0_IRQHandler                      
00004655  DDS_init                             
0000430b  DDS_initSweep                        
00004441  DDS_singleTone                       
00003005  DDS_sweep                            
0000465d  DDS_update                           
00003aa5  DL_ADC12_setClockConfig              
00004551  DL_Common_delayCycles                
00002759  DL_SYSCTL_configSYSPLL               
00003af1  DL_SYSCTL_switchMCLKfromSYSOSCtoHSCLK
00002439  DL_Timer_initPWMMode                 
00003f85  DL_Timer_setCaptCompUpdateMethod     
00003fb9  DL_Timer_setCaptureCompareAction     
00003da9  DL_Timer_setCaptureCompareCtl        
00003fed  DL_Timer_setCaptureCompareInput      
00003ca9  DL_Timer_setCaptureCompareOutCtl     
00004149  DL_Timer_setCaptureCompareValue      
00004021  DL_Timer_setClockConfig              
00003b3d  DL_UART_init                         
00004331  DL_UART_setClockConfig               
0000426d  DL_UART_transmitDataBlocking         
000020bb  DMA_IRQHandler                       
000020bb  Default_Handler                      
2020032f  ENCSWTick                            
20200334  ENCVal                               
000045c5  ENC_getIncVal                        
00004355  ENC_getSW                            
0000460d  ENC_init                             
2020035c  FR1_DATA                             
000020bb  GROUP0_IRQHandler                    
00004089  GROUP1_IRQHandler                    
0000469b  HOSTexit                             
000020bb  HardFault_Handler                    
000020bb  I2C0_IRQHandler                      
000020bb  I2C1_IRQHandler                      
000020bb  NMI_Handler                          
000020bb  PendSV_Handler                       
20200362  RGBLEDTick                           
000020bb  RTC_IRQHandler                       
0000469f  Reset_Handler                        
20200298  RxData                               
2020035f  RxPos                                
000020bb  SPI0_IRQHandler                      
000020bb  SPI1_IRQHandler                      
000020bb  SVC_Handler                          
20200338  SWFlag                               
00003451  SYSCFG_DL_ADC0_init                  
00003c1d  SYSCFG_DL_ADC1_init                  
00002c51  SYSCFG_DL_GPIO_init                  
000037dd  SYSCFG_DL_PWM_GAIN_init              
00003839  SYSCFG_DL_PWM_LED_B_init             
00003111  SYSCFG_DL_PWM_LED_RG_init            
00003895  SYSCFG_DL_SYSCTL_init                
000040b9  SYSCFG_DL_SYSTICK_init               
000035ed  SYSCFG_DL_UART_0_init                
00003289  SYSCFG_DL_UART_2_init                
00003c65  SYSCFG_DL_init                       
00003191  SYSCFG_DL_initPower                  
202002d8  SingleTone                           
20200244  Sweep                                
20200364  SweepTick                            
00002ad9  SysTick_Handler                      
000020bb  TIMA0_IRQHandler                     
000020bb  TIMA1_IRQHandler                     
000020bb  TIMG0_IRQHandler                     
000020bb  TIMG12_IRQHandler                    
000020bb  TIMG6_IRQHandler                     
000020bb  TIMG7_IRQHandler                     
000020bb  TIMG8_IRQHandler                     
2020033c  Tick                                 
00004421  Tick_delay                           
00003de5  UART0_IRQHandler                     
000020bb  UART1_IRQHandler                     
00002655  UART2_IRQHandler                     
000044c9  UART2_init                           
00003651  UART2_printf                         
000020bb  UART3_IRQHandler                     
20200366  UARTTick                             
20200368  UIInfoTick                           
2020036a  UITick                               
000033e5  UI_taskShow1                         
00004295  UI_taskShow2                         
000021f9  UserTask_init                        
00001b71  UserTask_loop                        
20208000  __STACK_END                          
00000200  __STACK_SIZE                         
00000000  __TI_ATRegion0_region_sz             
00000000  __TI_ATRegion0_src_addr              
00000000  __TI_ATRegion0_trg_addr              
00000000  __TI_ATRegion1_region_sz             
00000000  __TI_ATRegion1_src_addr              
00000000  __TI_ATRegion1_trg_addr              
00000000  __TI_ATRegion2_region_sz             
00000000  __TI_ATRegion2_src_addr              
00000000  __TI_ATRegion2_trg_addr              
000049b8  __TI_CINIT_Base                      
000049c8  __TI_CINIT_Limit                     
000049c8  __TI_CINIT_Warm                      
000049a4  __TI_Handler_Table_Base              
000049b0  __TI_Handler_Table_Limit             
00003e99  __TI_auto_init_nobinit_nopinit       
0000320d  __TI_decompress_lzss                 
000045a1  __TI_decompress_none                 
0000394d  __TI_ltoa                            
ffffffff  __TI_pprof_out_hndl                  
000000c1  __TI_printfi                         
ffffffff  __TI_prof_data_size                  
ffffffff  __TI_prof_data_start                 
00000000  __TI_static_base__                   
0000453b  __TI_zero_init_nomemset              
00001f33  __adddf3                             
00002a0b  __addsf3                             
000046b0  __aeabi_ctype_table_                 
000046b0  __aeabi_ctype_table_C                
00003371  __aeabi_d2f                          
00003b89  __aeabi_d2iz                         
00001f33  __aeabi_dadd                         
000036b5  __aeabi_dcmpeq                       
000036f1  __aeabi_dcmpge                       
00003705  __aeabi_dcmpgt                       
000036dd  __aeabi_dcmple                       
000036c9  __aeabi_dcmplt                       
00002549  __aeabi_ddiv                         
00002845  __aeabi_dmul                         
00001f29  __aeabi_dsub                         
20200340  __aeabi_errno                        
00004685  __aeabi_errno_addr                   
00003d29  __aeabi_f2d                          
00003f4d  __aeabi_f2iz                         
00004055  __aeabi_f2uiz                        
00002a0b  __aeabi_fadd                         
00003719  __aeabi_fcmpeq                       
00003755  __aeabi_fcmpge                       
00003769  __aeabi_fcmpgt                       
00003741  __aeabi_fcmple                       
0000372d  __aeabi_fcmplt                       
0000308d  __aeabi_fdiv                         
00002f79  __aeabi_fmul                         
00002a01  __aeabi_fsub                         
00004175  __aeabi_i2d                          
00003e21  __aeabi_i2f                          
000039fd  __aeabi_idiv                         
00002e3f  __aeabi_idiv0                        
000039fd  __aeabi_idivmod                      
00002f77  __aeabi_ldiv0                        
00004461  __aeabi_llsl                         
00004379  __aeabi_lmul                         
00004619  __aeabi_memclr                       
00004619  __aeabi_memclr4                      
00004619  __aeabi_memclr8                      
0000468d  __aeabi_memcpy                       
0000468d  __aeabi_memcpy4                      
0000468d  __aeabi_memcpy8                      
000045e5  __aeabi_memset                       
000045e5  __aeabi_memset4                      
000045e5  __aeabi_memset8                      
00003ce9  __aeabi_uidiv                        
00003ce9  __aeabi_uidivmod                     
00004579  __aeabi_uldivmod                     
00004461  __ashldi3                            
ffffffff  __binit__                            
000034b9  __cmpdf2                             
00003ed5  __cmpsf2                             
00002549  __divdf3                             
0000308d  __divsf3                             
000034b9  __eqdf2                              
00003ed5  __eqsf2                              
00003d29  __extendsfdf2                        
00003b89  __fixdfsi                            
00003f4d  __fixsfsi                            
00004055  __fixunssfsi                         
00004175  __floatsidf                          
00003e21  __floatsisf                          
000032fd  __gedf2                              
00003e5d  __gesf2                              
000032fd  __gtdf2                              
00003e5d  __gtsf2                              
000034b9  __ledf2                              
00003ed5  __lesf2                              
000034b9  __ltdf2                              
00003ed5  __ltsf2                              
UNDEFED   __mpu_init                           
00002845  __muldf3                             
00004379  __muldi3                             
00003f11  __muldsi3                            
00002f79  __mulsf3                             
000034b9  __nedf2                              
00003ed5  __nesf2                              
20207e00  __stack                              
20200000  __start___llvm_prf_bits              
20200000  __start___llvm_prf_cnts              
20200000  __stop___llvm_prf_bits               
20200000  __stop___llvm_prf_cnts               
00001f29  __subdf3                             
00002a01  __subsf3                             
00003371  __truncdfsf2                         
00002d9d  __udivmoddi4                         
000042bd  _c_int00_noargs                      
UNDEFED   _system_post_cinit                   
000046a3  _system_pre_init                     
00004695  abort                                
2020036c  amp                                  
00003d69  atoi                                 
ffffffff  binit                                
20200344  data_of_test                         
20200348  flag                                 
2020034c  freq                                 
20200350  freq_end                             
20200354  freq_start                           
20200358  freq_step                            
000038f1  frexp                                
000038f1  frexpl                               
20200100  gPWM_GAINBackup                      
20200178  gPWM_LED_RGBackup                    
00002e41  initSweepParam                       
00000000  interruptVectors                     
00002929  ldexp                                
00002929  ldexpl                               
00004525  main                                 
0000439d  memccpy                              
00002edd  memcpy                               
0000377b  memset                               
2020036e  num_index                            
202001f0  num_str                              
20200370  received_data                        
00002929  scalbn                               
00002929  scalbnl                              
00000fbd  strtod                               
00000fbd  strtold                              
20200371  uart_flag                            
000041a1  vsprintf                             
000045d5  wcslen                               


GLOBAL SYMBOLS: SORTED BY Symbol Address 

address   name                                 
-------   ----                                 
00000000  __TI_ATRegion0_region_sz             
00000000  __TI_ATRegion0_src_addr              
00000000  __TI_ATRegion0_trg_addr              
00000000  __TI_ATRegion1_region_sz             
00000000  __TI_ATRegion1_src_addr              
00000000  __TI_ATRegion1_trg_addr              
00000000  __TI_ATRegion2_region_sz             
00000000  __TI_ATRegion2_src_addr              
00000000  __TI_ATRegion2_trg_addr              
00000000  __TI_static_base__                   
00000000  interruptVectors                     
000000c1  __TI_printfi                         
00000200  __STACK_SIZE                         
00000a91  AD9959_init                          
00000fbd  strtod                               
00000fbd  strtold                              
00001375  AD9959_writeData                     
000016d5  AD9959_writeDataSlow                 
00001b71  UserTask_loop                        
00001f29  __aeabi_dsub                         
00001f29  __subdf3                             
00001f33  __adddf3                             
00001f33  __aeabi_dadd                         
000020bb  AES_IRQHandler                       
000020bb  CANFD0_IRQHandler                    
000020bb  DAC0_IRQHandler                      
000020bb  DMA_IRQHandler                       
000020bb  Default_Handler                      
000020bb  GROUP0_IRQHandler                    
000020bb  HardFault_Handler                    
000020bb  I2C0_IRQHandler                      
000020bb  I2C1_IRQHandler                      
000020bb  NMI_Handler                          
000020bb  PendSV_Handler                       
000020bb  RTC_IRQHandler                       
000020bb  SPI0_IRQHandler                      
000020bb  SPI1_IRQHandler                      
000020bb  SVC_Handler                          
000020bb  TIMA0_IRQHandler                     
000020bb  TIMA1_IRQHandler                     
000020bb  TIMG0_IRQHandler                     
000020bb  TIMG12_IRQHandler                    
000020bb  TIMG6_IRQHandler                     
000020bb  TIMG7_IRQHandler                     
000020bb  TIMG8_IRQHandler                     
000020bb  UART1_IRQHandler                     
000020bb  UART3_IRQHandler                     
000021f9  UserTask_init                        
00002439  DL_Timer_initPWMMode                 
00002549  __aeabi_ddiv                         
00002549  __divdf3                             
00002655  UART2_IRQHandler                     
00002759  DL_SYSCTL_configSYSPLL               
00002845  __aeabi_dmul                         
00002845  __muldf3                             
00002929  ldexp                                
00002929  ldexpl                               
00002929  scalbn                               
00002929  scalbnl                              
00002a01  __aeabi_fsub                         
00002a01  __subsf3                             
00002a0b  __addsf3                             
00002a0b  __aeabi_fadd                         
00002ad9  SysTick_Handler                      
00002ba5  BTN_getData                          
00002c51  SYSCFG_DL_GPIO_init                  
00002cf9  ADC0_IRQHandler                      
00002d9d  __udivmoddi4                         
00002e3f  __aeabi_idiv0                        
00002e41  initSweepParam                       
00002edd  memcpy                               
00002f77  __aeabi_ldiv0                        
00002f79  __aeabi_fmul                         
00002f79  __mulsf3                             
00003005  DDS_sweep                            
0000308d  __aeabi_fdiv                         
0000308d  __divsf3                             
00003111  SYSCFG_DL_PWM_LED_RG_init            
00003191  SYSCFG_DL_initPower                  
0000320d  __TI_decompress_lzss                 
00003289  SYSCFG_DL_UART_2_init                
000032fd  __gedf2                              
000032fd  __gtdf2                              
00003371  __aeabi_d2f                          
00003371  __truncdfsf2                         
000033e5  UI_taskShow1                         
00003451  SYSCFG_DL_ADC0_init                  
000034b9  __cmpdf2                             
000034b9  __eqdf2                              
000034b9  __ledf2                              
000034b9  __ltdf2                              
000034b9  __nedf2                              
00003589  ADC1_IRQHandler                      
000035ed  SYSCFG_DL_UART_0_init                
00003651  UART2_printf                         
000036b5  __aeabi_dcmpeq                       
000036c9  __aeabi_dcmplt                       
000036dd  __aeabi_dcmple                       
000036f1  __aeabi_dcmpge                       
00003705  __aeabi_dcmpgt                       
00003719  __aeabi_fcmpeq                       
0000372d  __aeabi_fcmplt                       
00003741  __aeabi_fcmple                       
00003755  __aeabi_fcmpge                       
00003769  __aeabi_fcmpgt                       
0000377b  memset                               
000037dd  SYSCFG_DL_PWM_GAIN_init              
00003839  SYSCFG_DL_PWM_LED_B_init             
00003895  SYSCFG_DL_SYSCTL_init                
000038f1  frexp                                
000038f1  frexpl                               
0000394d  __TI_ltoa                            
000039fd  __aeabi_idiv                         
000039fd  __aeabi_idivmod                      
00003aa5  DL_ADC12_setClockConfig              
00003af1  DL_SYSCTL_switchMCLKfromSYSOSCtoHSCLK
00003b3d  DL_UART_init                         
00003b89  __aeabi_d2iz                         
00003b89  __fixdfsi                            
00003bd5  AD9959_setFreq                       
00003c1d  SYSCFG_DL_ADC1_init                  
00003c65  SYSCFG_DL_init                       
00003ca9  DL_Timer_setCaptureCompareOutCtl     
00003ce9  __aeabi_uidiv                        
00003ce9  __aeabi_uidivmod                     
00003d29  __aeabi_f2d                          
00003d29  __extendsfdf2                        
00003d69  atoi                                 
00003da9  DL_Timer_setCaptureCompareCtl        
00003de5  UART0_IRQHandler                     
00003e21  __aeabi_i2f                          
00003e21  __floatsisf                          
00003e5d  __gesf2                              
00003e5d  __gtsf2                              
00003e99  __TI_auto_init_nobinit_nopinit       
00003ed5  __cmpsf2                             
00003ed5  __eqsf2                              
00003ed5  __lesf2                              
00003ed5  __ltsf2                              
00003ed5  __nesf2                              
00003f11  __muldsi3                            
00003f4d  __aeabi_f2iz                         
00003f4d  __fixsfsi                            
00003f85  DL_Timer_setCaptCompUpdateMethod     
00003fb9  DL_Timer_setCaptureCompareAction     
00003fed  DL_Timer_setCaptureCompareInput      
00004021  DL_Timer_setClockConfig              
00004055  __aeabi_f2uiz                        
00004055  __fixunssfsi                         
00004089  GROUP1_IRQHandler                    
000040b9  SYSCFG_DL_SYSTICK_init               
00004119  AD9959_setAmp                        
00004149  DL_Timer_setCaptureCompareValue      
00004175  __aeabi_i2d                          
00004175  __floatsidf                          
000041a1  vsprintf                             
0000426d  DL_UART_transmitDataBlocking         
00004295  UI_taskShow2                         
000042bd  _c_int00_noargs                      
000042e5  AD9959_setPhase                      
0000430b  DDS_initSweep                        
00004331  DL_UART_setClockConfig               
00004355  ENC_getSW                            
00004379  __aeabi_lmul                         
00004379  __muldi3                             
0000439d  memccpy                              
000043c1  AD9959_IOUpdate                      
00004421  Tick_delay                           
00004441  DDS_singleTone                       
00004461  __aeabi_llsl                         
00004461  __ashldi3                            
000044c9  UART2_init                           
00004525  main                                 
0000453b  __TI_zero_init_nomemset              
00004551  DL_Common_delayCycles                
00004579  __aeabi_uldivmod                     
000045a1  __TI_decompress_none                 
000045c5  ENC_getIncVal                        
000045d5  wcslen                               
000045e5  __aeabi_memset                       
000045e5  __aeabi_memset4                      
000045e5  __aeabi_memset8                      
0000460d  ENC_init                             
00004619  __aeabi_memclr                       
00004619  __aeabi_memclr4                      
00004619  __aeabi_memclr8                      
00004655  DDS_init                             
0000465d  DDS_update                           
00004685  __aeabi_errno_addr                   
0000468d  __aeabi_memcpy                       
0000468d  __aeabi_memcpy4                      
0000468d  __aeabi_memcpy8                      
00004695  abort                                
0000469a  C$$EXIT                              
0000469b  HOSTexit                             
0000469f  Reset_Handler                        
000046a3  _system_pre_init                     
000046b0  __aeabi_ctype_table_                 
000046b0  __aeabi_ctype_table_C                
000049a4  __TI_Handler_Table_Base              
000049b0  __TI_Handler_Table_Limit             
000049b8  __TI_CINIT_Base                      
000049c8  __TI_CINIT_Limit                     
000049c8  __TI_CINIT_Warm                      
20200000  __start___llvm_prf_bits              
20200000  __start___llvm_prf_cnts              
20200000  __stop___llvm_prf_bits               
20200000  __stop___llvm_prf_cnts               
20200100  gPWM_GAINBackup                      
20200178  gPWM_LED_RGBackup                    
202001f0  num_str                              
20200244  Sweep                                
20200298  RxData                               
202002d8  SingleTone                           
202002f8  ADC_recieve0                         
2020030c  ADC_recieve1                         
20200320  BTNTick                              
2020032a  BTNData                              
2020032f  ENCSWTick                            
20200330  ACC_FRE_FACTOR                       
20200334  ENCVal                               
20200338  SWFlag                               
2020033c  Tick                                 
20200340  __aeabi_errno                        
20200344  data_of_test                         
20200348  flag                                 
2020034c  freq                                 
20200350  freq_end                             
20200354  freq_start                           
20200358  freq_step                            
2020035c  FR1_DATA                             
2020035f  RxPos                                
20200360  ADC_recieve2                         
20200362  RGBLEDTick                           
20200364  SweepTick                            
20200366  UARTTick                             
20200368  UIInfoTick                           
2020036a  UITick                               
2020036c  amp                                  
2020036e  num_index                            
20200370  received_data                        
20200371  uart_flag                            
20207e00  __stack                              
20208000  __STACK_END                          
ffffffff  __TI_pprof_out_hndl                  
ffffffff  __TI_prof_data_size                  
ffffffff  __TI_prof_data_start                 
ffffffff  __binit__                            
ffffffff  binit                                
UNDEFED   __mpu_init                           
UNDEFED   _system_post_cinit                   

[251 symbols]
