******************************************************************************
            TI ARM Clang Linker PC v4.0.3                      
******************************************************************************
>> Linked Sat Jul 19 17:12:38 2025

OUTPUT FILE NAME:   <RFWBAmpCtrl_MSPM0G3507 copy 3.out>
ENTRY POINT SYMBOL: "_c_int00_noargs"  address: 0000420d


MEMORY CONFIGURATION

         name            origin    length      used     unused   attr    fill
----------------------  --------  ---------  --------  --------  ----  --------
  FLASH                 00000000   00020000  00004918  0001b6e8  R  X
  SRAM                  20200000   00008000  0000056d  00007a93  RW X
  BCR_CONFIG            41c00000   00000080  00000000  00000080  R   
  BSL_CONFIG            41c00100   00000080  00000000  00000080  R   


SEGMENT ALLOCATION MAP

run origin  load origin   length   init length attrs members
----------  ----------- ---------- ----------- ----- -------
00000000    00000000    00004918   00004918    r-x
  00000000    00000000    000000c0   000000c0    r-- .intvecs
  000000c0    000000c0    00004540   00004540    r-x .text
  00004600    00004600    000002d0   000002d0    r-- .rodata
  000048d0    000048d0    00000048   00000048    r-- .cinit
20200000    20200000    00000370   00000000    rw-
  20200000    20200000    00000241   00000000    rw- .bss
  20200244    20200244    0000012c   00000000    rw- .data
20207e00    20207e00    00000200   00000000    rw-
  20207e00    20207e00    00000200   00000000    rw- .stack


SECTION ALLOCATION MAP

 output                                  attributes/
section   page    origin      length       input sections
--------  ----  ----------  ----------   ----------------
.intvecs   0    00000000    000000c0     
                  00000000    000000c0     startup_mspm0g350x_ticlang.o (.intvecs)

.text      0    000000c0    00004540     
                  000000c0    000009d0     libc.a : _printfi.c.obj (.text:__TI_printfi)
                  00000a90    0000052c     AD9959.o (.text.AD9959_init)
                  00000fbc    000003b8     libc.a : strtod.c.obj (.text.strtod)
                  00001374    00000360     AD9959.o (.text.AD9959_writeData)
                  000016d4    0000027c     AD9959.o (.text.AD9959_writeDataSlow)
                  00001950    00000220     libc.a : _printfi.c.obj (.text._pconv_a)
                  00001b70    000001dc            : _printfi.c.obj (.text._pconv_g)
                  00001d4c    00000192     libclang_rt.builtins.a : adddf3.S.obj (.text.adddf3_subdf3)
                  00001ede    00000002     startup_mspm0g350x_ticlang.o (.text.Default_Handler)
                  00001ee0    00000144     UserTask.o (.text.UserTask_loop)
                  00002024    0000013c     libc.a : _printfi.c.obj (.text.fcvt)
                  00002160    00000120            : _printfi.c.obj (.text._pconv_e)
                  00002280    00000110     driverlib.a : dl_timer.o (.text.DL_Timer_initPWMMode)
                  00002390    0000010c     libclang_rt.builtins.a : divdf3.S.obj (.text.__divdf3)
                  0000249c    00000108     UserTask.o (.text.UserTask_init)
                  000025a4    00000104     UserUART.o (.text.UART2_IRQHandler)
                  000026a8    000000ec     driverlib.a : dl_sysctl_mspm0g1x0x_g3x0x.o (.text.DL_SYSCTL_configSYSPLL)
                  00002794    000000e4     libclang_rt.builtins.a : muldf3.S.obj (.text.__muldf3)
                  00002878    000000d8     libc.a : s_scalbn.c.obj (.text.scalbn)
                  00002950    000000d8     libclang_rt.builtins.a : addsf3.S.obj (.text)
                  00002a28    000000cc     Tick.o (.text.SysTick_Handler)
                  00002af4    000000ac     BTN.o (.text.BTN_getData)
                  00002ba0    000000a8     ti_msp_dl_config.o (.text.SYSCFG_DL_GPIO_init)
                  00002c48    000000a4     UserADC.o (.text.ADC0_IRQHandler)
                  00002cec    000000a2     libclang_rt.builtins.a : udivmoddi4.S.obj (.text)
                  00002d8e    00000002                            : aeabi_div0.c.obj (.text.__aeabi_idiv0)
                  00002d90    0000009c     UserTask.o (.text.initSweepParam)
                  00002e2c    0000009a     libc.a : memcpy16.S.obj (.text:memcpy)
                  00002ec6    00000002     libclang_rt.builtins.a : aeabi_div0.c.obj (.text.__aeabi_ldiv0)
                  00002ec8    0000008c                            : mulsf3.S.obj (.text.__mulsf3)
                  00002f54    00000088     DDS.o (.text.DDS_sweep)
                  00002fdc    00000082     libclang_rt.builtins.a : divsf3.S.obj (.text.__divsf3)
                  0000305e    00000002     --HOLE-- [fill = 0]
                  00003060    00000080     ti_msp_dl_config.o (.text.SYSCFG_DL_PWM_LED_RG_init)
                  000030e0    0000007c     ti_msp_dl_config.o (.text.SYSCFG_DL_initPower)
                  0000315c    0000007c     libc.a : copy_decompress_lzss.c.obj (.text:decompress:lzss)
                  000031d8    00000074     ti_msp_dl_config.o (.text.SYSCFG_DL_UART_2_init)
                  0000324c    00000074     libclang_rt.builtins.a : comparedf2.c.obj (.text.__gedf2)
                  000032c0    00000074                            : truncdfsf2.S.obj (.text.__truncdfsf2)
                  00003334    0000006c     UI.o (.text.UI_taskShow1)
                  000033a0    00000068     ti_msp_dl_config.o (.text.SYSCFG_DL_ADC0_init)
                  00003408    00000068     libclang_rt.builtins.a : comparedf2.c.obj (.text.__ledf2)
                  00003470    00000066     libc.a : _printfi.c.obj (.text._mcpy)
                  000034d6    00000002     --HOLE-- [fill = 0]
                  000034d8    00000064     UserADC.o (.text.ADC1_IRQHandler)
                  0000353c    00000064     ti_msp_dl_config.o (.text.SYSCFG_DL_UART_0_init)
                  000035a0    00000064     UserUART.o (.text.UART2_printf)
                  00003604    00000062     libclang_rt.builtins.a : aeabi_dcmp.S.obj (.text.__aeabi_dcmp)
                  00003666    00000002     --HOLE-- [fill = 0]
                  00003668    00000062                            : aeabi_fcmp.S.obj (.text.__aeabi_fcmp)
                  000036ca    00000062     libc.a : memset16.S.obj (.text:memset)
                  0000372c    0000005c     ti_msp_dl_config.o (.text.SYSCFG_DL_PWM_GAIN_init)
                  00003788    0000005c     ti_msp_dl_config.o (.text.SYSCFG_DL_PWM_LED_B_init)
                  000037e4    0000005c     ti_msp_dl_config.o (.text.SYSCFG_DL_SYSCTL_init)
                  00003840    0000005c     libc.a : s_frexp.c.obj (.text.frexp)
                  0000389c    00000058            : _ltoa.c.obj (.text.__TI_ltoa)
                  000038f4    00000058            : _printfi.c.obj (.text._pconv_f)
                  0000394c    00000056     libclang_rt.builtins.a : aeabi_idivmod.S.obj (.text.__aeabi_idivmod)
                  000039a2    00000052     libc.a : _printfi.c.obj (.text._ecpy)
                  000039f4    0000004c     driverlib.a : dl_adc12.o (.text.DL_ADC12_setClockConfig)
                  00003a40    0000004c                 : dl_sysctl_mspm0g1x0x_g3x0x.o (.text.DL_SYSCTL_switchMCLKfromSYSOSCtoHSCLK)
                  00003a8c    0000004c                 : dl_uart.o (.text.DL_UART_init)
                  00003ad8    0000004a     libclang_rt.builtins.a : fixdfsi.S.obj (.text.__fixdfsi)
                  00003b22    00000002     --HOLE-- [fill = 0]
                  00003b24    00000048     AD9959.o (.text.AD9959_setFreq)
                  00003b6c    00000048     ti_msp_dl_config.o (.text.SYSCFG_DL_ADC1_init)
                  00003bb4    00000044     ti_msp_dl_config.o (.text.SYSCFG_DL_init)
                  00003bf8    00000040     driverlib.a : dl_timer.o (.text.DL_Timer_setCaptureCompareOutCtl)
                  00003c38    00000040     libclang_rt.builtins.a : aeabi_uidivmod.S.obj (.text.__aeabi_uidivmod)
                  00003c78    00000040                            : extendsfdf2.S.obj (.text.__extendsfdf2)
                  00003cb8    00000040     libc.a : atoi.c.obj (.text.atoi)
                  00003cf8    0000003c     driverlib.a : dl_timer.o (.text.DL_Timer_setCaptureCompareCtl)
                  00003d34    0000003c     UserUART.o (.text.UART0_IRQHandler)
                  00003d70    0000003c     libclang_rt.builtins.a : floatsisf.S.obj (.text.__floatsisf)
                  00003dac    0000003c                            : comparesf2.S.obj (.text.__gtsf2)
                  00003de8    0000003c     libc.a : autoinit.c.obj (.text:__TI_auto_init_nobinit_nopinit)
                  00003e24    0000003a     libclang_rt.builtins.a : comparesf2.S.obj (.text.__eqsf2)
                  00003e5e    00000002     --HOLE-- [fill = 0]
                  00003e60    0000003a                            : muldsi3.S.obj (.text.__muldsi3)
                  00003e9a    00000002     --HOLE-- [fill = 0]
                  00003e9c    00000038                            : fixsfsi.S.obj (.text.__fixsfsi)
                  00003ed4    00000034     driverlib.a : dl_timer.o (.text.DL_Timer_setCaptCompUpdateMethod)
                  00003f08    00000034                 : dl_timer.o (.text.DL_Timer_setCaptureCompareAction)
                  00003f3c    00000034                 : dl_timer.o (.text.DL_Timer_setCaptureCompareInput)
                  00003f70    00000034                 : dl_timer.o (.text.DL_Timer_setClockConfig)
                  00003fa4    00000032     libclang_rt.builtins.a : fixunssfsi.S.obj (.text.__fixunssfsi)
                  00003fd6    00000002     --HOLE-- [fill = 0]
                  00003fd8    00000030     Encoder.o (.text.GROUP1_IRQHandler)
                  00004008    00000030     ti_msp_dl_config.o (.text.SYSCFG_DL_SYSTICK_init)
                  00004038    00000030     libc.a : _printfi.c.obj (.text._fcpy)
                  00004068    0000002e     AD9959.o (.text.AD9959_setAmp)
                  00004096    00000002     --HOLE-- [fill = 0]
                  00004098    0000002c     driverlib.a : dl_timer.o (.text.DL_Timer_setCaptureCompareValue)
                  000040c4    0000002c     libclang_rt.builtins.a : floatsidf.S.obj (.text.__floatsidf)
                  000040f0    0000002c     libc.a : vsprintf.c.obj (.text.vsprintf)
                  0000411c    00000028     driverlib.a : dl_adc12.o (.text.DL_Common_updateReg)
                  00004144    00000028                 : dl_sysctl_mspm0g1x0x_g3x0x.o (.text.DL_Common_updateReg)
                  0000416c    00000028                 : dl_timer.o (.text.DL_Common_updateReg)
                  00004194    00000028                 : dl_uart.o (.text.DL_Common_updateReg)
                  000041bc    00000028                 : dl_uart.o (.text.DL_UART_transmitDataBlocking)
                  000041e4    00000028     UI.o (.text.UI_taskShow2)
                  0000420c    00000028     libc.a : boot_cortex_m.c.obj (.text:_c_int00_noargs)
                  00004234    00000026     AD9959.o (.text.AD9959_setPhase)
                  0000425a    00000024     DDS.o (.text.DDS_initSweep)
                  0000427e    00000002     --HOLE-- [fill = 0]
                  00004280    00000024     driverlib.a : dl_uart.o (.text.DL_UART_setClockConfig)
                  000042a4    00000024     Encoder.o (.text.ENC_getSW)
                  000042c8    00000024     libclang_rt.builtins.a : muldi3.S.obj (.text.__muldi3)
                  000042ec    00000022     libc.a : memccpy.c.obj (.text.memccpy)
                  0000430e    00000002     --HOLE-- [fill = 0]
                  00004310    00000020     AD9959.o (.text.AD9959_IOUpdate)
                  00004330    00000020     driverlib.a : dl_sysctl_mspm0g1x0x_g3x0x.o (.text.DL_CORE_configInstruction)
                  00004350    00000020                 : dl_timer.o (.text.DL_Timer_setCounterValueAfterEnable)
                  00004370    00000020     Tick.o (.text.Tick_delay)
                  00004390    0000001e     DDS.o (.text.DDS_singleTone)
                  000043ae    00000002     --HOLE-- [fill = 0]
                  000043b0    0000001e     libclang_rt.builtins.a : ashldi3.S.obj (.text.__ashldi3)
                  000043ce    00000002     --HOLE-- [fill = 0]
                  000043d0    00000018     driverlib.a : dl_sysctl_mspm0g1x0x_g3x0x.o (.text.DL_SYSCTL_setHSCLKSource)
                  000043e8    00000018                 : dl_timer.o (.text.DL_Timer_setLoadValue)
                  00004400    00000018                 : dl_uart.o (.text.DL_UART_isTXFIFOFull)
                  00004418    00000018     UserUART.o (.text.UART2_init)
                  00004430    00000018     libc.a : vsprintf.c.obj (.text._outs)
                  00004448    00000016     driverlib.a : dl_uart.o (.text.DL_UART_disable)
                  0000445e    00000016                 : dl_uart.o (.text.DL_UART_transmitData)
                  00004474    00000016     RFWBAmpCtrl_MSPM0G3507.o (.text.main)
                  0000448a    00000016     libc.a : copy_zero_init.c.obj (.text:decompress:ZI:__TI_zero_init_nomemset)
                  000044a0    00000014     driverlib.a : dl_common.o (.text.DL_Common_delayCycles)
                  000044b4    00000014                 : dl_sysctl_mspm0g1x0x_g3x0x.o (.text.DL_SYSCTL_disableSYSPLL)
                  000044c8    00000014     libclang_rt.builtins.a : aeabi_uldivmod.S.obj (.text.__aeabi_uldivmod)
                  000044dc    00000014     libc.a : _printfi.c.obj (.text.strchr)
                  000044f0    00000012            : copy_decompress_none.c.obj (.text:decompress:none)
                  00004502    00000002     --HOLE-- [fill = 0]
                  00004504    00000010     driverlib.a : dl_sysctl_mspm0g1x0x_g3x0x.o (.text.DL_CORE_getInstructionConfig)
                  00004514    00000010     Encoder.o (.text.ENC_getIncVal)
                  00004524    00000010     libc.a : wcslen.c.obj (.text.wcslen)
                  00004534    0000000e     libclang_rt.builtins.a : aeabi_memset.S.obj (.text.__aeabi_memset)
                  00004542    0000000e     libc.a : _printfi.c.obj (.text.strlen)
                  00004550    0000000c     driverlib.a : dl_sysctl_mspm0g1x0x_g3x0x.o (.text.DL_SYSCTL_getClockStatus)
                  0000455c    0000000c     Encoder.o (.text.ENC_init)
                  00004568    0000000c     libclang_rt.builtins.a : aeabi_memset.S.obj (.text.__aeabi_memclr)
                  00004574    0000000a     libc.a : _printfi.c.obj (.text.OUTLINED_FUNCTION_0)
                  0000457e    00000002     --HOLE-- [fill = 0]
                  00004580    00000010     libclang_rt.builtins.a : adddf3.S.obj (.tramp.__aeabi_dsub.1)
                  00004590    0000000a     libc.a : _printfi.c.obj (.text.OUTLINED_FUNCTION_1)
                  0000459a    0000000a            : vsprintf.c.obj (.text._outc)
                  000045a4    00000008     DDS.o (.text.DDS_init)
                  000045ac    00000008     DDS.o (.text.DDS_update)
                  000045b4    00000008     libc.a : strtod.c.obj (.text.OUTLINED_FUNCTION_0)
                  000045bc    00000008            : strtod.c.obj (.text.OUTLINED_FUNCTION_1)
                  000045c4    00000010     libclang_rt.builtins.a : aeabi_dcmp.S.obj (.tramp.__aeabi_dcmpeq.1)
                  000045d4    00000008     libc.a : aeabi_portable.c.obj (.text.__aeabi_errno_addr)
                  000045dc    00000008     libclang_rt.builtins.a : aeabi_memcpy.S.obj (.text.__aeabi_memcpy)
                  000045e4    00000006     libc.a : exit.c.obj (.text:abort)
                  000045ea    00000004     libsysbm.a : hostexit.c.obj (.text.HOSTexit)
                  000045ee    00000004     startup_mspm0g350x_ticlang.o (.text.Reset_Handler)
                  000045f2    00000004     libc.a : pre_init.c.obj (.text._system_pre_init)
                  000045f6    0000000a     --HOLE-- [fill = 0]

.cinit     0    000048d0    00000048     
                  000048d0    00000020     (.cinit..data.load) [load image, compression = lzss]
                  000048f0    0000000c     (__TI_handler_table)
                  000048fc    00000008     (.cinit..bss.load) [load image, compression = zero_init]
                  00004904    00000010     (__TI_cinit_table)
                  00004914    00000004     --HOLE-- [fill = 0]

.rodata    0    00004600    000002d0     
                  00004600    00000101     libc.a : aeabi_ctype.S.obj (.rodata:__aeabi_ctype_table_)
                  00004701    00000003     ti_msp_dl_config.o (.rodata.gPWM_GAINClockConfig)
                  00004704    00000003     ti_msp_dl_config.o (.rodata.gPWM_LED_BClockConfig)
                  00004707    00000001     --HOLE-- [fill = 0]
                  00004708    00000080     libc.a : strtod.c.obj (.rodata.digits)
                  00004788    00000048            : strtod.c.obj (.rodata.powerof10)
                  000047d0    00000028     ti_msp_dl_config.o (.rodata.gSYSPLLConfig)
                  000047f8    00000017     UI.o (.rodata.str1.14263818253972278985.1)
                  0000480f    00000017     UI.o (.rodata.str1.15396916481306098269.1)
                  00004826    00000017     UI.o (.rodata.str1.4349108717920039285.1)
                  0000483d    00000017     UI.o (.rodata.str1.8694246129754233436.1)
                  00004854    00000016     UI.o (.rodata.str1.7482375933448357494.1)
                  0000486a    00000011     libc.a : _printfi.c.obj (.rodata.str1.10348868589481759720.1)
                  0000487b    00000011            : _printfi.c.obj (.rodata.str1.15363888844622738466.1)
                  0000488c    0000000a     ti_msp_dl_config.o (.rodata.gUART_0Config)
                  00004896    0000000a     ti_msp_dl_config.o (.rodata.gUART_2Config)
                  000048a0    00000008     ti_msp_dl_config.o (.rodata.gADC0ClockConfig)
                  000048a8    00000008     ti_msp_dl_config.o (.rodata.gADC1ClockConfig)
                  000048b0    00000008     ti_msp_dl_config.o (.rodata.gPWM_GAINConfig)
                  000048b8    00000008     ti_msp_dl_config.o (.rodata.gPWM_LED_BConfig)
                  000048c0    00000008     ti_msp_dl_config.o (.rodata.gPWM_LED_RGConfig)
                  000048c8    00000003     ti_msp_dl_config.o (.rodata.gPWM_LED_RGClockConfig)
                  000048cb    00000002     ti_msp_dl_config.o (.rodata.gUART_0ClockConfig)
                  000048cd    00000002     ti_msp_dl_config.o (.rodata.gUART_2ClockConfig)
                  000048cf    00000001     --HOLE-- [fill = 0]

.init_array 
*          0    00000000    00000000     UNINITIALIZED

.binit     0    00000000    00000000     

.bss       0    20200000    00000241     UNINITIALIZED
                  20200000    00000100     UserUART.o (.bss.UART2_printf.buf)
                  20200100    00000078     (.common:gPWM_GAINBackup)
                  20200178    00000078     (.common:gPWM_LED_RGBackup)
                  202001f0    00000041     (.common:num_str)
                  20200231    00000001     UserADC.o (.bss.ADC0DataValid)
                  20200232    00000001     UserADC.o (.bss.ADC1DataValid)
                  20200233    00000001     UserADC.o (.bss.bufIdx)
                  20200234    00000004     UserADC.o (.bss.sum0)
                  20200238    00000004     UserADC.o (.bss.sum1)
                  2020023c    00000004     UserADC.o (.bss.sum2)
                  20200240    00000001     UserADC.o (.bss.sampleCnt)

.data      0    20200244    0000012c     UNINITIALIZED
                  20200244    00000054     UserTask.o (.data.Sweep)
                  20200298    00000040     UserUART.o (.data.RxData)
                  202002d8    00000020     UserTask.o (.data.SingleTone)
                  202002f8    00000014     UserADC.o (.data.ADC_recieve0)
                  2020030c    00000014     UserADC.o (.data.ADC_recieve1)
                  20200320    0000000a     BTN.o (.data.BTNTick)
                  2020032a    00000005     UserTask.o (.data.BTNData)
                  2020032f    00000001     Encoder.o (.data.ENCSWTick)
                  20200330    00000004     AD9959.o (.data.ACC_FRE_FACTOR)
                  20200334    00000004     Encoder.o (.data.ENCVal)
                  20200338    00000004     UserTask.o (.data.SWFlag)
                  2020033c    00000004     Tick.o (.data.Tick)
                  20200340    00000004     libc.a : aeabi_portable.c.obj (.data.__aeabi_errno)
                  20200344    00000004     UserUART.o (.data.data_of_test)
                  20200348    00000004     UserTask.o (.data.flag)
                  2020034c    00000004     UserTask.o (.data.freq)
                  20200350    00000004     UserUART.o (.data.freq_end)
                  20200354    00000004     UserUART.o (.data.freq_start)
                  20200358    00000004     UserUART.o (.data.freq_step)
                  2020035c    00000003     AD9959.o (.data.FR1_DATA)
                  2020035f    00000001     UserUART.o (.data.RxPos)
                  20200360    00000002     UserADC.o (.data.ADC_recieve2)
                  20200362    00000002     UserTask.o (.data.RGBLEDTick)
                  20200364    00000002     UserTask.o (.data.SweepTick)
                  20200366    00000002     UserTask.o (.data.UARTTick)
                  20200368    00000002     UserTask.o (.data.UIInfoTick)
                  2020036a    00000002     UserTask.o (.data.UITick)
                  2020036c    00000002     UserUART.o (.data.num_index)
                  2020036e    00000001     UserUART.o (.data.received_data)
                  2020036f    00000001     UserUART.o (.data.uart_flag)

.stack     0    20207e00    00000200     UNINITIALIZED
                  20207e00    00000004     libc.a : boot_cortex_m.c.obj (.stack)
                  20207e04    000001fc     --HOLE--

__llvm_prf_cnts 
*          0    20200000    00000000     UNINITIALIZED

__llvm_prf_bits 
*          0    20200000    00000000     UNINITIALIZED

MODULE SUMMARY

       Module                         code    ro data   rw data
       ------                         ----    -------   -------
    .\
       startup_mspm0g350x_ticlang.o   6       192       0      
       RFWBAmpCtrl_MSPM0G3507.o       22      0         0      
    +--+------------------------------+-------+---------+---------+
       Total:                         28      192       0      
                                                               
    .\User\
       AD9959.o                       3012    0         7      
       UserTask.o                     744     0         143    
       UserUART.o                     444     0         406    
       UserADC.o                      264     0         58     
       UI.o                           148     114       0      
       Tick.o                         236     0         4      
       DDS.o                          218     0         0      
       BTN.o                          172     0         10     
       Encoder.o                      112     0         5      
    +--+------------------------------+-------+---------+---------+
       Total:                         5350    114       633    
                                                               
    .\syscfg\
       ti_msp_dl_config.o             1204    113       240    
    +--+------------------------------+-------+---------+---------+
       Total:                         1204    113       240    
                                                               
    C:/ti/mspm0_sdk_2_01_00_03/source/ti/driverlib/lib/ticlang/m0p/mspm0g1x0x_g3x0x/driverlib.a
       dl_timer.o                     744     0         0      
       dl_sysctl_mspm0g1x0x_g3x0x.o   456     0         0      
       dl_uart.o                      260     0         0      
       dl_adc12.o                     116     0         0      
       dl_common.o                    20      0         0      
    +--+------------------------------+-------+---------+---------+
       Total:                         1596    0         0      
                                                               
    C:\ti\ccs2020\ccs\tools\compiler\ti-cgt-armllvm_4.0.3.LTS\lib\armv6m-ti-none-eabi/c/libc.a
       _printfi.c.obj                 4510    34        0      
       strtod.c.obj                   968     200       0      
       aeabi_ctype.S.obj              0       257       0      
       s_scalbn.c.obj                 216     0         0      
       memcpy16.S.obj                 154     0         0      
       copy_decompress_lzss.c.obj     124     0         0      
       memset16.S.obj                 98      0         0      
       s_frexp.c.obj                  92      0         0      
       _ltoa.c.obj                    88      0         0      
       vsprintf.c.obj                 78      0         0      
       atoi.c.obj                     64      0         0      
       autoinit.c.obj                 60      0         0      
       boot_cortex_m.c.obj            40      0         0      
       memccpy.c.obj                  34      0         0      
       copy_zero_init.c.obj           22      0         0      
       copy_decompress_none.c.obj     18      0         0      
       wcslen.c.obj                   16      0         0      
       aeabi_portable.c.obj           8       0         4      
       exit.c.obj                     6       0         0      
       pre_init.c.obj                 4       0         0      
    +--+------------------------------+-------+---------+---------+
       Total:                         6600    491       4      
                                                               
    C:\ti\ccs2020\ccs\tools\compiler\ti-cgt-armllvm_4.0.3.LTS\lib\armv6m-ti-none-eabi/c/libsysbm.a
       hostexit.c.obj                 4       0         0      
    +--+------------------------------+-------+---------+---------+
       Total:                         4       0         0      
                                                               
    C:\ti\ccs2020\ccs\tools\compiler\ti-cgt-armllvm_4.0.3.LTS\lib\armv6m-ti-none-eabi/libclang_rt.builtins.a
       adddf3.S.obj                   418     0         0      
       divdf3.S.obj                   268     0         0      
       muldf3.S.obj                   228     0         0      
       comparedf2.c.obj               220     0         0      
       addsf3.S.obj                   216     0         0      
       udivmoddi4.S.obj               162     0         0      
       mulsf3.S.obj                   140     0         0      
       divsf3.S.obj                   130     0         0      
       comparesf2.S.obj               118     0         0      
       truncdfsf2.S.obj               116     0         0      
       aeabi_dcmp.S.obj               114     0         0      
       aeabi_fcmp.S.obj               98      0         0      
       aeabi_idivmod.S.obj            86      0         0      
       fixdfsi.S.obj                  74      0         0      
       aeabi_uidivmod.S.obj           64      0         0      
       extendsfdf2.S.obj              64      0         0      
       floatsisf.S.obj                60      0         0      
       muldsi3.S.obj                  58      0         0      
       fixsfsi.S.obj                  56      0         0      
       fixunssfsi.S.obj               50      0         0      
       floatsidf.S.obj                44      0         0      
       muldi3.S.obj                   36      0         0      
       ashldi3.S.obj                  30      0         0      
       aeabi_memset.S.obj             26      0         0      
       aeabi_uldivmod.S.obj           20      0         0      
       aeabi_memcpy.S.obj             8       0         0      
       aeabi_div0.c.obj               4       0         0      
    +--+------------------------------+-------+---------+---------+
       Total:                         2908    0         0      
                                                               
       Stack:                         0       0         512    
       Linker Generated:              0       68        0      
    +--+------------------------------+-------+---------+---------+
       Grand Total:                   17690   978       1389   


LINKER GENERATED COPY TABLES

__TI_cinit_table @ 00004904 records: 2, size/record: 8, table size: 16
	.data: load addr=000048d0, load size=00000020 bytes, run addr=20200244, run size=0000012c bytes, compression=lzss
	.bss: load addr=000048fc, load size=00000008 bytes, run addr=20200000, run size=00000241 bytes, compression=zero_init


LINKER GENERATED HANDLER TABLE

__TI_handler_table @ 000048f0 records: 3, size/record: 4, table size: 12
	index: 0, handler: __TI_decompress_lzss
	index: 1, handler: __TI_decompress_none
	index: 2, handler: __TI_zero_init


FAR CALL TRAMPOLINES

callee name               trampoline name
   callee addr  tramp addr   call addr  call info
--------------  -----------  ---------  ----------------
__aeabi_dsub              $Tramp$TT$L$PI$$__aeabi_dsub
   00001d4d     00004580     0000457c   libc.a : _printfi.c.obj (.text.OUTLINED_FUNCTION_0)
__aeabi_dcmpeq            $Tramp$TT$L$PI$$__aeabi_dcmpeq
   00003605     000045c4     000045c2   libc.a : strtod.c.obj (.text.OUTLINED_FUNCTION_1)

[2 trampolines]
[2 trampoline calls]


GLOBAL SYMBOLS: SORTED ALPHABETICALLY BY Name 

address   name                                 
-------   ----                                 
20200330  ACC_FRE_FACTOR                       
00004311  AD9959_IOUpdate                      
00000a91  AD9959_init                          
00004069  AD9959_setAmp                        
00003b25  AD9959_setFreq                       
00004235  AD9959_setPhase                      
00001375  AD9959_writeData                     
000016d5  AD9959_writeDataSlow                 
00002c49  ADC0_IRQHandler                      
000034d9  ADC1_IRQHandler                      
202002f8  ADC_recieve0                         
2020030c  ADC_recieve1                         
20200360  ADC_recieve2                         
00001edf  AES_IRQHandler                       
2020032a  BTNData                              
20200320  BTNTick                              
00002af5  BTN_getData                          
000045ea  C$$EXIT                              
00001edf  CANFD0_IRQHandler                    
00001edf  DAC0_IRQHandler                      
000045a5  DDS_init                             
0000425b  DDS_initSweep                        
00004391  DDS_singleTone                       
00002f55  DDS_sweep                            
000045ad  DDS_update                           
000039f5  DL_ADC12_setClockConfig              
000044a1  DL_Common_delayCycles                
000026a9  DL_SYSCTL_configSYSPLL               
00003a41  DL_SYSCTL_switchMCLKfromSYSOSCtoHSCLK
00002281  DL_Timer_initPWMMode                 
00003ed5  DL_Timer_setCaptCompUpdateMethod     
00003f09  DL_Timer_setCaptureCompareAction     
00003cf9  DL_Timer_setCaptureCompareCtl        
00003f3d  DL_Timer_setCaptureCompareInput      
00003bf9  DL_Timer_setCaptureCompareOutCtl     
00004099  DL_Timer_setCaptureCompareValue      
00003f71  DL_Timer_setClockConfig              
00003a8d  DL_UART_init                         
00004281  DL_UART_setClockConfig               
000041bd  DL_UART_transmitDataBlocking         
00001edf  DMA_IRQHandler                       
00001edf  Default_Handler                      
2020032f  ENCSWTick                            
20200334  ENCVal                               
00004515  ENC_getIncVal                        
000042a5  ENC_getSW                            
0000455d  ENC_init                             
2020035c  FR1_DATA                             
00001edf  GROUP0_IRQHandler                    
00003fd9  GROUP1_IRQHandler                    
000045eb  HOSTexit                             
00001edf  HardFault_Handler                    
00001edf  I2C0_IRQHandler                      
00001edf  I2C1_IRQHandler                      
00001edf  NMI_Handler                          
00001edf  PendSV_Handler                       
20200362  RGBLEDTick                           
00001edf  RTC_IRQHandler                       
000045ef  Reset_Handler                        
20200298  RxData                               
2020035f  RxPos                                
00001edf  SPI0_IRQHandler                      
00001edf  SPI1_IRQHandler                      
00001edf  SVC_Handler                          
20200338  SWFlag                               
000033a1  SYSCFG_DL_ADC0_init                  
00003b6d  SYSCFG_DL_ADC1_init                  
00002ba1  SYSCFG_DL_GPIO_init                  
0000372d  SYSCFG_DL_PWM_GAIN_init              
00003789  SYSCFG_DL_PWM_LED_B_init             
00003061  SYSCFG_DL_PWM_LED_RG_init            
000037e5  SYSCFG_DL_SYSCTL_init                
00004009  SYSCFG_DL_SYSTICK_init               
0000353d  SYSCFG_DL_UART_0_init                
000031d9  SYSCFG_DL_UART_2_init                
00003bb5  SYSCFG_DL_init                       
000030e1  SYSCFG_DL_initPower                  
202002d8  SingleTone                           
20200244  Sweep                                
20200364  SweepTick                            
00002a29  SysTick_Handler                      
00001edf  TIMA0_IRQHandler                     
00001edf  TIMA1_IRQHandler                     
00001edf  TIMG0_IRQHandler                     
00001edf  TIMG12_IRQHandler                    
00001edf  TIMG6_IRQHandler                     
00001edf  TIMG7_IRQHandler                     
00001edf  TIMG8_IRQHandler                     
2020033c  Tick                                 
00004371  Tick_delay                           
00003d35  UART0_IRQHandler                     
00001edf  UART1_IRQHandler                     
000025a5  UART2_IRQHandler                     
00004419  UART2_init                           
000035a1  UART2_printf                         
00001edf  UART3_IRQHandler                     
20200366  UARTTick                             
20200368  UIInfoTick                           
2020036a  UITick                               
00003335  UI_taskShow1                         
000041e5  UI_taskShow2                         
0000249d  UserTask_init                        
00001ee1  UserTask_loop                        
20208000  __STACK_END                          
00000200  __STACK_SIZE                         
00000000  __TI_ATRegion0_region_sz             
00000000  __TI_ATRegion0_src_addr              
00000000  __TI_ATRegion0_trg_addr              
00000000  __TI_ATRegion1_region_sz             
00000000  __TI_ATRegion1_src_addr              
00000000  __TI_ATRegion1_trg_addr              
00000000  __TI_ATRegion2_region_sz             
00000000  __TI_ATRegion2_src_addr              
00000000  __TI_ATRegion2_trg_addr              
00004904  __TI_CINIT_Base                      
00004914  __TI_CINIT_Limit                     
00004914  __TI_CINIT_Warm                      
000048f0  __TI_Handler_Table_Base              
000048fc  __TI_Handler_Table_Limit             
00003de9  __TI_auto_init_nobinit_nopinit       
0000315d  __TI_decompress_lzss                 
000044f1  __TI_decompress_none                 
0000389d  __TI_ltoa                            
ffffffff  __TI_pprof_out_hndl                  
000000c1  __TI_printfi                         
ffffffff  __TI_prof_data_size                  
ffffffff  __TI_prof_data_start                 
00000000  __TI_static_base__                   
0000448b  __TI_zero_init_nomemset              
00001d57  __adddf3                             
0000295b  __addsf3                             
00004600  __aeabi_ctype_table_                 
00004600  __aeabi_ctype_table_C                
000032c1  __aeabi_d2f                          
00003ad9  __aeabi_d2iz                         
00001d57  __aeabi_dadd                         
00003605  __aeabi_dcmpeq                       
00003641  __aeabi_dcmpge                       
00003655  __aeabi_dcmpgt                       
0000362d  __aeabi_dcmple                       
00003619  __aeabi_dcmplt                       
00002391  __aeabi_ddiv                         
00002795  __aeabi_dmul                         
00001d4d  __aeabi_dsub                         
20200340  __aeabi_errno                        
000045d5  __aeabi_errno_addr                   
00003c79  __aeabi_f2d                          
00003e9d  __aeabi_f2iz                         
00003fa5  __aeabi_f2uiz                        
0000295b  __aeabi_fadd                         
00003669  __aeabi_fcmpeq                       
000036a5  __aeabi_fcmpge                       
000036b9  __aeabi_fcmpgt                       
00003691  __aeabi_fcmple                       
0000367d  __aeabi_fcmplt                       
00002fdd  __aeabi_fdiv                         
00002ec9  __aeabi_fmul                         
00002951  __aeabi_fsub                         
000040c5  __aeabi_i2d                          
00003d71  __aeabi_i2f                          
0000394d  __aeabi_idiv                         
00002d8f  __aeabi_idiv0                        
0000394d  __aeabi_idivmod                      
00002ec7  __aeabi_ldiv0                        
000043b1  __aeabi_llsl                         
000042c9  __aeabi_lmul                         
00004569  __aeabi_memclr                       
00004569  __aeabi_memclr4                      
00004569  __aeabi_memclr8                      
000045dd  __aeabi_memcpy                       
000045dd  __aeabi_memcpy4                      
000045dd  __aeabi_memcpy8                      
00004535  __aeabi_memset                       
00004535  __aeabi_memset4                      
00004535  __aeabi_memset8                      
00003c39  __aeabi_uidiv                        
00003c39  __aeabi_uidivmod                     
000044c9  __aeabi_uldivmod                     
000043b1  __ashldi3                            
ffffffff  __binit__                            
00003409  __cmpdf2                             
00003e25  __cmpsf2                             
00002391  __divdf3                             
00002fdd  __divsf3                             
00003409  __eqdf2                              
00003e25  __eqsf2                              
00003c79  __extendsfdf2                        
00003ad9  __fixdfsi                            
00003e9d  __fixsfsi                            
00003fa5  __fixunssfsi                         
000040c5  __floatsidf                          
00003d71  __floatsisf                          
0000324d  __gedf2                              
00003dad  __gesf2                              
0000324d  __gtdf2                              
00003dad  __gtsf2                              
00003409  __ledf2                              
00003e25  __lesf2                              
00003409  __ltdf2                              
00003e25  __ltsf2                              
UNDEFED   __mpu_init                           
00002795  __muldf3                             
000042c9  __muldi3                             
00003e61  __muldsi3                            
00002ec9  __mulsf3                             
00003409  __nedf2                              
00003e25  __nesf2                              
20207e00  __stack                              
20200000  __start___llvm_prf_bits              
20200000  __start___llvm_prf_cnts              
20200000  __stop___llvm_prf_bits               
20200000  __stop___llvm_prf_cnts               
00001d4d  __subdf3                             
00002951  __subsf3                             
000032c1  __truncdfsf2                         
00002ced  __udivmoddi4                         
0000420d  _c_int00_noargs                      
UNDEFED   _system_post_cinit                   
000045f3  _system_pre_init                     
000045e5  abort                                
00003cb9  atoi                                 
ffffffff  binit                                
20200344  data_of_test                         
20200348  flag                                 
2020034c  freq                                 
20200350  freq_end                             
20200354  freq_start                           
20200358  freq_step                            
00003841  frexp                                
00003841  frexpl                               
20200100  gPWM_GAINBackup                      
20200178  gPWM_LED_RGBackup                    
00002d91  initSweepParam                       
00000000  interruptVectors                     
00002879  ldexp                                
00002879  ldexpl                               
00004475  main                                 
000042ed  memccpy                              
00002e2d  memcpy                               
000036cb  memset                               
2020036c  num_index                            
202001f0  num_str                              
2020036e  received_data                        
00002879  scalbn                               
00002879  scalbnl                              
00000fbd  strtod                               
00000fbd  strtold                              
2020036f  uart_flag                            
000040f1  vsprintf                             
00004525  wcslen                               


GLOBAL SYMBOLS: SORTED BY Symbol Address 

address   name                                 
-------   ----                                 
00000000  __TI_ATRegion0_region_sz             
00000000  __TI_ATRegion0_src_addr              
00000000  __TI_ATRegion0_trg_addr              
00000000  __TI_ATRegion1_region_sz             
00000000  __TI_ATRegion1_src_addr              
00000000  __TI_ATRegion1_trg_addr              
00000000  __TI_ATRegion2_region_sz             
00000000  __TI_ATRegion2_src_addr              
00000000  __TI_ATRegion2_trg_addr              
00000000  __TI_static_base__                   
00000000  interruptVectors                     
000000c1  __TI_printfi                         
00000200  __STACK_SIZE                         
00000a91  AD9959_init                          
00000fbd  strtod                               
00000fbd  strtold                              
00001375  AD9959_writeData                     
000016d5  AD9959_writeDataSlow                 
00001d4d  __aeabi_dsub                         
00001d4d  __subdf3                             
00001d57  __adddf3                             
00001d57  __aeabi_dadd                         
00001edf  AES_IRQHandler                       
00001edf  CANFD0_IRQHandler                    
00001edf  DAC0_IRQHandler                      
00001edf  DMA_IRQHandler                       
00001edf  Default_Handler                      
00001edf  GROUP0_IRQHandler                    
00001edf  HardFault_Handler                    
00001edf  I2C0_IRQHandler                      
00001edf  I2C1_IRQHandler                      
00001edf  NMI_Handler                          
00001edf  PendSV_Handler                       
00001edf  RTC_IRQHandler                       
00001edf  SPI0_IRQHandler                      
00001edf  SPI1_IRQHandler                      
00001edf  SVC_Handler                          
00001edf  TIMA0_IRQHandler                     
00001edf  TIMA1_IRQHandler                     
00001edf  TIMG0_IRQHandler                     
00001edf  TIMG12_IRQHandler                    
00001edf  TIMG6_IRQHandler                     
00001edf  TIMG7_IRQHandler                     
00001edf  TIMG8_IRQHandler                     
00001edf  UART1_IRQHandler                     
00001edf  UART3_IRQHandler                     
00001ee1  UserTask_loop                        
00002281  DL_Timer_initPWMMode                 
00002391  __aeabi_ddiv                         
00002391  __divdf3                             
0000249d  UserTask_init                        
000025a5  UART2_IRQHandler                     
000026a9  DL_SYSCTL_configSYSPLL               
00002795  __aeabi_dmul                         
00002795  __muldf3                             
00002879  ldexp                                
00002879  ldexpl                               
00002879  scalbn                               
00002879  scalbnl                              
00002951  __aeabi_fsub                         
00002951  __subsf3                             
0000295b  __addsf3                             
0000295b  __aeabi_fadd                         
00002a29  SysTick_Handler                      
00002af5  BTN_getData                          
00002ba1  SYSCFG_DL_GPIO_init                  
00002c49  ADC0_IRQHandler                      
00002ced  __udivmoddi4                         
00002d8f  __aeabi_idiv0                        
00002d91  initSweepParam                       
00002e2d  memcpy                               
00002ec7  __aeabi_ldiv0                        
00002ec9  __aeabi_fmul                         
00002ec9  __mulsf3                             
00002f55  DDS_sweep                            
00002fdd  __aeabi_fdiv                         
00002fdd  __divsf3                             
00003061  SYSCFG_DL_PWM_LED_RG_init            
000030e1  SYSCFG_DL_initPower                  
0000315d  __TI_decompress_lzss                 
000031d9  SYSCFG_DL_UART_2_init                
0000324d  __gedf2                              
0000324d  __gtdf2                              
000032c1  __aeabi_d2f                          
000032c1  __truncdfsf2                         
00003335  UI_taskShow1                         
000033a1  SYSCFG_DL_ADC0_init                  
00003409  __cmpdf2                             
00003409  __eqdf2                              
00003409  __ledf2                              
00003409  __ltdf2                              
00003409  __nedf2                              
000034d9  ADC1_IRQHandler                      
0000353d  SYSCFG_DL_UART_0_init                
000035a1  UART2_printf                         
00003605  __aeabi_dcmpeq                       
00003619  __aeabi_dcmplt                       
0000362d  __aeabi_dcmple                       
00003641  __aeabi_dcmpge                       
00003655  __aeabi_dcmpgt                       
00003669  __aeabi_fcmpeq                       
0000367d  __aeabi_fcmplt                       
00003691  __aeabi_fcmple                       
000036a5  __aeabi_fcmpge                       
000036b9  __aeabi_fcmpgt                       
000036cb  memset                               
0000372d  SYSCFG_DL_PWM_GAIN_init              
00003789  SYSCFG_DL_PWM_LED_B_init             
000037e5  SYSCFG_DL_SYSCTL_init                
00003841  frexp                                
00003841  frexpl                               
0000389d  __TI_ltoa                            
0000394d  __aeabi_idiv                         
0000394d  __aeabi_idivmod                      
000039f5  DL_ADC12_setClockConfig              
00003a41  DL_SYSCTL_switchMCLKfromSYSOSCtoHSCLK
00003a8d  DL_UART_init                         
00003ad9  __aeabi_d2iz                         
00003ad9  __fixdfsi                            
00003b25  AD9959_setFreq                       
00003b6d  SYSCFG_DL_ADC1_init                  
00003bb5  SYSCFG_DL_init                       
00003bf9  DL_Timer_setCaptureCompareOutCtl     
00003c39  __aeabi_uidiv                        
00003c39  __aeabi_uidivmod                     
00003c79  __aeabi_f2d                          
00003c79  __extendsfdf2                        
00003cb9  atoi                                 
00003cf9  DL_Timer_setCaptureCompareCtl        
00003d35  UART0_IRQHandler                     
00003d71  __aeabi_i2f                          
00003d71  __floatsisf                          
00003dad  __gesf2                              
00003dad  __gtsf2                              
00003de9  __TI_auto_init_nobinit_nopinit       
00003e25  __cmpsf2                             
00003e25  __eqsf2                              
00003e25  __lesf2                              
00003e25  __ltsf2                              
00003e25  __nesf2                              
00003e61  __muldsi3                            
00003e9d  __aeabi_f2iz                         
00003e9d  __fixsfsi                            
00003ed5  DL_Timer_setCaptCompUpdateMethod     
00003f09  DL_Timer_setCaptureCompareAction     
00003f3d  DL_Timer_setCaptureCompareInput      
00003f71  DL_Timer_setClockConfig              
00003fa5  __aeabi_f2uiz                        
00003fa5  __fixunssfsi                         
00003fd9  GROUP1_IRQHandler                    
00004009  SYSCFG_DL_SYSTICK_init               
00004069  AD9959_setAmp                        
00004099  DL_Timer_setCaptureCompareValue      
000040c5  __aeabi_i2d                          
000040c5  __floatsidf                          
000040f1  vsprintf                             
000041bd  DL_UART_transmitDataBlocking         
000041e5  UI_taskShow2                         
0000420d  _c_int00_noargs                      
00004235  AD9959_setPhase                      
0000425b  DDS_initSweep                        
00004281  DL_UART_setClockConfig               
000042a5  ENC_getSW                            
000042c9  __aeabi_lmul                         
000042c9  __muldi3                             
000042ed  memccpy                              
00004311  AD9959_IOUpdate                      
00004371  Tick_delay                           
00004391  DDS_singleTone                       
000043b1  __aeabi_llsl                         
000043b1  __ashldi3                            
00004419  UART2_init                           
00004475  main                                 
0000448b  __TI_zero_init_nomemset              
000044a1  DL_Common_delayCycles                
000044c9  __aeabi_uldivmod                     
000044f1  __TI_decompress_none                 
00004515  ENC_getIncVal                        
00004525  wcslen                               
00004535  __aeabi_memset                       
00004535  __aeabi_memset4                      
00004535  __aeabi_memset8                      
0000455d  ENC_init                             
00004569  __aeabi_memclr                       
00004569  __aeabi_memclr4                      
00004569  __aeabi_memclr8                      
000045a5  DDS_init                             
000045ad  DDS_update                           
000045d5  __aeabi_errno_addr                   
000045dd  __aeabi_memcpy                       
000045dd  __aeabi_memcpy4                      
000045dd  __aeabi_memcpy8                      
000045e5  abort                                
000045ea  C$$EXIT                              
000045eb  HOSTexit                             
000045ef  Reset_Handler                        
000045f3  _system_pre_init                     
00004600  __aeabi_ctype_table_                 
00004600  __aeabi_ctype_table_C                
000048f0  __TI_Handler_Table_Base              
000048fc  __TI_Handler_Table_Limit             
00004904  __TI_CINIT_Base                      
00004914  __TI_CINIT_Limit                     
00004914  __TI_CINIT_Warm                      
20200000  __start___llvm_prf_bits              
20200000  __start___llvm_prf_cnts              
20200000  __stop___llvm_prf_bits               
20200000  __stop___llvm_prf_cnts               
20200100  gPWM_GAINBackup                      
20200178  gPWM_LED_RGBackup                    
202001f0  num_str                              
20200244  Sweep                                
20200298  RxData                               
202002d8  SingleTone                           
202002f8  ADC_recieve0                         
2020030c  ADC_recieve1                         
20200320  BTNTick                              
2020032a  BTNData                              
2020032f  ENCSWTick                            
20200330  ACC_FRE_FACTOR                       
20200334  ENCVal                               
20200338  SWFlag                               
2020033c  Tick                                 
20200340  __aeabi_errno                        
20200344  data_of_test                         
20200348  flag                                 
2020034c  freq                                 
20200350  freq_end                             
20200354  freq_start                           
20200358  freq_step                            
2020035c  FR1_DATA                             
2020035f  RxPos                                
20200360  ADC_recieve2                         
20200362  RGBLEDTick                           
20200364  SweepTick                            
20200366  UARTTick                             
20200368  UIInfoTick                           
2020036a  UITick                               
2020036c  num_index                            
2020036e  received_data                        
2020036f  uart_flag                            
20207e00  __stack                              
20208000  __STACK_END                          
ffffffff  __TI_pprof_out_hndl                  
ffffffff  __TI_prof_data_size                  
ffffffff  __TI_prof_data_start                 
ffffffff  __binit__                            
ffffffff  binit                                
UNDEFED   __mpu_init                           
UNDEFED   _system_post_cinit                   

[250 symbols]
